[  +87 ms] executing: [C:\Users\JORGE\Documents\flutter\flutter/] git -c log.showSignature=false log -n 1 --pretty=format:%H
[ +340 ms] Exit code 0 from: git -c log.showSignature=false log -n 1 --pretty=format:%H
[        ] ee4e09cce01d6f2d7f4baebd247fde02e5008851
[   +1 ms] executing: [C:\Users\JORGE\Documents\flutter\flutter/] git tag --points-at ee4e09cce01d6f2d7f4baebd247fde02e5008851
[ +104 ms] Exit code 0 from: git tag --points-at ee4e09cce01d6f2d7f4baebd247fde02e5008851
[        ] 3.0.0
[   +9 ms] executing: [C:\Users\JORGE\Documents\flutter\flutter/] git rev-parse --abbrev-ref --symbolic @{u}
[  +71 ms] Exit code 0 from: git rev-parse --abbrev-ref --symbolic @{u}
[        ] origin/stable
[        ] executing: [C:\Users\JORGE\Documents\flutter\flutter/] git ls-remote --get-url origin
[  +63 ms] Exit code 0 from: git ls-remote --get-url origin
[        ] https://github.com/flutter/flutter.git
[ +158 ms] executing: [C:\Users\JORGE\Documents\flutter\flutter/] git rev-parse --abbrev-ref HEAD
[  +74 ms] Exit code 0 from: git rev-parse --abbrev-ref HEAD
[        ] stable
[  +93 ms] Found 18 files which will be executed as Widget Tests.
[  +11 ms] Artifact Instance of 'AndroidGenSnapshotArtifacts' is not required, skipping update.
[        ] Artifact Instance of 'AndroidInternalBuildArtifacts' is not required, skipping update.
[        ] Artifact Instance of 'IOSEngineArtifacts' is not required, skipping update.
[        ] Artifact Instance of 'FlutterWebSdk' is not required, skipping update.
[   +3 ms] Artifact Instance of 'WindowsEngineArtifacts' is not required, skipping update.
[        ] Artifact Instance of 'WindowsUwpEngineArtifacts' is not required, skipping update.
[        ] Artifact Instance of 'MacOSEngineArtifacts' is not required, skipping update.
[        ] Artifact Instance of 'LinuxEngineArtifacts' is not required, skipping update.
[        ] Artifact Instance of 'LinuxFuchsiaSDKArtifacts' is not required, skipping update.
[        ] Artifact Instance of 'MacOSFuchsiaSDKArtifacts' is not required, skipping update.
[        ] Artifact Instance of 'FlutterRunnerSDKArtifacts' is not required, skipping update.
[        ] Artifact Instance of 'FlutterRunnerDebugSymbols' is not required, skipping update.
[  +59 ms] Artifact Instance of 'MaterialFonts' is not required, skipping update.
[        ] Artifact Instance of 'GradleWrapper' is not required, skipping update.
[        ] Artifact Instance of 'AndroidGenSnapshotArtifacts' is not required, skipping update.
[        ] Artifact Instance of 'AndroidInternalBuildArtifacts' is not required, skipping update.
[        ] Artifact Instance of 'IOSEngineArtifacts' is not required, skipping update.
[        ] Artifact Instance of 'FlutterWebSdk' is not required, skipping update.
[        ] Artifact Instance of 'FlutterSdk' is not required, skipping update.
[        ] Artifact Instance of 'WindowsEngineArtifacts' is not required, skipping update.
[        ] Artifact Instance of 'WindowsUwpEngineArtifacts' is not required, skipping update.
[        ] Artifact Instance of 'MacOSEngineArtifacts' is not required, skipping update.
[        ] Artifact Instance of 'LinuxEngineArtifacts' is not required, skipping update.
[        ] Artifact Instance of 'LinuxFuchsiaSDKArtifacts' is not required, skipping update.
[        ] Artifact Instance of 'MacOSFuchsiaSDKArtifacts' is not required, skipping update.
[        ] Artifact Instance of 'FlutterRunnerSDKArtifacts' is not required, skipping update.
[        ] Artifact Instance of 'FlutterRunnerDebugSymbols' is not required, skipping update.
[        ] Artifact Instance of 'IosUsbArtifacts' is not required, skipping update.
[        ] Artifact Instance of 'IosUsbArtifacts' is not required, skipping update.
[        ] Artifact Instance of 'IosUsbArtifacts' is not required, skipping update.
[        ] Artifact Instance of 'IosUsbArtifacts' is not required, skipping update.
[        ] Artifact Instance of 'IosUsbArtifacts' is not required, skipping update.
[        ] Artifact Instance of 'FontSubsetArtifacts' is not required, skipping update.
[        ] Artifact Instance of 'PubDependencies' is not required, skipping update.
[  +53 ms] Skipping pub get: version match.
[  +43 ms] Found plugin all_sensors2 at C:\Users\JORGE\Documents\flutter\flutter\.pub-cache\hosted\pub.dartlang.org\all_sensors2-1.0.1\
[  +14 ms] Found plugin battery_plus at C:\Users\JORGE\Documents\flutter\flutter\.pub-cache\hosted\pub.dartlang.org\battery_plus-2.1.3\
[   +1 ms] Found plugin battery_plus_linux at C:\Users\JORGE\Documents\flutter\flutter\.pub-cache\hosted\pub.dartlang.org\battery_plus_linux-1.1.1\
[   +2 ms] Found plugin battery_plus_macos at C:\Users\JORGE\Documents\flutter\flutter\.pub-cache\hosted\pub.dartlang.org\battery_plus_macos-1.1.1\
[   +3 ms] Found plugin battery_plus_web at C:\Users\JORGE\Documents\flutter\flutter\.pub-cache\hosted\pub.dartlang.org\battery_plus_web-1.1.0\
[   +1 ms] Found plugin battery_plus_windows at C:\Users\JORGE\Documents\flutter\flutter\.pub-cache\hosted\pub.dartlang.org\battery_plus_windows-1.1.0\
[   +2 ms] Found plugin biometric_storage at C:\Users\JORGE\Documents\flutter\flutter\.pub-cache\hosted\pub.dartlang.org\biometric_storage-4.1.1\
[  +24 ms] Found plugin connectivity_plus at C:\Users\JORGE\Documents\flutter\flutter\.pub-cache\hosted\pub.dartlang.org\connectivity_plus-2.3.0\
[   +4 ms] Found plugin connectivity_plus_linux at C:\Users\JORGE\Documents\flutter\flutter\.pub-cache\hosted\pub.dartlang.org\connectivity_plus_linux-1.3.0\
[   +2 ms] Found plugin connectivity_plus_macos at C:\Users\JORGE\Documents\flutter\flutter\.pub-cache\hosted\pub.dartlang.org\connectivity_plus_macos-1.2.2\
[   +2 ms] Found plugin connectivity_plus_web at C:\Users\JORGE\Documents\flutter\flutter\.pub-cache\hosted\pub.dartlang.org\connectivity_plus_web-1.2.0\
[   +1 ms] Found plugin connectivity_plus_windows at C:\Users\JORGE\Documents\flutter\flutter\.pub-cache\hosted\pub.dartlang.org\connectivity_plus_windows-1.2.0\
[   +7 ms] Found plugin device_info_plus at C:\Users\JORGE\Documents\flutter\flutter\.pub-cache\hosted\pub.dartlang.org\device_info_plus-3.2.3\
[   +1 ms] Found plugin device_info_plus_linux at C:\Users\JORGE\Documents\flutter\flutter\.pub-cache\hosted\pub.dartlang.org\device_info_plus_linux-2.1.1\
[   +1 ms] Found plugin device_info_plus_macos at C:\Users\JORGE\Documents\flutter\flutter\.pub-cache\hosted\pub.dartlang.org\device_info_plus_macos-2.2.3\
[   +2 ms] Found plugin device_info_plus_web at C:\Users\JORGE\Documents\flutter\flutter\.pub-cache\hosted\pub.dartlang.org\device_info_plus_web-2.1.0\
[   +1 ms] Found plugin device_info_plus_windows at C:\Users\JORGE\Documents\flutter\flutter\.pub-cache\hosted\pub.dartlang.org\device_info_plus_windows-2.1.1\
[   +3 ms] Found plugin disk_space at C:\Users\JORGE\Documents\flutter\flutter\.pub-cache\hosted\pub.dartlang.org\disk_space-0.2.1\
[   +8 ms] Found plugin external_storage_size at C:\Users\JORGE\Documents\flutter\flutter\.pub-cache\hosted\pub.dartlang.org\external_storage_size-0.0.3\
[   +5 ms] Found plugin firebase_analytics at C:\Users\JORGE\Documents\flutter\flutter\.pub-cache\hosted\pub.dartlang.org\firebase_analytics-9.1.7\
[   +3 ms] Found plugin firebase_analytics_web at C:\Users\JORGE\Documents\flutter\flutter\.pub-cache\hosted\pub.dartlang.org\firebase_analytics_web-0.4.0+13\
[   +1 ms] Found plugin firebase_core at C:\Users\JORGE\Documents\flutter\flutter\.pub-cache\hosted\pub.dartlang.org\firebase_core-1.16.0\
[   +2 ms] Found plugin firebase_core_web at C:\Users\JORGE\Documents\flutter\flutter\.pub-cache\hosted\pub.dartlang.org\firebase_core_web-1.6.4\
[   +1 ms] Found plugin firebase_crashlytics at C:\Users\JORGE\Documents\flutter\flutter\.pub-cache\hosted\pub.dartlang.org\firebase_crashlytics-2.7.2\
[   +2 ms] Found plugin firebase_messaging at C:\Users\JORGE\Documents\flutter\flutter\.pub-cache\hosted\pub.dartlang.org\firebase_messaging-11.3.0\
[   +1 ms] Found plugin firebase_messaging_web at C:\Users\JORGE\Documents\flutter\flutter\.pub-cache\hosted\pub.dartlang.org\firebase_messaging_web-2.4.0\
[   +1 ms] Found plugin flutter_ffmpeg at C:\Users\JORGE\Documents\flutter\flutter\.pub-cache\hosted\pub.dartlang.org\flutter_ffmpeg-0.4.2\
[   +1 ms] Found plugin flutter_image_compress at C:\Users\JORGE\Documents\flutter\flutter\.pub-cache\hosted\pub.dartlang.org\flutter_image_compress-1.1.0\
[   +1 ms] Found plugin flutter_libphonenumber at C:\Users\JORGE\Documents\flutter\flutter\.pub-cache\hosted\pub.dartlang.org\flutter_libphonenumber-1.2.4\
[   +3 ms] Found plugin flutter_plugin_android_lifecycle at C:\Users\JORGE\Documents\flutter\flutter\.pub-cache\hosted\pub.dartlang.org\flutter_plugin_android_lifecycle-2.0.6\
[   +4 ms] Found plugin flutter_twilio at C:\Users\JORGE\Documents\flutter\flutter\.pub-cache\hosted\pub.dartlang.org\flutter_twilio-0.0.17\
[   +1 ms] Found plugin fluttertoast at C:\Users\JORGE\Documents\flutter\flutter\.pub-cache\hosted\pub.dartlang.org\fluttertoast-8.0.9\
[  +12 ms] Found plugin ios_physical_memory at C:\Users\JORGE\Documents\flutter\flutter\.pub-cache\hosted\pub.dartlang.org\ios_physical_memory-0.0.6\
[   +5 ms] Found plugin media_info at C:\Users\JORGE\Documents\flutter\flutter\.pub-cache\hosted\pub.dartlang.org\media_info-0.10.0\
[   +5 ms] Found plugin package_info_plus at C:\Users\JORGE\Documents\flutter\flutter\.pub-cache\hosted\pub.dartlang.org\package_info_plus-1.4.2\
[        ] Found plugin package_info_plus_linux at C:\Users\JORGE\Documents\flutter\flutter\.pub-cache\hosted\pub.dartlang.org\package_info_plus_linux-1.0.5\
[        ] Found plugin package_info_plus_macos at C:\Users\JORGE\Documents\flutter\flutter\.pub-cache\hosted\pub.dartlang.org\package_info_plus_macos-1.3.0\
[   +1 ms] Found plugin package_info_plus_web at C:\Users\JORGE\Documents\flutter\flutter\.pub-cache\hosted\pub.dartlang.org\package_info_plus_web-1.0.5\
[        ] Found plugin package_info_plus_windows at C:\Users\JORGE\Documents\flutter\flutter\.pub-cache\hosted\pub.dartlang.org\package_info_plus_windows-1.0.5\
[   +1 ms] Found plugin path_provider at C:\Users\JORGE\Documents\flutter\flutter\.pub-cache\hosted\pub.dartlang.org\path_provider-2.0.10\
[        ] Found plugin path_provider_android at C:\Users\JORGE\Documents\flutter\flutter\.pub-cache\hosted\pub.dartlang.org\path_provider_android-2.0.12\
[   +1 ms] Found plugin path_provider_ios at C:\Users\JORGE\Documents\flutter\flutter\.pub-cache\hosted\pub.dartlang.org\path_provider_ios-2.0.8\
[   +2 ms] Found plugin path_provider_linux at C:\Users\JORGE\Documents\flutter\flutter\.pub-cache\hosted\pub.dartlang.org\path_provider_linux-2.1.5\
[   +1 ms] Found plugin path_provider_macos at C:\Users\JORGE\Documents\flutter\flutter\.pub-cache\hosted\pub.dartlang.org\path_provider_macos-2.0.5\
[   +1 ms] Found plugin path_provider_windows at C:\Users\JORGE\Documents\flutter\flutter\.pub-cache\hosted\pub.dartlang.org\path_provider_windows-2.0.5\
[   +1 ms] Found plugin permission_handler at C:\Users\JORGE\Documents\flutter\flutter\.pub-cache\hosted\pub.dartlang.org\permission_handler-9.2.0\
[        ] Found plugin permission_handler_android at C:\Users\JORGE\Documents\flutter\flutter\.pub-cache\hosted\pub.dartlang.org\permission_handler_android-9.0.2+1\
[   +1 ms] Found plugin permission_handler_apple at C:\Users\JORGE\Documents\flutter\flutter\.pub-cache\hosted\pub.dartlang.org\permission_handler_apple-9.0.4\
[   +2 ms] Found plugin permission_handler_windows at C:\Users\JORGE\Documents\flutter\flutter\.pub-cache\hosted\pub.dartlang.org\permission_handler_windows-0.1.0\
[   +1 ms] Found plugin photo_manager at C:\Users\JORGE\Documents\flutter\flutter\.pub-cache\hosted\pub.dartlang.org\photo_manager-2.0.9\
[   +6 ms] Found plugin shared_preferences at C:\Users\JORGE\Documents\flutter\flutter\.pub-cache\hosted\pub.dartlang.org\shared_preferences-2.0.13\
[        ] Found plugin shared_preferences_android at C:\Users\JORGE\Documents\flutter\flutter\.pub-cache\hosted\pub.dartlang.org\shared_preferences_android-2.0.11\
[        ] Found plugin shared_preferences_ios at C:\Users\JORGE\Documents\flutter\flutter\.pub-cache\hosted\pub.dartlang.org\shared_preferences_ios-2.1.0\
[        ] Found plugin shared_preferences_linux at C:\Users\JORGE\Documents\flutter\flutter\.pub-cache\hosted\pub.dartlang.org\shared_preferences_linux-2.1.0\
[        ] Found plugin shared_preferences_macos at C:\Users\JORGE\Documents\flutter\flutter\.pub-cache\hosted\pub.dartlang.org\shared_preferences_macos-2.0.3\
[   +1 ms] Found plugin shared_preferences_web at C:\Users\JORGE\Documents\flutter\flutter\.pub-cache\hosted\pub.dartlang.org\shared_preferences_web-2.0.3\
[   +1 ms] Found plugin shared_preferences_windows at C:\Users\JORGE\Documents\flutter\flutter\.pub-cache\hosted\pub.dartlang.org\shared_preferences_windows-2.1.0\
[   +4 ms] Found plugin simple_s3 at C:\Users\JORGE\Documents\flutter\flutter\.pub-cache\hosted\pub.dartlang.org\simple_s3-0.3.2\
[   +1 ms] Found plugin smart_auth at C:\Users\JORGE\Documents\flutter\flutter\.pub-cache\hosted\pub.dartlang.org\smart_auth-1.0.5\
[   +9 ms] Found plugin video_player at C:\Users\JORGE\Documents\flutter\flutter\.pub-cache\hosted\pub.dartlang.org\video_player-2.4.2\
[   +1 ms] Found plugin video_player_android at C:\Users\JORGE\Documents\flutter\flutter\.pub-cache\hosted\pub.dartlang.org\video_player_android-2.3.4\
[   +1 ms] Found plugin video_player_avfoundation at C:\Users\JORGE\Documents\flutter\flutter\.pub-cache\hosted\pub.dartlang.org\video_player_avfoundation-2.3.4\
[   +1 ms] Found plugin video_player_web at C:\Users\JORGE\Documents\flutter\flutter\.pub-cache\hosted\pub.dartlang.org\video_player_web-2.0.10\
[        ] Found plugin video_thumbnail at C:\Users\JORGE\Documents\flutter\flutter\.pub-cache\hosted\pub.dartlang.org\video_thumbnail-0.5.0\
[   +1 ms] Found plugin wakelock at C:\Users\JORGE\Documents\flutter\flutter\.pub-cache\hosted\pub.dartlang.org\wakelock-0.6.1+2\
[        ] Found plugin wakelock_macos at C:\Users\JORGE\Documents\flutter\flutter\.pub-cache\hosted\pub.dartlang.org\wakelock_macos-0.4.0\
[   +1 ms] Found plugin wakelock_web at C:\Users\JORGE\Documents\flutter\flutter\.pub-cache\hosted\pub.dartlang.org\wakelock_web-0.4.0\
[   +6 ms] Found plugin camera at C:\Users\JORGE\Documents\GitHub\flutter-truvideo-enterprise\external-libs\camera\camera\
[  +50 ms] Found plugin all_sensors2 at C:\Users\JORGE\Documents\flutter\flutter\.pub-cache\hosted\pub.dartlang.org\all_sensors2-1.0.1\
[   +6 ms] Found plugin battery_plus at C:\Users\JORGE\Documents\flutter\flutter\.pub-cache\hosted\pub.dartlang.org\battery_plus-2.1.3\
[   +1 ms] Found plugin battery_plus_linux at C:\Users\JORGE\Documents\flutter\flutter\.pub-cache\hosted\pub.dartlang.org\battery_plus_linux-1.1.1\
[   +1 ms] Found plugin battery_plus_macos at C:\Users\JORGE\Documents\flutter\flutter\.pub-cache\hosted\pub.dartlang.org\battery_plus_macos-1.1.1\
[   +4 ms] Found plugin battery_plus_web at C:\Users\JORGE\Documents\flutter\flutter\.pub-cache\hosted\pub.dartlang.org\battery_plus_web-1.1.0\
[   +1 ms] Found plugin battery_plus_windows at C:\Users\JORGE\Documents\flutter\flutter\.pub-cache\hosted\pub.dartlang.org\battery_plus_windows-1.1.0\
[   +1 ms] Found plugin biometric_storage at C:\Users\JORGE\Documents\flutter\flutter\.pub-cache\hosted\pub.dartlang.org\biometric_storage-4.1.1\
[  +12 ms] Found plugin connectivity_plus at C:\Users\JORGE\Documents\flutter\flutter\.pub-cache\hosted\pub.dartlang.org\connectivity_plus-2.3.0\
[        ] Found plugin connectivity_plus_linux at C:\Users\JORGE\Documents\flutter\flutter\.pub-cache\hosted\pub.dartlang.org\connectivity_plus_linux-1.3.0\
[        ] Found plugin connectivity_plus_macos at C:\Users\JORGE\Documents\flutter\flutter\.pub-cache\hosted\pub.dartlang.org\connectivity_plus_macos-1.2.2\
[   +1 ms] Found plugin connectivity_plus_web at C:\Users\JORGE\Documents\flutter\flutter\.pub-cache\hosted\pub.dartlang.org\connectivity_plus_web-1.2.0\
[        ] Found plugin connectivity_plus_windows at C:\Users\JORGE\Documents\flutter\flutter\.pub-cache\hosted\pub.dartlang.org\connectivity_plus_windows-1.2.0\
[   +3 ms] Found plugin device_info_plus at C:\Users\JORGE\Documents\flutter\flutter\.pub-cache\hosted\pub.dartlang.org\device_info_plus-3.2.3\
[        ] Found plugin device_info_plus_linux at C:\Users\JORGE\Documents\flutter\flutter\.pub-cache\hosted\pub.dartlang.org\device_info_plus_linux-2.1.1\
[        ] Found plugin device_info_plus_macos at C:\Users\JORGE\Documents\flutter\flutter\.pub-cache\hosted\pub.dartlang.org\device_info_plus_macos-2.2.3\
[   +1 ms] Found plugin device_info_plus_web at C:\Users\JORGE\Documents\flutter\flutter\.pub-cache\hosted\pub.dartlang.org\device_info_plus_web-2.1.0\
[        ] Found plugin device_info_plus_windows at C:\Users\JORGE\Documents\flutter\flutter\.pub-cache\hosted\pub.dartlang.org\device_info_plus_windows-2.1.1\
[   +1 ms] Found plugin disk_space at C:\Users\JORGE\Documents\flutter\flutter\.pub-cache\hosted\pub.dartlang.org\disk_space-0.2.1\
[   +2 ms] Found plugin external_storage_size at C:\Users\JORGE\Documents\flutter\flutter\.pub-cache\hosted\pub.dartlang.org\external_storage_size-0.0.3\
[   +2 ms] Found plugin firebase_analytics at C:\Users\JORGE\Documents\flutter\flutter\.pub-cache\hosted\pub.dartlang.org\firebase_analytics-9.1.7\
[   +1 ms] Found plugin firebase_analytics_web at C:\Users\JORGE\Documents\flutter\flutter\.pub-cache\hosted\pub.dartlang.org\firebase_analytics_web-0.4.0+13\
[        ] Found plugin firebase_core at C:\Users\JORGE\Documents\flutter\flutter\.pub-cache\hosted\pub.dartlang.org\firebase_core-1.16.0\
[   +1 ms] Found plugin firebase_core_web at C:\Users\JORGE\Documents\flutter\flutter\.pub-cache\hosted\pub.dartlang.org\firebase_core_web-1.6.4\
[        ] Found plugin firebase_crashlytics at C:\Users\JORGE\Documents\flutter\flutter\.pub-cache\hosted\pub.dartlang.org\firebase_crashlytics-2.7.2\
[   +1 ms] Found plugin firebase_messaging at C:\Users\JORGE\Documents\flutter\flutter\.pub-cache\hosted\pub.dartlang.org\firebase_messaging-11.3.0\
[   +1 ms] Found plugin firebase_messaging_web at C:\Users\JORGE\Documents\flutter\flutter\.pub-cache\hosted\pub.dartlang.org\firebase_messaging_web-2.4.0\
[   +1 ms] Found plugin flutter_ffmpeg at C:\Users\JORGE\Documents\flutter\flutter\.pub-cache\hosted\pub.dartlang.org\flutter_ffmpeg-0.4.2\
[        ] Found plugin flutter_image_compress at C:\Users\JORGE\Documents\flutter\flutter\.pub-cache\hosted\pub.dartlang.org\flutter_image_compress-1.1.0\
[        ] Found plugin flutter_libphonenumber at C:\Users\JORGE\Documents\flutter\flutter\.pub-cache\hosted\pub.dartlang.org\flutter_libphonenumber-1.2.4\
[        ] Found plugin flutter_plugin_android_lifecycle at C:\Users\JORGE\Documents\flutter\flutter\.pub-cache\hosted\pub.dartlang.org\flutter_plugin_android_lifecycle-2.0.6\
[   +1 ms] Found plugin flutter_twilio at C:\Users\JORGE\Documents\flutter\flutter\.pub-cache\hosted\pub.dartlang.org\flutter_twilio-0.0.17\
[        ] Found plugin fluttertoast at C:\Users\JORGE\Documents\flutter\flutter\.pub-cache\hosted\pub.dartlang.org\fluttertoast-8.0.9\
[   +8 ms] Found plugin ios_physical_memory at C:\Users\JORGE\Documents\flutter\flutter\.pub-cache\hosted\pub.dartlang.org\ios_physical_memory-0.0.6\
[   +4 ms] Found plugin media_info at C:\Users\JORGE\Documents\flutter\flutter\.pub-cache\hosted\pub.dartlang.org\media_info-0.10.0\
[   +3 ms] Found plugin package_info_plus at C:\Users\JORGE\Documents\flutter\flutter\.pub-cache\hosted\pub.dartlang.org\package_info_plus-1.4.2\
[        ] Found plugin package_info_plus_linux at C:\Users\JORGE\Documents\flutter\flutter\.pub-cache\hosted\pub.dartlang.org\package_info_plus_linux-1.0.5\
[        ] Found plugin package_info_plus_macos at C:\Users\JORGE\Documents\flutter\flutter\.pub-cache\hosted\pub.dartlang.org\package_info_plus_macos-1.3.0\
[        ] Found plugin package_info_plus_web at C:\Users\JORGE\Documents\flutter\flutter\.pub-cache\hosted\pub.dartlang.org\package_info_plus_web-1.0.5\
[        ] Found plugin package_info_plus_windows at C:\Users\JORGE\Documents\flutter\flutter\.pub-cache\hosted\pub.dartlang.org\package_info_plus_windows-1.0.5\
[        ] Found plugin path_provider at C:\Users\JORGE\Documents\flutter\flutter\.pub-cache\hosted\pub.dartlang.org\path_provider-2.0.10\
[        ] Found plugin path_provider_android at C:\Users\JORGE\Documents\flutter\flutter\.pub-cache\hosted\pub.dartlang.org\path_provider_android-2.0.12\
[        ] Found plugin path_provider_ios at C:\Users\JORGE\Documents\flutter\flutter\.pub-cache\hosted\pub.dartlang.org\path_provider_ios-2.0.8\
[        ] Found plugin path_provider_linux at C:\Users\JORGE\Documents\flutter\flutter\.pub-cache\hosted\pub.dartlang.org\path_provider_linux-2.1.5\
[        ] Found plugin path_provider_macos at C:\Users\JORGE\Documents\flutter\flutter\.pub-cache\hosted\pub.dartlang.org\path_provider_macos-2.0.5\
[        ] Found plugin path_provider_windows at C:\Users\JORGE\Documents\flutter\flutter\.pub-cache\hosted\pub.dartlang.org\path_provider_windows-2.0.5\
[        ] Found plugin permission_handler at C:\Users\JORGE\Documents\flutter\flutter\.pub-cache\hosted\pub.dartlang.org\permission_handler-9.2.0\
[        ] Found plugin permission_handler_android at C:\Users\JORGE\Documents\flutter\flutter\.pub-cache\hosted\pub.dartlang.org\permission_handler_android-9.0.2+1\
[        ] Found plugin permission_handler_apple at C:\Users\JORGE\Documents\flutter\flutter\.pub-cache\hosted\pub.dartlang.org\permission_handler_apple-9.0.4\
[   +1 ms] Found plugin permission_handler_windows at C:\Users\JORGE\Documents\flutter\flutter\.pub-cache\hosted\pub.dartlang.org\permission_handler_windows-0.1.0\
[        ] Found plugin photo_manager at C:\Users\JORGE\Documents\flutter\flutter\.pub-cache\hosted\pub.dartlang.org\photo_manager-2.0.9\
[   +4 ms] Found plugin shared_preferences at C:\Users\JORGE\Documents\flutter\flutter\.pub-cache\hosted\pub.dartlang.org\shared_preferences-2.0.13\
[        ] Found plugin shared_preferences_android at C:\Users\JORGE\Documents\flutter\flutter\.pub-cache\hosted\pub.dartlang.org\shared_preferences_android-2.0.11\
[        ] Found plugin shared_preferences_ios at C:\Users\JORGE\Documents\flutter\flutter\.pub-cache\hosted\pub.dartlang.org\shared_preferences_ios-2.1.0\
[        ] Found plugin shared_preferences_linux at C:\Users\JORGE\Documents\flutter\flutter\.pub-cache\hosted\pub.dartlang.org\shared_preferences_linux-2.1.0\
[        ] Found plugin shared_preferences_macos at C:\Users\JORGE\Documents\flutter\flutter\.pub-cache\hosted\pub.dartlang.org\shared_preferences_macos-2.0.3\
[   +1 ms] Found plugin shared_preferences_web at C:\Users\JORGE\Documents\flutter\flutter\.pub-cache\hosted\pub.dartlang.org\shared_preferences_web-2.0.3\
[        ] Found plugin shared_preferences_windows at C:\Users\JORGE\Documents\flutter\flutter\.pub-cache\hosted\pub.dartlang.org\shared_preferences_windows-2.1.0\
[   +1 ms] Found plugin simple_s3 at C:\Users\JORGE\Documents\flutter\flutter\.pub-cache\hosted\pub.dartlang.org\simple_s3-0.3.2\
[        ] Found plugin smart_auth at C:\Users\JORGE\Documents\flutter\flutter\.pub-cache\hosted\pub.dartlang.org\smart_auth-1.0.5\
[   +6 ms] Found plugin video_player at C:\Users\JORGE\Documents\flutter\flutter\.pub-cache\hosted\pub.dartlang.org\video_player-2.4.2\
[        ] Found plugin video_player_android at C:\Users\JORGE\Documents\flutter\flutter\.pub-cache\hosted\pub.dartlang.org\video_player_android-2.3.4\
[        ] Found plugin video_player_avfoundation at C:\Users\JORGE\Documents\flutter\flutter\.pub-cache\hosted\pub.dartlang.org\video_player_avfoundation-2.3.4\
[        ] Found plugin video_player_web at C:\Users\JORGE\Documents\flutter\flutter\.pub-cache\hosted\pub.dartlang.org\video_player_web-2.0.10\
[        ] Found plugin video_thumbnail at C:\Users\JORGE\Documents\flutter\flutter\.pub-cache\hosted\pub.dartlang.org\video_thumbnail-0.5.0\
[        ] Found plugin wakelock at C:\Users\JORGE\Documents\flutter\flutter\.pub-cache\hosted\pub.dartlang.org\wakelock-0.6.1+2\
[        ] Found plugin wakelock_macos at C:\Users\JORGE\Documents\flutter\flutter\.pub-cache\hosted\pub.dartlang.org\wakelock_macos-0.4.0\
[        ] Found plugin wakelock_web at C:\Users\JORGE\Documents\flutter\flutter\.pub-cache\hosted\pub.dartlang.org\wakelock_web-0.4.0\
[   +4 ms] Found plugin camera at C:\Users\JORGE\Documents\GitHub\flutter-truvideo-enterprise\external-libs\camera\camera\
[  +67 ms] Generating C:\Users\JORGE\Documents\GitHub\flutter-truvideo-enterprise\android\app\src\main\java\io\flutter\plugins\GeneratedPluginRegistrant.java
[ +423 ms] Manifest contained wildcard assets. Inserting missing file into build graph to force rerun. for more information see #56466.
[  +45 ms] running test package with arguments: [--no-color, -r, compact, --timeout, 30s, --concurrency=6, --chain-stack-traces, --, C:\Users\JORGE\Documents\GitHub\flutter-truvideo-enterprise\test\checklist\checklist_test.dart, C:\Users\JORGE\Documents\GitHub\flutter-truvideo-enterprise\test\connectivity\connectivity_test.dart, C:\Users\JORGE\Documents\GitHub\flutter-truvideo-enterprise\test\date_test.dart, C:\Users\JORGE\Documents\GitHub\flutter-truvideo-enterprise\test\device\device_test.dart, C:\Users\JORGE\Documents\GitHub\flutter-truvideo-enterprise\test\http\dio_interceptor_test.dart, C:\Users\JORGE\Documents\GitHub\flutter-truvideo-enterprise\test\http\http_test.dart, C:\Users\JORGE\Documents\GitHub\flutter-truvideo-enterprise\test\local\local_test.dart, C:\Users\JORGE\Documents\GitHub\flutter-truvideo-enterprise\test\location\location_test.dart, C:\Users\JORGE\Documents\GitHub\flutter-truvideo-enterprise\test\offline_enqueue_service\index_test.dart, C:\Users\JORGE\Documents\GitHub\flutter-truvideo-enterprise\test\phone_number\phone_number_test.dart, C:\Users\JORGE\Documents\GitHub\flutter-truvideo-enterprise\test\repair_order\repair_order_test.dart, C:\Users\JORGE\Documents\GitHub\flutter-truvideo-enterprise\test\service\auth\auth_test.dart, C:\Users\JORGE\Documents\GitHub\flutter-truvideo-enterprise\test\settings\camera_quality_test.dart, C:\Users\JORGE\Documents\GitHub\flutter-truvideo-enterprise\test\settings\font_size_test.dart, C:\Users\JORGE\Documents\GitHub\flutter-truvideo-enterprise\test\settings\settings_test.dart, C:\Users\JORGE\Documents\GitHub\flutter-truvideo-enterprise\test\support\support_test.dart, C:\Users\JORGE\Documents\GitHub\flutter-truvideo-enterprise\test\video_sesion\video_sesions_test.dart, C:\Users\JORGE\Documents\GitHub\flutter-truvideo-enterprise\test\voip\voip_test.dart]

00:00 +0: loading C:\Users\JORGE\Documents\GitHub\flutter-truvideo-enterprise\test\checklist\checklist_test.dart                                                                                       [ +378 ms] test 0: starting test C:\Users\JORGE\Documents\GitHub\flutter-truvideo-enterprise\test\checklist\checklist_test.dart
[  +12 ms] Stopping scan for flutter_test_config.dart; found project root at C:\Users\JORGE\Documents\GitHub\flutter-truvideo-enterprise
[   +3 ms] Compiler will use the following file as its incremental dill file: C:\Users\JORGE\AppData\Local\Temp\flutter_tools.bbf6bc09\flutter_test_compiler.1a723434\output.dill
[        ] Listening to compiler controller...
[  +12 ms] Compiling file:///C:/Users/JORGE/AppData/Local/Temp/flutter_tools.bbf6bc09/flutter_test_listener.9dcc078c/listener.dart
[  +26 ms] Found plugin all_sensors2 at C:\Users\JORGE\Documents\flutter\flutter\.pub-cache\hosted\pub.dartlang.org\all_sensors2-1.0.1\
[   +5 ms] Found plugin battery_plus at C:\Users\JORGE\Documents\flutter\flutter\.pub-cache\hosted\pub.dartlang.org\battery_plus-2.1.3\
[        ] Found plugin battery_plus_linux at C:\Users\JORGE\Documents\flutter\flutter\.pub-cache\hosted\pub.dartlang.org\battery_plus_linux-1.1.1\
[        ] Found plugin battery_plus_macos at C:\Users\JORGE\Documents\flutter\flutter\.pub-cache\hosted\pub.dartlang.org\battery_plus_macos-1.1.1\
[   +1 ms] Found plugin battery_plus_web at C:\Users\JORGE\Documents\flutter\flutter\.pub-cache\hosted\pub.dartlang.org\battery_plus_web-1.1.0\
[        ] Found plugin battery_plus_windows at C:\Users\JORGE\Documents\flutter\flutter\.pub-cache\hosted\pub.dartlang.org\battery_plus_windows-1.1.0\
[        ] Found plugin biometric_storage at C:\Users\JORGE\Documents\flutter\flutter\.pub-cache\hosted\pub.dartlang.org\biometric_storage-4.1.1\
[   +8 ms] Found plugin connectivity_plus at C:\Users\JORGE\Documents\flutter\flutter\.pub-cache\hosted\pub.dartlang.org\connectivity_plus-2.3.0\
[        ] Found plugin connectivity_plus_linux at C:\Users\JORGE\Documents\flutter\flutter\.pub-cache\hosted\pub.dartlang.org\connectivity_plus_linux-1.3.0\
[        ] Found plugin connectivity_plus_macos at C:\Users\JORGE\Documents\flutter\flutter\.pub-cache\hosted\pub.dartlang.org\connectivity_plus_macos-1.2.2\
[   +1 ms] Found plugin connectivity_plus_web at C:\Users\JORGE\Documents\flutter\flutter\.pub-cache\hosted\pub.dartlang.org\connectivity_plus_web-1.2.0\
[        ] Found plugin connectivity_plus_windows at C:\Users\JORGE\Documents\flutter\flutter\.pub-cache\hosted\pub.dartlang.org\connectivity_plus_windows-1.2.0\
[   +3 ms] Found plugin device_info_plus at C:\Users\JORGE\Documents\flutter\flutter\.pub-cache\hosted\pub.dartlang.org\device_info_plus-3.2.3\
[   +1 ms] Found plugin device_info_plus_linux at C:\Users\JORGE\Documents\flutter\flutter\.pub-cache\hosted\pub.dartlang.org\device_info_plus_linux-2.1.1\
[        ] Found plugin device_info_plus_macos at C:\Users\JORGE\Documents\flutter\flutter\.pub-cache\hosted\pub.dartlang.org\device_info_plus_macos-2.2.3\
[   +1 ms] Found plugin device_info_plus_web at C:\Users\JORGE\Documents\flutter\flutter\.pub-cache\hosted\pub.dartlang.org\device_info_plus_web-2.1.0\
[        ] Found plugin device_info_plus_windows at C:\Users\JORGE\Documents\flutter\flutter\.pub-cache\hosted\pub.dartlang.org\device_info_plus_windows-2.1.1\
[        ] Found plugin disk_space at C:\Users\JORGE\Documents\flutter\flutter\.pub-cache\hosted\pub.dartlang.org\disk_space-0.2.1\
[   +2 ms] Found plugin external_storage_size at C:\Users\JORGE\Documents\flutter\flutter\.pub-cache\hosted\pub.dartlang.org\external_storage_size-0.0.3\
[   +3 ms] Found plugin firebase_analytics at C:\Users\JORGE\Documents\flutter\flutter\.pub-cache\hosted\pub.dartlang.org\firebase_analytics-9.1.7\
[        ] Found plugin firebase_analytics_web at C:\Users\JORGE\Documents\flutter\flutter\.pub-cache\hosted\pub.dartlang.org\firebase_analytics_web-0.4.0+13\
[        ] Found plugin firebase_core at C:\Users\JORGE\Documents\flutter\flutter\.pub-cache\hosted\pub.dartlang.org\firebase_core-1.16.0\
[   +1 ms] Found plugin firebase_core_web at C:\Users\JORGE\Documents\flutter\flutter\.pub-cache\hosted\pub.dartlang.org\firebase_core_web-1.6.4\
[   +1 ms] Found plugin firebase_crashlytics at C:\Users\JORGE\Documents\flutter\flutter\.pub-cache\hosted\pub.dartlang.org\firebase_crashlytics-2.7.2\
[   +1 ms] Found plugin firebase_messaging at C:\Users\JORGE\Documents\flutter\flutter\.pub-cache\hosted\pub.dartlang.org\firebase_messaging-11.3.0\
[   +1 ms] Found plugin firebase_messaging_web at C:\Users\JORGE\Documents\flutter\flutter\.pub-cache\hosted\pub.dartlang.org\firebase_messaging_web-2.4.0\
[   +1 ms] Found plugin flutter_ffmpeg at C:\Users\JORGE\Documents\flutter\flutter\.pub-cache\hosted\pub.dartlang.org\flutter_ffmpeg-0.4.2\
[   +1 ms] Found plugin flutter_image_compress at C:\Users\JORGE\Documents\flutter\flutter\.pub-cache\hosted\pub.dartlang.org\flutter_image_compress-1.1.0\
[        ] Found plugin flutter_libphonenumber at C:\Users\JORGE\Documents\flutter\flutter\.pub-cache\hosted\pub.dartlang.org\flutter_libphonenumber-1.2.4\
[        ] Found plugin flutter_plugin_android_lifecycle at C:\Users\JORGE\Documents\flutter\flutter\.pub-cache\hosted\pub.dartlang.org\flutter_plugin_android_lifecycle-2.0.6\
[   +1 ms] Found plugin flutter_twilio at C:\Users\JORGE\Documents\flutter\flutter\.pub-cache\hosted\pub.dartlang.org\flutter_twilio-0.0.17\
[        ] Found plugin fluttertoast at C:\Users\JORGE\Documents\flutter\flutter\.pub-cache\hosted\pub.dartlang.org\fluttertoast-8.0.9\
[   +9 ms] Found plugin ios_physical_memory at C:\Users\JORGE\Documents\flutter\flutter\.pub-cache\hosted\pub.dartlang.org\ios_physical_memory-0.0.6\
[   +3 ms] Found plugin media_info at C:\Users\JORGE\Documents\flutter\flutter\.pub-cache\hosted\pub.dartlang.org\media_info-0.10.0\
[   +3 ms] Found plugin package_info_plus at C:\Users\JORGE\Documents\flutter\flutter\.pub-cache\hosted\pub.dartlang.org\package_info_plus-1.4.2\
[        ] Found plugin package_info_plus_linux at C:\Users\JORGE\Documents\flutter\flutter\.pub-cache\hosted\pub.dartlang.org\package_info_plus_linux-1.0.5\
[        ] Found plugin package_info_plus_macos at C:\Users\JORGE\Documents\flutter\flutter\.pub-cache\hosted\pub.dartlang.org\package_info_plus_macos-1.3.0\
[   +1 ms] Found plugin package_info_plus_web at C:\Users\JORGE\Documents\flutter\flutter\.pub-cache\hosted\pub.dartlang.org\package_info_plus_web-1.0.5\
[        ] Found plugin package_info_plus_windows at C:\Users\JORGE\Documents\flutter\flutter\.pub-cache\hosted\pub.dartlang.org\package_info_plus_windows-1.0.5\
[   +1 ms] Found plugin path_provider at C:\Users\JORGE\Documents\flutter\flutter\.pub-cache\hosted\pub.dartlang.org\path_provider-2.0.10\
[   +1 ms] Found plugin path_provider_android at C:\Users\JORGE\Documents\flutter\flutter\.pub-cache\hosted\pub.dartlang.org\path_provider_android-2.0.12\
[        ] Found plugin path_provider_ios at C:\Users\JORGE\Documents\flutter\flutter\.pub-cache\hosted\pub.dartlang.org\path_provider_ios-2.0.8\
[        ] Found plugin path_provider_linux at C:\Users\JORGE\Documents\flutter\flutter\.pub-cache\hosted\pub.dartlang.org\path_provider_linux-2.1.5\
[        ] Found plugin path_provider_macos at C:\Users\JORGE\Documents\flutter\flutter\.pub-cache\hosted\pub.dartlang.org\path_provider_macos-2.0.5\
[        ] Found plugin path_provider_windows at C:\Users\JORGE\Documents\flutter\flutter\.pub-cache\hosted\pub.dartlang.org\path_provider_windows-2.0.5\
[        ] Found plugin permission_handler at C:\Users\JORGE\Documents\flutter\flutter\.pub-cache\hosted\pub.dartlang.org\permission_handler-9.2.0\
[        ] Found plugin permission_handler_android at C:\Users\JORGE\Documents\flutter\flutter\.pub-cache\hosted\pub.dartlang.org\permission_handler_android-9.0.2+1\
[        ] Found plugin permission_handler_apple at C:\Users\JORGE\Documents\flutter\flutter\.pub-cache\hosted\pub.dartlang.org\permission_handler_apple-9.0.4\
[        ] Found plugin permission_handler_windows at C:\Users\JORGE\Documents\flutter\flutter\.pub-cache\hosted\pub.dartlang.org\permission_handler_windows-0.1.0\
[        ] Found plugin photo_manager at C:\Users\JORGE\Documents\flutter\flutter\.pub-cache\hosted\pub.dartlang.org\photo_manager-2.0.9\
[   +3 ms] Found plugin shared_preferences at C:\Users\JORGE\Documents\flutter\flutter\.pub-cache\hosted\pub.dartlang.org\shared_preferences-2.0.13\
[        ] Found plugin shared_preferences_android at C:\Users\JORGE\Documents\flutter\flutter\.pub-cache\hosted\pub.dartlang.org\shared_preferences_android-2.0.11\
[        ] Found plugin shared_preferences_ios at C:\Users\JORGE\Documents\flutter\flutter\.pub-cache\hosted\pub.dartlang.org\shared_preferences_ios-2.1.0\
[        ] Found plugin shared_preferences_linux at C:\Users\JORGE\Documents\flutter\flutter\.pub-cache\hosted\pub.dartlang.org\shared_preferences_linux-2.1.0\
[        ] Found plugin shared_preferences_macos at C:\Users\JORGE\Documents\flutter\flutter\.pub-cache\hosted\pub.dartlang.org\shared_preferences_macos-2.0.3\
[   +1 ms] Found plugin shared_preferences_web at C:\Users\JORGE\Documents\flutter\flutter\.pub-cache\hosted\pub.dartlang.org\shared_preferences_web-2.0.3\
[        ] Found plugin shared_preferences_windows at C:\Users\JORGE\Documents\flutter\flutter\.pub-cache\hosted\pub.dartlang.org\shared_preferences_windows-2.1.0\
[   +1 ms] Found plugin simple_s3 at C:\Users\JORGE\Documents\flutter\flutter\.pub-cache\hosted\pub.dartlang.org\simple_s3-0.3.2\
[        ] Found plugin smart_auth at C:\Users\JORGE\Documents\flutter\flutter\.pub-cache\hosted\pub.dartlang.org\smart_auth-1.0.5\
[   +6 ms] Found plugin video_player at C:\Users\JORGE\Documents\flutter\flutter\.pub-cache\hosted\pub.dartlang.org\video_player-2.4.2\
[        ] Found plugin video_player_android at C:\Users\JORGE\Documents\flutter\flutter\.pub-cache\hosted\pub.dartlang.org\video_player_android-2.3.4\
[        ] Found plugin video_player_avfoundation at C:\Users\JORGE\Documents\flutter\flutter\.pub-cache\hosted\pub.dartlang.org\video_player_avfoundation-2.3.4\
[        ] Found plugin video_player_web at C:\Users\JORGE\Documents\flutter\flutter\.pub-cache\hosted\pub.dartlang.org\video_player_web-2.0.10\
[        ] Found plugin video_thumbnail at C:\Users\JORGE\Documents\flutter\flutter\.pub-cache\hosted\pub.dartlang.org\video_thumbnail-0.5.0\
[        ] Found plugin wakelock at C:\Users\JORGE\Documents\flutter\flutter\.pub-cache\hosted\pub.dartlang.org\wakelock-0.6.1+2\
[        ] Found plugin wakelock_macos at C:\Users\JORGE\Documents\flutter\flutter\.pub-cache\hosted\pub.dartlang.org\wakelock_macos-0.4.0\
[        ] Found plugin wakelock_web at C:\Users\JORGE\Documents\flutter\flutter\.pub-cache\hosted\pub.dartlang.org\wakelock_web-0.4.0\
[   +4 ms] Found plugin camera at C:\Users\JORGE\Documents\GitHub\flutter-truvideo-enterprise\external-libs\camera\camera\
[  +14 ms] C:\Users\JORGE\Documents\flutter\flutter\bin\cache\dart-sdk\bin\dart.exe --disable-dart-dev C:\Users\JORGE\Documents\flutter\flutter\bin\cache\dart-sdk\bin\snapshots\frontend_server.dart.snapshot --sdk-root C:\Users\JORGE\Documents\flutter\flutter\bin\cache\artifacts\engine\common\flutter_patched_sdk/ --incremental --no-print-incremental-dependencies --target=flutter --debugger-module-names --experimental-emit-debug-metadata -DFLUTTER_WEB_AUTO_DETECT=true --output-dill C:\Users\JORGE\AppData\Local\Temp\flutter_tools.bbf6bc09\flutter_test_compiler.1a723434\output.dill --packages C:\Users\JORGE\Documents\GitHub\flutter-truvideo-enterprise\.dart_tool\package_config.json -Ddart.vm.profile=false -Ddart.vm.product=false --enable-asserts --track-widget-creation --initialize-from-dill C:\Users\JORGE\Documents\GitHub\flutter-truvideo-enterprise\build\test_cache\build\c075001b96339384a97db4862b8ab8db.cache.dill.track.dill --source C:\Users\JORGE\Documents\GitHub\flutter-truvideo-enterprise\.dart_tool\flutter_build\dart_plugin_registrant.dart --source package:flutter/src/dart_plugin_registrant.dart -Dflutter.dart_plugin_registrant=file:///C:/Users/JORGE/Documents/GitHub/flutter-truvideo-enterprise/.dart_tool/flutter_build/dart_plugin_registrant.dart
[   +2 ms] test 1: starting test C:\Users\JORGE\Documents\GitHub\flutter-truvideo-enterprise\test\connectivity\connectivity_test.dart
[   +3 ms] Stopping scan for flutter_test_config.dart; found project root at C:\Users\JORGE\Documents\GitHub\flutter-truvideo-enterprise
[   +1 ms] test 2: starting test C:\Users\JORGE\Documents\GitHub\flutter-truvideo-enterprise\test\date_test.dart
[   +1 ms] Stopping scan for flutter_test_config.dart; found project root at C:\Users\JORGE\Documents\GitHub\flutter-truvideo-enterprise
[   +1 ms] test 3: starting test C:\Users\JORGE\Documents\GitHub\flutter-truvideo-enterprise\test\device\device_test.dart
[   +1 ms] Stopping scan for flutter_test_config.dart; found project root at C:\Users\JORGE\Documents\GitHub\flutter-truvideo-enterprise
[   +1 ms] test 4: starting test C:\Users\JORGE\Documents\GitHub\flutter-truvideo-enterprise\test\http\dio_interceptor_test.dart
[   +2 ms] Stopping scan for flutter_test_config.dart; found project root at C:\Users\JORGE\Documents\GitHub\flutter-truvideo-enterprise
[   +1 ms] test 5: starting test C:\Users\JORGE\Documents\GitHub\flutter-truvideo-enterprise\test\http\http_test.dart
[   +2 ms] Stopping scan for flutter_test_config.dart; found project root at C:\Users\JORGE\Documents\GitHub\flutter-truvideo-enterprise
[  +46 ms] <- compile file:///C:/Users/JORGE/AppData/Local/Temp/flutter_tools.bbf6bc09/flutter_test_listener.9dcc078c/listener.dart

00:01 +0: loading C:\Users\JORGE\Documents\GitHub\flutter-truvideo-enterprise\test\checklist\checklist_test.dart                                                                                       
00:02 +0: loading C:\Users\JORGE\Documents\GitHub\flutter-truvideo-enterprise\test\checklist\checklist_test.dart                                                                                       [+2639 ms] <- accept
[        ] <- reset
[        ] Compiling file:///C:/Users/JORGE/AppData/Local/Temp/flutter_tools.bbf6bc09/flutter_test_listener.9dcc078c/listener.dart took 2852ms
[        ] Compiling file:///C:/Users/JORGE/AppData/Local/Temp/flutter_tools.bbf6bc09/flutter_test_listener.3bca4b8/listener.dart
[   +1 ms] test 0: starting test device
[   +8 ms] test 0: awaiting connection to test device
[  +20 ms] Found plugin all_sensors2 at C:\Users\JORGE\Documents\flutter\flutter\.pub-cache\hosted\pub.dartlang.org\all_sensors2-1.0.1\
[   +4 ms] Found plugin battery_plus at C:\Users\JORGE\Documents\flutter\flutter\.pub-cache\hosted\pub.dartlang.org\battery_plus-2.1.3\
[   +1 ms] Found plugin battery_plus_linux at C:\Users\JORGE\Documents\flutter\flutter\.pub-cache\hosted\pub.dartlang.org\battery_plus_linux-1.1.1\
[        ] Found plugin battery_plus_macos at C:\Users\JORGE\Documents\flutter\flutter\.pub-cache\hosted\pub.dartlang.org\battery_plus_macos-1.1.1\
[   +2 ms] Found plugin battery_plus_web at C:\Users\JORGE\Documents\flutter\flutter\.pub-cache\hosted\pub.dartlang.org\battery_plus_web-1.1.0\
[        ] Found plugin battery_plus_windows at C:\Users\JORGE\Documents\flutter\flutter\.pub-cache\hosted\pub.dartlang.org\battery_plus_windows-1.1.0\
[   +1 ms] Found plugin biometric_storage at C:\Users\JORGE\Documents\flutter\flutter\.pub-cache\hosted\pub.dartlang.org\biometric_storage-4.1.1\
[  +14 ms] Found plugin connectivity_plus at C:\Users\JORGE\Documents\flutter\flutter\.pub-cache\hosted\pub.dartlang.org\connectivity_plus-2.3.0\
[   +1 ms] Found plugin connectivity_plus_linux at C:\Users\JORGE\Documents\flutter\flutter\.pub-cache\hosted\pub.dartlang.org\connectivity_plus_linux-1.3.0\
[   +1 ms] Found plugin connectivity_plus_macos at C:\Users\JORGE\Documents\flutter\flutter\.pub-cache\hosted\pub.dartlang.org\connectivity_plus_macos-1.2.2\
[   +2 ms] Found plugin connectivity_plus_web at C:\Users\JORGE\Documents\flutter\flutter\.pub-cache\hosted\pub.dartlang.org\connectivity_plus_web-1.2.0\
[        ] Found plugin connectivity_plus_windows at C:\Users\JORGE\Documents\flutter\flutter\.pub-cache\hosted\pub.dartlang.org\connectivity_plus_windows-1.2.0\
[   +4 ms] Found plugin device_info_plus at C:\Users\JORGE\Documents\flutter\flutter\.pub-cache\hosted\pub.dartlang.org\device_info_plus-3.2.3\
[        ] Found plugin device_info_plus_linux at C:\Users\JORGE\Documents\flutter\flutter\.pub-cache\hosted\pub.dartlang.org\device_info_plus_linux-2.1.1\
[        ] Found plugin device_info_plus_macos at C:\Users\JORGE\Documents\flutter\flutter\.pub-cache\hosted\pub.dartlang.org\device_info_plus_macos-2.2.3\
[   +1 ms] Found plugin device_info_plus_web at C:\Users\JORGE\Documents\flutter\flutter\.pub-cache\hosted\pub.dartlang.org\device_info_plus_web-2.1.0\
[        ] Found plugin device_info_plus_windows at C:\Users\JORGE\Documents\flutter\flutter\.pub-cache\hosted\pub.dartlang.org\device_info_plus_windows-2.1.1\
[   +1 ms] Found plugin disk_space at C:\Users\JORGE\Documents\flutter\flutter\.pub-cache\hosted\pub.dartlang.org\disk_space-0.2.1\
[   +2 ms] Found plugin external_storage_size at C:\Users\JORGE\Documents\flutter\flutter\.pub-cache\hosted\pub.dartlang.org\external_storage_size-0.0.3\
[   +3 ms] Found plugin firebase_analytics at C:\Users\JORGE\Documents\flutter\flutter\.pub-cache\hosted\pub.dartlang.org\firebase_analytics-9.1.7\
[   +1 ms] Found plugin firebase_analytics_web at C:\Users\JORGE\Documents\flutter\flutter\.pub-cache\hosted\pub.dartlang.org\firebase_analytics_web-0.4.0+13\
[        ] Found plugin firebase_core at C:\Users\JORGE\Documents\flutter\flutter\.pub-cache\hosted\pub.dartlang.org\firebase_core-1.16.0\
[        ] Found plugin firebase_core_web at C:\Users\JORGE\Documents\flutter\flutter\.pub-cache\hosted\pub.dartlang.org\firebase_core_web-1.6.4\
[        ] Found plugin firebase_crashlytics at C:\Users\JORGE\Documents\flutter\flutter\.pub-cache\hosted\pub.dartlang.org\firebase_crashlytics-2.7.2\
[   +1 ms] Found plugin firebase_messaging at C:\Users\JORGE\Documents\flutter\flutter\.pub-cache\hosted\pub.dartlang.org\firebase_messaging-11.3.0\
[   +1 ms] Found plugin firebase_messaging_web at C:\Users\JORGE\Documents\flutter\flutter\.pub-cache\hosted\pub.dartlang.org\firebase_messaging_web-2.4.0\
[   +1 ms] Found plugin flutter_ffmpeg at C:\Users\JORGE\Documents\flutter\flutter\.pub-cache\hosted\pub.dartlang.org\flutter_ffmpeg-0.4.2\
[   +1 ms] Found plugin flutter_image_compress at C:\Users\JORGE\Documents\flutter\flutter\.pub-cache\hosted\pub.dartlang.org\flutter_image_compress-1.1.0\
[        ] Found plugin flutter_libphonenumber at C:\Users\JORGE\Documents\flutter\flutter\.pub-cache\hosted\pub.dartlang.org\flutter_libphonenumber-1.2.4\
[        ] Found plugin flutter_plugin_android_lifecycle at C:\Users\JORGE\Documents\flutter\flutter\.pub-cache\hosted\pub.dartlang.org\flutter_plugin_android_lifecycle-2.0.6\
[   +1 ms] Found plugin flutter_twilio at C:\Users\JORGE\Documents\flutter\flutter\.pub-cache\hosted\pub.dartlang.org\flutter_twilio-0.0.17\
[        ] Found plugin fluttertoast at C:\Users\JORGE\Documents\flutter\flutter\.pub-cache\hosted\pub.dartlang.org\fluttertoast-8.0.9\
[   +7 ms] Found plugin ios_physical_memory at C:\Users\JORGE\Documents\flutter\flutter\.pub-cache\hosted\pub.dartlang.org\ios_physical_memory-0.0.6\
[   +3 ms] Found plugin media_info at C:\Users\JORGE\Documents\flutter\flutter\.pub-cache\hosted\pub.dartlang.org\media_info-0.10.0\
[   +2 ms] Found plugin package_info_plus at C:\Users\JORGE\Documents\flutter\flutter\.pub-cache\hosted\pub.dartlang.org\package_info_plus-1.4.2\
[        ] Found plugin package_info_plus_linux at C:\Users\JORGE\Documents\flutter\flutter\.pub-cache\hosted\pub.dartlang.org\package_info_plus_linux-1.0.5\
[        ] Found plugin package_info_plus_macos at C:\Users\JORGE\Documents\flutter\flutter\.pub-cache\hosted\pub.dartlang.org\package_info_plus_macos-1.3.0\
[        ] Found plugin package_info_plus_web at C:\Users\JORGE\Documents\flutter\flutter\.pub-cache\hosted\pub.dartlang.org\package_info_plus_web-1.0.5\
[        ] Found plugin package_info_plus_windows at C:\Users\JORGE\Documents\flutter\flutter\.pub-cache\hosted\pub.dartlang.org\package_info_plus_windows-1.0.5\
[        ] Found plugin path_provider at C:\Users\JORGE\Documents\flutter\flutter\.pub-cache\hosted\pub.dartlang.org\path_provider-2.0.10\
[   +1 ms] Found plugin path_provider_android at C:\Users\JORGE\Documents\flutter\flutter\.pub-cache\hosted\pub.dartlang.org\path_provider_android-2.0.12\
[        ] Found plugin path_provider_ios at C:\Users\JORGE\Documents\flutter\flutter\.pub-cache\hosted\pub.dartlang.org\path_provider_ios-2.0.8\
[   +1 ms] Found plugin path_provider_linux at C:\Users\JORGE\Documents\flutter\flutter\.pub-cache\hosted\pub.dartlang.org\path_provider_linux-2.1.5\
[        ] Found plugin path_provider_macos at C:\Users\JORGE\Documents\flutter\flutter\.pub-cache\hosted\pub.dartlang.org\path_provider_macos-2.0.5\
[        ] Found plugin path_provider_windows at C:\Users\JORGE\Documents\flutter\flutter\.pub-cache\hosted\pub.dartlang.org\path_provider_windows-2.0.5\
[        ] Found plugin permission_handler at C:\Users\JORGE\Documents\flutter\flutter\.pub-cache\hosted\pub.dartlang.org\permission_handler-9.2.0\
[        ] Found plugin permission_handler_android at C:\Users\JORGE\Documents\flutter\flutter\.pub-cache\hosted\pub.dartlang.org\permission_handler_android-9.0.2+1\
[        ] Found plugin permission_handler_apple at C:\Users\JORGE\Documents\flutter\flutter\.pub-cache\hosted\pub.dartlang.org\permission_handler_apple-9.0.4\
[        ] Found plugin permission_handler_windows at C:\Users\JORGE\Documents\flutter\flutter\.pub-cache\hosted\pub.dartlang.org\permission_handler_windows-0.1.0\
[        ] Found plugin photo_manager at C:\Users\JORGE\Documents\flutter\flutter\.pub-cache\hosted\pub.dartlang.org\photo_manager-2.0.9\
[   +4 ms] Found plugin shared_preferences at C:\Users\JORGE\Documents\flutter\flutter\.pub-cache\hosted\pub.dartlang.org\shared_preferences-2.0.13\
[        ] Found plugin shared_preferences_android at C:\Users\JORGE\Documents\flutter\flutter\.pub-cache\hosted\pub.dartlang.org\shared_preferences_android-2.0.11\
[        ] Found plugin shared_preferences_ios at C:\Users\JORGE\Documents\flutter\flutter\.pub-cache\hosted\pub.dartlang.org\shared_preferences_ios-2.1.0\
[        ] Found plugin shared_preferences_linux at C:\Users\JORGE\Documents\flutter\flutter\.pub-cache\hosted\pub.dartlang.org\shared_preferences_linux-2.1.0\
[        ] Found plugin shared_preferences_macos at C:\Users\JORGE\Documents\flutter\flutter\.pub-cache\hosted\pub.dartlang.org\shared_preferences_macos-2.0.3\
[        ] Found plugin shared_preferences_web at C:\Users\JORGE\Documents\flutter\flutter\.pub-cache\hosted\pub.dartlang.org\shared_preferences_web-2.0.3\
[        ] Found plugin shared_preferences_windows at C:\Users\JORGE\Documents\flutter\flutter\.pub-cache\hosted\pub.dartlang.org\shared_preferences_windows-2.1.0\
[   +1 ms] Found plugin simple_s3 at C:\Users\JORGE\Documents\flutter\flutter\.pub-cache\hosted\pub.dartlang.org\simple_s3-0.3.2\
[   +1 ms] Found plugin smart_auth at C:\Users\JORGE\Documents\flutter\flutter\.pub-cache\hosted\pub.dartlang.org\smart_auth-1.0.5\
[   +8 ms] Found plugin video_player at C:\Users\JORGE\Documents\flutter\flutter\.pub-cache\hosted\pub.dartlang.org\video_player-2.4.2\
[        ] Found plugin video_player_android at C:\Users\JORGE\Documents\flutter\flutter\.pub-cache\hosted\pub.dartlang.org\video_player_android-2.3.4\
[        ] Found plugin video_player_avfoundation at C:\Users\JORGE\Documents\flutter\flutter\.pub-cache\hosted\pub.dartlang.org\video_player_avfoundation-2.3.4\
[        ] Found plugin video_player_web at C:\Users\JORGE\Documents\flutter\flutter\.pub-cache\hosted\pub.dartlang.org\video_player_web-2.0.10\
[        ] Found plugin video_thumbnail at C:\Users\JORGE\Documents\flutter\flutter\.pub-cache\hosted\pub.dartlang.org\video_thumbnail-0.5.0\
[   +1 ms] Found plugin wakelock at C:\Users\JORGE\Documents\flutter\flutter\.pub-cache\hosted\pub.dartlang.org\wakelock-0.6.1+2\
[        ] Found plugin wakelock_macos at C:\Users\JORGE\Documents\flutter\flutter\.pub-cache\hosted\pub.dartlang.org\wakelock_macos-0.4.0\
[        ] Found plugin wakelock_web at C:\Users\JORGE\Documents\flutter\flutter\.pub-cache\hosted\pub.dartlang.org\wakelock_web-0.4.0\
[   +4 ms] Found plugin camera at C:\Users\JORGE\Documents\GitHub\flutter-truvideo-enterprise\external-libs\camera\camera\
[   +4 ms] test 0: Observatory uri is not available
[   +4 ms] test 0: test harness socket server is running at port:51191
[   +1 ms] Using this directory for fonts configuration: C:\Users\JORGE\AppData\Local\Temp\flutter_tools.bbf6bc09\flutter_test_fonts.c939a558
[   +1 ms] test 0: Starting flutter_tester process with command=[C:\Users\JORGE\Documents\flutter\flutter\bin\cache\artifacts\engine\windows-x64\flutter_tester.exe, --disable-observatory, --enable-checked-mode, --verify-entry-points, --enable-software-rendering, --skia-deterministic-rendering, --enable-dart-profiling, --non-interactive, --use-test-fonts, --packages=C:\Users\JORGE\Documents\GitHub\flutter-truvideo-enterprise\.dart_tool\package_config.json, C:\Users\JORGE\AppData\Local\Temp\flutter_tools.bbf6bc09\flutter_test_listener.9dcc078c\listener.dart.dill], environment={FLUTTER_TEST: true, FONTCONFIG_FILE: C:\Users\JORGE\AppData\Local\Temp\flutter_tools.bbf6bc09\flutter_test_fonts.c939a558/fonts.conf, SERVER_PORT: 51191, APP_NAME: truvideo_enterprise, UNIT_TEST_ASSETS: C:\Users\JORGE\Documents\GitHub\flutter-truvideo-enterprise\build\unit_test_assets}
[   +3 ms] <- recompile file:///C:/Users/JORGE/AppData/Local/Temp/flutter_tools.bbf6bc09/flutter_test_listener.3bca4b8/listener.dart 03d0d1d8-520d-4a0e-b73d-34dee9ded5b9
[        ] file:///C:/Users/JORGE/AppData/Local/Temp/flutter_tools.bbf6bc09/flutter_test_listener.3bca4b8/listener.dart
[        ] file:///C:/Users/JORGE/Documents/GitHub/flutter-truvideo-enterprise/.dart_tool/flutter_build/dart_plugin_registrant.dart
[        ] <- 03d0d1d8-520d-4a0e-b73d-34dee9ded5b9

00:03 +0: loading C:\Users\JORGE\Documents\GitHub\flutter-truvideo-enterprise\test\checklist\checklist_test.dart                                                                                       [  +11 ms] test 0: Started flutter_tester process at pid 5852
[ +678 ms] test 0: connected to test device, now awaiting test result
[        ] test 0: Waiting for test harness or tests to finish
[   +7 ms] <- accept
[        ] <- reset
[        ] Compiling file:///C:/Users/JORGE/AppData/Local/Temp/flutter_tools.bbf6bc09/flutter_test_listener.3bca4b8/listener.dart took 859ms
[        ] Compiling file:///C:/Users/JORGE/AppData/Local/Temp/flutter_tools.bbf6bc09/flutter_test_listener.bc0447f2/listener.dart
[   +1 ms] test 1: starting test device
[        ] test 1: awaiting connection to test device
[  +12 ms] Found plugin all_sensors2 at C:\Users\JORGE\Documents\flutter\flutter\.pub-cache\hosted\pub.dartlang.org\all_sensors2-1.0.1\
[   +3 ms] Found plugin battery_plus at C:\Users\JORGE\Documents\flutter\flutter\.pub-cache\hosted\pub.dartlang.org\battery_plus-2.1.3\
[        ] Found plugin battery_plus_linux at C:\Users\JORGE\Documents\flutter\flutter\.pub-cache\hosted\pub.dartlang.org\battery_plus_linux-1.1.1\
[        ] Found plugin battery_plus_macos at C:\Users\JORGE\Documents\flutter\flutter\.pub-cache\hosted\pub.dartlang.org\battery_plus_macos-1.1.1\
[   +1 ms] Found plugin battery_plus_web at C:\Users\JORGE\Documents\flutter\flutter\.pub-cache\hosted\pub.dartlang.org\battery_plus_web-1.1.0\
[        ] Found plugin battery_plus_windows at C:\Users\JORGE\Documents\flutter\flutter\.pub-cache\hosted\pub.dartlang.org\battery_plus_windows-1.1.0\
[        ] Found plugin biometric_storage at C:\Users\JORGE\Documents\flutter\flutter\.pub-cache\hosted\pub.dartlang.org\biometric_storage-4.1.1\
[   +5 ms] Found plugin connectivity_plus at C:\Users\JORGE\Documents\flutter\flutter\.pub-cache\hosted\pub.dartlang.org\connectivity_plus-2.3.0\
[        ] Found plugin connectivity_plus_linux at C:\Users\JORGE\Documents\flutter\flutter\.pub-cache\hosted\pub.dartlang.org\connectivity_plus_linux-1.3.0\
[        ] Found plugin connectivity_plus_macos at C:\Users\JORGE\Documents\flutter\flutter\.pub-cache\hosted\pub.dartlang.org\connectivity_plus_macos-1.2.2\
[        ] Found plugin connectivity_plus_web at C:\Users\JORGE\Documents\flutter\flutter\.pub-cache\hosted\pub.dartlang.org\connectivity_plus_web-1.2.0\
[        ] Found plugin connectivity_plus_windows at C:\Users\JORGE\Documents\flutter\flutter\.pub-cache\hosted\pub.dartlang.org\connectivity_plus_windows-1.2.0\
[   +4 ms] Found plugin device_info_plus at C:\Users\JORGE\Documents\flutter\flutter\.pub-cache\hosted\pub.dartlang.org\device_info_plus-3.2.3\
[        ] Found plugin device_info_plus_linux at C:\Users\JORGE\Documents\flutter\flutter\.pub-cache\hosted\pub.dartlang.org\device_info_plus_linux-2.1.1\
[        ] Found plugin device_info_plus_macos at C:\Users\JORGE\Documents\flutter\flutter\.pub-cache\hosted\pub.dartlang.org\device_info_plus_macos-2.2.3\
[   +1 ms] Found plugin device_info_plus_web at C:\Users\JORGE\Documents\flutter\flutter\.pub-cache\hosted\pub.dartlang.org\device_info_plus_web-2.1.0\
[        ] Found plugin device_info_plus_windows at C:\Users\JORGE\Documents\flutter\flutter\.pub-cache\hosted\pub.dartlang.org\device_info_plus_windows-2.1.1\
[   +1 ms] Found plugin disk_space at C:\Users\JORGE\Documents\flutter\flutter\.pub-cache\hosted\pub.dartlang.org\disk_space-0.2.1\
[   +2 ms] Found plugin external_storage_size at C:\Users\JORGE\Documents\flutter\flutter\.pub-cache\hosted\pub.dartlang.org\external_storage_size-0.0.3\
[   +2 ms] Found plugin firebase_analytics at C:\Users\JORGE\Documents\flutter\flutter\.pub-cache\hosted\pub.dartlang.org\firebase_analytics-9.1.7\
[   +1 ms] Found plugin firebase_analytics_web at C:\Users\JORGE\Documents\flutter\flutter\.pub-cache\hosted\pub.dartlang.org\firebase_analytics_web-0.4.0+13\
[   +1 ms] Found plugin firebase_core at C:\Users\JORGE\Documents\flutter\flutter\.pub-cache\hosted\pub.dartlang.org\firebase_core-1.16.0\
[   +1 ms] Found plugin firebase_core_web at C:\Users\JORGE\Documents\flutter\flutter\.pub-cache\hosted\pub.dartlang.org\firebase_core_web-1.6.4\
[   +1 ms] Found plugin firebase_crashlytics at C:\Users\JORGE\Documents\flutter\flutter\.pub-cache\hosted\pub.dartlang.org\firebase_crashlytics-2.7.2\
[   +1 ms] Found plugin firebase_messaging at C:\Users\JORGE\Documents\flutter\flutter\.pub-cache\hosted\pub.dartlang.org\firebase_messaging-11.3.0\
[   +1 ms] Found plugin firebase_messaging_web at C:\Users\JORGE\Documents\flutter\flutter\.pub-cache\hosted\pub.dartlang.org\firebase_messaging_web-2.4.0\
[        ] Found plugin flutter_ffmpeg at C:\Users\JORGE\Documents\flutter\flutter\.pub-cache\hosted\pub.dartlang.org\flutter_ffmpeg-0.4.2\
[        ] Found plugin flutter_image_compress at C:\Users\JORGE\Documents\flutter\flutter\.pub-cache\hosted\pub.dartlang.org\flutter_image_compress-1.1.0\
[        ] Found plugin flutter_libphonenumber at C:\Users\JORGE\Documents\flutter\flutter\.pub-cache\hosted\pub.dartlang.org\flutter_libphonenumber-1.2.4\
[   +1 ms] Found plugin flutter_plugin_android_lifecycle at C:\Users\JORGE\Documents\flutter\flutter\.pub-cache\hosted\pub.dartlang.org\flutter_plugin_android_lifecycle-2.0.6\
[   +1 ms] Found plugin flutter_twilio at C:\Users\JORGE\Documents\flutter\flutter\.pub-cache\hosted\pub.dartlang.org\flutter_twilio-0.0.17\
[   +1 ms] Found plugin fluttertoast at C:\Users\JORGE\Documents\flutter\flutter\.pub-cache\hosted\pub.dartlang.org\fluttertoast-8.0.9\
[  +10 ms] Found plugin ios_physical_memory at C:\Users\JORGE\Documents\flutter\flutter\.pub-cache\hosted\pub.dartlang.org\ios_physical_memory-0.0.6\
[   +3 ms] Found plugin media_info at C:\Users\JORGE\Documents\flutter\flutter\.pub-cache\hosted\pub.dartlang.org\media_info-0.10.0\
[   +2 ms] Found plugin package_info_plus at C:\Users\JORGE\Documents\flutter\flutter\.pub-cache\hosted\pub.dartlang.org\package_info_plus-1.4.2\
[        ] Found plugin package_info_plus_linux at C:\Users\JORGE\Documents\flutter\flutter\.pub-cache\hosted\pub.dartlang.org\package_info_plus_linux-1.0.5\
[        ] Found plugin package_info_plus_macos at C:\Users\JORGE\Documents\flutter\flutter\.pub-cache\hosted\pub.dartlang.org\package_info_plus_macos-1.3.0\
[        ] Found plugin package_info_plus_web at C:\Users\JORGE\Documents\flutter\flutter\.pub-cache\hosted\pub.dartlang.org\package_info_plus_web-1.0.5\
[        ] Found plugin package_info_plus_windows at C:\Users\JORGE\Documents\flutter\flutter\.pub-cache\hosted\pub.dartlang.org\package_info_plus_windows-1.0.5\
[        ] Found plugin path_provider at C:\Users\JORGE\Documents\flutter\flutter\.pub-cache\hosted\pub.dartlang.org\path_provider-2.0.10\
[        ] Found plugin path_provider_android at C:\Users\JORGE\Documents\flutter\flutter\.pub-cache\hosted\pub.dartlang.org\path_provider_android-2.0.12\
[   +1 ms] Found plugin path_provider_ios at C:\Users\JORGE\Documents\flutter\flutter\.pub-cache\hosted\pub.dartlang.org\path_provider_ios-2.0.8\
[        ] Found plugin path_provider_linux at C:\Users\JORGE\Documents\flutter\flutter\.pub-cache\hosted\pub.dartlang.org\path_provider_linux-2.1.5\
[        ] Found plugin path_provider_macos at C:\Users\JORGE\Documents\flutter\flutter\.pub-cache\hosted\pub.dartlang.org\path_provider_macos-2.0.5\
[   +1 ms] Found plugin path_provider_windows at C:\Users\JORGE\Documents\flutter\flutter\.pub-cache\hosted\pub.dartlang.org\path_provider_windows-2.0.5\
[        ] Found plugin permission_handler at C:\Users\JORGE\Documents\flutter\flutter\.pub-cache\hosted\pub.dartlang.org\permission_handler-9.2.0\
[        ] Found plugin permission_handler_android at C:\Users\JORGE\Documents\flutter\flutter\.pub-cache\hosted\pub.dartlang.org\permission_handler_android-9.0.2+1\
[        ] Found plugin permission_handler_apple at C:\Users\JORGE\Documents\flutter\flutter\.pub-cache\hosted\pub.dartlang.org\permission_handler_apple-9.0.4\
[        ] Found plugin permission_handler_windows at C:\Users\JORGE\Documents\flutter\flutter\.pub-cache\hosted\pub.dartlang.org\permission_handler_windows-0.1.0\
[        ] Found plugin photo_manager at C:\Users\JORGE\Documents\flutter\flutter\.pub-cache\hosted\pub.dartlang.org\photo_manager-2.0.9\
[   +5 ms] Found plugin shared_preferences at C:\Users\JORGE\Documents\flutter\flutter\.pub-cache\hosted\pub.dartlang.org\shared_preferences-2.0.13\
[        ] Found plugin shared_preferences_android at C:\Users\JORGE\Documents\flutter\flutter\.pub-cache\hosted\pub.dartlang.org\shared_preferences_android-2.0.11\
[        ] Found plugin shared_preferences_ios at C:\Users\JORGE\Documents\flutter\flutter\.pub-cache\hosted\pub.dartlang.org\shared_preferences_ios-2.1.0\
[        ] Found plugin shared_preferences_linux at C:\Users\JORGE\Documents\flutter\flutter\.pub-cache\hosted\pub.dartlang.org\shared_preferences_linux-2.1.0\
[        ] Found plugin shared_preferences_macos at C:\Users\JORGE\Documents\flutter\flutter\.pub-cache\hosted\pub.dartlang.org\shared_preferences_macos-2.0.3\
[   +1 ms] Found plugin shared_preferences_web at C:\Users\JORGE\Documents\flutter\flutter\.pub-cache\hosted\pub.dartlang.org\shared_preferences_web-2.0.3\
[        ] Found plugin shared_preferences_windows at C:\Users\JORGE\Documents\flutter\flutter\.pub-cache\hosted\pub.dartlang.org\shared_preferences_windows-2.1.0\
[   +1 ms] Found plugin simple_s3 at C:\Users\JORGE\Documents\flutter\flutter\.pub-cache\hosted\pub.dartlang.org\simple_s3-0.3.2\
[        ] Found plugin smart_auth at C:\Users\JORGE\Documents\flutter\flutter\.pub-cache\hosted\pub.dartlang.org\smart_auth-1.0.5\
[   +6 ms] Found plugin video_player at C:\Users\JORGE\Documents\flutter\flutter\.pub-cache\hosted\pub.dartlang.org\video_player-2.4.2\
[        ] Found plugin video_player_android at C:\Users\JORGE\Documents\flutter\flutter\.pub-cache\hosted\pub.dartlang.org\video_player_android-2.3.4\
[        ] Found plugin video_player_avfoundation at C:\Users\JORGE\Documents\flutter\flutter\.pub-cache\hosted\pub.dartlang.org\video_player_avfoundation-2.3.4\
[        ] Found plugin video_player_web at C:\Users\JORGE\Documents\flutter\flutter\.pub-cache\hosted\pub.dartlang.org\video_player_web-2.0.10\
[        ] Found plugin video_thumbnail at C:\Users\JORGE\Documents\flutter\flutter\.pub-cache\hosted\pub.dartlang.org\video_thumbnail-0.5.0\
[        ] Found plugin wakelock at C:\Users\JORGE\Documents\flutter\flutter\.pub-cache\hosted\pub.dartlang.org\wakelock-0.6.1+2\
[        ] Found plugin wakelock_macos at C:\Users\JORGE\Documents\flutter\flutter\.pub-cache\hosted\pub.dartlang.org\wakelock_macos-0.4.0\
[        ] Found plugin wakelock_web at C:\Users\JORGE\Documents\flutter\flutter\.pub-cache\hosted\pub.dartlang.org\wakelock_web-0.4.0\
[   +5 ms] Found plugin camera at C:\Users\JORGE\Documents\GitHub\flutter-truvideo-enterprise\external-libs\camera\camera\
[   +4 ms] test 1: Observatory uri is not available
[        ] test 1: test harness socket server is running at port:51193
[        ] test 1: Starting flutter_tester process with command=[C:\Users\JORGE\Documents\flutter\flutter\bin\cache\artifacts\engine\windows-x64\flutter_tester.exe, --disable-observatory, --enable-checked-mode, --verify-entry-points, --enable-software-rendering, --skia-deterministic-rendering, --enable-dart-profiling, --non-interactive, --use-test-fonts, --packages=C:\Users\JORGE\Documents\GitHub\flutter-truvideo-enterprise\.dart_tool\package_config.json, C:\Users\JORGE\AppData\Local\Temp\flutter_tools.bbf6bc09\flutter_test_listener.3bca4b8\listener.dart.dill], environment={FLUTTER_TEST: true, FONTCONFIG_FILE: C:\Users\JORGE\AppData\Local\Temp\flutter_tools.bbf6bc09\flutter_test_fonts.c939a558/fonts.conf, SERVER_PORT: 51193, APP_NAME: truvideo_enterprise, UNIT_TEST_ASSETS: C:\Users\JORGE\Documents\GitHub\flutter-truvideo-enterprise\build\unit_test_assets}
[        ] <- recompile file:///C:/Users/JORGE/AppData/Local/Temp/flutter_tools.bbf6bc09/flutter_test_listener.bc0447f2/listener.dart bba7c2ef-1d48-41e0-9b22-b5f0e8db4df2
[        ] file:///C:/Users/JORGE/AppData/Local/Temp/flutter_tools.bbf6bc09/flutter_test_listener.bc0447f2/listener.dart
[        ] file:///C:/Users/JORGE/Documents/GitHub/flutter-truvideo-enterprise/.dart_tool/flutter_build/dart_plugin_registrant.dart
[        ] <- bba7c2ef-1d48-41e0-9b22-b5f0e8db4df2

00:03 +0: C:\Users\JORGE\Documents\GitHub\flutter-truvideo-enterprise\test\checklist\checklist_test.dart: ChecklistServiceImplTests Should be initialized                                              [  +32 ms] test 1: Started flutter_tester process at pid 11000

00:03 +1: C:\Users\JORGE\Documents\GitHub\flutter-truvideo-enterprise\test\checklist\checklist_test.dart: ChecklistServiceImplTests Should be initialized                                              
00:03 +1: C:\Users\JORGE\Documents\GitHub\flutter-truvideo-enterprise\test\checklist\checklist_test.dart: ChecklistServiceImplTests .getTemplates() Should throw a exception if is offline             
00:03 +2: C:\Users\JORGE\Documents\GitHub\flutter-truvideo-enterprise\test\checklist\checklist_test.dart: ChecklistServiceImplTests .getTemplates() Should throw a exception if is offline             
00:03 +2: C:\Users\JORGE\Documents\GitHub\flutter-truvideo-enterprise\test\checklist\checklist_test.dart: ChecklistServiceImplTests .getTemplates() Check that get parameters are correct              
00:04 +2: C:\Users\JORGE\Documents\GitHub\flutter-truvideo-enterprise\test\checklist\checklist_test.dart: ChecklistServiceImplTests .getTemplates() Check that get parameters are correct              
00:04 +3: C:\Users\JORGE\Documents\GitHub\flutter-truvideo-enterprise\test\checklist\checklist_test.dart: ChecklistServiceImplTests .getTemplates() Check that get parameters are correct              
00:04 +3: C:\Users\JORGE\Documents\GitHub\flutter-truvideo-enterprise\test\checklist\checklist_test.dart: ChecklistServiceImplTests .getTemplateByUID() Should return a exception if is offline        
00:04 +4: C:\Users\JORGE\Documents\GitHub\flutter-truvideo-enterprise\test\checklist\checklist_test.dart: ChecklistServiceImplTests .getTemplateByUID() Should return a exception if is offline        
00:04 +4: C:\Users\JORGE\Documents\GitHub\flutter-truvideo-enterprise\test\checklist\checklist_test.dart: ChecklistServiceImplTests .getTemplateByUID() Check that the get parameters are corrects     
00:04 +5: C:\Users\JORGE\Documents\GitHub\flutter-truvideo-enterprise\test\checklist\checklist_test.dart: ChecklistServiceImplTests .getTemplateByUID() Check that the get parameters are corrects     
00:04 +5: C:\Users\JORGE\Documents\GitHub\flutter-truvideo-enterprise\test\checklist\checklist_test.dart: ChecklistServiceImplTests .saveTemplateReply() Should return a exception when is offline     
00:04 +6: C:\Users\JORGE\Documents\GitHub\flutter-truvideo-enterprise\test\checklist\checklist_test.dart: ChecklistServiceImplTests .saveTemplateReply() Should return a exception when is offline     
00:04 +6: C:\Users\JORGE\Documents\GitHub\flutter-truvideo-enterprise\test\checklist\checklist_test.dart: ChecklistServiceImplTests .saveTemplateReply() Check that the post parameters are correct    
00:04 +7: C:\Users\JORGE\Documents\GitHub\flutter-truvideo-enterprise\test\checklist\checklist_test.dart: ChecklistServiceImplTests .saveTemplateReply() Check that the post parameters are correct    
00:04 +7: C:\Users\JORGE\Documents\GitHub\flutter-truvideo-enterprise\test\checklist\checklist_test.dart: ChecklistServiceImplTests .updateTemplateReply() Should throw exception when is offline      
00:04 +8: C:\Users\JORGE\Documents\GitHub\flutter-truvideo-enterprise\test\checklist\checklist_test.dart: ChecklistServiceImplTests .updateTemplateReply() Should throw exception when is offline      
00:04 +8: C:\Users\JORGE\Documents\GitHub\flutter-truvideo-enterprise\test\checklist\checklist_test.dart: ChecklistServiceImplTests .updateTemplateReply() Check that the put parameters are corrects  
00:04 +9: C:\Users\JORGE\Documents\GitHub\flutter-truvideo-enterprise\test\checklist\checklist_test.dart: ChecklistServiceImplTests .updateTemplateReply() Check that the put parameters are corrects  
00:04 +9: C:\Users\JORGE\Documents\GitHub\flutter-truvideo-enterprise\test\checklist\checklist_test.dart: ChecklistServiceImplTests .updateTemplateReply() Should return a string of HttpResponseModel 
00:04 +10: C:\Users\JORGE\Documents\GitHub\flutter-truvideo-enterprise\test\checklist\checklist_test.dart: ChecklistServiceImplTests .updateTemplateReply() Should return a string of HttpResponseModel
00:04 +10: C:\Users\JORGE\Documents\GitHub\flutter-truvideo-enterprise\test\checklist\checklist_test.dart: ChecklistServiceImplTests .getTemplateReplyByEntity() Should throw exception when is offline
00:04 +11: C:\Users\JORGE\Documents\GitHub\flutter-truvideo-enterprise\test\checklist\checklist_test.dart: ChecklistServiceImplTests .getTemplateReplyByEntity() Should throw exception when is offline
00:04 +11: C:\Users\JORGE\Documents\GitHub\flutter-truvideo-enterprise\test\checklist\checklist_test.dart: ... .getTemplateReplyByEntity() Check that the get parameters are corrects                  
00:04 +12: C:\Users\JORGE\Documents\GitHub\flutter-truvideo-enterprise\test\checklist\checklist_test.dart: ... .getTemplateReplyByEntity() Check that the get parameters are corrects                  
00:04 +12: C:\Users\JORGE\Documents\GitHub\flutter-truvideo-enterprise\test\checklist\checklist_test.dart: ChecklistServiceImplTests .getTemplateReplyByEntity() Should return a list of ReplyForm     
00:04 +13: C:\Users\JORGE\Documents\GitHub\flutter-truvideo-enterprise\test\checklist\checklist_test.dart: ChecklistServiceImplTests .getTemplateReplyByEntity() Should return a list of ReplyForm     
00:04 +13: C:\Users\JORGE\Documents\GitHub\flutter-truvideo-enterprise\test\checklist\checklist_test.dart: ... .getTemplateReplyByReplyID() Should throw exception when is offline                     
00:04 +14: C:\Users\JORGE\Documents\GitHub\flutter-truvideo-enterprise\test\checklist\checklist_test.dart: ... .getTemplateReplyByReplyID() Should throw exception when is offline                     
00:04 +14: C:\Users\JORGE\Documents\GitHub\flutter-truvideo-enterprise\test\checklist\checklist_test.dart: ... .getTemplateReplyByReplyID() Check that the get parameters are corrects                 
00:04 +15: C:\Users\JORGE\Documents\GitHub\flutter-truvideo-enterprise\test\checklist\checklist_test.dart: ... .getTemplateReplyByReplyID() Check that the get parameters are corrects                 [ +165 ms] test 0: Test harness is no longer needed by test process
[        ] test 0: finished
[   +1 ms] test 0: cleaning up...
[        ] test 0: ensuring test device is terminated.
[        ] test 0: Terminating flutter_tester process
[        ] test 0: Shutting down test harness socket server
[        ] test 0: Test process is no longer needed by test harness
[  +18 ms] test 0: flutter_tester process at pid 5852 exited with code=-1
[        ] test 0: deleting temporary directory
[   +5 ms] test 0: finished
[   +2 ms] test 6: starting test C:\Users\JORGE\Documents\GitHub\flutter-truvideo-enterprise\test\local\local_test.dart
[   +2 ms] Stopping scan for flutter_test_config.dart; found project root at C:\Users\JORGE\Documents\GitHub\flutter-truvideo-enterprise
[ +409 ms] test 1: connected to test device, now awaiting test result
[        ] test 1: Waiting for test harness or tests to finish
[  +46 ms] <- accept
[        ] <- reset
[        ] Compiling file:///C:/Users/JORGE/AppData/Local/Temp/flutter_tools.bbf6bc09/flutter_test_listener.bc0447f2/listener.dart took 813ms
[        ] Compiling file:///C:/Users/JORGE/AppData/Local/Temp/flutter_tools.bbf6bc09/flutter_test_listener.f2e64e53/listener.dart
[        ] test 2: starting test device
[        ] test 2: awaiting connection to test device
[  +11 ms] Found plugin all_sensors2 at C:\Users\JORGE\Documents\flutter\flutter\.pub-cache\hosted\pub.dartlang.org\all_sensors2-1.0.1\
[  +43 ms] Found plugin battery_plus at C:\Users\JORGE\Documents\flutter\flutter\.pub-cache\hosted\pub.dartlang.org\battery_plus-2.1.3\
[        ] Found plugin battery_plus_linux at C:\Users\JORGE\Documents\flutter\flutter\.pub-cache\hosted\pub.dartlang.org\battery_plus_linux-1.1.1\
[        ] Found plugin battery_plus_macos at C:\Users\JORGE\Documents\flutter\flutter\.pub-cache\hosted\pub.dartlang.org\battery_plus_macos-1.1.1\
[        ] Found plugin battery_plus_web at C:\Users\JORGE\Documents\flutter\flutter\.pub-cache\hosted\pub.dartlang.org\battery_plus_web-1.1.0\
[        ] Found plugin battery_plus_windows at C:\Users\JORGE\Documents\flutter\flutter\.pub-cache\hosted\pub.dartlang.org\battery_plus_windows-1.1.0\
[        ] Found plugin biometric_storage at C:\Users\JORGE\Documents\flutter\flutter\.pub-cache\hosted\pub.dartlang.org\biometric_storage-4.1.1\
[   +6 ms] Found plugin connectivity_plus at C:\Users\JORGE\Documents\flutter\flutter\.pub-cache\hosted\pub.dartlang.org\connectivity_plus-2.3.0\
[        ] Found plugin connectivity_plus_linux at C:\Users\JORGE\Documents\flutter\flutter\.pub-cache\hosted\pub.dartlang.org\connectivity_plus_linux-1.3.0\
[        ] Found plugin connectivity_plus_macos at C:\Users\JORGE\Documents\flutter\flutter\.pub-cache\hosted\pub.dartlang.org\connectivity_plus_macos-1.2.2\
[        ] Found plugin connectivity_plus_web at C:\Users\JORGE\Documents\flutter\flutter\.pub-cache\hosted\pub.dartlang.org\connectivity_plus_web-1.2.0\
[        ] Found plugin connectivity_plus_windows at C:\Users\JORGE\Documents\flutter\flutter\.pub-cache\hosted\pub.dartlang.org\connectivity_plus_windows-1.2.0\
[   +2 ms] Found plugin device_info_plus at C:\Users\JORGE\Documents\flutter\flutter\.pub-cache\hosted\pub.dartlang.org\device_info_plus-3.2.3\
[        ] Found plugin device_info_plus_linux at C:\Users\JORGE\Documents\flutter\flutter\.pub-cache\hosted\pub.dartlang.org\device_info_plus_linux-2.1.1\
[        ] Found plugin device_info_plus_macos at C:\Users\JORGE\Documents\flutter\flutter\.pub-cache\hosted\pub.dartlang.org\device_info_plus_macos-2.2.3\
[        ] Found plugin device_info_plus_web at C:\Users\JORGE\Documents\flutter\flutter\.pub-cache\hosted\pub.dartlang.org\device_info_plus_web-2.1.0\
[        ] Found plugin device_info_plus_windows at C:\Users\JORGE\Documents\flutter\flutter\.pub-cache\hosted\pub.dartlang.org\device_info_plus_windows-2.1.1\
[        ] Found plugin disk_space at C:\Users\JORGE\Documents\flutter\flutter\.pub-cache\hosted\pub.dartlang.org\disk_space-0.2.1\
[   +2 ms] Found plugin external_storage_size at C:\Users\JORGE\Documents\flutter\flutter\.pub-cache\hosted\pub.dartlang.org\external_storage_size-0.0.3\
[   +2 ms] Found plugin firebase_analytics at C:\Users\JORGE\Documents\flutter\flutter\.pub-cache\hosted\pub.dartlang.org\firebase_analytics-9.1.7\
[        ] Found plugin firebase_analytics_web at C:\Users\JORGE\Documents\flutter\flutter\.pub-cache\hosted\pub.dartlang.org\firebase_analytics_web-0.4.0+13\
[        ] Found plugin firebase_core at C:\Users\JORGE\Documents\flutter\flutter\.pub-cache\hosted\pub.dartlang.org\firebase_core-1.16.0\
[        ] Found plugin firebase_core_web at C:\Users\JORGE\Documents\flutter\flutter\.pub-cache\hosted\pub.dartlang.org\firebase_core_web-1.6.4\
[        ] Found plugin firebase_crashlytics at C:\Users\JORGE\Documents\flutter\flutter\.pub-cache\hosted\pub.dartlang.org\firebase_crashlytics-2.7.2\
[        ] Found plugin firebase_messaging at C:\Users\JORGE\Documents\flutter\flutter\.pub-cache\hosted\pub.dartlang.org\firebase_messaging-11.3.0\
[        ] Found plugin firebase_messaging_web at C:\Users\JORGE\Documents\flutter\flutter\.pub-cache\hosted\pub.dartlang.org\firebase_messaging_web-2.4.0\
[        ] Found plugin flutter_ffmpeg at C:\Users\JORGE\Documents\flutter\flutter\.pub-cache\hosted\pub.dartlang.org\flutter_ffmpeg-0.4.2\
[        ] Found plugin flutter_image_compress at C:\Users\JORGE\Documents\flutter\flutter\.pub-cache\hosted\pub.dartlang.org\flutter_image_compress-1.1.0\
[        ] Found plugin flutter_libphonenumber at C:\Users\JORGE\Documents\flutter\flutter\.pub-cache\hosted\pub.dartlang.org\flutter_libphonenumber-1.2.4\
[        ] Found plugin flutter_plugin_android_lifecycle at C:\Users\JORGE\Documents\flutter\flutter\.pub-cache\hosted\pub.dartlang.org\flutter_plugin_android_lifecycle-2.0.6\
[   +1 ms] Found plugin flutter_twilio at C:\Users\JORGE\Documents\flutter\flutter\.pub-cache\hosted\pub.dartlang.org\flutter_twilio-0.0.17\
[        ] Found plugin fluttertoast at C:\Users\JORGE\Documents\flutter\flutter\.pub-cache\hosted\pub.dartlang.org\fluttertoast-8.0.9\
[   +7 ms] Found plugin ios_physical_memory at C:\Users\JORGE\Documents\flutter\flutter\.pub-cache\hosted\pub.dartlang.org\ios_physical_memory-0.0.6\
[   +3 ms] Found plugin media_info at C:\Users\JORGE\Documents\flutter\flutter\.pub-cache\hosted\pub.dartlang.org\media_info-0.10.0\
[   +3 ms] Found plugin package_info_plus at C:\Users\JORGE\Documents\flutter\flutter\.pub-cache\hosted\pub.dartlang.org\package_info_plus-1.4.2\
[        ] Found plugin package_info_plus_linux at C:\Users\JORGE\Documents\flutter\flutter\.pub-cache\hosted\pub.dartlang.org\package_info_plus_linux-1.0.5\
[        ] Found plugin package_info_plus_macos at C:\Users\JORGE\Documents\flutter\flutter\.pub-cache\hosted\pub.dartlang.org\package_info_plus_macos-1.3.0\
[        ] Found plugin package_info_plus_web at C:\Users\JORGE\Documents\flutter\flutter\.pub-cache\hosted\pub.dartlang.org\package_info_plus_web-1.0.5\
[        ] Found plugin package_info_plus_windows at C:\Users\JORGE\Documents\flutter\flutter\.pub-cache\hosted\pub.dartlang.org\package_info_plus_windows-1.0.5\
[        ] Found plugin path_provider at C:\Users\JORGE\Documents\flutter\flutter\.pub-cache\hosted\pub.dartlang.org\path_provider-2.0.10\
[        ] Found plugin path_provider_android at C:\Users\JORGE\Documents\flutter\flutter\.pub-cache\hosted\pub.dartlang.org\path_provider_android-2.0.12\
[        ] Found plugin path_provider_ios at C:\Users\JORGE\Documents\flutter\flutter\.pub-cache\hosted\pub.dartlang.org\path_provider_ios-2.0.8\
[        ] Found plugin path_provider_linux at C:\Users\JORGE\Documents\flutter\flutter\.pub-cache\hosted\pub.dartlang.org\path_provider_linux-2.1.5\
[        ] Found plugin path_provider_macos at C:\Users\JORGE\Documents\flutter\flutter\.pub-cache\hosted\pub.dartlang.org\path_provider_macos-2.0.5\
[        ] Found plugin path_provider_windows at C:\Users\JORGE\Documents\flutter\flutter\.pub-cache\hosted\pub.dartlang.org\path_provider_windows-2.0.5\
[        ] Found plugin permission_handler at C:\Users\JORGE\Documents\flutter\flutter\.pub-cache\hosted\pub.dartlang.org\permission_handler-9.2.0\
[        ] Found plugin permission_handler_android at C:\Users\JORGE\Documents\flutter\flutter\.pub-cache\hosted\pub.dartlang.org\permission_handler_android-9.0.2+1\
[        ] Found plugin permission_handler_apple at C:\Users\JORGE\Documents\flutter\flutter\.pub-cache\hosted\pub.dartlang.org\permission_handler_apple-9.0.4\
[        ] Found plugin permission_handler_windows at C:\Users\JORGE\Documents\flutter\flutter\.pub-cache\hosted\pub.dartlang.org\permission_handler_windows-0.1.0\
[        ] Found plugin photo_manager at C:\Users\JORGE\Documents\flutter\flutter\.pub-cache\hosted\pub.dartlang.org\photo_manager-2.0.9\
[   +3 ms] Found plugin shared_preferences at C:\Users\JORGE\Documents\flutter\flutter\.pub-cache\hosted\pub.dartlang.org\shared_preferences-2.0.13\
[        ] Found plugin shared_preferences_android at C:\Users\JORGE\Documents\flutter\flutter\.pub-cache\hosted\pub.dartlang.org\shared_preferences_android-2.0.11\
[        ] Found plugin shared_preferences_ios at C:\Users\JORGE\Documents\flutter\flutter\.pub-cache\hosted\pub.dartlang.org\shared_preferences_ios-2.1.0\
[        ] Found plugin shared_preferences_linux at C:\Users\JORGE\Documents\flutter\flutter\.pub-cache\hosted\pub.dartlang.org\shared_preferences_linux-2.1.0\
[        ] Found plugin shared_preferences_macos at C:\Users\JORGE\Documents\flutter\flutter\.pub-cache\hosted\pub.dartlang.org\shared_preferences_macos-2.0.3\
[        ] Found plugin shared_preferences_web at C:\Users\JORGE\Documents\flutter\flutter\.pub-cache\hosted\pub.dartlang.org\shared_preferences_web-2.0.3\
[        ] Found plugin shared_preferences_windows at C:\Users\JORGE\Documents\flutter\flutter\.pub-cache\hosted\pub.dartlang.org\shared_preferences_windows-2.1.0\
[   +1 ms] Found plugin simple_s3 at C:\Users\JORGE\Documents\flutter\flutter\.pub-cache\hosted\pub.dartlang.org\simple_s3-0.3.2\
[        ] Found plugin smart_auth at C:\Users\JORGE\Documents\flutter\flutter\.pub-cache\hosted\pub.dartlang.org\smart_auth-1.0.5\
[   +6 ms] Found plugin video_player at C:\Users\JORGE\Documents\flutter\flutter\.pub-cache\hosted\pub.dartlang.org\video_player-2.4.2\
[        ] Found plugin video_player_android at C:\Users\JORGE\Documents\flutter\flutter\.pub-cache\hosted\pub.dartlang.org\video_player_android-2.3.4\
[        ] Found plugin video_player_avfoundation at C:\Users\JORGE\Documents\flutter\flutter\.pub-cache\hosted\pub.dartlang.org\video_player_avfoundation-2.3.4\
[        ] Found plugin video_player_web at C:\Users\JORGE\Documents\flutter\flutter\.pub-cache\hosted\pub.dartlang.org\video_player_web-2.0.10\
[        ] Found plugin video_thumbnail at C:\Users\JORGE\Documents\flutter\flutter\.pub-cache\hosted\pub.dartlang.org\video_thumbnail-0.5.0\
[        ] Found plugin wakelock at C:\Users\JORGE\Documents\flutter\flutter\.pub-cache\hosted\pub.dartlang.org\wakelock-0.6.1+2\
[        ] Found plugin wakelock_macos at C:\Users\JORGE\Documents\flutter\flutter\.pub-cache\hosted\pub.dartlang.org\wakelock_macos-0.4.0\
[        ] Found plugin wakelock_web at C:\Users\JORGE\Documents\flutter\flutter\.pub-cache\hosted\pub.dartlang.org\wakelock_web-0.4.0\
[   +4 ms] Found plugin camera at C:\Users\JORGE\Documents\GitHub\flutter-truvideo-enterprise\external-libs\camera\camera\
[   +3 ms] test 2: Observatory uri is not available
[        ] test 2: test harness socket server is running at port:51196
[        ] test 2: Starting flutter_tester process with command=[C:\Users\JORGE\Documents\flutter\flutter\bin\cache\artifacts\engine\windows-x64\flutter_tester.exe, --disable-observatory, --enable-checked-mode, --verify-entry-points, --enable-software-rendering, --skia-deterministic-rendering, --enable-dart-profiling, --non-interactive, --use-test-fonts, --packages=C:\Users\JORGE\Documents\GitHub\flutter-truvideo-enterprise\.dart_tool\package_config.json, C:\Users\JORGE\AppData\Local\Temp\flutter_tools.bbf6bc09\flutter_test_listener.bc0447f2\listener.dart.dill], environment={FLUTTER_TEST: true, FONTCONFIG_FILE: C:\Users\JORGE\AppData\Local\Temp\flutter_tools.bbf6bc09\flutter_test_fonts.c939a558/fonts.conf, SERVER_PORT: 51196, APP_NAME: truvideo_enterprise, UNIT_TEST_ASSETS: C:\Users\JORGE\Documents\GitHub\flutter-truvideo-enterprise\build\unit_test_assets}
[        ] <- recompile file:///C:/Users/JORGE/AppData/Local/Temp/flutter_tools.bbf6bc09/flutter_test_listener.f2e64e53/listener.dart 5f3dd1c4-ba83-4890-9fe4-8288b1621b96
[        ] file:///C:/Users/JORGE/AppData/Local/Temp/flutter_tools.bbf6bc09/flutter_test_listener.f2e64e53/listener.dart
[        ] file:///C:/Users/JORGE/Documents/GitHub/flutter-truvideo-enterprise/.dart_tool/flutter_build/dart_plugin_registrant.dart
[        ] <- 5f3dd1c4-ba83-4890-9fe4-8288b1621b96
[   +7 ms] test 2: Started flutter_tester process at pid 10080

00:04 +15: loading C:\Users\JORGE\Documents\GitHub\flutter-truvideo-enterprise\test\connectivity\connectivity_test.dart                                                                                
00:04 +15: C:\Users\JORGE\Documents\GitHub\flutter-truvideo-enterprise\test\connectivity\connectivity_test.dart: ConnectivityServiceImplTests Should be initialized                                    
00:04 +16: C:\Users\JORGE\Documents\GitHub\flutter-truvideo-enterprise\test\connectivity\connectivity_test.dart: ConnectivityServiceImplTests Should be initialized                                    
00:04 +16: C:\Users\JORGE\Documents\GitHub\flutter-truvideo-enterprise\test\connectivity\connectivity_test.dart: ConnectivityServiceImplTests .isOffline() Should return true when is Offline          
00:04 +17: C:\Users\JORGE\Documents\GitHub\flutter-truvideo-enterprise\test\connectivity\connectivity_test.dart: ConnectivityServiceImplTests .isOffline() Should return true when is Offline          
00:04 +17: C:\Users\JORGE\Documents\GitHub\flutter-truvideo-enterprise\test\connectivity\connectivity_test.dart: ConnectivityServiceImplTests .isOnline() Should return true when is online            
00:04 +18: C:\Users\JORGE\Documents\GitHub\flutter-truvideo-enterprise\test\connectivity\connectivity_test.dart: ConnectivityServiceImplTests .isOnline() Should return true when is online            
00:04 +18: C:\Users\JORGE\Documents\GitHub\flutter-truvideo-enterprise\test\connectivity\connectivity_test.dart: ConnectivityServiceImplTests .offlineStream() Should listen stream                    [ +255 ms] <- accept
[        ] <- reset
[        ] Compiling file:///C:/Users/JORGE/AppData/Local/Temp/flutter_tools.bbf6bc09/flutter_test_listener.f2e64e53/listener.dart took 404ms
[        ] Compiling file:///C:/Users/JORGE/AppData/Local/Temp/flutter_tools.bbf6bc09/flutter_test_listener.2efdbf68/listener.dart
[        ] test 3: starting test device
[        ] test 3: awaiting connection to test device
[   +7 ms] Found plugin all_sensors2 at C:\Users\JORGE\Documents\flutter\flutter\.pub-cache\hosted\pub.dartlang.org\all_sensors2-1.0.1\
[   +1 ms] Found plugin battery_plus at C:\Users\JORGE\Documents\flutter\flutter\.pub-cache\hosted\pub.dartlang.org\battery_plus-2.1.3\
[        ] Found plugin battery_plus_linux at C:\Users\JORGE\Documents\flutter\flutter\.pub-cache\hosted\pub.dartlang.org\battery_plus_linux-1.1.1\
[        ] Found plugin battery_plus_macos at C:\Users\JORGE\Documents\flutter\flutter\.pub-cache\hosted\pub.dartlang.org\battery_plus_macos-1.1.1\
[        ] Found plugin battery_plus_web at C:\Users\JORGE\Documents\flutter\flutter\.pub-cache\hosted\pub.dartlang.org\battery_plus_web-1.1.0\
[        ] Found plugin battery_plus_windows at C:\Users\JORGE\Documents\flutter\flutter\.pub-cache\hosted\pub.dartlang.org\battery_plus_windows-1.1.0\
[        ] Found plugin biometric_storage at C:\Users\JORGE\Documents\flutter\flutter\.pub-cache\hosted\pub.dartlang.org\biometric_storage-4.1.1\
[   +5 ms] Found plugin connectivity_plus at C:\Users\JORGE\Documents\flutter\flutter\.pub-cache\hosted\pub.dartlang.org\connectivity_plus-2.3.0\
[        ] Found plugin connectivity_plus_linux at C:\Users\JORGE\Documents\flutter\flutter\.pub-cache\hosted\pub.dartlang.org\connectivity_plus_linux-1.3.0\
[        ] Found plugin connectivity_plus_macos at C:\Users\JORGE\Documents\flutter\flutter\.pub-cache\hosted\pub.dartlang.org\connectivity_plus_macos-1.2.2\
[   +1 ms] Found plugin connectivity_plus_web at C:\Users\JORGE\Documents\flutter\flutter\.pub-cache\hosted\pub.dartlang.org\connectivity_plus_web-1.2.0\
[        ] Found plugin connectivity_plus_windows at C:\Users\JORGE\Documents\flutter\flutter\.pub-cache\hosted\pub.dartlang.org\connectivity_plus_windows-1.2.0\
[   +2 ms] Found plugin device_info_plus at C:\Users\JORGE\Documents\flutter\flutter\.pub-cache\hosted\pub.dartlang.org\device_info_plus-3.2.3\
[        ] Found plugin device_info_plus_linux at C:\Users\JORGE\Documents\flutter\flutter\.pub-cache\hosted\pub.dartlang.org\device_info_plus_linux-2.1.1\
[        ] Found plugin device_info_plus_macos at C:\Users\JORGE\Documents\flutter\flutter\.pub-cache\hosted\pub.dartlang.org\device_info_plus_macos-2.2.3\
[        ] Found plugin device_info_plus_web at C:\Users\JORGE\Documents\flutter\flutter\.pub-cache\hosted\pub.dartlang.org\device_info_plus_web-2.1.0\
[        ] Found plugin device_info_plus_windows at C:\Users\JORGE\Documents\flutter\flutter\.pub-cache\hosted\pub.dartlang.org\device_info_plus_windows-2.1.1\
[        ] Found plugin disk_space at C:\Users\JORGE\Documents\flutter\flutter\.pub-cache\hosted\pub.dartlang.org\disk_space-0.2.1\
[   +1 ms] Found plugin external_storage_size at C:\Users\JORGE\Documents\flutter\flutter\.pub-cache\hosted\pub.dartlang.org\external_storage_size-0.0.3\
[   +1 ms] Found plugin firebase_analytics at C:\Users\JORGE\Documents\flutter\flutter\.pub-cache\hosted\pub.dartlang.org\firebase_analytics-9.1.7\
[        ] Found plugin firebase_analytics_web at C:\Users\JORGE\Documents\flutter\flutter\.pub-cache\hosted\pub.dartlang.org\firebase_analytics_web-0.4.0+13\
[        ] Found plugin firebase_core at C:\Users\JORGE\Documents\flutter\flutter\.pub-cache\hosted\pub.dartlang.org\firebase_core-1.16.0\
[        ] Found plugin firebase_core_web at C:\Users\JORGE\Documents\flutter\flutter\.pub-cache\hosted\pub.dartlang.org\firebase_core_web-1.6.4\
[        ] Found plugin firebase_crashlytics at C:\Users\JORGE\Documents\flutter\flutter\.pub-cache\hosted\pub.dartlang.org\firebase_crashlytics-2.7.2\
[        ] Found plugin firebase_messaging at C:\Users\JORGE\Documents\flutter\flutter\.pub-cache\hosted\pub.dartlang.org\firebase_messaging-11.3.0\
[        ] Found plugin firebase_messaging_web at C:\Users\JORGE\Documents\flutter\flutter\.pub-cache\hosted\pub.dartlang.org\firebase_messaging_web-2.4.0\
[        ] Found plugin flutter_ffmpeg at C:\Users\JORGE\Documents\flutter\flutter\.pub-cache\hosted\pub.dartlang.org\flutter_ffmpeg-0.4.2\
[        ] Found plugin flutter_image_compress at C:\Users\JORGE\Documents\flutter\flutter\.pub-cache\hosted\pub.dartlang.org\flutter_image_compress-1.1.0\
[        ] Found plugin flutter_libphonenumber at C:\Users\JORGE\Documents\flutter\flutter\.pub-cache\hosted\pub.dartlang.org\flutter_libphonenumber-1.2.4\
[   +1 ms] Found plugin flutter_plugin_android_lifecycle at C:\Users\JORGE\Documents\flutter\flutter\.pub-cache\hosted\pub.dartlang.org\flutter_plugin_android_lifecycle-2.0.6\
[   +1 ms] Found plugin flutter_twilio at C:\Users\JORGE\Documents\flutter\flutter\.pub-cache\hosted\pub.dartlang.org\flutter_twilio-0.0.17\
[        ] Found plugin fluttertoast at C:\Users\JORGE\Documents\flutter\flutter\.pub-cache\hosted\pub.dartlang.org\fluttertoast-8.0.9\
[   +6 ms] Found plugin ios_physical_memory at C:\Users\JORGE\Documents\flutter\flutter\.pub-cache\hosted\pub.dartlang.org\ios_physical_memory-0.0.6\
[   +3 ms] Found plugin media_info at C:\Users\JORGE\Documents\flutter\flutter\.pub-cache\hosted\pub.dartlang.org\media_info-0.10.0\
[   +2 ms] Found plugin package_info_plus at C:\Users\JORGE\Documents\flutter\flutter\.pub-cache\hosted\pub.dartlang.org\package_info_plus-1.4.2\
[        ] Found plugin package_info_plus_linux at C:\Users\JORGE\Documents\flutter\flutter\.pub-cache\hosted\pub.dartlang.org\package_info_plus_linux-1.0.5\
[        ] Found plugin package_info_plus_macos at C:\Users\JORGE\Documents\flutter\flutter\.pub-cache\hosted\pub.dartlang.org\package_info_plus_macos-1.3.0\
[   +1 ms] Found plugin package_info_plus_web at C:\Users\JORGE\Documents\flutter\flutter\.pub-cache\hosted\pub.dartlang.org\package_info_plus_web-1.0.5\
[        ] Found plugin package_info_plus_windows at C:\Users\JORGE\Documents\flutter\flutter\.pub-cache\hosted\pub.dartlang.org\package_info_plus_windows-1.0.5\
[        ] Found plugin path_provider at C:\Users\JORGE\Documents\flutter\flutter\.pub-cache\hosted\pub.dartlang.org\path_provider-2.0.10\
[        ] Found plugin path_provider_android at C:\Users\JORGE\Documents\flutter\flutter\.pub-cache\hosted\pub.dartlang.org\path_provider_android-2.0.12\
[        ] Found plugin path_provider_ios at C:\Users\JORGE\Documents\flutter\flutter\.pub-cache\hosted\pub.dartlang.org\path_provider_ios-2.0.8\
[        ] Found plugin path_provider_linux at C:\Users\JORGE\Documents\flutter\flutter\.pub-cache\hosted\pub.dartlang.org\path_provider_linux-2.1.5\
[        ] Found plugin path_provider_macos at C:\Users\JORGE\Documents\flutter\flutter\.pub-cache\hosted\pub.dartlang.org\path_provider_macos-2.0.5\
[        ] Found plugin path_provider_windows at C:\Users\JORGE\Documents\flutter\flutter\.pub-cache\hosted\pub.dartlang.org\path_provider_windows-2.0.5\
[        ] Found plugin permission_handler at C:\Users\JORGE\Documents\flutter\flutter\.pub-cache\hosted\pub.dartlang.org\permission_handler-9.2.0\
[        ] Found plugin permission_handler_android at C:\Users\JORGE\Documents\flutter\flutter\.pub-cache\hosted\pub.dartlang.org\permission_handler_android-9.0.2+1\
[        ] Found plugin permission_handler_apple at C:\Users\JORGE\Documents\flutter\flutter\.pub-cache\hosted\pub.dartlang.org\permission_handler_apple-9.0.4\
[        ] Found plugin permission_handler_windows at C:\Users\JORGE\Documents\flutter\flutter\.pub-cache\hosted\pub.dartlang.org\permission_handler_windows-0.1.0\
[        ] Found plugin photo_manager at C:\Users\JORGE\Documents\flutter\flutter\.pub-cache\hosted\pub.dartlang.org\photo_manager-2.0.9\
[   +3 ms] Found plugin shared_preferences at C:\Users\JORGE\Documents\flutter\flutter\.pub-cache\hosted\pub.dartlang.org\shared_preferences-2.0.13\
[        ] Found plugin shared_preferences_android at C:\Users\JORGE\Documents\flutter\flutter\.pub-cache\hosted\pub.dartlang.org\shared_preferences_android-2.0.11\
[        ] Found plugin shared_preferences_ios at C:\Users\JORGE\Documents\flutter\flutter\.pub-cache\hosted\pub.dartlang.org\shared_preferences_ios-2.1.0\
[        ] Found plugin shared_preferences_linux at C:\Users\JORGE\Documents\flutter\flutter\.pub-cache\hosted\pub.dartlang.org\shared_preferences_linux-2.1.0\
[        ] Found plugin shared_preferences_macos at C:\Users\JORGE\Documents\flutter\flutter\.pub-cache\hosted\pub.dartlang.org\shared_preferences_macos-2.0.3\
[        ] Found plugin shared_preferences_web at C:\Users\JORGE\Documents\flutter\flutter\.pub-cache\hosted\pub.dartlang.org\shared_preferences_web-2.0.3\
[        ] Found plugin shared_preferences_windows at C:\Users\JORGE\Documents\flutter\flutter\.pub-cache\hosted\pub.dartlang.org\shared_preferences_windows-2.1.0\
[   +2 ms] Found plugin simple_s3 at C:\Users\JORGE\Documents\flutter\flutter\.pub-cache\hosted\pub.dartlang.org\simple_s3-0.3.2\
[        ] Found plugin smart_auth at C:\Users\JORGE\Documents\flutter\flutter\.pub-cache\hosted\pub.dartlang.org\smart_auth-1.0.5\
[   +6 ms] Found plugin video_player at C:\Users\JORGE\Documents\flutter\flutter\.pub-cache\hosted\pub.dartlang.org\video_player-2.4.2\
[        ] Found plugin video_player_android at C:\Users\JORGE\Documents\flutter\flutter\.pub-cache\hosted\pub.dartlang.org\video_player_android-2.3.4\
[        ] Found plugin video_player_avfoundation at C:\Users\JORGE\Documents\flutter\flutter\.pub-cache\hosted\pub.dartlang.org\video_player_avfoundation-2.3.4\
[   +1 ms] Found plugin video_player_web at C:\Users\JORGE\Documents\flutter\flutter\.pub-cache\hosted\pub.dartlang.org\video_player_web-2.0.10\
[        ] Found plugin video_thumbnail at C:\Users\JORGE\Documents\flutter\flutter\.pub-cache\hosted\pub.dartlang.org\video_thumbnail-0.5.0\
[        ] Found plugin wakelock at C:\Users\JORGE\Documents\flutter\flutter\.pub-cache\hosted\pub.dartlang.org\wakelock-0.6.1+2\
[        ] Found plugin wakelock_macos at C:\Users\JORGE\Documents\flutter\flutter\.pub-cache\hosted\pub.dartlang.org\wakelock_macos-0.4.0\
[        ] Found plugin wakelock_web at C:\Users\JORGE\Documents\flutter\flutter\.pub-cache\hosted\pub.dartlang.org\wakelock_web-0.4.0\
[   +3 ms] Found plugin camera at C:\Users\JORGE\Documents\GitHub\flutter-truvideo-enterprise\external-libs\camera\camera\
[   +4 ms] test 3: Observatory uri is not available
[        ] test 3: test harness socket server is running at port:51197
[        ] test 3: Starting flutter_tester process with command=[C:\Users\JORGE\Documents\flutter\flutter\bin\cache\artifacts\engine\windows-x64\flutter_tester.exe, --disable-observatory, --enable-checked-mode, --verify-entry-points, --enable-software-rendering, --skia-deterministic-rendering, --enable-dart-profiling, --non-interactive, --use-test-fonts, --packages=C:\Users\JORGE\Documents\GitHub\flutter-truvideo-enterprise\.dart_tool\package_config.json, C:\Users\JORGE\AppData\Local\Temp\flutter_tools.bbf6bc09\flutter_test_listener.f2e64e53\listener.dart.dill], environment={FLUTTER_TEST: true, FONTCONFIG_FILE: C:\Users\JORGE\AppData\Local\Temp\flutter_tools.bbf6bc09\flutter_test_fonts.c939a558/fonts.conf, SERVER_PORT: 51197, APP_NAME: truvideo_enterprise, UNIT_TEST_ASSETS: C:\Users\JORGE\Documents\GitHub\flutter-truvideo-enterprise\build\unit_test_assets}
[        ] <- recompile file:///C:/Users/JORGE/AppData/Local/Temp/flutter_tools.bbf6bc09/flutter_test_listener.2efdbf68/listener.dart 393f166e-4f7a-4721-b462-098cb54a9e51
[        ] file:///C:/Users/JORGE/AppData/Local/Temp/flutter_tools.bbf6bc09/flutter_test_listener.2efdbf68/listener.dart
[        ] file:///C:/Users/JORGE/Documents/GitHub/flutter-truvideo-enterprise/.dart_tool/flutter_build/dart_plugin_registrant.dart
[        ] <- 393f166e-4f7a-4721-b462-098cb54a9e51

00:05 +18: C:\Users\JORGE\Documents\GitHub\flutter-truvideo-enterprise\test\connectivity\connectivity_test.dart: ConnectivityServiceImplTests .offlineStream() Should listen stream                    [  +10 ms] test 3: Started flutter_tester process at pid 228
[ +242 ms] test 2: connected to test device, now awaiting test result
[        ] test 2: Waiting for test harness or tests to finish
[  +96 ms] <- accept
[        ] <- reset
[        ] Compiling file:///C:/Users/JORGE/AppData/Local/Temp/flutter_tools.bbf6bc09/flutter_test_listener.2efdbf68/listener.dart took 443ms
[        ] Compiling file:///C:/Users/JORGE/AppData/Local/Temp/flutter_tools.bbf6bc09/flutter_test_listener.f0907c87/listener.dart
[        ] test 4: starting test device
[        ] test 4: awaiting connection to test device
[  +11 ms] Found plugin all_sensors2 at C:\Users\JORGE\Documents\flutter\flutter\.pub-cache\hosted\pub.dartlang.org\all_sensors2-1.0.1\
[   +3 ms] Found plugin battery_plus at C:\Users\JORGE\Documents\flutter\flutter\.pub-cache\hosted\pub.dartlang.org\battery_plus-2.1.3\
[        ] Found plugin battery_plus_linux at C:\Users\JORGE\Documents\flutter\flutter\.pub-cache\hosted\pub.dartlang.org\battery_plus_linux-1.1.1\
[        ] Found plugin battery_plus_macos at C:\Users\JORGE\Documents\flutter\flutter\.pub-cache\hosted\pub.dartlang.org\battery_plus_macos-1.1.1\
[   +1 ms] Found plugin battery_plus_web at C:\Users\JORGE\Documents\flutter\flutter\.pub-cache\hosted\pub.dartlang.org\battery_plus_web-1.1.0\
[        ] Found plugin battery_plus_windows at C:\Users\JORGE\Documents\flutter\flutter\.pub-cache\hosted\pub.dartlang.org\battery_plus_windows-1.1.0\
[        ] Found plugin biometric_storage at C:\Users\JORGE\Documents\flutter\flutter\.pub-cache\hosted\pub.dartlang.org\biometric_storage-4.1.1\
[   +9 ms] Found plugin connectivity_plus at C:\Users\JORGE\Documents\flutter\flutter\.pub-cache\hosted\pub.dartlang.org\connectivity_plus-2.3.0\
[        ] Found plugin connectivity_plus_linux at C:\Users\JORGE\Documents\flutter\flutter\.pub-cache\hosted\pub.dartlang.org\connectivity_plus_linux-1.3.0\
[        ] Found plugin connectivity_plus_macos at C:\Users\JORGE\Documents\flutter\flutter\.pub-cache\hosted\pub.dartlang.org\connectivity_plus_macos-1.2.2\
[   +1 ms] Found plugin connectivity_plus_web at C:\Users\JORGE\Documents\flutter\flutter\.pub-cache\hosted\pub.dartlang.org\connectivity_plus_web-1.2.0\
[        ] Found plugin connectivity_plus_windows at C:\Users\JORGE\Documents\flutter\flutter\.pub-cache\hosted\pub.dartlang.org\connectivity_plus_windows-1.2.0\
[   +3 ms] Found plugin device_info_plus at C:\Users\JORGE\Documents\flutter\flutter\.pub-cache\hosted\pub.dartlang.org\device_info_plus-3.2.3\
[        ] Found plugin device_info_plus_linux at C:\Users\JORGE\Documents\flutter\flutter\.pub-cache\hosted\pub.dartlang.org\device_info_plus_linux-2.1.1\
[        ] Found plugin device_info_plus_macos at C:\Users\JORGE\Documents\flutter\flutter\.pub-cache\hosted\pub.dartlang.org\device_info_plus_macos-2.2.3\
[        ] Found plugin device_info_plus_web at C:\Users\JORGE\Documents\flutter\flutter\.pub-cache\hosted\pub.dartlang.org\device_info_plus_web-2.1.0\
[        ] Found plugin device_info_plus_windows at C:\Users\JORGE\Documents\flutter\flutter\.pub-cache\hosted\pub.dartlang.org\device_info_plus_windows-2.1.1\
[        ] Found plugin disk_space at C:\Users\JORGE\Documents\flutter\flutter\.pub-cache\hosted\pub.dartlang.org\disk_space-0.2.1\
[   +2 ms] Found plugin external_storage_size at C:\Users\JORGE\Documents\flutter\flutter\.pub-cache\hosted\pub.dartlang.org\external_storage_size-0.0.3\
[   +1 ms] Found plugin firebase_analytics at C:\Users\JORGE\Documents\flutter\flutter\.pub-cache\hosted\pub.dartlang.org\firebase_analytics-9.1.7\
[        ] Found plugin firebase_analytics_web at C:\Users\JORGE\Documents\flutter\flutter\.pub-cache\hosted\pub.dartlang.org\firebase_analytics_web-0.4.0+13\
[        ] Found plugin firebase_core at C:\Users\JORGE\Documents\flutter\flutter\.pub-cache\hosted\pub.dartlang.org\firebase_core-1.16.0\
[        ] Found plugin firebase_core_web at C:\Users\JORGE\Documents\flutter\flutter\.pub-cache\hosted\pub.dartlang.org\firebase_core_web-1.6.4\
[        ] Found plugin firebase_crashlytics at C:\Users\JORGE\Documents\flutter\flutter\.pub-cache\hosted\pub.dartlang.org\firebase_crashlytics-2.7.2\
[        ] Found plugin firebase_messaging at C:\Users\JORGE\Documents\flutter\flutter\.pub-cache\hosted\pub.dartlang.org\firebase_messaging-11.3.0\
[        ] Found plugin firebase_messaging_web at C:\Users\JORGE\Documents\flutter\flutter\.pub-cache\hosted\pub.dartlang.org\firebase_messaging_web-2.4.0\
[        ] Found plugin flutter_ffmpeg at C:\Users\JORGE\Documents\flutter\flutter\.pub-cache\hosted\pub.dartlang.org\flutter_ffmpeg-0.4.2\
[        ] Found plugin flutter_image_compress at C:\Users\JORGE\Documents\flutter\flutter\.pub-cache\hosted\pub.dartlang.org\flutter_image_compress-1.1.0\
[        ] Found plugin flutter_libphonenumber at C:\Users\JORGE\Documents\flutter\flutter\.pub-cache\hosted\pub.dartlang.org\flutter_libphonenumber-1.2.4\
[        ] Found plugin flutter_plugin_android_lifecycle at C:\Users\JORGE\Documents\flutter\flutter\.pub-cache\hosted\pub.dartlang.org\flutter_plugin_android_lifecycle-2.0.6\
[   +1 ms] Found plugin flutter_twilio at C:\Users\JORGE\Documents\flutter\flutter\.pub-cache\hosted\pub.dartlang.org\flutter_twilio-0.0.17\
[        ] Found plugin fluttertoast at C:\Users\JORGE\Documents\flutter\flutter\.pub-cache\hosted\pub.dartlang.org\fluttertoast-8.0.9\
[   +6 ms] Found plugin ios_physical_memory at C:\Users\JORGE\Documents\flutter\flutter\.pub-cache\hosted\pub.dartlang.org\ios_physical_memory-0.0.6\
[   +3 ms] Found plugin media_info at C:\Users\JORGE\Documents\flutter\flutter\.pub-cache\hosted\pub.dartlang.org\media_info-0.10.0\
[   +2 ms] Found plugin package_info_plus at C:\Users\JORGE\Documents\flutter\flutter\.pub-cache\hosted\pub.dartlang.org\package_info_plus-1.4.2\
[        ] Found plugin package_info_plus_linux at C:\Users\JORGE\Documents\flutter\flutter\.pub-cache\hosted\pub.dartlang.org\package_info_plus_linux-1.0.5\
[        ] Found plugin package_info_plus_macos at C:\Users\JORGE\Documents\flutter\flutter\.pub-cache\hosted\pub.dartlang.org\package_info_plus_macos-1.3.0\
[        ] Found plugin package_info_plus_web at C:\Users\JORGE\Documents\flutter\flutter\.pub-cache\hosted\pub.dartlang.org\package_info_plus_web-1.0.5\
[        ] Found plugin package_info_plus_windows at C:\Users\JORGE\Documents\flutter\flutter\.pub-cache\hosted\pub.dartlang.org\package_info_plus_windows-1.0.5\
[        ] Found plugin path_provider at C:\Users\JORGE\Documents\flutter\flutter\.pub-cache\hosted\pub.dartlang.org\path_provider-2.0.10\
[        ] Found plugin path_provider_android at C:\Users\JORGE\Documents\flutter\flutter\.pub-cache\hosted\pub.dartlang.org\path_provider_android-2.0.12\
[        ] Found plugin path_provider_ios at C:\Users\JORGE\Documents\flutter\flutter\.pub-cache\hosted\pub.dartlang.org\path_provider_ios-2.0.8\
[        ] Found plugin path_provider_linux at C:\Users\JORGE\Documents\flutter\flutter\.pub-cache\hosted\pub.dartlang.org\path_provider_linux-2.1.5\
[        ] Found plugin path_provider_macos at C:\Users\JORGE\Documents\flutter\flutter\.pub-cache\hosted\pub.dartlang.org\path_provider_macos-2.0.5\
[        ] Found plugin path_provider_windows at C:\Users\JORGE\Documents\flutter\flutter\.pub-cache\hosted\pub.dartlang.org\path_provider_windows-2.0.5\
[        ] Found plugin permission_handler at C:\Users\JORGE\Documents\flutter\flutter\.pub-cache\hosted\pub.dartlang.org\permission_handler-9.2.0\
[        ] Found plugin permission_handler_android at C:\Users\JORGE\Documents\flutter\flutter\.pub-cache\hosted\pub.dartlang.org\permission_handler_android-9.0.2+1\
[        ] Found plugin permission_handler_apple at C:\Users\JORGE\Documents\flutter\flutter\.pub-cache\hosted\pub.dartlang.org\permission_handler_apple-9.0.4\
[        ] Found plugin permission_handler_windows at C:\Users\JORGE\Documents\flutter\flutter\.pub-cache\hosted\pub.dartlang.org\permission_handler_windows-0.1.0\
[        ] Found plugin photo_manager at C:\Users\JORGE\Documents\flutter\flutter\.pub-cache\hosted\pub.dartlang.org\photo_manager-2.0.9\
[   +4 ms] Found plugin shared_preferences at C:\Users\JORGE\Documents\flutter\flutter\.pub-cache\hosted\pub.dartlang.org\shared_preferences-2.0.13\
[        ] Found plugin shared_preferences_android at C:\Users\JORGE\Documents\flutter\flutter\.pub-cache\hosted\pub.dartlang.org\shared_preferences_android-2.0.11\
[        ] Found plugin shared_preferences_ios at C:\Users\JORGE\Documents\flutter\flutter\.pub-cache\hosted\pub.dartlang.org\shared_preferences_ios-2.1.0\
[        ] Found plugin shared_preferences_linux at C:\Users\JORGE\Documents\flutter\flutter\.pub-cache\hosted\pub.dartlang.org\shared_preferences_linux-2.1.0\
[        ] Found plugin shared_preferences_macos at C:\Users\JORGE\Documents\flutter\flutter\.pub-cache\hosted\pub.dartlang.org\shared_preferences_macos-2.0.3\
[   +1 ms] Found plugin shared_preferences_web at C:\Users\JORGE\Documents\flutter\flutter\.pub-cache\hosted\pub.dartlang.org\shared_preferences_web-2.0.3\
[        ] Found plugin shared_preferences_windows at C:\Users\JORGE\Documents\flutter\flutter\.pub-cache\hosted\pub.dartlang.org\shared_preferences_windows-2.1.0\
[   +1 ms] Found plugin simple_s3 at C:\Users\JORGE\Documents\flutter\flutter\.pub-cache\hosted\pub.dartlang.org\simple_s3-0.3.2\
[        ] Found plugin smart_auth at C:\Users\JORGE\Documents\flutter\flutter\.pub-cache\hosted\pub.dartlang.org\smart_auth-1.0.5\
[   +6 ms] Found plugin video_player at C:\Users\JORGE\Documents\flutter\flutter\.pub-cache\hosted\pub.dartlang.org\video_player-2.4.2\
[        ] Found plugin video_player_android at C:\Users\JORGE\Documents\flutter\flutter\.pub-cache\hosted\pub.dartlang.org\video_player_android-2.3.4\
[        ] Found plugin video_player_avfoundation at C:\Users\JORGE\Documents\flutter\flutter\.pub-cache\hosted\pub.dartlang.org\video_player_avfoundation-2.3.4\
[        ] Found plugin video_player_web at C:\Users\JORGE\Documents\flutter\flutter\.pub-cache\hosted\pub.dartlang.org\video_player_web-2.0.10\
[        ] Found plugin video_thumbnail at C:\Users\JORGE\Documents\flutter\flutter\.pub-cache\hosted\pub.dartlang.org\video_thumbnail-0.5.0\
[        ] Found plugin wakelock at C:\Users\JORGE\Documents\flutter\flutter\.pub-cache\hosted\pub.dartlang.org\wakelock-0.6.1+2\
[        ] Found plugin wakelock_macos at C:\Users\JORGE\Documents\flutter\flutter\.pub-cache\hosted\pub.dartlang.org\wakelock_macos-0.4.0\
[        ] Found plugin wakelock_web at C:\Users\JORGE\Documents\flutter\flutter\.pub-cache\hosted\pub.dartlang.org\wakelock_web-0.4.0\
[   +3 ms] Found plugin camera at C:\Users\JORGE\Documents\GitHub\flutter-truvideo-enterprise\external-libs\camera\camera\
[   +5 ms] test 4: Observatory uri is not available
[        ] test 4: test harness socket server is running at port:51199
[        ] test 4: Starting flutter_tester process with command=[C:\Users\JORGE\Documents\flutter\flutter\bin\cache\artifacts\engine\windows-x64\flutter_tester.exe, --disable-observatory, --enable-checked-mode, --verify-entry-points, --enable-software-rendering, --skia-deterministic-rendering, --enable-dart-profiling, --non-interactive, --use-test-fonts, --packages=C:\Users\JORGE\Documents\GitHub\flutter-truvideo-enterprise\.dart_tool\package_config.json, C:\Users\JORGE\AppData\Local\Temp\flutter_tools.bbf6bc09\flutter_test_listener.2efdbf68\listener.dart.dill], environment={FLUTTER_TEST: true, FONTCONFIG_FILE: C:\Users\JORGE\AppData\Local\Temp\flutter_tools.bbf6bc09\flutter_test_fonts.c939a558/fonts.conf, SERVER_PORT: 51199, APP_NAME: truvideo_enterprise, UNIT_TEST_ASSETS: C:\Users\JORGE\Documents\GitHub\flutter-truvideo-enterprise\build\unit_test_assets}
[   +1 ms] <- recompile file:///C:/Users/JORGE/AppData/Local/Temp/flutter_tools.bbf6bc09/flutter_test_listener.f0907c87/listener.dart 9978e53b-a2b5-49b3-baf1-29d10dbff9ed
[        ] file:///C:/Users/JORGE/AppData/Local/Temp/flutter_tools.bbf6bc09/flutter_test_listener.f0907c87/listener.dart
[        ] file:///C:/Users/JORGE/Documents/GitHub/flutter-truvideo-enterprise/.dart_tool/flutter_build/dart_plugin_registrant.dart
[        ] <- 9978e53b-a2b5-49b3-baf1-29d10dbff9ed
[  +11 ms] test 4: Started flutter_tester process at pid 5596

00:05 +19: C:\Users\JORGE\Documents\GitHub\flutter-truvideo-enterprise\test\connectivity\connectivity_test.dart: ConnectivityServiceImplTests .offlineStream() Should listen stream                    
00:05 +20: C:\Users\JORGE\Documents\GitHub\flutter-truvideo-enterprise\test\connectivity\connectivity_test.dart: ConnectivityServiceImplTests .offlineStream() Should listen stream                    
00:05 +21: C:\Users\JORGE\Documents\GitHub\flutter-truvideo-enterprise\test\connectivity\connectivity_test.dart: ConnectivityServiceImplTests .offlineStream() Should listen stream                    
00:05 +22: C:\Users\JORGE\Documents\GitHub\flutter-truvideo-enterprise\test\connectivity\connectivity_test.dart: ConnectivityServiceImplTests .offlineStream() Should listen stream                    
00:05 +23: C:\Users\JORGE\Documents\GitHub\flutter-truvideo-enterprise\test\connectivity\connectivity_test.dart: ConnectivityServiceImplTests .offlineStream() Should listen stream                    [  +71 ms] test 2: Test harness is no longer needed by test process
[        ] test 2: finished
[        ] test 2: cleaning up...
[        ] test 2: ensuring test device is terminated.
[        ] test 2: Terminating flutter_tester process
[        ] test 2: Shutting down test harness socket server
[        ] test 2: Test process is no longer needed by test harness
[  +15 ms] test 2: flutter_tester process at pid 10080 exited with code=-1
[        ] test 2: deleting temporary directory
[   +3 ms] test 2: finished
[        ] test 7: starting test C:\Users\JORGE\Documents\GitHub\flutter-truvideo-enterprise\test\location\location_test.dart
[   +1 ms] Stopping scan for flutter_test_config.dart; found project root at C:\Users\JORGE\Documents\GitHub\flutter-truvideo-enterprise
[  +26 ms] test 3: connected to test device, now awaiting test result
[        ] test 3: Waiting for test harness or tests to finish

00:05 +24: C:\Users\JORGE\Documents\GitHub\flutter-truvideo-enterprise\test\connectivity\connectivity_test.dart: ConnectivityServiceImplTests .offlineStream() Should listen stream                    [ +135 ms] <- accept
[        ] <- reset
[        ] Compiling file:///C:/Users/JORGE/AppData/Local/Temp/flutter_tools.bbf6bc09/flutter_test_listener.f0907c87/listener.dart took 377ms
[        ] Compiling file:///C:/Users/JORGE/AppData/Local/Temp/flutter_tools.bbf6bc09/flutter_test_listener.1bd53e66/listener.dart
[        ] test 5: starting test device
[        ] test 5: awaiting connection to test device
[  +10 ms] Found plugin all_sensors2 at C:\Users\JORGE\Documents\flutter\flutter\.pub-cache\hosted\pub.dartlang.org\all_sensors2-1.0.1\
[   +2 ms] Found plugin battery_plus at C:\Users\JORGE\Documents\flutter\flutter\.pub-cache\hosted\pub.dartlang.org\battery_plus-2.1.3\
[        ] Found plugin battery_plus_linux at C:\Users\JORGE\Documents\flutter\flutter\.pub-cache\hosted\pub.dartlang.org\battery_plus_linux-1.1.1\
[        ] Found plugin battery_plus_macos at C:\Users\JORGE\Documents\flutter\flutter\.pub-cache\hosted\pub.dartlang.org\battery_plus_macos-1.1.1\
[        ] Found plugin battery_plus_web at C:\Users\JORGE\Documents\flutter\flutter\.pub-cache\hosted\pub.dartlang.org\battery_plus_web-1.1.0\
[        ] Found plugin battery_plus_windows at C:\Users\JORGE\Documents\flutter\flutter\.pub-cache\hosted\pub.dartlang.org\battery_plus_windows-1.1.0\
[        ] Found plugin biometric_storage at C:\Users\JORGE\Documents\flutter\flutter\.pub-cache\hosted\pub.dartlang.org\biometric_storage-4.1.1\
[   +5 ms] Found plugin connectivity_plus at C:\Users\JORGE\Documents\flutter\flutter\.pub-cache\hosted\pub.dartlang.org\connectivity_plus-2.3.0\
[        ] Found plugin connectivity_plus_linux at C:\Users\JORGE\Documents\flutter\flutter\.pub-cache\hosted\pub.dartlang.org\connectivity_plus_linux-1.3.0\
[        ] Found plugin connectivity_plus_macos at C:\Users\JORGE\Documents\flutter\flutter\.pub-cache\hosted\pub.dartlang.org\connectivity_plus_macos-1.2.2\
[        ] Found plugin connectivity_plus_web at C:\Users\JORGE\Documents\flutter\flutter\.pub-cache\hosted\pub.dartlang.org\connectivity_plus_web-1.2.0\
[        ] Found plugin connectivity_plus_windows at C:\Users\JORGE\Documents\flutter\flutter\.pub-cache\hosted\pub.dartlang.org\connectivity_plus_windows-1.2.0\
[   +2 ms] Found plugin device_info_plus at C:\Users\JORGE\Documents\flutter\flutter\.pub-cache\hosted\pub.dartlang.org\device_info_plus-3.2.3\
[        ] Found plugin device_info_plus_linux at C:\Users\JORGE\Documents\flutter\flutter\.pub-cache\hosted\pub.dartlang.org\device_info_plus_linux-2.1.1\
[        ] Found plugin device_info_plus_macos at C:\Users\JORGE\Documents\flutter\flutter\.pub-cache\hosted\pub.dartlang.org\device_info_plus_macos-2.2.3\
[        ] Found plugin device_info_plus_web at C:\Users\JORGE\Documents\flutter\flutter\.pub-cache\hosted\pub.dartlang.org\device_info_plus_web-2.1.0\
[        ] Found plugin device_info_plus_windows at C:\Users\JORGE\Documents\flutter\flutter\.pub-cache\hosted\pub.dartlang.org\device_info_plus_windows-2.1.1\
[        ] Found plugin disk_space at C:\Users\JORGE\Documents\flutter\flutter\.pub-cache\hosted\pub.dartlang.org\disk_space-0.2.1\
[   +2 ms] Found plugin external_storage_size at C:\Users\JORGE\Documents\flutter\flutter\.pub-cache\hosted\pub.dartlang.org\external_storage_size-0.0.3\
[   +2 ms] Found plugin firebase_analytics at C:\Users\JORGE\Documents\flutter\flutter\.pub-cache\hosted\pub.dartlang.org\firebase_analytics-9.1.7\
[   +1 ms] Found plugin firebase_analytics_web at C:\Users\JORGE\Documents\flutter\flutter\.pub-cache\hosted\pub.dartlang.org\firebase_analytics_web-0.4.0+13\
[        ] Found plugin firebase_core at C:\Users\JORGE\Documents\flutter\flutter\.pub-cache\hosted\pub.dartlang.org\firebase_core-1.16.0\
[        ] Found plugin firebase_core_web at C:\Users\JORGE\Documents\flutter\flutter\.pub-cache\hosted\pub.dartlang.org\firebase_core_web-1.6.4\
[        ] Found plugin firebase_crashlytics at C:\Users\JORGE\Documents\flutter\flutter\.pub-cache\hosted\pub.dartlang.org\firebase_crashlytics-2.7.2\
[   +1 ms] Found plugin firebase_messaging at C:\Users\JORGE\Documents\flutter\flutter\.pub-cache\hosted\pub.dartlang.org\firebase_messaging-11.3.0\
[   +1 ms] Found plugin firebase_messaging_web at C:\Users\JORGE\Documents\flutter\flutter\.pub-cache\hosted\pub.dartlang.org\firebase_messaging_web-2.4.0\
[        ] Found plugin flutter_ffmpeg at C:\Users\JORGE\Documents\flutter\flutter\.pub-cache\hosted\pub.dartlang.org\flutter_ffmpeg-0.4.2\
[        ] Found plugin flutter_image_compress at C:\Users\JORGE\Documents\flutter\flutter\.pub-cache\hosted\pub.dartlang.org\flutter_image_compress-1.1.0\
[        ] Found plugin flutter_libphonenumber at C:\Users\JORGE\Documents\flutter\flutter\.pub-cache\hosted\pub.dartlang.org\flutter_libphonenumber-1.2.4\
[        ] Found plugin flutter_plugin_android_lifecycle at C:\Users\JORGE\Documents\flutter\flutter\.pub-cache\hosted\pub.dartlang.org\flutter_plugin_android_lifecycle-2.0.6\
[   +1 ms] Found plugin flutter_twilio at C:\Users\JORGE\Documents\flutter\flutter\.pub-cache\hosted\pub.dartlang.org\flutter_twilio-0.0.17\
[        ] Found plugin fluttertoast at C:\Users\JORGE\Documents\flutter\flutter\.pub-cache\hosted\pub.dartlang.org\fluttertoast-8.0.9\
[   +6 ms] Found plugin ios_physical_memory at C:\Users\JORGE\Documents\flutter\flutter\.pub-cache\hosted\pub.dartlang.org\ios_physical_memory-0.0.6\
[   +3 ms] Found plugin media_info at C:\Users\JORGE\Documents\flutter\flutter\.pub-cache\hosted\pub.dartlang.org\media_info-0.10.0\
[   +3 ms] Found plugin package_info_plus at C:\Users\JORGE\Documents\flutter\flutter\.pub-cache\hosted\pub.dartlang.org\package_info_plus-1.4.2\
[        ] Found plugin package_info_plus_linux at C:\Users\JORGE\Documents\flutter\flutter\.pub-cache\hosted\pub.dartlang.org\package_info_plus_linux-1.0.5\
[        ] Found plugin package_info_plus_macos at C:\Users\JORGE\Documents\flutter\flutter\.pub-cache\hosted\pub.dartlang.org\package_info_plus_macos-1.3.0\
[        ] Found plugin package_info_plus_web at C:\Users\JORGE\Documents\flutter\flutter\.pub-cache\hosted\pub.dartlang.org\package_info_plus_web-1.0.5\
[        ] Found plugin package_info_plus_windows at C:\Users\JORGE\Documents\flutter\flutter\.pub-cache\hosted\pub.dartlang.org\package_info_plus_windows-1.0.5\
[   +1 ms] Found plugin path_provider at C:\Users\JORGE\Documents\flutter\flutter\.pub-cache\hosted\pub.dartlang.org\path_provider-2.0.10\
[        ] Found plugin path_provider_android at C:\Users\JORGE\Documents\flutter\flutter\.pub-cache\hosted\pub.dartlang.org\path_provider_android-2.0.12\
[        ] Found plugin path_provider_ios at C:\Users\JORGE\Documents\flutter\flutter\.pub-cache\hosted\pub.dartlang.org\path_provider_ios-2.0.8\
[        ] Found plugin path_provider_linux at C:\Users\JORGE\Documents\flutter\flutter\.pub-cache\hosted\pub.dartlang.org\path_provider_linux-2.1.5\
[        ] Found plugin path_provider_macos at C:\Users\JORGE\Documents\flutter\flutter\.pub-cache\hosted\pub.dartlang.org\path_provider_macos-2.0.5\
[        ] Found plugin path_provider_windows at C:\Users\JORGE\Documents\flutter\flutter\.pub-cache\hosted\pub.dartlang.org\path_provider_windows-2.0.5\
[        ] Found plugin permission_handler at C:\Users\JORGE\Documents\flutter\flutter\.pub-cache\hosted\pub.dartlang.org\permission_handler-9.2.0\
[        ] Found plugin permission_handler_android at C:\Users\JORGE\Documents\flutter\flutter\.pub-cache\hosted\pub.dartlang.org\permission_handler_android-9.0.2+1\
[        ] Found plugin permission_handler_apple at C:\Users\JORGE\Documents\flutter\flutter\.pub-cache\hosted\pub.dartlang.org\permission_handler_apple-9.0.4\
[        ] Found plugin permission_handler_windows at C:\Users\JORGE\Documents\flutter\flutter\.pub-cache\hosted\pub.dartlang.org\permission_handler_windows-0.1.0\
[        ] Found plugin photo_manager at C:\Users\JORGE\Documents\flutter\flutter\.pub-cache\hosted\pub.dartlang.org\photo_manager-2.0.9\
[   +4 ms] Found plugin shared_preferences at C:\Users\JORGE\Documents\flutter\flutter\.pub-cache\hosted\pub.dartlang.org\shared_preferences-2.0.13\
[        ] Found plugin shared_preferences_android at C:\Users\JORGE\Documents\flutter\flutter\.pub-cache\hosted\pub.dartlang.org\shared_preferences_android-2.0.11\
[        ] Found plugin shared_preferences_ios at C:\Users\JORGE\Documents\flutter\flutter\.pub-cache\hosted\pub.dartlang.org\shared_preferences_ios-2.1.0\
[        ] Found plugin shared_preferences_linux at C:\Users\JORGE\Documents\flutter\flutter\.pub-cache\hosted\pub.dartlang.org\shared_preferences_linux-2.1.0\
[        ] Found plugin shared_preferences_macos at C:\Users\JORGE\Documents\flutter\flutter\.pub-cache\hosted\pub.dartlang.org\shared_preferences_macos-2.0.3\
[        ] Found plugin shared_preferences_web at C:\Users\JORGE\Documents\flutter\flutter\.pub-cache\hosted\pub.dartlang.org\shared_preferences_web-2.0.3\
[   +1 ms] Found plugin shared_preferences_windows at C:\Users\JORGE\Documents\flutter\flutter\.pub-cache\hosted\pub.dartlang.org\shared_preferences_windows-2.1.0\
[   +1 ms] Found plugin simple_s3 at C:\Users\JORGE\Documents\flutter\flutter\.pub-cache\hosted\pub.dartlang.org\simple_s3-0.3.2\
[        ] Found plugin smart_auth at C:\Users\JORGE\Documents\flutter\flutter\.pub-cache\hosted\pub.dartlang.org\smart_auth-1.0.5\
[   +5 ms] Found plugin video_player at C:\Users\JORGE\Documents\flutter\flutter\.pub-cache\hosted\pub.dartlang.org\video_player-2.4.2\
[        ] Found plugin video_player_android at C:\Users\JORGE\Documents\flutter\flutter\.pub-cache\hosted\pub.dartlang.org\video_player_android-2.3.4\
[        ] Found plugin video_player_avfoundation at C:\Users\JORGE\Documents\flutter\flutter\.pub-cache\hosted\pub.dartlang.org\video_player_avfoundation-2.3.4\
[        ] Found plugin video_player_web at C:\Users\JORGE\Documents\flutter\flutter\.pub-cache\hosted\pub.dartlang.org\video_player_web-2.0.10\
[        ] Found plugin video_thumbnail at C:\Users\JORGE\Documents\flutter\flutter\.pub-cache\hosted\pub.dartlang.org\video_thumbnail-0.5.0\
[        ] Found plugin wakelock at C:\Users\JORGE\Documents\flutter\flutter\.pub-cache\hosted\pub.dartlang.org\wakelock-0.6.1+2\
[        ] Found plugin wakelock_macos at C:\Users\JORGE\Documents\flutter\flutter\.pub-cache\hosted\pub.dartlang.org\wakelock_macos-0.4.0\
[        ] Found plugin wakelock_web at C:\Users\JORGE\Documents\flutter\flutter\.pub-cache\hosted\pub.dartlang.org\wakelock_web-0.4.0\
[   +3 ms] Found plugin camera at C:\Users\JORGE\Documents\GitHub\flutter-truvideo-enterprise\external-libs\camera\camera\
[   +3 ms] test 5: Observatory uri is not available
[        ] test 5: test harness socket server is running at port:51202
[        ] test 5: Starting flutter_tester process with command=[C:\Users\JORGE\Documents\flutter\flutter\bin\cache\artifacts\engine\windows-x64\flutter_tester.exe, --disable-observatory, --enable-checked-mode, --verify-entry-points, --enable-software-rendering, --skia-deterministic-rendering, --enable-dart-profiling, --non-interactive, --use-test-fonts, --packages=C:\Users\JORGE\Documents\GitHub\flutter-truvideo-enterprise\.dart_tool\package_config.json, C:\Users\JORGE\AppData\Local\Temp\flutter_tools.bbf6bc09\flutter_test_listener.f0907c87\listener.dart.dill], environment={FLUTTER_TEST: true, FONTCONFIG_FILE: C:\Users\JORGE\AppData\Local\Temp\flutter_tools.bbf6bc09\flutter_test_fonts.c939a558/fonts.conf, SERVER_PORT: 51202, APP_NAME: truvideo_enterprise, UNIT_TEST_ASSETS: C:\Users\JORGE\Documents\GitHub\flutter-truvideo-enterprise\build\unit_test_assets}
[        ] <- recompile file:///C:/Users/JORGE/AppData/Local/Temp/flutter_tools.bbf6bc09/flutter_test_listener.1bd53e66/listener.dart d18b7cee-cfcc-4a20-947b-e732d9f354ab
[        ] file:///C:/Users/JORGE/AppData/Local/Temp/flutter_tools.bbf6bc09/flutter_test_listener.1bd53e66/listener.dart
[        ] file:///C:/Users/JORGE/Documents/GitHub/flutter-truvideo-enterprise/.dart_tool/flutter_build/dart_plugin_registrant.dart
[        ] <- d18b7cee-cfcc-4a20-947b-e732d9f354ab

00:05 +25: C:\Users\JORGE\Documents\GitHub\flutter-truvideo-enterprise\test\device\device_test.dart: DeviceServiceImplTests .getInfo() Should return DeviceInfoModel if kIsWeb is true                 
00:05 +26: C:\Users\JORGE\Documents\GitHub\flutter-truvideo-enterprise\test\device\device_test.dart: DeviceServiceImplTests .getInfo() Should return DeviceInfoModel if kIsWeb is true                 [   +7 ms] test 5: Started flutter_tester process at pid 9664

00:05 +26: C:\Users\JORGE\Documents\GitHub\flutter-truvideo-enterprise\test\connectivity\connectivity_test.dart: ConnectivityServiceImplTests .onlineStream() Should listen stream                     
00:05 +27: C:\Users\JORGE\Documents\GitHub\flutter-truvideo-enterprise\test\connectivity\connectivity_test.dart: ConnectivityServiceImplTests .onlineStream() Should listen stream                     
00:06 +27 -1: C:\Users\JORGE\Documents\GitHub\flutter-truvideo-enterprise\test\device\device_test.dart: DeviceServiceImplTests .getInfo() Should return DeviceInfoModel if isIOS is true [E]           
  Expected: 'name'
    Actual: 'machine'
     Which: is different.
            Expected: name
              Actual: machine
                      ^
             Differ at offset 0
  
  package:test_api                                    expect
  package:flutter_test/src/widget_tester.dart 455:16  expect
  test\device\device_test.dart 169:15                 main.<fn>.<fn>.<fn>
  

00:06 +28 -1: C:\Users\JORGE\Documents\GitHub\flutter-truvideo-enterprise\test\connectivity\connectivity_test.dart: ConnectivityServiceImplTests .onlineStream() Should listen stream                  [ +101 ms] test 3: Test harness is no longer needed by test process
[        ] test 3: finished
[        ] test 3: cleaning up...
[        ] test 3: ensuring test device is terminated.
[        ] test 3: Terminating flutter_tester process
[        ] test 3: Shutting down test harness socket server
[        ] test 3: Test process is no longer needed by test harness
[  +16 ms] test 3: flutter_tester process at pid 228 exited with code=-1
[        ] test 3: deleting temporary directory
[   +5 ms] test 3: finished
[        ] test 8: starting test C:\Users\JORGE\Documents\GitHub\flutter-truvideo-enterprise\test\offline_enqueue_service\index_test.dart
[   +2 ms] Stopping scan for flutter_test_config.dart; found project root at C:\Users\JORGE\Documents\GitHub\flutter-truvideo-enterprise
[ +111 ms] test 4: connected to test device, now awaiting test result
[        ] test 4: Waiting for test harness or tests to finish
[  +69 ms] <- accept
[        ] <- reset
[        ] Compiling file:///C:/Users/JORGE/AppData/Local/Temp/flutter_tools.bbf6bc09/flutter_test_listener.1bd53e66/listener.dart took 415ms
[        ] Compiling file:///C:/Users/JORGE/AppData/Local/Temp/flutter_tools.bbf6bc09/flutter_test_listener.83c47e43/listener.dart
[        ] test 6: starting test device
[        ] test 6: awaiting connection to test device
[   +9 ms] Found plugin all_sensors2 at C:\Users\JORGE\Documents\flutter\flutter\.pub-cache\hosted\pub.dartlang.org\all_sensors2-1.0.1\
[   +2 ms] Found plugin battery_plus at C:\Users\JORGE\Documents\flutter\flutter\.pub-cache\hosted\pub.dartlang.org\battery_plus-2.1.3\
[        ] Found plugin battery_plus_linux at C:\Users\JORGE\Documents\flutter\flutter\.pub-cache\hosted\pub.dartlang.org\battery_plus_linux-1.1.1\
[        ] Found plugin battery_plus_macos at C:\Users\JORGE\Documents\flutter\flutter\.pub-cache\hosted\pub.dartlang.org\battery_plus_macos-1.1.1\
[        ] Found plugin battery_plus_web at C:\Users\JORGE\Documents\flutter\flutter\.pub-cache\hosted\pub.dartlang.org\battery_plus_web-1.1.0\
[        ] Found plugin battery_plus_windows at C:\Users\JORGE\Documents\flutter\flutter\.pub-cache\hosted\pub.dartlang.org\battery_plus_windows-1.1.0\
[        ] Found plugin biometric_storage at C:\Users\JORGE\Documents\flutter\flutter\.pub-cache\hosted\pub.dartlang.org\biometric_storage-4.1.1\
[   +5 ms] Found plugin connectivity_plus at C:\Users\JORGE\Documents\flutter\flutter\.pub-cache\hosted\pub.dartlang.org\connectivity_plus-2.3.0\
[        ] Found plugin connectivity_plus_linux at C:\Users\JORGE\Documents\flutter\flutter\.pub-cache\hosted\pub.dartlang.org\connectivity_plus_linux-1.3.0\
[        ] Found plugin connectivity_plus_macos at C:\Users\JORGE\Documents\flutter\flutter\.pub-cache\hosted\pub.dartlang.org\connectivity_plus_macos-1.2.2\
[        ] Found plugin connectivity_plus_web at C:\Users\JORGE\Documents\flutter\flutter\.pub-cache\hosted\pub.dartlang.org\connectivity_plus_web-1.2.0\
[        ] Found plugin connectivity_plus_windows at C:\Users\JORGE\Documents\flutter\flutter\.pub-cache\hosted\pub.dartlang.org\connectivity_plus_windows-1.2.0\
[   +2 ms] Found plugin device_info_plus at C:\Users\JORGE\Documents\flutter\flutter\.pub-cache\hosted\pub.dartlang.org\device_info_plus-3.2.3\
[        ] Found plugin device_info_plus_linux at C:\Users\JORGE\Documents\flutter\flutter\.pub-cache\hosted\pub.dartlang.org\device_info_plus_linux-2.1.1\
[   +1 ms] Found plugin device_info_plus_macos at C:\Users\JORGE\Documents\flutter\flutter\.pub-cache\hosted\pub.dartlang.org\device_info_plus_macos-2.2.3\
[   +1 ms] Found plugin device_info_plus_web at C:\Users\JORGE\Documents\flutter\flutter\.pub-cache\hosted\pub.dartlang.org\device_info_plus_web-2.1.0\
[        ] Found plugin device_info_plus_windows at C:\Users\JORGE\Documents\flutter\flutter\.pub-cache\hosted\pub.dartlang.org\device_info_plus_windows-2.1.1\
[        ] Found plugin disk_space at C:\Users\JORGE\Documents\flutter\flutter\.pub-cache\hosted\pub.dartlang.org\disk_space-0.2.1\
[   +1 ms] Found plugin external_storage_size at C:\Users\JORGE\Documents\flutter\flutter\.pub-cache\hosted\pub.dartlang.org\external_storage_size-0.0.3\
[   +1 ms] Found plugin firebase_analytics at C:\Users\JORGE\Documents\flutter\flutter\.pub-cache\hosted\pub.dartlang.org\firebase_analytics-9.1.7\
[        ] Found plugin firebase_analytics_web at C:\Users\JORGE\Documents\flutter\flutter\.pub-cache\hosted\pub.dartlang.org\firebase_analytics_web-0.4.0+13\
[        ] Found plugin firebase_core at C:\Users\JORGE\Documents\flutter\flutter\.pub-cache\hosted\pub.dartlang.org\firebase_core-1.16.0\
[        ] Found plugin firebase_core_web at C:\Users\JORGE\Documents\flutter\flutter\.pub-cache\hosted\pub.dartlang.org\firebase_core_web-1.6.4\
[        ] Found plugin firebase_crashlytics at C:\Users\JORGE\Documents\flutter\flutter\.pub-cache\hosted\pub.dartlang.org\firebase_crashlytics-2.7.2\
[        ] Found plugin firebase_messaging at C:\Users\JORGE\Documents\flutter\flutter\.pub-cache\hosted\pub.dartlang.org\firebase_messaging-11.3.0\
[        ] Found plugin firebase_messaging_web at C:\Users\JORGE\Documents\flutter\flutter\.pub-cache\hosted\pub.dartlang.org\firebase_messaging_web-2.4.0\
[        ] Found plugin flutter_ffmpeg at C:\Users\JORGE\Documents\flutter\flutter\.pub-cache\hosted\pub.dartlang.org\flutter_ffmpeg-0.4.2\
[        ] Found plugin flutter_image_compress at C:\Users\JORGE\Documents\flutter\flutter\.pub-cache\hosted\pub.dartlang.org\flutter_image_compress-1.1.0\
[        ] Found plugin flutter_libphonenumber at C:\Users\JORGE\Documents\flutter\flutter\.pub-cache\hosted\pub.dartlang.org\flutter_libphonenumber-1.2.4\
[        ] Found plugin flutter_plugin_android_lifecycle at C:\Users\JORGE\Documents\flutter\flutter\.pub-cache\hosted\pub.dartlang.org\flutter_plugin_android_lifecycle-2.0.6\
[        ] Found plugin flutter_twilio at C:\Users\JORGE\Documents\flutter\flutter\.pub-cache\hosted\pub.dartlang.org\flutter_twilio-0.0.17\
[        ] Found plugin fluttertoast at C:\Users\JORGE\Documents\flutter\flutter\.pub-cache\hosted\pub.dartlang.org\fluttertoast-8.0.9\
[   +5 ms] Found plugin ios_physical_memory at C:\Users\JORGE\Documents\flutter\flutter\.pub-cache\hosted\pub.dartlang.org\ios_physical_memory-0.0.6\
[   +3 ms] Found plugin media_info at C:\Users\JORGE\Documents\flutter\flutter\.pub-cache\hosted\pub.dartlang.org\media_info-0.10.0\
[   +3 ms] Found plugin package_info_plus at C:\Users\JORGE\Documents\flutter\flutter\.pub-cache\hosted\pub.dartlang.org\package_info_plus-1.4.2\
[        ] Found plugin package_info_plus_linux at C:\Users\JORGE\Documents\flutter\flutter\.pub-cache\hosted\pub.dartlang.org\package_info_plus_linux-1.0.5\
[        ] Found plugin package_info_plus_macos at C:\Users\JORGE\Documents\flutter\flutter\.pub-cache\hosted\pub.dartlang.org\package_info_plus_macos-1.3.0\
[        ] Found plugin package_info_plus_web at C:\Users\JORGE\Documents\flutter\flutter\.pub-cache\hosted\pub.dartlang.org\package_info_plus_web-1.0.5\
[        ] Found plugin package_info_plus_windows at C:\Users\JORGE\Documents\flutter\flutter\.pub-cache\hosted\pub.dartlang.org\package_info_plus_windows-1.0.5\
[        ] Found plugin path_provider at C:\Users\JORGE\Documents\flutter\flutter\.pub-cache\hosted\pub.dartlang.org\path_provider-2.0.10\
[        ] Found plugin path_provider_android at C:\Users\JORGE\Documents\flutter\flutter\.pub-cache\hosted\pub.dartlang.org\path_provider_android-2.0.12\
[        ] Found plugin path_provider_ios at C:\Users\JORGE\Documents\flutter\flutter\.pub-cache\hosted\pub.dartlang.org\path_provider_ios-2.0.8\
[        ] Found plugin path_provider_linux at C:\Users\JORGE\Documents\flutter\flutter\.pub-cache\hosted\pub.dartlang.org\path_provider_linux-2.1.5\
[        ] Found plugin path_provider_macos at C:\Users\JORGE\Documents\flutter\flutter\.pub-cache\hosted\pub.dartlang.org\path_provider_macos-2.0.5\
[        ] Found plugin path_provider_windows at C:\Users\JORGE\Documents\flutter\flutter\.pub-cache\hosted\pub.dartlang.org\path_provider_windows-2.0.5\
[        ] Found plugin permission_handler at C:\Users\JORGE\Documents\flutter\flutter\.pub-cache\hosted\pub.dartlang.org\permission_handler-9.2.0\
[        ] Found plugin permission_handler_android at C:\Users\JORGE\Documents\flutter\flutter\.pub-cache\hosted\pub.dartlang.org\permission_handler_android-9.0.2+1\
[        ] Found plugin permission_handler_apple at C:\Users\JORGE\Documents\flutter\flutter\.pub-cache\hosted\pub.dartlang.org\permission_handler_apple-9.0.4\
[        ] Found plugin permission_handler_windows at C:\Users\JORGE\Documents\flutter\flutter\.pub-cache\hosted\pub.dartlang.org\permission_handler_windows-0.1.0\
[        ] Found plugin photo_manager at C:\Users\JORGE\Documents\flutter\flutter\.pub-cache\hosted\pub.dartlang.org\photo_manager-2.0.9\
[   +4 ms] Found plugin shared_preferences at C:\Users\JORGE\Documents\flutter\flutter\.pub-cache\hosted\pub.dartlang.org\shared_preferences-2.0.13\
[        ] Found plugin shared_preferences_android at C:\Users\JORGE\Documents\flutter\flutter\.pub-cache\hosted\pub.dartlang.org\shared_preferences_android-2.0.11\
[        ] Found plugin shared_preferences_ios at C:\Users\JORGE\Documents\flutter\flutter\.pub-cache\hosted\pub.dartlang.org\shared_preferences_ios-2.1.0\
[        ] Found plugin shared_preferences_linux at C:\Users\JORGE\Documents\flutter\flutter\.pub-cache\hosted\pub.dartlang.org\shared_preferences_linux-2.1.0\
[        ] Found plugin shared_preferences_macos at C:\Users\JORGE\Documents\flutter\flutter\.pub-cache\hosted\pub.dartlang.org\shared_preferences_macos-2.0.3\
[   +1 ms] Found plugin shared_preferences_web at C:\Users\JORGE\Documents\flutter\flutter\.pub-cache\hosted\pub.dartlang.org\shared_preferences_web-2.0.3\
[        ] Found plugin shared_preferences_windows at C:\Users\JORGE\Documents\flutter\flutter\.pub-cache\hosted\pub.dartlang.org\shared_preferences_windows-2.1.0\
[   +1 ms] Found plugin simple_s3 at C:\Users\JORGE\Documents\flutter\flutter\.pub-cache\hosted\pub.dartlang.org\simple_s3-0.3.2\
[        ] Found plugin smart_auth at C:\Users\JORGE\Documents\flutter\flutter\.pub-cache\hosted\pub.dartlang.org\smart_auth-1.0.5\
[   +6 ms] Found plugin video_player at C:\Users\JORGE\Documents\flutter\flutter\.pub-cache\hosted\pub.dartlang.org\video_player-2.4.2\
[        ] Found plugin video_player_android at C:\Users\JORGE\Documents\flutter\flutter\.pub-cache\hosted\pub.dartlang.org\video_player_android-2.3.4\
[        ] Found plugin video_player_avfoundation at C:\Users\JORGE\Documents\flutter\flutter\.pub-cache\hosted\pub.dartlang.org\video_player_avfoundation-2.3.4\
[   +1 ms] Found plugin video_player_web at C:\Users\JORGE\Documents\flutter\flutter\.pub-cache\hosted\pub.dartlang.org\video_player_web-2.0.10\
[        ] Found plugin video_thumbnail at C:\Users\JORGE\Documents\flutter\flutter\.pub-cache\hosted\pub.dartlang.org\video_thumbnail-0.5.0\
[   +1 ms] Found plugin wakelock at C:\Users\JORGE\Documents\flutter\flutter\.pub-cache\hosted\pub.dartlang.org\wakelock-0.6.1+2\
[        ] Found plugin wakelock_macos at C:\Users\JORGE\Documents\flutter\flutter\.pub-cache\hosted\pub.dartlang.org\wakelock_macos-0.4.0\
[   +1 ms] Found plugin wakelock_web at C:\Users\JORGE\Documents\flutter\flutter\.pub-cache\hosted\pub.dartlang.org\wakelock_web-0.4.0\
[   +5 ms] Found plugin camera at C:\Users\JORGE\Documents\GitHub\flutter-truvideo-enterprise\external-libs\camera\camera\
[   +4 ms] test 6: Observatory uri is not available
[        ] test 6: test harness socket server is running at port:51204
[        ] test 6: Starting flutter_tester process with command=[C:\Users\JORGE\Documents\flutter\flutter\bin\cache\artifacts\engine\windows-x64\flutter_tester.exe, --disable-observatory, --enable-checked-mode, --verify-entry-points, --enable-software-rendering, --skia-deterministic-rendering, --enable-dart-profiling, --non-interactive, --use-test-fonts, --packages=C:\Users\JORGE\Documents\GitHub\flutter-truvideo-enterprise\.dart_tool\package_config.json, C:\Users\JORGE\AppData\Local\Temp\flutter_tools.bbf6bc09\flutter_test_listener.1bd53e66\listener.dart.dill], environment={FLUTTER_TEST: true, FONTCONFIG_FILE: C:\Users\JORGE\AppData\Local\Temp\flutter_tools.bbf6bc09\flutter_test_fonts.c939a558/fonts.conf, SERVER_PORT: 51204, APP_NAME: truvideo_enterprise, UNIT_TEST_ASSETS: C:\Users\JORGE\Documents\GitHub\flutter-truvideo-enterprise\build\unit_test_assets}
[        ] <- recompile file:///C:/Users/JORGE/AppData/Local/Temp/flutter_tools.bbf6bc09/flutter_test_listener.83c47e43/listener.dart 7cc64ba7-40d8-46b3-b83b-e131efd2918f
[        ] file:///C:/Users/JORGE/AppData/Local/Temp/flutter_tools.bbf6bc09/flutter_test_listener.83c47e43/listener.dart
[        ] file:///C:/Users/JORGE/Documents/GitHub/flutter-truvideo-enterprise/.dart_tool/flutter_build/dart_plugin_registrant.dart
[        ] <- 7cc64ba7-40d8-46b3-b83b-e131efd2918f
[   +9 ms] test 6: Started flutter_tester process at pid 16604

00:06 +29 -1: C:\Users\JORGE\Documents\GitHub\flutter-truvideo-enterprise\test\connectivity\connectivity_test.dart: ConnectivityServiceImplTests .onlineStream() Should listen stream                  [   +5 ms] test 4: Test harness is no longer needed by test process
[        ] test 4: finished
[        ] test 4: cleaning up...
[        ] test 4: ensuring test device is terminated.
[        ] test 4: Terminating flutter_tester process
[        ] test 4: Shutting down test harness socket server
[        ] test 4: Test process is no longer needed by test harness
[        ] test 4: flutter_tester process at pid 5596 exited with code=-1
[        ] test 4: deleting temporary directory
[   +5 ms] test 4: finished
[   +1 ms] test 9: starting test C:\Users\JORGE\Documents\GitHub\flutter-truvideo-enterprise\test\phone_number\phone_number_test.dart
[   +5 ms] Stopping scan for flutter_test_config.dart; found project root at C:\Users\JORGE\Documents\GitHub\flutter-truvideo-enterprise
[  +74 ms] test 5: connected to test device, now awaiting test result
[        ] test 5: Waiting for test harness or tests to finish
[  +49 ms] killing pid 17584
[   +1 ms] test 7: cleaning up...
[        ] test 7: deleting temporary directory
[   +1 ms] test 7: waiting for controller sink to close

00:06 +29 -2: loading C:\Users\JORGE\Documents\GitHub\flutter-truvideo-enterprise\test\location\location_test.dart [E]                                                                                 
  Failed to load "C:\Users\JORGE\Documents\GitHub\flutter-truvideo-enterprise\test\location\location_test.dart": Compilation failed for testPath=C:\Users\JORGE\Documents\GitHub\flutter-truvideo-enterprise\test\location\location_test.dart
[   +5 ms] test 10: starting test C:\Users\JORGE\Documents\GitHub\flutter-truvideo-enterprise\test\repair_order\repair_order_test.dart
[   +2 ms] Stopping scan for flutter_test_config.dart; found project root at C:\Users\JORGE\Documents\GitHub\flutter-truvideo-enterprise

00:06 +29 -2: C:\Users\JORGE\Documents\GitHub\flutter-truvideo-enterprise\test\connectivity\connectivity_test.dart: ConnectivityServiceImplTests .onlineStream() Should listen stream                  [  +63 ms] Compiling file:///C:/Users/JORGE/AppData/Local/Temp/flutter_tools.bbf6bc09/flutter_test_listener.83c47e43/listener.dart took 479ms
[        ] Compiling file:///C:/Users/JORGE/AppData/Local/Temp/flutter_tools.bbf6bc09/flutter_test_listener.4dfffb1f/listener.dart
[   +9 ms] Found plugin all_sensors2 at C:\Users\JORGE\Documents\flutter\flutter\.pub-cache\hosted\pub.dartlang.org\all_sensors2-1.0.1\
[   +2 ms] Found plugin battery_plus at C:\Users\JORGE\Documents\flutter\flutter\.pub-cache\hosted\pub.dartlang.org\battery_plus-2.1.3\
[        ] Found plugin battery_plus_linux at C:\Users\JORGE\Documents\flutter\flutter\.pub-cache\hosted\pub.dartlang.org\battery_plus_linux-1.1.1\
[        ] Found plugin battery_plus_macos at C:\Users\JORGE\Documents\flutter\flutter\.pub-cache\hosted\pub.dartlang.org\battery_plus_macos-1.1.1\
[        ] Found plugin battery_plus_web at C:\Users\JORGE\Documents\flutter\flutter\.pub-cache\hosted\pub.dartlang.org\battery_plus_web-1.1.0\
[        ] Found plugin battery_plus_windows at C:\Users\JORGE\Documents\flutter\flutter\.pub-cache\hosted\pub.dartlang.org\battery_plus_windows-1.1.0\
[        ] Found plugin biometric_storage at C:\Users\JORGE\Documents\flutter\flutter\.pub-cache\hosted\pub.dartlang.org\biometric_storage-4.1.1\
[   +6 ms] Found plugin connectivity_plus at C:\Users\JORGE\Documents\flutter\flutter\.pub-cache\hosted\pub.dartlang.org\connectivity_plus-2.3.0\
[        ] Found plugin connectivity_plus_linux at C:\Users\JORGE\Documents\flutter\flutter\.pub-cache\hosted\pub.dartlang.org\connectivity_plus_linux-1.3.0\
[        ] Found plugin connectivity_plus_macos at C:\Users\JORGE\Documents\flutter\flutter\.pub-cache\hosted\pub.dartlang.org\connectivity_plus_macos-1.2.2\
[   +1 ms] Found plugin connectivity_plus_web at C:\Users\JORGE\Documents\flutter\flutter\.pub-cache\hosted\pub.dartlang.org\connectivity_plus_web-1.2.0\
[        ] Found plugin connectivity_plus_windows at C:\Users\JORGE\Documents\flutter\flutter\.pub-cache\hosted\pub.dartlang.org\connectivity_plus_windows-1.2.0\
[   +3 ms] Found plugin device_info_plus at C:\Users\JORGE\Documents\flutter\flutter\.pub-cache\hosted\pub.dartlang.org\device_info_plus-3.2.3\
[        ] Found plugin device_info_plus_linux at C:\Users\JORGE\Documents\flutter\flutter\.pub-cache\hosted\pub.dartlang.org\device_info_plus_linux-2.1.1\
[        ] Found plugin device_info_plus_macos at C:\Users\JORGE\Documents\flutter\flutter\.pub-cache\hosted\pub.dartlang.org\device_info_plus_macos-2.2.3\
[   +1 ms] Found plugin device_info_plus_web at C:\Users\JORGE\Documents\flutter\flutter\.pub-cache\hosted\pub.dartlang.org\device_info_plus_web-2.1.0\
[        ] Found plugin device_info_plus_windows at C:\Users\JORGE\Documents\flutter\flutter\.pub-cache\hosted\pub.dartlang.org\device_info_plus_windows-2.1.1\
[   +1 ms] Found plugin disk_space at C:\Users\JORGE\Documents\flutter\flutter\.pub-cache\hosted\pub.dartlang.org\disk_space-0.2.1\
[   +3 ms] Found plugin external_storage_size at C:\Users\JORGE\Documents\flutter\flutter\.pub-cache\hosted\pub.dartlang.org\external_storage_size-0.0.3\
[   +3 ms] Found plugin firebase_analytics at C:\Users\JORGE\Documents\flutter\flutter\.pub-cache\hosted\pub.dartlang.org\firebase_analytics-9.1.7\
[   +1 ms] Found plugin firebase_analytics_web at C:\Users\JORGE\Documents\flutter\flutter\.pub-cache\hosted\pub.dartlang.org\firebase_analytics_web-0.4.0+13\
[        ] Found plugin firebase_core at C:\Users\JORGE\Documents\flutter\flutter\.pub-cache\hosted\pub.dartlang.org\firebase_core-1.16.0\
[   +1 ms] Found plugin firebase_core_web at C:\Users\JORGE\Documents\flutter\flutter\.pub-cache\hosted\pub.dartlang.org\firebase_core_web-1.6.4\
[        ] Found plugin firebase_crashlytics at C:\Users\JORGE\Documents\flutter\flutter\.pub-cache\hosted\pub.dartlang.org\firebase_crashlytics-2.7.2\
[   +1 ms] Found plugin firebase_messaging at C:\Users\JORGE\Documents\flutter\flutter\.pub-cache\hosted\pub.dartlang.org\firebase_messaging-11.3.0\
[   +1 ms] Found plugin firebase_messaging_web at C:\Users\JORGE\Documents\flutter\flutter\.pub-cache\hosted\pub.dartlang.org\firebase_messaging_web-2.4.0\
[   +1 ms] Found plugin flutter_ffmpeg at C:\Users\JORGE\Documents\flutter\flutter\.pub-cache\hosted\pub.dartlang.org\flutter_ffmpeg-0.4.2\
[   +1 ms] Found plugin flutter_image_compress at C:\Users\JORGE\Documents\flutter\flutter\.pub-cache\hosted\pub.dartlang.org\flutter_image_compress-1.1.0\
[        ] Found plugin flutter_libphonenumber at C:\Users\JORGE\Documents\flutter\flutter\.pub-cache\hosted\pub.dartlang.org\flutter_libphonenumber-1.2.4\
[   +1 ms] Found plugin flutter_plugin_android_lifecycle at C:\Users\JORGE\Documents\flutter\flutter\.pub-cache\hosted\pub.dartlang.org\flutter_plugin_android_lifecycle-2.0.6\
[   +1 ms] Found plugin flutter_twilio at C:\Users\JORGE\Documents\flutter\flutter\.pub-cache\hosted\pub.dartlang.org\flutter_twilio-0.0.17\
[        ] Found plugin fluttertoast at C:\Users\JORGE\Documents\flutter\flutter\.pub-cache\hosted\pub.dartlang.org\fluttertoast-8.0.9\
[  +14 ms] Found plugin ios_physical_memory at C:\Users\JORGE\Documents\flutter\flutter\.pub-cache\hosted\pub.dartlang.org\ios_physical_memory-0.0.6\
[   +3 ms] Found plugin media_info at C:\Users\JORGE\Documents\flutter\flutter\.pub-cache\hosted\pub.dartlang.org\media_info-0.10.0\
[   +2 ms] Found plugin package_info_plus at C:\Users\JORGE\Documents\flutter\flutter\.pub-cache\hosted\pub.dartlang.org\package_info_plus-1.4.2\
[        ] Found plugin package_info_plus_linux at C:\Users\JORGE\Documents\flutter\flutter\.pub-cache\hosted\pub.dartlang.org\package_info_plus_linux-1.0.5\
[        ] Found plugin package_info_plus_macos at C:\Users\JORGE\Documents\flutter\flutter\.pub-cache\hosted\pub.dartlang.org\package_info_plus_macos-1.3.0\
[        ] Found plugin package_info_plus_web at C:\Users\JORGE\Documents\flutter\flutter\.pub-cache\hosted\pub.dartlang.org\package_info_plus_web-1.0.5\
[        ] Found plugin package_info_plus_windows at C:\Users\JORGE\Documents\flutter\flutter\.pub-cache\hosted\pub.dartlang.org\package_info_plus_windows-1.0.5\
[        ] Found plugin path_provider at C:\Users\JORGE\Documents\flutter\flutter\.pub-cache\hosted\pub.dartlang.org\path_provider-2.0.10\
[        ] Found plugin path_provider_android at C:\Users\JORGE\Documents\flutter\flutter\.pub-cache\hosted\pub.dartlang.org\path_provider_android-2.0.12\
[        ] Found plugin path_provider_ios at C:\Users\JORGE\Documents\flutter\flutter\.pub-cache\hosted\pub.dartlang.org\path_provider_ios-2.0.8\
[        ] Found plugin path_provider_linux at C:\Users\JORGE\Documents\flutter\flutter\.pub-cache\hosted\pub.dartlang.org\path_provider_linux-2.1.5\
[        ] Found plugin path_provider_macos at C:\Users\JORGE\Documents\flutter\flutter\.pub-cache\hosted\pub.dartlang.org\path_provider_macos-2.0.5\
[        ] Found plugin path_provider_windows at C:\Users\JORGE\Documents\flutter\flutter\.pub-cache\hosted\pub.dartlang.org\path_provider_windows-2.0.5\
[        ] Found plugin permission_handler at C:\Users\JORGE\Documents\flutter\flutter\.pub-cache\hosted\pub.dartlang.org\permission_handler-9.2.0\
[        ] Found plugin permission_handler_android at C:\Users\JORGE\Documents\flutter\flutter\.pub-cache\hosted\pub.dartlang.org\permission_handler_android-9.0.2+1\
[        ] Found plugin permission_handler_apple at C:\Users\JORGE\Documents\flutter\flutter\.pub-cache\hosted\pub.dartlang.org\permission_handler_apple-9.0.4\
[        ] Found plugin permission_handler_windows at C:\Users\JORGE\Documents\flutter\flutter\.pub-cache\hosted\pub.dartlang.org\permission_handler_windows-0.1.0\
[        ] Found plugin photo_manager at C:\Users\JORGE\Documents\flutter\flutter\.pub-cache\hosted\pub.dartlang.org\photo_manager-2.0.9\
[   +3 ms] Found plugin shared_preferences at C:\Users\JORGE\Documents\flutter\flutter\.pub-cache\hosted\pub.dartlang.org\shared_preferences-2.0.13\
[        ] Found plugin shared_preferences_android at C:\Users\JORGE\Documents\flutter\flutter\.pub-cache\hosted\pub.dartlang.org\shared_preferences_android-2.0.11\
[        ] Found plugin shared_preferences_ios at C:\Users\JORGE\Documents\flutter\flutter\.pub-cache\hosted\pub.dartlang.org\shared_preferences_ios-2.1.0\
[        ] Found plugin shared_preferences_linux at C:\Users\JORGE\Documents\flutter\flutter\.pub-cache\hosted\pub.dartlang.org\shared_preferences_linux-2.1.0\
[        ] Found plugin shared_preferences_macos at C:\Users\JORGE\Documents\flutter\flutter\.pub-cache\hosted\pub.dartlang.org\shared_preferences_macos-2.0.3\
[        ] Found plugin shared_preferences_web at C:\Users\JORGE\Documents\flutter\flutter\.pub-cache\hosted\pub.dartlang.org\shared_preferences_web-2.0.3\
[        ] Found plugin shared_preferences_windows at C:\Users\JORGE\Documents\flutter\flutter\.pub-cache\hosted\pub.dartlang.org\shared_preferences_windows-2.1.0\
[   +1 ms] Found plugin simple_s3 at C:\Users\JORGE\Documents\flutter\flutter\.pub-cache\hosted\pub.dartlang.org\simple_s3-0.3.2\
[        ] Found plugin smart_auth at C:\Users\JORGE\Documents\flutter\flutter\.pub-cache\hosted\pub.dartlang.org\smart_auth-1.0.5\
[   +4 ms] Found plugin video_player at C:\Users\JORGE\Documents\flutter\flutter\.pub-cache\hosted\pub.dartlang.org\video_player-2.4.2\
[        ] Found plugin video_player_android at C:\Users\JORGE\Documents\flutter\flutter\.pub-cache\hosted\pub.dartlang.org\video_player_android-2.3.4\
[        ] Found plugin video_player_avfoundation at C:\Users\JORGE\Documents\flutter\flutter\.pub-cache\hosted\pub.dartlang.org\video_player_avfoundation-2.3.4\
[        ] Found plugin video_player_web at C:\Users\JORGE\Documents\flutter\flutter\.pub-cache\hosted\pub.dartlang.org\video_player_web-2.0.10\
[        ] Found plugin video_thumbnail at C:\Users\JORGE\Documents\flutter\flutter\.pub-cache\hosted\pub.dartlang.org\video_thumbnail-0.5.0\
[        ] Found plugin wakelock at C:\Users\JORGE\Documents\flutter\flutter\.pub-cache\hosted\pub.dartlang.org\wakelock-0.6.1+2\
[        ] Found plugin wakelock_macos at C:\Users\JORGE\Documents\flutter\flutter\.pub-cache\hosted\pub.dartlang.org\wakelock_macos-0.4.0\
[   +1 ms] Found plugin wakelock_web at C:\Users\JORGE\Documents\flutter\flutter\.pub-cache\hosted\pub.dartlang.org\wakelock_web-0.4.0\
[   +5 ms] Found plugin camera at C:\Users\JORGE\Documents\GitHub\flutter-truvideo-enterprise\external-libs\camera\camera\
[   +4 ms] C:\Users\JORGE\Documents\flutter\flutter\bin\cache\dart-sdk\bin\dart.exe --disable-dart-dev C:\Users\JORGE\Documents\flutter\flutter\bin\cache\dart-sdk\bin\snapshots\frontend_server.dart.snapshot --sdk-root C:\Users\JORGE\Documents\flutter\flutter\bin\cache\artifacts\engine\common\flutter_patched_sdk/ --incremental --no-print-incremental-dependencies --target=flutter --debugger-module-names --experimental-emit-debug-metadata -DFLUTTER_WEB_AUTO_DETECT=true --output-dill C:\Users\JORGE\AppData\Local\Temp\flutter_tools.bbf6bc09\flutter_test_compiler.1a723434\output.dill --packages C:\Users\JORGE\Documents\GitHub\flutter-truvideo-enterprise\.dart_tool\package_config.json -Ddart.vm.profile=false -Ddart.vm.product=false --enable-asserts --track-widget-creation --initialize-from-dill C:\Users\JORGE\Documents\GitHub\flutter-truvideo-enterprise\build\test_cache\build\c075001b96339384a97db4862b8ab8db.cache.dill.track.dill --source C:\Users\JORGE\Documents\GitHub\flutter-truvideo-enterprise\.dart_tool\flutter_build\dart_plugin_registrant.dart --source package:flutter/src/dart_plugin_registrant.dart -Dflutter.dart_plugin_registrant=file:///C:/Users/JORGE/Documents/GitHub/flutter-truvideo-enterprise/.dart_tool/flutter_build/dart_plugin_registrant.dart

00:06 +30 -2: C:\Users\JORGE\Documents\GitHub\flutter-truvideo-enterprise\test\connectivity\connectivity_test.dart: ConnectivityServiceImplTests .onlineStream() Should listen stream                  [  +12 ms] <- compile file:///C:/Users/JORGE/AppData/Local/Temp/flutter_tools.bbf6bc09/flutter_test_listener.4dfffb1f/listener.dart

00:06 +31 -2: C:\Users\JORGE\Documents\GitHub\flutter-truvideo-enterprise\test\connectivity\connectivity_test.dart: ConnectivityServiceImplTests .onlineStream() Should listen stream                  
00:06 +32 -2: C:\Users\JORGE\Documents\GitHub\flutter-truvideo-enterprise\test\connectivity\connectivity_test.dart: ConnectivityServiceImplTests .onlineStream() Should listen stream                  
00:06 +33 -2: C:\Users\JORGE\Documents\GitHub\flutter-truvideo-enterprise\test\connectivity\connectivity_test.dart: ConnectivityServiceImplTests .onlineStream() Should listen stream                  
00:06 +34 -2: C:\Users\JORGE\Documents\GitHub\flutter-truvideo-enterprise\test\connectivity\connectivity_test.dart: ConnectivityServiceImplTests .onlineStream() Should listen stream                  [  +43 ms] test 5: Test harness is no longer needed by test process
[        ] test 5: finished
[        ] test 5: cleaning up...
[        ] test 5: ensuring test device is terminated.
[        ] test 5: Terminating flutter_tester process
[        ] test 5: Shutting down test harness socket server
[        ] test 5: Test process is no longer needed by test harness
[  +14 ms] test 5: flutter_tester process at pid 9664 exited with code=-1
[        ] test 5: deleting temporary directory
[   +5 ms] test 5: finished
[        ] test 11: starting test C:\Users\JORGE\Documents\GitHub\flutter-truvideo-enterprise\test\service\auth\auth_test.dart
[   +3 ms] Stopping scan for flutter_test_config.dart; found project root at C:\Users\JORGE\Documents\GitHub\flutter-truvideo-enterprise

00:06 +35 -2: C:\Users\JORGE\Documents\GitHub\flutter-truvideo-enterprise\test\connectivity\connectivity_test.dart: ConnectivityServiceImplTests .onlineStream() Should listen stream                  
00:06 +35 -2: C:\Users\JORGE\Documents\GitHub\flutter-truvideo-enterprise\test\connectivity\connectivity_test.dart: ... .validateOnline() Should throw a exception if is offline                       
00:06 +36 -2: C:\Users\JORGE\Documents\GitHub\flutter-truvideo-enterprise\test\connectivity\connectivity_test.dart: ... .validateOnline() Should throw a exception if is offline                       [  +37 ms] test 1: Test harness is no longer needed by test process
[        ] test 1: finished
[        ] test 1: cleaning up...
[        ] test 1: ensuring test device is terminated.
[        ] test 1: Terminating flutter_tester process
[        ] test 1: Shutting down test harness socket server
[        ] test 1: Test process is no longer needed by test harness
[  +15 ms] test 1: flutter_tester process at pid 11000 exited with code=-1
[        ] test 1: deleting temporary directory
[   +6 ms] test 1: finished
[   +1 ms] test 12: starting test C:\Users\JORGE\Documents\GitHub\flutter-truvideo-enterprise\test\settings\camera_quality_test.dart
[   +2 ms] Stopping scan for flutter_test_config.dart; found project root at C:\Users\JORGE\Documents\GitHub\flutter-truvideo-enterprise
[  +27 ms] test 6: connected to test device, now awaiting test result
[        ] test 6: Waiting for test harness or tests to finish

00:07 +36 -2: C:\Users\JORGE\Documents\GitHub\flutter-truvideo-enterprise\test\connectivity\connectivity_test.dart: ... .validateOnline() Should throw a exception if is offline                       
00:07 +36 -2: loading C:\Users\JORGE\Documents\GitHub\flutter-truvideo-enterprise\test\local\local_test.dart                                                                                           
00:07 +36 -2: C:\Users\JORGE\Documents\GitHub\flutter-truvideo-enterprise\test\local\local_test.dart: LocalServiceImplTests Should be initialized                                                      
00:07 +37 -2: C:\Users\JORGE\Documents\GitHub\flutter-truvideo-enterprise\test\local\local_test.dart: LocalServiceImplTests Should be initialized                                                      
00:07 +37 -2: C:\Users\JORGE\Documents\GitHub\flutter-truvideo-enterprise\test\local\local_test.dart: LocalServiceImplTests .delete() Check that remove is called                                      
00:07 +38 -2: C:\Users\JORGE\Documents\GitHub\flutter-truvideo-enterprise\test\local\local_test.dart: LocalServiceImplTests .delete() Check that remove is called                                      
00:07 +38 -2: C:\Users\JORGE\Documents\GitHub\flutter-truvideo-enterprise\test\local\local_test.dart: LocalServiceImplTests .readBool() Should return a bool                                           
00:07 +39 -2: C:\Users\JORGE\Documents\GitHub\flutter-truvideo-enterprise\test\local\local_test.dart: LocalServiceImplTests .readBool() Should return a bool                                           
00:07 +39 -2: C:\Users\JORGE\Documents\GitHub\flutter-truvideo-enterprise\test\local\local_test.dart: LocalServiceImplTests .storeBool() Check that setBool is called                                  
00:07 +40 -2: C:\Users\JORGE\Documents\GitHub\flutter-truvideo-enterprise\test\local\local_test.dart: LocalServiceImplTests .storeBool() Check that setBool is called                                  
00:07 +40 -2: C:\Users\JORGE\Documents\GitHub\flutter-truvideo-enterprise\test\local\local_test.dart: LocalServiceImplTests .readString() Should return a String                                       
00:07 +41 -2: C:\Users\JORGE\Documents\GitHub\flutter-truvideo-enterprise\test\local\local_test.dart: LocalServiceImplTests .readString() Should return a String                                       
00:07 +41 -2: C:\Users\JORGE\Documents\GitHub\flutter-truvideo-enterprise\test\local\local_test.dart: LocalServiceImplTests .storeString() Check that setString is called                              
00:07 +42 -2: C:\Users\JORGE\Documents\GitHub\flutter-truvideo-enterprise\test\local\local_test.dart: LocalServiceImplTests .storeString() Check that setString is called                              
00:07 +42 -2: C:\Users\JORGE\Documents\GitHub\flutter-truvideo-enterprise\test\local\local_test.dart: LocalServiceImplTests .streamBool() Should return a Bool when accesing the value                 
00:08 +42 -2: C:\Users\JORGE\Documents\GitHub\flutter-truvideo-enterprise\test\local\local_test.dart: LocalServiceImplTests .streamBool() Should return a Bool when accesing the value                 
00:08 +43 -2: C:\Users\JORGE\Documents\GitHub\flutter-truvideo-enterprise\test\local\local_test.dart: LocalServiceImplTests .streamBool() Should return a Bool when accesing the value                 
00:08 +43 -2: C:\Users\JORGE\Documents\GitHub\flutter-truvideo-enterprise\test\local\local_test.dart: LocalServiceImplTests .streamString() Should return a String when accesing the value             
00:09 +43 -2: C:\Users\JORGE\Documents\GitHub\flutter-truvideo-enterprise\test\local\local_test.dart: LocalServiceImplTests .streamString() Should return a String when accesing the value             [+2043 ms] <- accept
[        ] <- reset
[        ] Compiling file:///C:/Users/JORGE/AppData/Local/Temp/flutter_tools.bbf6bc09/flutter_test_listener.4dfffb1f/listener.dart took 2327ms
[        ] Compiling file:///C:/Users/JORGE/AppData/Local/Temp/flutter_tools.bbf6bc09/flutter_test_listener.13aae265/listener.dart
[        ] test 8: starting test device
[        ] test 8: awaiting connection to test device
[  +11 ms] Found plugin all_sensors2 at C:\Users\JORGE\Documents\flutter\flutter\.pub-cache\hosted\pub.dartlang.org\all_sensors2-1.0.1\
[   +3 ms] Found plugin battery_plus at C:\Users\JORGE\Documents\flutter\flutter\.pub-cache\hosted\pub.dartlang.org\battery_plus-2.1.3\
[        ] Found plugin battery_plus_linux at C:\Users\JORGE\Documents\flutter\flutter\.pub-cache\hosted\pub.dartlang.org\battery_plus_linux-1.1.1\
[        ] Found plugin battery_plus_macos at C:\Users\JORGE\Documents\flutter\flutter\.pub-cache\hosted\pub.dartlang.org\battery_plus_macos-1.1.1\
[   +1 ms] Found plugin battery_plus_web at C:\Users\JORGE\Documents\flutter\flutter\.pub-cache\hosted\pub.dartlang.org\battery_plus_web-1.1.0\
[        ] Found plugin battery_plus_windows at C:\Users\JORGE\Documents\flutter\flutter\.pub-cache\hosted\pub.dartlang.org\battery_plus_windows-1.1.0\
[        ] Found plugin biometric_storage at C:\Users\JORGE\Documents\flutter\flutter\.pub-cache\hosted\pub.dartlang.org\biometric_storage-4.1.1\
[   +8 ms] Found plugin connectivity_plus at C:\Users\JORGE\Documents\flutter\flutter\.pub-cache\hosted\pub.dartlang.org\connectivity_plus-2.3.0\
[        ] Found plugin connectivity_plus_linux at C:\Users\JORGE\Documents\flutter\flutter\.pub-cache\hosted\pub.dartlang.org\connectivity_plus_linux-1.3.0\
[   +1 ms] Found plugin connectivity_plus_macos at C:\Users\JORGE\Documents\flutter\flutter\.pub-cache\hosted\pub.dartlang.org\connectivity_plus_macos-1.2.2\
[   +1 ms] Found plugin connectivity_plus_web at C:\Users\JORGE\Documents\flutter\flutter\.pub-cache\hosted\pub.dartlang.org\connectivity_plus_web-1.2.0\
[        ] Found plugin connectivity_plus_windows at C:\Users\JORGE\Documents\flutter\flutter\.pub-cache\hosted\pub.dartlang.org\connectivity_plus_windows-1.2.0\
[   +3 ms] Found plugin device_info_plus at C:\Users\JORGE\Documents\flutter\flutter\.pub-cache\hosted\pub.dartlang.org\device_info_plus-3.2.3\
[        ] Found plugin device_info_plus_linux at C:\Users\JORGE\Documents\flutter\flutter\.pub-cache\hosted\pub.dartlang.org\device_info_plus_linux-2.1.1\
[        ] Found plugin device_info_plus_macos at C:\Users\JORGE\Documents\flutter\flutter\.pub-cache\hosted\pub.dartlang.org\device_info_plus_macos-2.2.3\
[        ] Found plugin device_info_plus_web at C:\Users\JORGE\Documents\flutter\flutter\.pub-cache\hosted\pub.dartlang.org\device_info_plus_web-2.1.0\
[        ] Found plugin device_info_plus_windows at C:\Users\JORGE\Documents\flutter\flutter\.pub-cache\hosted\pub.dartlang.org\device_info_plus_windows-2.1.1\
[        ] Found plugin disk_space at C:\Users\JORGE\Documents\flutter\flutter\.pub-cache\hosted\pub.dartlang.org\disk_space-0.2.1\
[   +1 ms] Found plugin external_storage_size at C:\Users\JORGE\Documents\flutter\flutter\.pub-cache\hosted\pub.dartlang.org\external_storage_size-0.0.3\
[   +2 ms] Found plugin firebase_analytics at C:\Users\JORGE\Documents\flutter\flutter\.pub-cache\hosted\pub.dartlang.org\firebase_analytics-9.1.7\
[   +1 ms] Found plugin firebase_analytics_web at C:\Users\JORGE\Documents\flutter\flutter\.pub-cache\hosted\pub.dartlang.org\firebase_analytics_web-0.4.0+13\
[        ] Found plugin firebase_core at C:\Users\JORGE\Documents\flutter\flutter\.pub-cache\hosted\pub.dartlang.org\firebase_core-1.16.0\
[   +1 ms] Found plugin firebase_core_web at C:\Users\JORGE\Documents\flutter\flutter\.pub-cache\hosted\pub.dartlang.org\firebase_core_web-1.6.4\
[        ] Found plugin firebase_crashlytics at C:\Users\JORGE\Documents\flutter\flutter\.pub-cache\hosted\pub.dartlang.org\firebase_crashlytics-2.7.2\
[   +1 ms] Found plugin firebase_messaging at C:\Users\JORGE\Documents\flutter\flutter\.pub-cache\hosted\pub.dartlang.org\firebase_messaging-11.3.0\
[   +1 ms] Found plugin firebase_messaging_web at C:\Users\JORGE\Documents\flutter\flutter\.pub-cache\hosted\pub.dartlang.org\firebase_messaging_web-2.4.0\
[   +1 ms] Found plugin flutter_ffmpeg at C:\Users\JORGE\Documents\flutter\flutter\.pub-cache\hosted\pub.dartlang.org\flutter_ffmpeg-0.4.2\
[   +1 ms] Found plugin flutter_image_compress at C:\Users\JORGE\Documents\flutter\flutter\.pub-cache\hosted\pub.dartlang.org\flutter_image_compress-1.1.0\
[        ] Found plugin flutter_libphonenumber at C:\Users\JORGE\Documents\flutter\flutter\.pub-cache\hosted\pub.dartlang.org\flutter_libphonenumber-1.2.4\
[   +1 ms] Found plugin flutter_plugin_android_lifecycle at C:\Users\JORGE\Documents\flutter\flutter\.pub-cache\hosted\pub.dartlang.org\flutter_plugin_android_lifecycle-2.0.6\
[   +1 ms] Found plugin flutter_twilio at C:\Users\JORGE\Documents\flutter\flutter\.pub-cache\hosted\pub.dartlang.org\flutter_twilio-0.0.17\
[        ] Found plugin fluttertoast at C:\Users\JORGE\Documents\flutter\flutter\.pub-cache\hosted\pub.dartlang.org\fluttertoast-8.0.9\
[   +9 ms] Found plugin ios_physical_memory at C:\Users\JORGE\Documents\flutter\flutter\.pub-cache\hosted\pub.dartlang.org\ios_physical_memory-0.0.6\
[   +3 ms] Found plugin media_info at C:\Users\JORGE\Documents\flutter\flutter\.pub-cache\hosted\pub.dartlang.org\media_info-0.10.0\
[   +2 ms] Found plugin package_info_plus at C:\Users\JORGE\Documents\flutter\flutter\.pub-cache\hosted\pub.dartlang.org\package_info_plus-1.4.2\
[   +1 ms] Found plugin package_info_plus_linux at C:\Users\JORGE\Documents\flutter\flutter\.pub-cache\hosted\pub.dartlang.org\package_info_plus_linux-1.0.5\
[   +1 ms] Found plugin package_info_plus_macos at C:\Users\JORGE\Documents\flutter\flutter\.pub-cache\hosted\pub.dartlang.org\package_info_plus_macos-1.3.0\
[   +1 ms] Found plugin package_info_plus_web at C:\Users\JORGE\Documents\flutter\flutter\.pub-cache\hosted\pub.dartlang.org\package_info_plus_web-1.0.5\
[        ] Found plugin package_info_plus_windows at C:\Users\JORGE\Documents\flutter\flutter\.pub-cache\hosted\pub.dartlang.org\package_info_plus_windows-1.0.5\
[   +1 ms] Found plugin path_provider at C:\Users\JORGE\Documents\flutter\flutter\.pub-cache\hosted\pub.dartlang.org\path_provider-2.0.10\
[        ] Found plugin path_provider_android at C:\Users\JORGE\Documents\flutter\flutter\.pub-cache\hosted\pub.dartlang.org\path_provider_android-2.0.12\
[        ] Found plugin path_provider_ios at C:\Users\JORGE\Documents\flutter\flutter\.pub-cache\hosted\pub.dartlang.org\path_provider_ios-2.0.8\
[        ] Found plugin path_provider_linux at C:\Users\JORGE\Documents\flutter\flutter\.pub-cache\hosted\pub.dartlang.org\path_provider_linux-2.1.5\
[        ] Found plugin path_provider_macos at C:\Users\JORGE\Documents\flutter\flutter\.pub-cache\hosted\pub.dartlang.org\path_provider_macos-2.0.5\
[   +1 ms] Found plugin path_provider_windows at C:\Users\JORGE\Documents\flutter\flutter\.pub-cache\hosted\pub.dartlang.org\path_provider_windows-2.0.5\
[        ] Found plugin permission_handler at C:\Users\JORGE\Documents\flutter\flutter\.pub-cache\hosted\pub.dartlang.org\permission_handler-9.2.0\
[        ] Found plugin permission_handler_android at C:\Users\JORGE\Documents\flutter\flutter\.pub-cache\hosted\pub.dartlang.org\permission_handler_android-9.0.2+1\
[        ] Found plugin permission_handler_apple at C:\Users\JORGE\Documents\flutter\flutter\.pub-cache\hosted\pub.dartlang.org\permission_handler_apple-9.0.4\
[        ] Found plugin permission_handler_windows at C:\Users\JORGE\Documents\flutter\flutter\.pub-cache\hosted\pub.dartlang.org\permission_handler_windows-0.1.0\
[   +1 ms] Found plugin photo_manager at C:\Users\JORGE\Documents\flutter\flutter\.pub-cache\hosted\pub.dartlang.org\photo_manager-2.0.9\
[   +5 ms] Found plugin shared_preferences at C:\Users\JORGE\Documents\flutter\flutter\.pub-cache\hosted\pub.dartlang.org\shared_preferences-2.0.13\
[        ] Found plugin shared_preferences_android at C:\Users\JORGE\Documents\flutter\flutter\.pub-cache\hosted\pub.dartlang.org\shared_preferences_android-2.0.11\
[        ] Found plugin shared_preferences_ios at C:\Users\JORGE\Documents\flutter\flutter\.pub-cache\hosted\pub.dartlang.org\shared_preferences_ios-2.1.0\
[        ] Found plugin shared_preferences_linux at C:\Users\JORGE\Documents\flutter\flutter\.pub-cache\hosted\pub.dartlang.org\shared_preferences_linux-2.1.0\
[        ] Found plugin shared_preferences_macos at C:\Users\JORGE\Documents\flutter\flutter\.pub-cache\hosted\pub.dartlang.org\shared_preferences_macos-2.0.3\
[        ] Found plugin shared_preferences_web at C:\Users\JORGE\Documents\flutter\flutter\.pub-cache\hosted\pub.dartlang.org\shared_preferences_web-2.0.3\
[        ] Found plugin shared_preferences_windows at C:\Users\JORGE\Documents\flutter\flutter\.pub-cache\hosted\pub.dartlang.org\shared_preferences_windows-2.1.0\
[   +1 ms] Found plugin simple_s3 at C:\Users\JORGE\Documents\flutter\flutter\.pub-cache\hosted\pub.dartlang.org\simple_s3-0.3.2\
[        ] Found plugin smart_auth at C:\Users\JORGE\Documents\flutter\flutter\.pub-cache\hosted\pub.dartlang.org\smart_auth-1.0.5\
[   +8 ms] Found plugin video_player at C:\Users\JORGE\Documents\flutter\flutter\.pub-cache\hosted\pub.dartlang.org\video_player-2.4.2\
[        ] Found plugin video_player_android at C:\Users\JORGE\Documents\flutter\flutter\.pub-cache\hosted\pub.dartlang.org\video_player_android-2.3.4\
[        ] Found plugin video_player_avfoundation at C:\Users\JORGE\Documents\flutter\flutter\.pub-cache\hosted\pub.dartlang.org\video_player_avfoundation-2.3.4\
[        ] Found plugin video_player_web at C:\Users\JORGE\Documents\flutter\flutter\.pub-cache\hosted\pub.dartlang.org\video_player_web-2.0.10\
[        ] Found plugin video_thumbnail at C:\Users\JORGE\Documents\flutter\flutter\.pub-cache\hosted\pub.dartlang.org\video_thumbnail-0.5.0\
[        ] Found plugin wakelock at C:\Users\JORGE\Documents\flutter\flutter\.pub-cache\hosted\pub.dartlang.org\wakelock-0.6.1+2\
[        ] Found plugin wakelock_macos at C:\Users\JORGE\Documents\flutter\flutter\.pub-cache\hosted\pub.dartlang.org\wakelock_macos-0.4.0\
[   +1 ms] Found plugin wakelock_web at C:\Users\JORGE\Documents\flutter\flutter\.pub-cache\hosted\pub.dartlang.org\wakelock_web-0.4.0\
[   +3 ms] Found plugin camera at C:\Users\JORGE\Documents\GitHub\flutter-truvideo-enterprise\external-libs\camera\camera\
[   +3 ms] test 8: Observatory uri is not available
[        ] test 8: test harness socket server is running at port:51209
[        ] test 8: Starting flutter_tester process with command=[C:\Users\JORGE\Documents\flutter\flutter\bin\cache\artifacts\engine\windows-x64\flutter_tester.exe, --disable-observatory, --enable-checked-mode, --verify-entry-points, --enable-software-rendering, --skia-deterministic-rendering, --enable-dart-profiling, --non-interactive, --use-test-fonts, --packages=C:\Users\JORGE\Documents\GitHub\flutter-truvideo-enterprise\.dart_tool\package_config.json, C:\Users\JORGE\AppData\Local\Temp\flutter_tools.bbf6bc09\flutter_test_listener.4dfffb1f\listener.dart.dill], environment={FLUTTER_TEST: true, FONTCONFIG_FILE: C:\Users\JORGE\AppData\Local\Temp\flutter_tools.bbf6bc09\flutter_test_fonts.c939a558/fonts.conf, SERVER_PORT: 51209, APP_NAME: truvideo_enterprise, UNIT_TEST_ASSETS: C:\Users\JORGE\Documents\GitHub\flutter-truvideo-enterprise\build\unit_test_assets}
[        ] <- recompile file:///C:/Users/JORGE/AppData/Local/Temp/flutter_tools.bbf6bc09/flutter_test_listener.13aae265/listener.dart 8b7c80f1-8377-460d-85b5-0a63781c4ba4
[        ] file:///C:/Users/JORGE/AppData/Local/Temp/flutter_tools.bbf6bc09/flutter_test_listener.13aae265/listener.dart
[        ] file:///C:/Users/JORGE/Documents/GitHub/flutter-truvideo-enterprise/.dart_tool/flutter_build/dart_plugin_registrant.dart
[        ] <- 8b7c80f1-8377-460d-85b5-0a63781c4ba4
[   +8 ms] test 8: Started flutter_tester process at pid 18260

00:09 +44 -2: C:\Users\JORGE\Documents\GitHub\flutter-truvideo-enterprise\test\local\local_test.dart: LocalServiceImplTests .streamString() Should return a String when accesing the value             [   +1 ms] test 6: Test harness is no longer needed by test process
[        ] test 6: finished
[        ] test 6: cleaning up...
[        ] test 6: ensuring test device is terminated.
[        ] test 6: Terminating flutter_tester process
[        ] test 6: Shutting down test harness socket server
[        ] test 6: Test process is no longer needed by test harness
[  +11 ms] test 6: flutter_tester process at pid 16604 exited with code=-1
[        ] test 6: deleting temporary directory
[   +4 ms] test 6: finished
[        ] test 13: starting test C:\Users\JORGE\Documents\GitHub\flutter-truvideo-enterprise\test\settings\font_size_test.dart
[   +1 ms] Stopping scan for flutter_test_config.dart; found project root at C:\Users\JORGE\Documents\GitHub\flutter-truvideo-enterprise
[ +370 ms] <- accept
[        ] <- reset
[        ] Compiling file:///C:/Users/JORGE/AppData/Local/Temp/flutter_tools.bbf6bc09/flutter_test_listener.13aae265/listener.dart took 523ms
[        ] Compiling file:///C:/Users/JORGE/AppData/Local/Temp/flutter_tools.bbf6bc09/flutter_test_listener.da12e5bb/listener.dart
[        ] test 9: starting test device
[        ] test 9: awaiting connection to test device
[   +8 ms] Found plugin all_sensors2 at C:\Users\JORGE\Documents\flutter\flutter\.pub-cache\hosted\pub.dartlang.org\all_sensors2-1.0.1\
[   +2 ms] Found plugin battery_plus at C:\Users\JORGE\Documents\flutter\flutter\.pub-cache\hosted\pub.dartlang.org\battery_plus-2.1.3\
[        ] Found plugin battery_plus_linux at C:\Users\JORGE\Documents\flutter\flutter\.pub-cache\hosted\pub.dartlang.org\battery_plus_linux-1.1.1\
[        ] Found plugin battery_plus_macos at C:\Users\JORGE\Documents\flutter\flutter\.pub-cache\hosted\pub.dartlang.org\battery_plus_macos-1.1.1\
[        ] Found plugin battery_plus_web at C:\Users\JORGE\Documents\flutter\flutter\.pub-cache\hosted\pub.dartlang.org\battery_plus_web-1.1.0\
[        ] Found plugin battery_plus_windows at C:\Users\JORGE\Documents\flutter\flutter\.pub-cache\hosted\pub.dartlang.org\battery_plus_windows-1.1.0\
[        ] Found plugin biometric_storage at C:\Users\JORGE\Documents\flutter\flutter\.pub-cache\hosted\pub.dartlang.org\biometric_storage-4.1.1\
[   +5 ms] Found plugin connectivity_plus at C:\Users\JORGE\Documents\flutter\flutter\.pub-cache\hosted\pub.dartlang.org\connectivity_plus-2.3.0\
[        ] Found plugin connectivity_plus_linux at C:\Users\JORGE\Documents\flutter\flutter\.pub-cache\hosted\pub.dartlang.org\connectivity_plus_linux-1.3.0\
[        ] Found plugin connectivity_plus_macos at C:\Users\JORGE\Documents\flutter\flutter\.pub-cache\hosted\pub.dartlang.org\connectivity_plus_macos-1.2.2\
[        ] Found plugin connectivity_plus_web at C:\Users\JORGE\Documents\flutter\flutter\.pub-cache\hosted\pub.dartlang.org\connectivity_plus_web-1.2.0\
[        ] Found plugin connectivity_plus_windows at C:\Users\JORGE\Documents\flutter\flutter\.pub-cache\hosted\pub.dartlang.org\connectivity_plus_windows-1.2.0\
[   +2 ms] Found plugin device_info_plus at C:\Users\JORGE\Documents\flutter\flutter\.pub-cache\hosted\pub.dartlang.org\device_info_plus-3.2.3\
[        ] Found plugin device_info_plus_linux at C:\Users\JORGE\Documents\flutter\flutter\.pub-cache\hosted\pub.dartlang.org\device_info_plus_linux-2.1.1\
[        ] Found plugin device_info_plus_macos at C:\Users\JORGE\Documents\flutter\flutter\.pub-cache\hosted\pub.dartlang.org\device_info_plus_macos-2.2.3\
[        ] Found plugin device_info_plus_web at C:\Users\JORGE\Documents\flutter\flutter\.pub-cache\hosted\pub.dartlang.org\device_info_plus_web-2.1.0\
[        ] Found plugin device_info_plus_windows at C:\Users\JORGE\Documents\flutter\flutter\.pub-cache\hosted\pub.dartlang.org\device_info_plus_windows-2.1.1\
[        ] Found plugin disk_space at C:\Users\JORGE\Documents\flutter\flutter\.pub-cache\hosted\pub.dartlang.org\disk_space-0.2.1\
[   +1 ms] Found plugin external_storage_size at C:\Users\JORGE\Documents\flutter\flutter\.pub-cache\hosted\pub.dartlang.org\external_storage_size-0.0.3\
[   +1 ms] Found plugin firebase_analytics at C:\Users\JORGE\Documents\flutter\flutter\.pub-cache\hosted\pub.dartlang.org\firebase_analytics-9.1.7\
[   +1 ms] Found plugin firebase_analytics_web at C:\Users\JORGE\Documents\flutter\flutter\.pub-cache\hosted\pub.dartlang.org\firebase_analytics_web-0.4.0+13\
[        ] Found plugin firebase_core at C:\Users\JORGE\Documents\flutter\flutter\.pub-cache\hosted\pub.dartlang.org\firebase_core-1.16.0\
[   +1 ms] Found plugin firebase_core_web at C:\Users\JORGE\Documents\flutter\flutter\.pub-cache\hosted\pub.dartlang.org\firebase_core_web-1.6.4\
[        ] Found plugin firebase_crashlytics at C:\Users\JORGE\Documents\flutter\flutter\.pub-cache\hosted\pub.dartlang.org\firebase_crashlytics-2.7.2\
[        ] Found plugin firebase_messaging at C:\Users\JORGE\Documents\flutter\flutter\.pub-cache\hosted\pub.dartlang.org\firebase_messaging-11.3.0\
[        ] Found plugin firebase_messaging_web at C:\Users\JORGE\Documents\flutter\flutter\.pub-cache\hosted\pub.dartlang.org\firebase_messaging_web-2.4.0\
[   +1 ms] Found plugin flutter_ffmpeg at C:\Users\JORGE\Documents\flutter\flutter\.pub-cache\hosted\pub.dartlang.org\flutter_ffmpeg-0.4.2\
[   +1 ms] Found plugin flutter_image_compress at C:\Users\JORGE\Documents\flutter\flutter\.pub-cache\hosted\pub.dartlang.org\flutter_image_compress-1.1.0\
[        ] Found plugin flutter_libphonenumber at C:\Users\JORGE\Documents\flutter\flutter\.pub-cache\hosted\pub.dartlang.org\flutter_libphonenumber-1.2.4\
[        ] Found plugin flutter_plugin_android_lifecycle at C:\Users\JORGE\Documents\flutter\flutter\.pub-cache\hosted\pub.dartlang.org\flutter_plugin_android_lifecycle-2.0.6\
[        ] Found plugin flutter_twilio at C:\Users\JORGE\Documents\flutter\flutter\.pub-cache\hosted\pub.dartlang.org\flutter_twilio-0.0.17\
[        ] Found plugin fluttertoast at C:\Users\JORGE\Documents\flutter\flutter\.pub-cache\hosted\pub.dartlang.org\fluttertoast-8.0.9\
[   +5 ms] Found plugin ios_physical_memory at C:\Users\JORGE\Documents\flutter\flutter\.pub-cache\hosted\pub.dartlang.org\ios_physical_memory-0.0.6\
[   +2 ms] Found plugin media_info at C:\Users\JORGE\Documents\flutter\flutter\.pub-cache\hosted\pub.dartlang.org\media_info-0.10.0\
[   +2 ms] Found plugin package_info_plus at C:\Users\JORGE\Documents\flutter\flutter\.pub-cache\hosted\pub.dartlang.org\package_info_plus-1.4.2\
[        ] Found plugin package_info_plus_linux at C:\Users\JORGE\Documents\flutter\flutter\.pub-cache\hosted\pub.dartlang.org\package_info_plus_linux-1.0.5\
[        ] Found plugin package_info_plus_macos at C:\Users\JORGE\Documents\flutter\flutter\.pub-cache\hosted\pub.dartlang.org\package_info_plus_macos-1.3.0\
[        ] Found plugin package_info_plus_web at C:\Users\JORGE\Documents\flutter\flutter\.pub-cache\hosted\pub.dartlang.org\package_info_plus_web-1.0.5\
[        ] Found plugin package_info_plus_windows at C:\Users\JORGE\Documents\flutter\flutter\.pub-cache\hosted\pub.dartlang.org\package_info_plus_windows-1.0.5\
[        ] Found plugin path_provider at C:\Users\JORGE\Documents\flutter\flutter\.pub-cache\hosted\pub.dartlang.org\path_provider-2.0.10\
[        ] Found plugin path_provider_android at C:\Users\JORGE\Documents\flutter\flutter\.pub-cache\hosted\pub.dartlang.org\path_provider_android-2.0.12\
[        ] Found plugin path_provider_ios at C:\Users\JORGE\Documents\flutter\flutter\.pub-cache\hosted\pub.dartlang.org\path_provider_ios-2.0.8\
[        ] Found plugin path_provider_linux at C:\Users\JORGE\Documents\flutter\flutter\.pub-cache\hosted\pub.dartlang.org\path_provider_linux-2.1.5\
[        ] Found plugin path_provider_macos at C:\Users\JORGE\Documents\flutter\flutter\.pub-cache\hosted\pub.dartlang.org\path_provider_macos-2.0.5\
[        ] Found plugin path_provider_windows at C:\Users\JORGE\Documents\flutter\flutter\.pub-cache\hosted\pub.dartlang.org\path_provider_windows-2.0.5\
[        ] Found plugin permission_handler at C:\Users\JORGE\Documents\flutter\flutter\.pub-cache\hosted\pub.dartlang.org\permission_handler-9.2.0\
[        ] Found plugin permission_handler_android at C:\Users\JORGE\Documents\flutter\flutter\.pub-cache\hosted\pub.dartlang.org\permission_handler_android-9.0.2+1\
[        ] Found plugin permission_handler_apple at C:\Users\JORGE\Documents\flutter\flutter\.pub-cache\hosted\pub.dartlang.org\permission_handler_apple-9.0.4\
[   +1 ms] Found plugin permission_handler_windows at C:\Users\JORGE\Documents\flutter\flutter\.pub-cache\hosted\pub.dartlang.org\permission_handler_windows-0.1.0\
[        ] Found plugin photo_manager at C:\Users\JORGE\Documents\flutter\flutter\.pub-cache\hosted\pub.dartlang.org\photo_manager-2.0.9\
[   +3 ms] Found plugin shared_preferences at C:\Users\JORGE\Documents\flutter\flutter\.pub-cache\hosted\pub.dartlang.org\shared_preferences-2.0.13\
[        ] Found plugin shared_preferences_android at C:\Users\JORGE\Documents\flutter\flutter\.pub-cache\hosted\pub.dartlang.org\shared_preferences_android-2.0.11\
[        ] Found plugin shared_preferences_ios at C:\Users\JORGE\Documents\flutter\flutter\.pub-cache\hosted\pub.dartlang.org\shared_preferences_ios-2.1.0\
[        ] Found plugin shared_preferences_linux at C:\Users\JORGE\Documents\flutter\flutter\.pub-cache\hosted\pub.dartlang.org\shared_preferences_linux-2.1.0\
[        ] Found plugin shared_preferences_macos at C:\Users\JORGE\Documents\flutter\flutter\.pub-cache\hosted\pub.dartlang.org\shared_preferences_macos-2.0.3\
[        ] Found plugin shared_preferences_web at C:\Users\JORGE\Documents\flutter\flutter\.pub-cache\hosted\pub.dartlang.org\shared_preferences_web-2.0.3\
[        ] Found plugin shared_preferences_windows at C:\Users\JORGE\Documents\flutter\flutter\.pub-cache\hosted\pub.dartlang.org\shared_preferences_windows-2.1.0\
[   +2 ms] Found plugin simple_s3 at C:\Users\JORGE\Documents\flutter\flutter\.pub-cache\hosted\pub.dartlang.org\simple_s3-0.3.2\
[        ] Found plugin smart_auth at C:\Users\JORGE\Documents\flutter\flutter\.pub-cache\hosted\pub.dartlang.org\smart_auth-1.0.5\
[   +4 ms] Found plugin video_player at C:\Users\JORGE\Documents\flutter\flutter\.pub-cache\hosted\pub.dartlang.org\video_player-2.4.2\
[        ] Found plugin video_player_android at C:\Users\JORGE\Documents\flutter\flutter\.pub-cache\hosted\pub.dartlang.org\video_player_android-2.3.4\
[        ] Found plugin video_player_avfoundation at C:\Users\JORGE\Documents\flutter\flutter\.pub-cache\hosted\pub.dartlang.org\video_player_avfoundation-2.3.4\
[        ] Found plugin video_player_web at C:\Users\JORGE\Documents\flutter\flutter\.pub-cache\hosted\pub.dartlang.org\video_player_web-2.0.10\
[        ] Found plugin video_thumbnail at C:\Users\JORGE\Documents\flutter\flutter\.pub-cache\hosted\pub.dartlang.org\video_thumbnail-0.5.0\
[        ] Found plugin wakelock at C:\Users\JORGE\Documents\flutter\flutter\.pub-cache\hosted\pub.dartlang.org\wakelock-0.6.1+2\
[        ] Found plugin wakelock_macos at C:\Users\JORGE\Documents\flutter\flutter\.pub-cache\hosted\pub.dartlang.org\wakelock_macos-0.4.0\
[        ] Found plugin wakelock_web at C:\Users\JORGE\Documents\flutter\flutter\.pub-cache\hosted\pub.dartlang.org\wakelock_web-0.4.0\
[   +3 ms] Found plugin camera at C:\Users\JORGE\Documents\GitHub\flutter-truvideo-enterprise\external-libs\camera\camera\
[   +2 ms] test 9: Observatory uri is not available
[        ] test 9: test harness socket server is running at port:51210
[        ] test 9: Starting flutter_tester process with command=[C:\Users\JORGE\Documents\flutter\flutter\bin\cache\artifacts\engine\windows-x64\flutter_tester.exe, --disable-observatory, --enable-checked-mode, --verify-entry-points, --enable-software-rendering, --skia-deterministic-rendering, --enable-dart-profiling, --non-interactive, --use-test-fonts, --packages=C:\Users\JORGE\Documents\GitHub\flutter-truvideo-enterprise\.dart_tool\package_config.json, C:\Users\JORGE\AppData\Local\Temp\flutter_tools.bbf6bc09\flutter_test_listener.13aae265\listener.dart.dill], environment={FLUTTER_TEST: true, FONTCONFIG_FILE: C:\Users\JORGE\AppData\Local\Temp\flutter_tools.bbf6bc09\flutter_test_fonts.c939a558/fonts.conf, SERVER_PORT: 51210, APP_NAME: truvideo_enterprise, UNIT_TEST_ASSETS: C:\Users\JORGE\Documents\GitHub\flutter-truvideo-enterprise\build\unit_test_assets}
[        ] <- recompile file:///C:/Users/JORGE/AppData/Local/Temp/flutter_tools.bbf6bc09/flutter_test_listener.da12e5bb/listener.dart 487e652d-cc5b-4ef9-8d50-08340d097f10
[        ] file:///C:/Users/JORGE/AppData/Local/Temp/flutter_tools.bbf6bc09/flutter_test_listener.da12e5bb/listener.dart
[        ] file:///C:/Users/JORGE/Documents/GitHub/flutter-truvideo-enterprise/.dart_tool/flutter_build/dart_plugin_registrant.dart
[        ] <- 487e652d-cc5b-4ef9-8d50-08340d097f10
[   +7 ms] test 9: Started flutter_tester process at pid 19172
[  +98 ms] test 8: connected to test device, now awaiting test result
[        ] test 8: Waiting for test harness or tests to finish

00:09 +44 -2: loading C:\Users\JORGE\Documents\GitHub\flutter-truvideo-enterprise\test\offline_enqueue_service\index_test.dart                                                                         
00:09 +44 -2: C:\Users\JORGE\Documents\GitHub\flutter-truvideo-enterprise\test\offline_enqueue_service\index_test.dart: OfflineEnqueueServiceImpl Is initialized                                       
00:09 +45 -2: C:\Users\JORGE\Documents\GitHub\flutter-truvideo-enterprise\test\offline_enqueue_service\index_test.dart: OfflineEnqueueServiceImpl Is initialized                                       
00:09 +45 -2: C:\Users\JORGE\Documents\GitHub\flutter-truvideo-enterprise\test\offline_enqueue_service\index_test.dart: OfflineEnqueueServiceImpl .startService() verify if isOffline is called        
00:09 +46 -2: C:\Users\JORGE\Documents\GitHub\flutter-truvideo-enterprise\test\offline_enqueue_service\index_test.dart: OfflineEnqueueServiceImpl .startService() verify if isOffline is called        
00:09 +46 -2: C:\Users\JORGE\Documents\GitHub\flutter-truvideo-enterprise\test\offline_enqueue_service\index_test.dart: OfflineEnqueueServiceImpl .startService() verify if getAll is called           
00:10 +46 -3: C:\Users\JORGE\Documents\GitHub\flutter-truvideo-enterprise\test\offline_enqueue_service\index_test.dart: OfflineEnqueueServiceImpl .startService() verify if getAll is called [E]       
  Expected: <1>
    Actual: <2>
  Unexpected number of calls
  
  package:test_api                                    expect
  package:mockito/src/mock.dart 871:5                 VerificationResult.called
  test\offline_enqueue_service\index_test.dart 87:56  main.<fn>.<fn>.<fn>
  
[ +476 ms] test 9: connected to test device, now awaiting test result
[        ] test 9: Waiting for test harness or tests to finish
[  +86 ms] killing pid 13912
[        ] test 10: cleaning up...
[        ] test 10: deleting temporary directory
[   +1 ms] test 10: waiting for controller sink to close

00:10 +46 -4: loading C:\Users\JORGE\Documents\GitHub\flutter-truvideo-enterprise\test\repair_order\repair_order_test.dart [E]                                                                         
  Failed to load "C:\Users\JORGE\Documents\GitHub\flutter-truvideo-enterprise\test\repair_order\repair_order_test.dart": Compilation failed for testPath=C:\Users\JORGE\Documents\GitHub\flutter-truvideo-enterprise\test\repair_order\repair_order_test.dart
[   +1 ms] test 14: starting test C:\Users\JORGE\Documents\GitHub\flutter-truvideo-enterprise\test\settings\settings_test.dart
[   +2 ms] Stopping scan for flutter_test_config.dart; found project root at C:\Users\JORGE\Documents\GitHub\flutter-truvideo-enterprise

00:10 +46 -4: loading C:\Users\JORGE\Documents\GitHub\flutter-truvideo-enterprise\test\phone_number\phone_number_test.dart                                                                             
00:10 +46 -4: C:\Users\JORGE\Documents\GitHub\flutter-truvideo-enterprise\test\phone_number\phone_number_test.dart: PhoneNumberServiceImpltests Should be initialized                                  
00:10 +47 -4: C:\Users\JORGE\Documents\GitHub\flutter-truvideo-enterprise\test\phone_number\phone_number_test.dart: PhoneNumberServiceImpltests Should be initialized                                  
00:10 +47 -4: C:\Users\JORGE\Documents\GitHub\flutter-truvideo-enterprise\test\phone_number\phone_number_test.dart: ... .findCountryByIsoCode() Should return a PhoneNumberCountryModel if is web      
00:10 +48 -4: C:\Users\JORGE\Documents\GitHub\flutter-truvideo-enterprise\test\phone_number\phone_number_test.dart: ... .findCountryByIsoCode() Should return a PhoneNumberCountryModel if is web      
00:10 +48 -4: C:\Users\JORGE\Documents\GitHub\flutter-truvideo-enterprise\test\phone_number\phone_number_test.dart: ... Should return a PhoneNumberCountryModel if countries is empty                  [  +64 ms] Compiling file:///C:/Users/JORGE/AppData/Local/Temp/flutter_tools.bbf6bc09/flutter_test_listener.da12e5bb/listener.dart took 935ms
[        ] Compiling file:///C:/Users/JORGE/AppData/Local/Temp/flutter_tools.bbf6bc09/flutter_test_listener.4871ae5a/listener.dart
[   +9 ms] Found plugin all_sensors2 at C:\Users\JORGE\Documents\flutter\flutter\.pub-cache\hosted\pub.dartlang.org\all_sensors2-1.0.1\
[   +3 ms] Found plugin battery_plus at C:\Users\JORGE\Documents\flutter\flutter\.pub-cache\hosted\pub.dartlang.org\battery_plus-2.1.3\
[   +1 ms] Found plugin battery_plus_linux at C:\Users\JORGE\Documents\flutter\flutter\.pub-cache\hosted\pub.dartlang.org\battery_plus_linux-1.1.1\
[        ] Found plugin battery_plus_macos at C:\Users\JORGE\Documents\flutter\flutter\.pub-cache\hosted\pub.dartlang.org\battery_plus_macos-1.1.1\
[        ] Found plugin battery_plus_web at C:\Users\JORGE\Documents\flutter\flutter\.pub-cache\hosted\pub.dartlang.org\battery_plus_web-1.1.0\
[        ] Found plugin battery_plus_windows at C:\Users\JORGE\Documents\flutter\flutter\.pub-cache\hosted\pub.dartlang.org\battery_plus_windows-1.1.0\
[        ] Found plugin biometric_storage at C:\Users\JORGE\Documents\flutter\flutter\.pub-cache\hosted\pub.dartlang.org\biometric_storage-4.1.1\
[   +4 ms] Found plugin connectivity_plus at C:\Users\JORGE\Documents\flutter\flutter\.pub-cache\hosted\pub.dartlang.org\connectivity_plus-2.3.0\
[        ] Found plugin connectivity_plus_linux at C:\Users\JORGE\Documents\flutter\flutter\.pub-cache\hosted\pub.dartlang.org\connectivity_plus_linux-1.3.0\
[        ] Found plugin connectivity_plus_macos at C:\Users\JORGE\Documents\flutter\flutter\.pub-cache\hosted\pub.dartlang.org\connectivity_plus_macos-1.2.2\
[        ] Found plugin connectivity_plus_web at C:\Users\JORGE\Documents\flutter\flutter\.pub-cache\hosted\pub.dartlang.org\connectivity_plus_web-1.2.0\
[        ] Found plugin connectivity_plus_windows at C:\Users\JORGE\Documents\flutter\flutter\.pub-cache\hosted\pub.dartlang.org\connectivity_plus_windows-1.2.0\
[   +2 ms] Found plugin device_info_plus at C:\Users\JORGE\Documents\flutter\flutter\.pub-cache\hosted\pub.dartlang.org\device_info_plus-3.2.3\
[        ] Found plugin device_info_plus_linux at C:\Users\JORGE\Documents\flutter\flutter\.pub-cache\hosted\pub.dartlang.org\device_info_plus_linux-2.1.1\
[        ] Found plugin device_info_plus_macos at C:\Users\JORGE\Documents\flutter\flutter\.pub-cache\hosted\pub.dartlang.org\device_info_plus_macos-2.2.3\
[   +1 ms] Found plugin device_info_plus_web at C:\Users\JORGE\Documents\flutter\flutter\.pub-cache\hosted\pub.dartlang.org\device_info_plus_web-2.1.0\
[        ] Found plugin device_info_plus_windows at C:\Users\JORGE\Documents\flutter\flutter\.pub-cache\hosted\pub.dartlang.org\device_info_plus_windows-2.1.1\
[   +1 ms] Found plugin disk_space at C:\Users\JORGE\Documents\flutter\flutter\.pub-cache\hosted\pub.dartlang.org\disk_space-0.2.1\
[   +3 ms] Found plugin external_storage_size at C:\Users\JORGE\Documents\flutter\flutter\.pub-cache\hosted\pub.dartlang.org\external_storage_size-0.0.3\
[   +2 ms] Found plugin firebase_analytics at C:\Users\JORGE\Documents\flutter\flutter\.pub-cache\hosted\pub.dartlang.org\firebase_analytics-9.1.7\
[   +1 ms] Found plugin firebase_analytics_web at C:\Users\JORGE\Documents\flutter\flutter\.pub-cache\hosted\pub.dartlang.org\firebase_analytics_web-0.4.0+13\
[        ] Found plugin firebase_core at C:\Users\JORGE\Documents\flutter\flutter\.pub-cache\hosted\pub.dartlang.org\firebase_core-1.16.0\
[   +1 ms] Found plugin firebase_core_web at C:\Users\JORGE\Documents\flutter\flutter\.pub-cache\hosted\pub.dartlang.org\firebase_core_web-1.6.4\
[        ] Found plugin firebase_crashlytics at C:\Users\JORGE\Documents\flutter\flutter\.pub-cache\hosted\pub.dartlang.org\firebase_crashlytics-2.7.2\
[   +1 ms] Found plugin firebase_messaging at C:\Users\JORGE\Documents\flutter\flutter\.pub-cache\hosted\pub.dartlang.org\firebase_messaging-11.3.0\
[   +1 ms] Found plugin firebase_messaging_web at C:\Users\JORGE\Documents\flutter\flutter\.pub-cache\hosted\pub.dartlang.org\firebase_messaging_web-2.4.0\
[   +1 ms] Found plugin flutter_ffmpeg at C:\Users\JORGE\Documents\flutter\flutter\.pub-cache\hosted\pub.dartlang.org\flutter_ffmpeg-0.4.2\
[   +1 ms] Found plugin flutter_image_compress at C:\Users\JORGE\Documents\flutter\flutter\.pub-cache\hosted\pub.dartlang.org\flutter_image_compress-1.1.0\
[        ] Found plugin flutter_libphonenumber at C:\Users\JORGE\Documents\flutter\flutter\.pub-cache\hosted\pub.dartlang.org\flutter_libphonenumber-1.2.4\
[   +1 ms] Found plugin flutter_plugin_android_lifecycle at C:\Users\JORGE\Documents\flutter\flutter\.pub-cache\hosted\pub.dartlang.org\flutter_plugin_android_lifecycle-2.0.6\
[   +1 ms] Found plugin flutter_twilio at C:\Users\JORGE\Documents\flutter\flutter\.pub-cache\hosted\pub.dartlang.org\flutter_twilio-0.0.17\
[        ] Found plugin fluttertoast at C:\Users\JORGE\Documents\flutter\flutter\.pub-cache\hosted\pub.dartlang.org\fluttertoast-8.0.9\
[   +8 ms] Found plugin ios_physical_memory at C:\Users\JORGE\Documents\flutter\flutter\.pub-cache\hosted\pub.dartlang.org\ios_physical_memory-0.0.6\
[   +4 ms] Found plugin media_info at C:\Users\JORGE\Documents\flutter\flutter\.pub-cache\hosted\pub.dartlang.org\media_info-0.10.0\
[   +5 ms] Found plugin package_info_plus at C:\Users\JORGE\Documents\flutter\flutter\.pub-cache\hosted\pub.dartlang.org\package_info_plus-1.4.2\
[        ] Found plugin package_info_plus_linux at C:\Users\JORGE\Documents\flutter\flutter\.pub-cache\hosted\pub.dartlang.org\package_info_plus_linux-1.0.5\
[        ] Found plugin package_info_plus_macos at C:\Users\JORGE\Documents\flutter\flutter\.pub-cache\hosted\pub.dartlang.org\package_info_plus_macos-1.3.0\
[   +1 ms] Found plugin package_info_plus_web at C:\Users\JORGE\Documents\flutter\flutter\.pub-cache\hosted\pub.dartlang.org\package_info_plus_web-1.0.5\
[        ] Found plugin package_info_plus_windows at C:\Users\JORGE\Documents\flutter\flutter\.pub-cache\hosted\pub.dartlang.org\package_info_plus_windows-1.0.5\
[   +1 ms] Found plugin path_provider at C:\Users\JORGE\Documents\flutter\flutter\.pub-cache\hosted\pub.dartlang.org\path_provider-2.0.10\
[        ] Found plugin path_provider_android at C:\Users\JORGE\Documents\flutter\flutter\.pub-cache\hosted\pub.dartlang.org\path_provider_android-2.0.12\
[        ] Found plugin path_provider_ios at C:\Users\JORGE\Documents\flutter\flutter\.pub-cache\hosted\pub.dartlang.org\path_provider_ios-2.0.8\
[        ] Found plugin path_provider_linux at C:\Users\JORGE\Documents\flutter\flutter\.pub-cache\hosted\pub.dartlang.org\path_provider_linux-2.1.5\
[        ] Found plugin path_provider_macos at C:\Users\JORGE\Documents\flutter\flutter\.pub-cache\hosted\pub.dartlang.org\path_provider_macos-2.0.5\
[        ] Found plugin path_provider_windows at C:\Users\JORGE\Documents\flutter\flutter\.pub-cache\hosted\pub.dartlang.org\path_provider_windows-2.0.5\
[        ] Found plugin permission_handler at C:\Users\JORGE\Documents\flutter\flutter\.pub-cache\hosted\pub.dartlang.org\permission_handler-9.2.0\
[        ] Found plugin permission_handler_android at C:\Users\JORGE\Documents\flutter\flutter\.pub-cache\hosted\pub.dartlang.org\permission_handler_android-9.0.2+1\
[        ] Found plugin permission_handler_apple at C:\Users\JORGE\Documents\flutter\flutter\.pub-cache\hosted\pub.dartlang.org\permission_handler_apple-9.0.4\
[   +1 ms] Found plugin permission_handler_windows at C:\Users\JORGE\Documents\flutter\flutter\.pub-cache\hosted\pub.dartlang.org\permission_handler_windows-0.1.0\
[   +1 ms] Found plugin photo_manager at C:\Users\JORGE\Documents\flutter\flutter\.pub-cache\hosted\pub.dartlang.org\photo_manager-2.0.9\
[   +5 ms] Found plugin shared_preferences at C:\Users\JORGE\Documents\flutter\flutter\.pub-cache\hosted\pub.dartlang.org\shared_preferences-2.0.13\
[        ] Found plugin shared_preferences_android at C:\Users\JORGE\Documents\flutter\flutter\.pub-cache\hosted\pub.dartlang.org\shared_preferences_android-2.0.11\
[        ] Found plugin shared_preferences_ios at C:\Users\JORGE\Documents\flutter\flutter\.pub-cache\hosted\pub.dartlang.org\shared_preferences_ios-2.1.0\
[        ] Found plugin shared_preferences_linux at C:\Users\JORGE\Documents\flutter\flutter\.pub-cache\hosted\pub.dartlang.org\shared_preferences_linux-2.1.0\
[        ] Found plugin shared_preferences_macos at C:\Users\JORGE\Documents\flutter\flutter\.pub-cache\hosted\pub.dartlang.org\shared_preferences_macos-2.0.3\
[        ] Found plugin shared_preferences_web at C:\Users\JORGE\Documents\flutter\flutter\.pub-cache\hosted\pub.dartlang.org\shared_preferences_web-2.0.3\
[        ] Found plugin shared_preferences_windows at C:\Users\JORGE\Documents\flutter\flutter\.pub-cache\hosted\pub.dartlang.org\shared_preferences_windows-2.1.0\
[   +1 ms] Found plugin simple_s3 at C:\Users\JORGE\Documents\flutter\flutter\.pub-cache\hosted\pub.dartlang.org\simple_s3-0.3.2\
[   +1 ms] Found plugin smart_auth at C:\Users\JORGE\Documents\flutter\flutter\.pub-cache\hosted\pub.dartlang.org\smart_auth-1.0.5\
[  +10 ms] Found plugin video_player at C:\Users\JORGE\Documents\flutter\flutter\.pub-cache\hosted\pub.dartlang.org\video_player-2.4.2\
[        ] Found plugin video_player_android at C:\Users\JORGE\Documents\flutter\flutter\.pub-cache\hosted\pub.dartlang.org\video_player_android-2.3.4\
[        ] Found plugin video_player_avfoundation at C:\Users\JORGE\Documents\flutter\flutter\.pub-cache\hosted\pub.dartlang.org\video_player_avfoundation-2.3.4\
[   +1 ms] Found plugin video_player_web at C:\Users\JORGE\Documents\flutter\flutter\.pub-cache\hosted\pub.dartlang.org\video_player_web-2.0.10\
[        ] Found plugin video_thumbnail at C:\Users\JORGE\Documents\flutter\flutter\.pub-cache\hosted\pub.dartlang.org\video_thumbnail-0.5.0\
[   +2 ms] Found plugin wakelock at C:\Users\JORGE\Documents\flutter\flutter\.pub-cache\hosted\pub.dartlang.org\wakelock-0.6.1+2\
[   +1 ms] Found plugin wakelock_macos at C:\Users\JORGE\Documents\flutter\flutter\.pub-cache\hosted\pub.dartlang.org\wakelock_macos-0.4.0\
[   +1 ms] Found plugin wakelock_web at C:\Users\JORGE\Documents\flutter\flutter\.pub-cache\hosted\pub.dartlang.org\wakelock_web-0.4.0\
[   +7 ms] Found plugin camera at C:\Users\JORGE\Documents\GitHub\flutter-truvideo-enterprise\external-libs\camera\camera\
[   +4 ms] C:\Users\JORGE\Documents\flutter\flutter\bin\cache\dart-sdk\bin\dart.exe --disable-dart-dev C:\Users\JORGE\Documents\flutter\flutter\bin\cache\dart-sdk\bin\snapshots\frontend_server.dart.snapshot --sdk-root C:\Users\JORGE\Documents\flutter\flutter\bin\cache\artifacts\engine\common\flutter_patched_sdk/ --incremental --no-print-incremental-dependencies --target=flutter --debugger-module-names --experimental-emit-debug-metadata -DFLUTTER_WEB_AUTO_DETECT=true --output-dill C:\Users\JORGE\AppData\Local\Temp\flutter_tools.bbf6bc09\flutter_test_compiler.1a723434\output.dill --packages C:\Users\JORGE\Documents\GitHub\flutter-truvideo-enterprise\.dart_tool\package_config.json -Ddart.vm.profile=false -Ddart.vm.product=false --enable-asserts --track-widget-creation --initialize-from-dill C:\Users\JORGE\Documents\GitHub\flutter-truvideo-enterprise\build\test_cache\build\c075001b96339384a97db4862b8ab8db.cache.dill.track.dill --source C:\Users\JORGE\Documents\GitHub\flutter-truvideo-enterprise\.dart_tool\flutter_build\dart_plugin_registrant.dart --source package:flutter/src/dart_plugin_registrant.dart -Dflutter.dart_plugin_registrant=file:///C:/Users/JORGE/Documents/GitHub/flutter-truvideo-enterprise/.dart_tool/flutter_build/dart_plugin_registrant.dart

00:10 +49 -4: C:\Users\JORGE\Documents\GitHub\flutter-truvideo-enterprise\test\phone_number\phone_number_test.dart: ... Should return a PhoneNumberCountryModel if countries is empty                  [  +11 ms] <- compile file:///C:/Users/JORGE/AppData/Local/Temp/flutter_tools.bbf6bc09/flutter_test_listener.4871ae5a/listener.dart

00:10 +49 -4: C:\Users\JORGE\Documents\GitHub\flutter-truvideo-enterprise\test\phone_number\phone_number_test.dart: ... Should return a PhoneNumberCountryModel if countries is not empty              
00:10 +50 -4: C:\Users\JORGE\Documents\GitHub\flutter-truvideo-enterprise\test\phone_number\phone_number_test.dart: ... Should return a PhoneNumberCountryModel if countries is not empty              
00:10 +50 -4: C:\Users\JORGE\Documents\GitHub\flutter-truvideo-enterprise\test\phone_number\phone_number_test.dart: PhoneNumberServiceImpltests .parse() Should return a PhoneNumberModel if id web    
00:10 +51 -4: C:\Users\JORGE\Documents\GitHub\flutter-truvideo-enterprise\test\phone_number\phone_number_test.dart: PhoneNumberServiceImpltests .parse() Should return a PhoneNumberModel if id web    
00:10 +51 -4: C:\Users\JORGE\Documents\GitHub\flutter-truvideo-enterprise\test\phone_number\phone_number_test.dart: PhoneNumberServiceImpltests .parse() Should throw exception if number is empty     
00:10 +52 -4: C:\Users\JORGE\Documents\GitHub\flutter-truvideo-enterprise\test\phone_number\phone_number_test.dart: PhoneNumberServiceImpltests .parse() Should throw exception if number is empty     
00:10 +52 -4: C:\Users\JORGE\Documents\GitHub\flutter-truvideo-enterprise\test\phone_number\phone_number_test.dart: ... .parse() Should throw exception if number have a blank space                   
00:10 +53 -4: C:\Users\JORGE\Documents\GitHub\flutter-truvideo-enterprise\test\phone_number\phone_number_test.dart: ... .parse() Should throw exception if number have a blank space                   
00:10 +53 -4: C:\Users\JORGE\Documents\GitHub\flutter-truvideo-enterprise\test\phone_number\phone_number_test.dart: PhoneNumberServiceImpltests .parse() Should throw exception if countries is empty  
00:10 +54 -4: C:\Users\JORGE\Documents\GitHub\flutter-truvideo-enterprise\test\phone_number\phone_number_test.dart: PhoneNumberServiceImpltests .parse() Should throw exception if countries is empty  
00:10 +54 -4: C:\Users\JORGE\Documents\GitHub\flutter-truvideo-enterprise\test\phone_number\phone_number_test.dart: ... .parse() Should return a PhoneNumberModel if countries is not empty            
00:10 +55 -4: C:\Users\JORGE\Documents\GitHub\flutter-truvideo-enterprise\test\phone_number\phone_number_test.dart: ... .parse() Should return a PhoneNumberModel if countries is not empty            
00:10 +55 -4: C:\Users\JORGE\Documents\GitHub\flutter-truvideo-enterprise\test\phone_number\phone_number_test.dart: PhoneNumberServiceImpltests .getAllCountries() Should retrun a list empty if is web
00:10 +56 -4: C:\Users\JORGE\Documents\GitHub\flutter-truvideo-enterprise\test\phone_number\phone_number_test.dart: PhoneNumberServiceImpltests .getAllCountries() Should retrun a list empty if is web
00:10 +56 -4: C:\Users\JORGE\Documents\GitHub\flutter-truvideo-enterprise\test\phone_number\phone_number_test.dart: ... Should retrun a list of PhoneNumberCountryModel if is not web                  
00:10 +57 -4: C:\Users\JORGE\Documents\GitHub\flutter-truvideo-enterprise\test\phone_number\phone_number_test.dart: ... Should retrun a list of PhoneNumberCountryModel if is not web                  
00:10 +57 -4: C:\Users\JORGE\Documents\GitHub\flutter-truvideo-enterprise\test\phone_number\phone_number_test.dart: ... .findCurrentCountry() Should retrun a PhoneNumberCountryModel if is web        
00:10 +58 -4: C:\Users\JORGE\Documents\GitHub\flutter-truvideo-enterprise\test\phone_number\phone_number_test.dart: ... .findCurrentCountry() Should retrun a PhoneNumberCountryModel if is web        
00:10 +58 -4: C:\Users\JORGE\Documents\GitHub\flutter-truvideo-enterprise\test\phone_number\phone_number_test.dart: ... Should retrun a PhoneNumberCountryModel when country code is null              
00:10 +58 -5: C:\Users\JORGE\Documents\GitHub\flutter-truvideo-enterprise\test\phone_number\phone_number_test.dart: PhoneNumberServiceImpltests .findCurrentCountry() Should retrun a PhoneNumberCountryModel when country code is null [E]
  Binding has not yet been initialized.
  The "instance" getter on the WidgetsBinding binding mixin is only available once that binding has been initialized.
  Typically, this is done by calling "WidgetsFlutterBinding.ensureInitialized()" or "runApp()" (the latter calls the former). Typically this call is done in the "void main()" method. The "ensureInitialized" method is idempotent; calling it multiple times is not harmful. After calling that method, the "instance" getter will return the binding.
  In a test, one can call "TestWidgetsFlutterBinding.ensureInitialized()" as the first line in the test's "main()" method to initialize the binding.
  If WidgetsBinding is a custom binding mixin, there must also be a custom binding class, like WidgetsFlutterBinding, but that mixes in the selected binding, and that is the class that must be constructed before using the "instance" getter.
  package:flutter/src/foundation/binding.dart 281:9                  BindingBase.checkInstance.<fn>
  package:flutter/src/foundation/binding.dart 363:6                  BindingBase.checkInstance
  package:flutter/src/widgets/binding.dart 306:53                    WidgetsBinding.instance
  package:truvideo_enterprise/service/phone_number/index.dart 23:68  new PhoneNumberServiceImpl
  test\phone_number\phone_number_test.dart 468:27                    main.<fn>.<fn>.<fn>
  

00:10 +58 -5: C:\Users\JORGE\Documents\GitHub\flutter-truvideo-enterprise\test\phone_number\phone_number_test.dart: ... Should retrun a PhoneNumberCountryModel when have a country code               
00:10 +59 -5: C:\Users\JORGE\Documents\GitHub\flutter-truvideo-enterprise\test\phone_number\phone_number_test.dart: ... Should retrun a PhoneNumberCountryModel when have a country code               [ +131 ms] test 9: Test harness is no longer needed by test process
[        ] test 9: finished
[        ] test 9: cleaning up...
[        ] test 9: ensuring test device is terminated.
[        ] test 9: Terminating flutter_tester process
[        ] test 9: Shutting down test harness socket server
[        ] test 9: Test process is no longer needed by test harness
[  +15 ms] test 9: flutter_tester process at pid 19172 exited with code=-1
[        ] test 9: deleting temporary directory
[   +6 ms] test 9: finished
[   +1 ms] test 15: starting test C:\Users\JORGE\Documents\GitHub\flutter-truvideo-enterprise\test\support\support_test.dart
[   +2 ms] Stopping scan for flutter_test_config.dart; found project root at C:\Users\JORGE\Documents\GitHub\flutter-truvideo-enterprise

00:11 +59 -5: C:\Users\JORGE\Documents\GitHub\flutter-truvideo-enterprise\test\phone_number\phone_number_test.dart: ... Should retrun a PhoneNumberCountryModel when have a country code               
00:12 +59 -5: C:\Users\JORGE\Documents\GitHub\flutter-truvideo-enterprise\test\phone_number\phone_number_test.dart: ... Should retrun a PhoneNumberCountryModel when have a country code               
00:13 +59 -5: C:\Users\JORGE\Documents\GitHub\flutter-truvideo-enterprise\test\phone_number\phone_number_test.dart: ... Should retrun a PhoneNumberCountryModel when have a country code               [+2530 ms] <- accept
[        ] <- reset
[        ] Compiling file:///C:/Users/JORGE/AppData/Local/Temp/flutter_tools.bbf6bc09/flutter_test_listener.4871ae5a/listener.dart took 2826ms
[        ] Compiling file:///C:/Users/JORGE/AppData/Local/Temp/flutter_tools.bbf6bc09/flutter_test_listener.58cc0dfd/listener.dart
[        ] test 11: starting test device
[        ] test 11: awaiting connection to test device
[   +8 ms] Found plugin all_sensors2 at C:\Users\JORGE\Documents\flutter\flutter\.pub-cache\hosted\pub.dartlang.org\all_sensors2-1.0.1\
[   +1 ms] Found plugin battery_plus at C:\Users\JORGE\Documents\flutter\flutter\.pub-cache\hosted\pub.dartlang.org\battery_plus-2.1.3\
[        ] Found plugin battery_plus_linux at C:\Users\JORGE\Documents\flutter\flutter\.pub-cache\hosted\pub.dartlang.org\battery_plus_linux-1.1.1\
[        ] Found plugin battery_plus_macos at C:\Users\JORGE\Documents\flutter\flutter\.pub-cache\hosted\pub.dartlang.org\battery_plus_macos-1.1.1\
[        ] Found plugin battery_plus_web at C:\Users\JORGE\Documents\flutter\flutter\.pub-cache\hosted\pub.dartlang.org\battery_plus_web-1.1.0\
[        ] Found plugin battery_plus_windows at C:\Users\JORGE\Documents\flutter\flutter\.pub-cache\hosted\pub.dartlang.org\battery_plus_windows-1.1.0\
[        ] Found plugin biometric_storage at C:\Users\JORGE\Documents\flutter\flutter\.pub-cache\hosted\pub.dartlang.org\biometric_storage-4.1.1\
[   +5 ms] Found plugin connectivity_plus at C:\Users\JORGE\Documents\flutter\flutter\.pub-cache\hosted\pub.dartlang.org\connectivity_plus-2.3.0\
[        ] Found plugin connectivity_plus_linux at C:\Users\JORGE\Documents\flutter\flutter\.pub-cache\hosted\pub.dartlang.org\connectivity_plus_linux-1.3.0\
[        ] Found plugin connectivity_plus_macos at C:\Users\JORGE\Documents\flutter\flutter\.pub-cache\hosted\pub.dartlang.org\connectivity_plus_macos-1.2.2\
[        ] Found plugin connectivity_plus_web at C:\Users\JORGE\Documents\flutter\flutter\.pub-cache\hosted\pub.dartlang.org\connectivity_plus_web-1.2.0\
[        ] Found plugin connectivity_plus_windows at C:\Users\JORGE\Documents\flutter\flutter\.pub-cache\hosted\pub.dartlang.org\connectivity_plus_windows-1.2.0\
[   +1 ms] Found plugin device_info_plus at C:\Users\JORGE\Documents\flutter\flutter\.pub-cache\hosted\pub.dartlang.org\device_info_plus-3.2.3\
[        ] Found plugin device_info_plus_linux at C:\Users\JORGE\Documents\flutter\flutter\.pub-cache\hosted\pub.dartlang.org\device_info_plus_linux-2.1.1\
[        ] Found plugin device_info_plus_macos at C:\Users\JORGE\Documents\flutter\flutter\.pub-cache\hosted\pub.dartlang.org\device_info_plus_macos-2.2.3\
[        ] Found plugin device_info_plus_web at C:\Users\JORGE\Documents\flutter\flutter\.pub-cache\hosted\pub.dartlang.org\device_info_plus_web-2.1.0\
[        ] Found plugin device_info_plus_windows at C:\Users\JORGE\Documents\flutter\flutter\.pub-cache\hosted\pub.dartlang.org\device_info_plus_windows-2.1.1\
[        ] Found plugin disk_space at C:\Users\JORGE\Documents\flutter\flutter\.pub-cache\hosted\pub.dartlang.org\disk_space-0.2.1\
[   +1 ms] Found plugin external_storage_size at C:\Users\JORGE\Documents\flutter\flutter\.pub-cache\hosted\pub.dartlang.org\external_storage_size-0.0.3\
[   +1 ms] Found plugin firebase_analytics at C:\Users\JORGE\Documents\flutter\flutter\.pub-cache\hosted\pub.dartlang.org\firebase_analytics-9.1.7\
[        ] Found plugin firebase_analytics_web at C:\Users\JORGE\Documents\flutter\flutter\.pub-cache\hosted\pub.dartlang.org\firebase_analytics_web-0.4.0+13\
[        ] Found plugin firebase_core at C:\Users\JORGE\Documents\flutter\flutter\.pub-cache\hosted\pub.dartlang.org\firebase_core-1.16.0\
[        ] Found plugin firebase_core_web at C:\Users\JORGE\Documents\flutter\flutter\.pub-cache\hosted\pub.dartlang.org\firebase_core_web-1.6.4\
[        ] Found plugin firebase_crashlytics at C:\Users\JORGE\Documents\flutter\flutter\.pub-cache\hosted\pub.dartlang.org\firebase_crashlytics-2.7.2\
[        ] Found plugin firebase_messaging at C:\Users\JORGE\Documents\flutter\flutter\.pub-cache\hosted\pub.dartlang.org\firebase_messaging-11.3.0\
[        ] Found plugin firebase_messaging_web at C:\Users\JORGE\Documents\flutter\flutter\.pub-cache\hosted\pub.dartlang.org\firebase_messaging_web-2.4.0\
[        ] Found plugin flutter_ffmpeg at C:\Users\JORGE\Documents\flutter\flutter\.pub-cache\hosted\pub.dartlang.org\flutter_ffmpeg-0.4.2\
[        ] Found plugin flutter_image_compress at C:\Users\JORGE\Documents\flutter\flutter\.pub-cache\hosted\pub.dartlang.org\flutter_image_compress-1.1.0\
[        ] Found plugin flutter_libphonenumber at C:\Users\JORGE\Documents\flutter\flutter\.pub-cache\hosted\pub.dartlang.org\flutter_libphonenumber-1.2.4\
[        ] Found plugin flutter_plugin_android_lifecycle at C:\Users\JORGE\Documents\flutter\flutter\.pub-cache\hosted\pub.dartlang.org\flutter_plugin_android_lifecycle-2.0.6\
[        ] Found plugin flutter_twilio at C:\Users\JORGE\Documents\flutter\flutter\.pub-cache\hosted\pub.dartlang.org\flutter_twilio-0.0.17\
[        ] Found plugin fluttertoast at C:\Users\JORGE\Documents\flutter\flutter\.pub-cache\hosted\pub.dartlang.org\fluttertoast-8.0.9\
[   +6 ms] Found plugin ios_physical_memory at C:\Users\JORGE\Documents\flutter\flutter\.pub-cache\hosted\pub.dartlang.org\ios_physical_memory-0.0.6\
[   +3 ms] Found plugin media_info at C:\Users\JORGE\Documents\flutter\flutter\.pub-cache\hosted\pub.dartlang.org\media_info-0.10.0\
[   +2 ms] Found plugin package_info_plus at C:\Users\JORGE\Documents\flutter\flutter\.pub-cache\hosted\pub.dartlang.org\package_info_plus-1.4.2\
[        ] Found plugin package_info_plus_linux at C:\Users\JORGE\Documents\flutter\flutter\.pub-cache\hosted\pub.dartlang.org\package_info_plus_linux-1.0.5\
[        ] Found plugin package_info_plus_macos at C:\Users\JORGE\Documents\flutter\flutter\.pub-cache\hosted\pub.dartlang.org\package_info_plus_macos-1.3.0\
[        ] Found plugin package_info_plus_web at C:\Users\JORGE\Documents\flutter\flutter\.pub-cache\hosted\pub.dartlang.org\package_info_plus_web-1.0.5\
[        ] Found plugin package_info_plus_windows at C:\Users\JORGE\Documents\flutter\flutter\.pub-cache\hosted\pub.dartlang.org\package_info_plus_windows-1.0.5\
[        ] Found plugin path_provider at C:\Users\JORGE\Documents\flutter\flutter\.pub-cache\hosted\pub.dartlang.org\path_provider-2.0.10\
[        ] Found plugin path_provider_android at C:\Users\JORGE\Documents\flutter\flutter\.pub-cache\hosted\pub.dartlang.org\path_provider_android-2.0.12\
[        ] Found plugin path_provider_ios at C:\Users\JORGE\Documents\flutter\flutter\.pub-cache\hosted\pub.dartlang.org\path_provider_ios-2.0.8\
[        ] Found plugin path_provider_linux at C:\Users\JORGE\Documents\flutter\flutter\.pub-cache\hosted\pub.dartlang.org\path_provider_linux-2.1.5\
[        ] Found plugin path_provider_macos at C:\Users\JORGE\Documents\flutter\flutter\.pub-cache\hosted\pub.dartlang.org\path_provider_macos-2.0.5\
[        ] Found plugin path_provider_windows at C:\Users\JORGE\Documents\flutter\flutter\.pub-cache\hosted\pub.dartlang.org\path_provider_windows-2.0.5\
[        ] Found plugin permission_handler at C:\Users\JORGE\Documents\flutter\flutter\.pub-cache\hosted\pub.dartlang.org\permission_handler-9.2.0\
[        ] Found plugin permission_handler_android at C:\Users\JORGE\Documents\flutter\flutter\.pub-cache\hosted\pub.dartlang.org\permission_handler_android-9.0.2+1\
[        ] Found plugin permission_handler_apple at C:\Users\JORGE\Documents\flutter\flutter\.pub-cache\hosted\pub.dartlang.org\permission_handler_apple-9.0.4\
[        ] Found plugin permission_handler_windows at C:\Users\JORGE\Documents\flutter\flutter\.pub-cache\hosted\pub.dartlang.org\permission_handler_windows-0.1.0\
[        ] Found plugin photo_manager at C:\Users\JORGE\Documents\flutter\flutter\.pub-cache\hosted\pub.dartlang.org\photo_manager-2.0.9\
[   +3 ms] Found plugin shared_preferences at C:\Users\JORGE\Documents\flutter\flutter\.pub-cache\hosted\pub.dartlang.org\shared_preferences-2.0.13\
[        ] Found plugin shared_preferences_android at C:\Users\JORGE\Documents\flutter\flutter\.pub-cache\hosted\pub.dartlang.org\shared_preferences_android-2.0.11\
[        ] Found plugin shared_preferences_ios at C:\Users\JORGE\Documents\flutter\flutter\.pub-cache\hosted\pub.dartlang.org\shared_preferences_ios-2.1.0\
[        ] Found plugin shared_preferences_linux at C:\Users\JORGE\Documents\flutter\flutter\.pub-cache\hosted\pub.dartlang.org\shared_preferences_linux-2.1.0\
[        ] Found plugin shared_preferences_macos at C:\Users\JORGE\Documents\flutter\flutter\.pub-cache\hosted\pub.dartlang.org\shared_preferences_macos-2.0.3\
[        ] Found plugin shared_preferences_web at C:\Users\JORGE\Documents\flutter\flutter\.pub-cache\hosted\pub.dartlang.org\shared_preferences_web-2.0.3\
[        ] Found plugin shared_preferences_windows at C:\Users\JORGE\Documents\flutter\flutter\.pub-cache\hosted\pub.dartlang.org\shared_preferences_windows-2.1.0\
[   +1 ms] Found plugin simple_s3 at C:\Users\JORGE\Documents\flutter\flutter\.pub-cache\hosted\pub.dartlang.org\simple_s3-0.3.2\
[        ] Found plugin smart_auth at C:\Users\JORGE\Documents\flutter\flutter\.pub-cache\hosted\pub.dartlang.org\smart_auth-1.0.5\
[   +5 ms] Found plugin video_player at C:\Users\JORGE\Documents\flutter\flutter\.pub-cache\hosted\pub.dartlang.org\video_player-2.4.2\
[        ] Found plugin video_player_android at C:\Users\JORGE\Documents\flutter\flutter\.pub-cache\hosted\pub.dartlang.org\video_player_android-2.3.4\
[        ] Found plugin video_player_avfoundation at C:\Users\JORGE\Documents\flutter\flutter\.pub-cache\hosted\pub.dartlang.org\video_player_avfoundation-2.3.4\
[        ] Found plugin video_player_web at C:\Users\JORGE\Documents\flutter\flutter\.pub-cache\hosted\pub.dartlang.org\video_player_web-2.0.10\
[        ] Found plugin video_thumbnail at C:\Users\JORGE\Documents\flutter\flutter\.pub-cache\hosted\pub.dartlang.org\video_thumbnail-0.5.0\
[        ] Found plugin wakelock at C:\Users\JORGE\Documents\flutter\flutter\.pub-cache\hosted\pub.dartlang.org\wakelock-0.6.1+2\
[        ] Found plugin wakelock_macos at C:\Users\JORGE\Documents\flutter\flutter\.pub-cache\hosted\pub.dartlang.org\wakelock_macos-0.4.0\
[   +1 ms] Found plugin wakelock_web at C:\Users\JORGE\Documents\flutter\flutter\.pub-cache\hosted\pub.dartlang.org\wakelock_web-0.4.0\
[   +3 ms] Found plugin camera at C:\Users\JORGE\Documents\GitHub\flutter-truvideo-enterprise\external-libs\camera\camera\
[   +3 ms] test 11: Observatory uri is not available
[        ] test 11: test harness socket server is running at port:51215
[        ] test 11: Starting flutter_tester process with command=[C:\Users\JORGE\Documents\flutter\flutter\bin\cache\artifacts\engine\windows-x64\flutter_tester.exe, --disable-observatory, --enable-checked-mode, --verify-entry-points, --enable-software-rendering, --skia-deterministic-rendering, --enable-dart-profiling, --non-interactive, --use-test-fonts, --packages=C:\Users\JORGE\Documents\GitHub\flutter-truvideo-enterprise\.dart_tool\package_config.json, C:\Users\JORGE\AppData\Local\Temp\flutter_tools.bbf6bc09\flutter_test_listener.4871ae5a\listener.dart.dill], environment={FLUTTER_TEST: true, FONTCONFIG_FILE: C:\Users\JORGE\AppData\Local\Temp\flutter_tools.bbf6bc09\flutter_test_fonts.c939a558/fonts.conf, SERVER_PORT: 51215, APP_NAME: truvideo_enterprise, UNIT_TEST_ASSETS: C:\Users\JORGE\Documents\GitHub\flutter-truvideo-enterprise\build\unit_test_assets}
[        ] <- recompile file:///C:/Users/JORGE/AppData/Local/Temp/flutter_tools.bbf6bc09/flutter_test_listener.58cc0dfd/listener.dart a86eb1e4-30dc-4cb0-96fe-9c963d8d006e
[        ] file:///C:/Users/JORGE/AppData/Local/Temp/flutter_tools.bbf6bc09/flutter_test_listener.58cc0dfd/listener.dart
[        ] file:///C:/Users/JORGE/Documents/GitHub/flutter-truvideo-enterprise/.dart_tool/flutter_build/dart_plugin_registrant.dart
[        ] <- a86eb1e4-30dc-4cb0-96fe-9c963d8d006e
[  +13 ms] test 11: Started flutter_tester process at pid 2552

00:14 +59 -5: C:\Users\JORGE\Documents\GitHub\flutter-truvideo-enterprise\test\phone_number\phone_number_test.dart: ... Should retrun a PhoneNumberCountryModel when have a country code               [ +647 ms] test 11: connected to test device, now awaiting test result
[        ] test 11: Waiting for test harness or tests to finish
[  +78 ms] <- accept
[        ] <- reset
[        ] Compiling file:///C:/Users/JORGE/AppData/Local/Temp/flutter_tools.bbf6bc09/flutter_test_listener.58cc0dfd/listener.dart took 823ms
[        ] Compiling file:///C:/Users/JORGE/AppData/Local/Temp/flutter_tools.bbf6bc09/flutter_test_listener.d2782999/listener.dart
[   +1 ms] test 12: starting test device
[        ] test 12: awaiting connection to test device
[  +11 ms] Found plugin all_sensors2 at C:\Users\JORGE\Documents\flutter\flutter\.pub-cache\hosted\pub.dartlang.org\all_sensors2-1.0.1\
[   +4 ms] Found plugin battery_plus at C:\Users\JORGE\Documents\flutter\flutter\.pub-cache\hosted\pub.dartlang.org\battery_plus-2.1.3\
[   +1 ms] Found plugin battery_plus_linux at C:\Users\JORGE\Documents\flutter\flutter\.pub-cache\hosted\pub.dartlang.org\battery_plus_linux-1.1.1\
[        ] Found plugin battery_plus_macos at C:\Users\JORGE\Documents\flutter\flutter\.pub-cache\hosted\pub.dartlang.org\battery_plus_macos-1.1.1\
[   +1 ms] Found plugin battery_plus_web at C:\Users\JORGE\Documents\flutter\flutter\.pub-cache\hosted\pub.dartlang.org\battery_plus_web-1.1.0\
[        ] Found plugin battery_plus_windows at C:\Users\JORGE\Documents\flutter\flutter\.pub-cache\hosted\pub.dartlang.org\battery_plus_windows-1.1.0\
[        ] Found plugin biometric_storage at C:\Users\JORGE\Documents\flutter\flutter\.pub-cache\hosted\pub.dartlang.org\biometric_storage-4.1.1\
[  +10 ms] Found plugin connectivity_plus at C:\Users\JORGE\Documents\flutter\flutter\.pub-cache\hosted\pub.dartlang.org\connectivity_plus-2.3.0\
[   +1 ms] Found plugin connectivity_plus_linux at C:\Users\JORGE\Documents\flutter\flutter\.pub-cache\hosted\pub.dartlang.org\connectivity_plus_linux-1.3.0\
[        ] Found plugin connectivity_plus_macos at C:\Users\JORGE\Documents\flutter\flutter\.pub-cache\hosted\pub.dartlang.org\connectivity_plus_macos-1.2.2\
[   +1 ms] Found plugin connectivity_plus_web at C:\Users\JORGE\Documents\flutter\flutter\.pub-cache\hosted\pub.dartlang.org\connectivity_plus_web-1.2.0\
[        ] Found plugin connectivity_plus_windows at C:\Users\JORGE\Documents\flutter\flutter\.pub-cache\hosted\pub.dartlang.org\connectivity_plus_windows-1.2.0\
[   +4 ms] Found plugin device_info_plus at C:\Users\JORGE\Documents\flutter\flutter\.pub-cache\hosted\pub.dartlang.org\device_info_plus-3.2.3\
[        ] Found plugin device_info_plus_linux at C:\Users\JORGE\Documents\flutter\flutter\.pub-cache\hosted\pub.dartlang.org\device_info_plus_linux-2.1.1\
[        ] Found plugin device_info_plus_macos at C:\Users\JORGE\Documents\flutter\flutter\.pub-cache\hosted\pub.dartlang.org\device_info_plus_macos-2.2.3\
[   +1 ms] Found plugin device_info_plus_web at C:\Users\JORGE\Documents\flutter\flutter\.pub-cache\hosted\pub.dartlang.org\device_info_plus_web-2.1.0\
[        ] Found plugin device_info_plus_windows at C:\Users\JORGE\Documents\flutter\flutter\.pub-cache\hosted\pub.dartlang.org\device_info_plus_windows-2.1.1\
[   +1 ms] Found plugin disk_space at C:\Users\JORGE\Documents\flutter\flutter\.pub-cache\hosted\pub.dartlang.org\disk_space-0.2.1\
[   +3 ms] Found plugin external_storage_size at C:\Users\JORGE\Documents\flutter\flutter\.pub-cache\hosted\pub.dartlang.org\external_storage_size-0.0.3\
[   +4 ms] Found plugin firebase_analytics at C:\Users\JORGE\Documents\flutter\flutter\.pub-cache\hosted\pub.dartlang.org\firebase_analytics-9.1.7\
[   +1 ms] Found plugin firebase_analytics_web at C:\Users\JORGE\Documents\flutter\flutter\.pub-cache\hosted\pub.dartlang.org\firebase_analytics_web-0.4.0+13\
[   +1 ms] Found plugin firebase_core at C:\Users\JORGE\Documents\flutter\flutter\.pub-cache\hosted\pub.dartlang.org\firebase_core-1.16.0\
[   +1 ms] Found plugin firebase_core_web at C:\Users\JORGE\Documents\flutter\flutter\.pub-cache\hosted\pub.dartlang.org\firebase_core_web-1.6.4\
[        ] Found plugin firebase_crashlytics at C:\Users\JORGE\Documents\flutter\flutter\.pub-cache\hosted\pub.dartlang.org\firebase_crashlytics-2.7.2\
[   +1 ms] Found plugin firebase_messaging at C:\Users\JORGE\Documents\flutter\flutter\.pub-cache\hosted\pub.dartlang.org\firebase_messaging-11.3.0\
[   +1 ms] Found plugin firebase_messaging_web at C:\Users\JORGE\Documents\flutter\flutter\.pub-cache\hosted\pub.dartlang.org\firebase_messaging_web-2.4.0\
[   +1 ms] Found plugin flutter_ffmpeg at C:\Users\JORGE\Documents\flutter\flutter\.pub-cache\hosted\pub.dartlang.org\flutter_ffmpeg-0.4.2\
[   +1 ms] Found plugin flutter_image_compress at C:\Users\JORGE\Documents\flutter\flutter\.pub-cache\hosted\pub.dartlang.org\flutter_image_compress-1.1.0\
[   +1 ms] Found plugin flutter_libphonenumber at C:\Users\JORGE\Documents\flutter\flutter\.pub-cache\hosted\pub.dartlang.org\flutter_libphonenumber-1.2.4\
[   +1 ms] Found plugin flutter_plugin_android_lifecycle at C:\Users\JORGE\Documents\flutter\flutter\.pub-cache\hosted\pub.dartlang.org\flutter_plugin_android_lifecycle-2.0.6\
[   +2 ms] Found plugin flutter_twilio at C:\Users\JORGE\Documents\flutter\flutter\.pub-cache\hosted\pub.dartlang.org\flutter_twilio-0.0.17\
[        ] Found plugin fluttertoast at C:\Users\JORGE\Documents\flutter\flutter\.pub-cache\hosted\pub.dartlang.org\fluttertoast-8.0.9\
[  +11 ms] Found plugin ios_physical_memory at C:\Users\JORGE\Documents\flutter\flutter\.pub-cache\hosted\pub.dartlang.org\ios_physical_memory-0.0.6\
[   +7 ms] Found plugin media_info at C:\Users\JORGE\Documents\flutter\flutter\.pub-cache\hosted\pub.dartlang.org\media_info-0.10.0\
[   +5 ms] Found plugin package_info_plus at C:\Users\JORGE\Documents\flutter\flutter\.pub-cache\hosted\pub.dartlang.org\package_info_plus-1.4.2\
[        ] Found plugin package_info_plus_linux at C:\Users\JORGE\Documents\flutter\flutter\.pub-cache\hosted\pub.dartlang.org\package_info_plus_linux-1.0.5\
[        ] Found plugin package_info_plus_macos at C:\Users\JORGE\Documents\flutter\flutter\.pub-cache\hosted\pub.dartlang.org\package_info_plus_macos-1.3.0\
[   +1 ms] Found plugin package_info_plus_web at C:\Users\JORGE\Documents\flutter\flutter\.pub-cache\hosted\pub.dartlang.org\package_info_plus_web-1.0.5\
[   +1 ms] Found plugin package_info_plus_windows at C:\Users\JORGE\Documents\flutter\flutter\.pub-cache\hosted\pub.dartlang.org\package_info_plus_windows-1.0.5\
[   +1 ms] Found plugin path_provider at C:\Users\JORGE\Documents\flutter\flutter\.pub-cache\hosted\pub.dartlang.org\path_provider-2.0.10\
[   +1 ms] Found plugin path_provider_android at C:\Users\JORGE\Documents\flutter\flutter\.pub-cache\hosted\pub.dartlang.org\path_provider_android-2.0.12\
[   +3 ms] Found plugin path_provider_ios at C:\Users\JORGE\Documents\flutter\flutter\.pub-cache\hosted\pub.dartlang.org\path_provider_ios-2.0.8\
[   +3 ms] Found plugin path_provider_linux at C:\Users\JORGE\Documents\flutter\flutter\.pub-cache\hosted\pub.dartlang.org\path_provider_linux-2.1.5\
[   +1 ms] Found plugin path_provider_macos at C:\Users\JORGE\Documents\flutter\flutter\.pub-cache\hosted\pub.dartlang.org\path_provider_macos-2.0.5\
[   +2 ms] Found plugin path_provider_windows at C:\Users\JORGE\Documents\flutter\flutter\.pub-cache\hosted\pub.dartlang.org\path_provider_windows-2.0.5\
[   +1 ms] Found plugin permission_handler at C:\Users\JORGE\Documents\flutter\flutter\.pub-cache\hosted\pub.dartlang.org\permission_handler-9.2.0\
[        ] Found plugin permission_handler_android at C:\Users\JORGE\Documents\flutter\flutter\.pub-cache\hosted\pub.dartlang.org\permission_handler_android-9.0.2+1\
[   +3 ms] Found plugin permission_handler_apple at C:\Users\JORGE\Documents\flutter\flutter\.pub-cache\hosted\pub.dartlang.org\permission_handler_apple-9.0.4\
[   +1 ms] Found plugin permission_handler_windows at C:\Users\JORGE\Documents\flutter\flutter\.pub-cache\hosted\pub.dartlang.org\permission_handler_windows-0.1.0\
[   +1 ms] Found plugin photo_manager at C:\Users\JORGE\Documents\flutter\flutter\.pub-cache\hosted\pub.dartlang.org\photo_manager-2.0.9\
[   +7 ms] Found plugin shared_preferences at C:\Users\JORGE\Documents\flutter\flutter\.pub-cache\hosted\pub.dartlang.org\shared_preferences-2.0.13\
[   +1 ms] Found plugin shared_preferences_android at C:\Users\JORGE\Documents\flutter\flutter\.pub-cache\hosted\pub.dartlang.org\shared_preferences_android-2.0.11\
[   +2 ms] Found plugin shared_preferences_ios at C:\Users\JORGE\Documents\flutter\flutter\.pub-cache\hosted\pub.dartlang.org\shared_preferences_ios-2.1.0\
[   +2 ms] Found plugin shared_preferences_linux at C:\Users\JORGE\Documents\flutter\flutter\.pub-cache\hosted\pub.dartlang.org\shared_preferences_linux-2.1.0\
[   +1 ms] Found plugin shared_preferences_macos at C:\Users\JORGE\Documents\flutter\flutter\.pub-cache\hosted\pub.dartlang.org\shared_preferences_macos-2.0.3\
[   +3 ms] Found plugin shared_preferences_web at C:\Users\JORGE\Documents\flutter\flutter\.pub-cache\hosted\pub.dartlang.org\shared_preferences_web-2.0.3\
[   +1 ms] Found plugin shared_preferences_windows at C:\Users\JORGE\Documents\flutter\flutter\.pub-cache\hosted\pub.dartlang.org\shared_preferences_windows-2.1.0\
[   +2 ms] Found plugin simple_s3 at C:\Users\JORGE\Documents\flutter\flutter\.pub-cache\hosted\pub.dartlang.org\simple_s3-0.3.2\
[        ] Found plugin smart_auth at C:\Users\JORGE\Documents\flutter\flutter\.pub-cache\hosted\pub.dartlang.org\smart_auth-1.0.5\
[  +11 ms] Found plugin video_player at C:\Users\JORGE\Documents\flutter\flutter\.pub-cache\hosted\pub.dartlang.org\video_player-2.4.2\
[   +1 ms] Found plugin video_player_android at C:\Users\JORGE\Documents\flutter\flutter\.pub-cache\hosted\pub.dartlang.org\video_player_android-2.3.4\
[   +1 ms] Found plugin video_player_avfoundation at C:\Users\JORGE\Documents\flutter\flutter\.pub-cache\hosted\pub.dartlang.org\video_player_avfoundation-2.3.4\
[   +1 ms] Found plugin video_player_web at C:\Users\JORGE\Documents\flutter\flutter\.pub-cache\hosted\pub.dartlang.org\video_player_web-2.0.10\
[        ] Found plugin video_thumbnail at C:\Users\JORGE\Documents\flutter\flutter\.pub-cache\hosted\pub.dartlang.org\video_thumbnail-0.5.0\
[   +1 ms] Found plugin wakelock at C:\Users\JORGE\Documents\flutter\flutter\.pub-cache\hosted\pub.dartlang.org\wakelock-0.6.1+2\
[        ] Found plugin wakelock_macos at C:\Users\JORGE\Documents\flutter\flutter\.pub-cache\hosted\pub.dartlang.org\wakelock_macos-0.4.0\
[   +1 ms] Found plugin wakelock_web at C:\Users\JORGE\Documents\flutter\flutter\.pub-cache\hosted\pub.dartlang.org\wakelock_web-0.4.0\
[   +4 ms] Found plugin camera at C:\Users\JORGE\Documents\GitHub\flutter-truvideo-enterprise\external-libs\camera\camera\
[   +5 ms] test 12: Observatory uri is not available
[        ] test 12: test harness socket server is running at port:51217
[        ] test 12: Starting flutter_tester process with command=[C:\Users\JORGE\Documents\flutter\flutter\bin\cache\artifacts\engine\windows-x64\flutter_tester.exe, --disable-observatory, --enable-checked-mode, --verify-entry-points, --enable-software-rendering, --skia-deterministic-rendering, --enable-dart-profiling, --non-interactive, --use-test-fonts, --packages=C:\Users\JORGE\Documents\GitHub\flutter-truvideo-enterprise\.dart_tool\package_config.json, C:\Users\JORGE\AppData\Local\Temp\flutter_tools.bbf6bc09\flutter_test_listener.58cc0dfd\listener.dart.dill], environment={FLUTTER_TEST: true, FONTCONFIG_FILE: C:\Users\JORGE\AppData\Local\Temp\flutter_tools.bbf6bc09\flutter_test_fonts.c939a558/fonts.conf, SERVER_PORT: 51217, APP_NAME: truvideo_enterprise, UNIT_TEST_ASSETS: C:\Users\JORGE\Documents\GitHub\flutter-truvideo-enterprise\build\unit_test_assets}
[   +1 ms] <- recompile file:///C:/Users/JORGE/AppData/Local/Temp/flutter_tools.bbf6bc09/flutter_test_listener.d2782999/listener.dart f14bb631-981c-4f14-85b4-f1de0954f504
[        ] file:///C:/Users/JORGE/AppData/Local/Temp/flutter_tools.bbf6bc09/flutter_test_listener.d2782999/listener.dart
[        ] file:///C:/Users/JORGE/Documents/GitHub/flutter-truvideo-enterprise/.dart_tool/flutter_build/dart_plugin_registrant.dart
[        ] <- f14bb631-981c-4f14-85b4-f1de0954f504

00:14 +59 -5: loading C:\Users\JORGE\Documents\GitHub\flutter-truvideo-enterprise\test\service\auth\auth_test.dart                                                                                     
00:14 +59 -5: C:\Users\JORGE\Documents\GitHub\flutter-truvideo-enterprise\test\service\auth\auth_test.dart: AuthTests Should be initialized                                                            [  +18 ms] test 12: Started flutter_tester process at pid 17192

00:14 +60 -5: C:\Users\JORGE\Documents\GitHub\flutter-truvideo-enterprise\test\service\auth\auth_test.dart: AuthTests Should be initialized                                                            
00:14 +60 -5: C:\Users\JORGE\Documents\GitHub\flutter-truvideo-enterprise\test\service\auth\auth_test.dart: AuthTests .getCachedLoggedUser() Should return null                                        
00:14 +61 -5: C:\Users\JORGE\Documents\GitHub\flutter-truvideo-enterprise\test\service\auth\auth_test.dart: AuthTests .getCachedLoggedUser() Should return null                                        
00:14 +61 -5: C:\Users\JORGE\Documents\GitHub\flutter-truvideo-enterprise\test\service\auth\auth_test.dart: AuthTests .getCachedLoggedUser() Should return a user in case of success                   
00:14 +62 -5: C:\Users\JORGE\Documents\GitHub\flutter-truvideo-enterprise\test\service\auth\auth_test.dart: AuthTests .getCachedLoggedUser() Should return a user in case of success                   
00:14 +62 -5: C:\Users\JORGE\Documents\GitHub\flutter-truvideo-enterprise\test\service\auth\auth_test.dart: AuthTests .getCachedLoggedUser() Should return null in case of error                       
00:14 +63 -5: C:\Users\JORGE\Documents\GitHub\flutter-truvideo-enterprise\test\service\auth\auth_test.dart: AuthTests .getCachedLoggedUser() Should return null in case of error                       
00:14 +63 -5: C:\Users\JORGE\Documents\GitHub\flutter-truvideo-enterprise\test\service\auth\auth_test.dart: AuthTests .login() should return false when offline                                        
00:14 +64 -5: C:\Users\JORGE\Documents\GitHub\flutter-truvideo-enterprise\test\service\auth\auth_test.dart: AuthTests .login() should return false when offline                                        
00:14 +64 -5: C:\Users\JORGE\Documents\GitHub\flutter-truvideo-enterprise\test\service\auth\auth_test.dart: AuthTests .login() applies parameters to the service                                       
00:14 +65 -5: C:\Users\JORGE\Documents\GitHub\flutter-truvideo-enterprise\test\service\auth\auth_test.dart: AuthTests .login() applies parameters to the service                                       
00:14 +65 -5: C:\Users\JORGE\Documents\GitHub\flutter-truvideo-enterprise\test\service\auth\auth_test.dart: AuthTests .login() should store authorization token                                        
00:14 +66 -5: C:\Users\JORGE\Documents\GitHub\flutter-truvideo-enterprise\test\service\auth\auth_test.dart: AuthTests .login() should store authorization token                                        
00:14 +66 -5: C:\Users\JORGE\Documents\GitHub\flutter-truvideo-enterprise\test\service\auth\auth_test.dart: AuthTests .login() should store uuid                                                       
00:14 +67 -5: C:\Users\JORGE\Documents\GitHub\flutter-truvideo-enterprise\test\service\auth\auth_test.dart: AuthTests .login() should store uuid                                                       
00:14 +67 -5: C:\Users\JORGE\Documents\GitHub\flutter-truvideo-enterprise\test\service\auth\auth_test.dart: AuthTests .login() should be a success                                                     
00:14 +68 -5: C:\Users\JORGE\Documents\GitHub\flutter-truvideo-enterprise\test\service\auth\auth_test.dart: AuthTests .login() should be a success                                                     
00:14 +68 -5: C:\Users\JORGE\Documents\GitHub\flutter-truvideo-enterprise\test\service\auth\auth_test.dart: AuthTests .login() should fail for a invalid pin                                           
00:14 +69 -5: C:\Users\JORGE\Documents\GitHub\flutter-truvideo-enterprise\test\service\auth\auth_test.dart: AuthTests .login() should fail for a invalid pin                                           
00:14 +69 -5: C:\Users\JORGE\Documents\GitHub\flutter-truvideo-enterprise\test\service\auth\auth_test.dart: AuthTests .login() should throw a customException for a blank space                        
00:14 +70 -5: C:\Users\JORGE\Documents\GitHub\flutter-truvideo-enterprise\test\service\auth\auth_test.dart: AuthTests .login() should throw a customException for a blank space                        
00:14 +70 -5: C:\Users\JORGE\Documents\GitHub\flutter-truvideo-enterprise\test\service\auth\auth_test.dart: AuthTests .login() should fail with a DioEErort on 404                                     
00:14 +71 -5: C:\Users\JORGE\Documents\GitHub\flutter-truvideo-enterprise\test\service\auth\auth_test.dart: AuthTests .login() should fail with a DioEErort on 404                                     
00:14 +71 -5: C:\Users\JORGE\Documents\GitHub\flutter-truvideo-enterprise\test\service\auth\auth_test.dart: AuthTests .login() should fail with a DioError on unhandled status code                    
00:14 +72 -5: C:\Users\JORGE\Documents\GitHub\flutter-truvideo-enterprise\test\service\auth\auth_test.dart: AuthTests .login() should fail with a DioError on unhandled status code                    
00:14 +72 -5: C:\Users\JORGE\Documents\GitHub\flutter-truvideo-enterprise\test\service\auth\auth_test.dart: AuthTests .login() should fail with an unauthorized                                        
00:14 +73 -5: C:\Users\JORGE\Documents\GitHub\flutter-truvideo-enterprise\test\service\auth\auth_test.dart: AuthTests .login() should fail with an unauthorized                                        
00:14 +73 -5: C:\Users\JORGE\Documents\GitHub\flutter-truvideo-enterprise\test\service\auth\auth_test.dart: AuthTests .login() should fail with an user not found                                      
00:14 +74 -5: C:\Users\JORGE\Documents\GitHub\flutter-truvideo-enterprise\test\service\auth\auth_test.dart: AuthTests .login() should fail with an user not found                                      
00:14 +74 -5: C:\Users\JORGE\Documents\GitHub\flutter-truvideo-enterprise\test\service\auth\auth_test.dart: AuthTests .login() should throw a customException for a blank space                        
00:14 +75 -5: C:\Users\JORGE\Documents\GitHub\flutter-truvideo-enterprise\test\service\auth\auth_test.dart: AuthTests .login() should throw a customException for a blank space                        
00:14 +75 -5: C:\Users\JORGE\Documents\GitHub\flutter-truvideo-enterprise\test\service\auth\auth_test.dart: AuthTests .login() should throw error if header is null                                    
00:14 +76 -5: C:\Users\JORGE\Documents\GitHub\flutter-truvideo-enterprise\test\service\auth\auth_test.dart: AuthTests .login() should throw error if header is null                                    
00:14 +76 -5: C:\Users\JORGE\Documents\GitHub\flutter-truvideo-enterprise\test\service\auth\auth_test.dart: AuthTests .login() should throw error if no response header key                            
00:14 +77 -5: C:\Users\JORGE\Documents\GitHub\flutter-truvideo-enterprise\test\service\auth\auth_test.dart: AuthTests .login() should throw error if no response header key                            
00:14 +77 -5: C:\Users\JORGE\Documents\GitHub\flutter-truvideo-enterprise\test\service\auth\auth_test.dart: AuthTests .login() login should throw error if header is empty                             
00:14 +78 -5: C:\Users\JORGE\Documents\GitHub\flutter-truvideo-enterprise\test\service\auth\auth_test.dart: AuthTests .login() login should throw error if header is empty                             
00:14 +78 -5: C:\Users\JORGE\Documents\GitHub\flutter-truvideo-enterprise\test\service\auth\auth_test.dart: AuthTests .login() should throw error if header value is empty                             
00:14 +79 -5: C:\Users\JORGE\Documents\GitHub\flutter-truvideo-enterprise\test\service\auth\auth_test.dart: AuthTests .login() should throw error if header value is empty                             
00:14 +79 -5: C:\Users\JORGE\Documents\GitHub\flutter-truvideo-enterprise\test\service\auth\auth_test.dart: AuthTests .isLogin() should return null if token is empty                                  
00:14 +80 -5: C:\Users\JORGE\Documents\GitHub\flutter-truvideo-enterprise\test\service\auth\auth_test.dart: AuthTests .isLogin() should return null if token is empty                                  
00:14 +80 -5: C:\Users\JORGE\Documents\GitHub\flutter-truvideo-enterprise\test\service\auth\auth_test.dart: AuthTests .isLogin() should return null if token have a blank space                        
00:14 +81 -5: C:\Users\JORGE\Documents\GitHub\flutter-truvideo-enterprise\test\service\auth\auth_test.dart: AuthTests .isLogin() should return null if token have a blank space                        
00:14 +81 -5: C:\Users\JORGE\Documents\GitHub\flutter-truvideo-enterprise\test\service\auth\auth_test.dart: AuthTests .isLogin() validate correct parameters                                           
00:14 +82 -5: C:\Users\JORGE\Documents\GitHub\flutter-truvideo-enterprise\test\service\auth\auth_test.dart: AuthTests .isLogin() validate correct parameters                                           
00:14 +82 -5: C:\Users\JORGE\Documents\GitHub\flutter-truvideo-enterprise\test\service\auth\auth_test.dart: AuthTests .isLogin() should return user in case of success                                 
00:14 +83 -5: C:\Users\JORGE\Documents\GitHub\flutter-truvideo-enterprise\test\service\auth\auth_test.dart: AuthTests .isLogin() should return user in case of success                                 
00:14 +83 -5: C:\Users\JORGE\Documents\GitHub\flutter-truvideo-enterprise\test\service\auth\auth_test.dart: AuthTests .isLogin() should return null if user is null                                    
00:14 +84 -5: C:\Users\JORGE\Documents\GitHub\flutter-truvideo-enterprise\test\service\auth\auth_test.dart: AuthTests .isLogin() should return null if user is null                                    
00:14 +84 -5: C:\Users\JORGE\Documents\GitHub\flutter-truvideo-enterprise\test\service\auth\auth_test.dart: AuthTests .isLogin() should return null on error                                           
00:14 +85 -5: C:\Users\JORGE\Documents\GitHub\flutter-truvideo-enterprise\test\service\auth\auth_test.dart: AuthTests .isLogin() should return null on error                                           
00:14 +85 -5: C:\Users\JORGE\Documents\GitHub\flutter-truvideo-enterprise\test\service\auth\auth_test.dart: AuthTests .getLastAccessDate() should return null if date is empty                         
00:14 +86 -5: C:\Users\JORGE\Documents\GitHub\flutter-truvideo-enterprise\test\service\auth\auth_test.dart: AuthTests .getLastAccessDate() should return null if date is empty                         
00:14 +86 -5: C:\Users\JORGE\Documents\GitHub\flutter-truvideo-enterprise\test\service\auth\auth_test.dart: AuthTests .getLastAccessDate() should return null if date have a blank space               [ +320 ms] <- accept
[        ] <- reset
[        ] Compiling file:///C:/Users/JORGE/AppData/Local/Temp/flutter_tools.bbf6bc09/flutter_test_listener.d2782999/listener.dart took 517ms
[        ] Compiling file:///C:/Users/JORGE/AppData/Local/Temp/flutter_tools.bbf6bc09/flutter_test_listener.19b3ee65/listener.dart
[        ] test 13: starting test device
[        ] test 13: awaiting connection to test device
[  +11 ms] Found plugin all_sensors2 at C:\Users\JORGE\Documents\flutter\flutter\.pub-cache\hosted\pub.dartlang.org\all_sensors2-1.0.1\
[   +5 ms] Found plugin battery_plus at C:\Users\JORGE\Documents\flutter\flutter\.pub-cache\hosted\pub.dartlang.org\battery_plus-2.1.3\
[   +1 ms] Found plugin battery_plus_linux at C:\Users\JORGE\Documents\flutter\flutter\.pub-cache\hosted\pub.dartlang.org\battery_plus_linux-1.1.1\
[   +1 ms] Found plugin battery_plus_macos at C:\Users\JORGE\Documents\flutter\flutter\.pub-cache\hosted\pub.dartlang.org\battery_plus_macos-1.1.1\
[   +1 ms] Found plugin battery_plus_web at C:\Users\JORGE\Documents\flutter\flutter\.pub-cache\hosted\pub.dartlang.org\battery_plus_web-1.1.0\
[        ] Found plugin battery_plus_windows at C:\Users\JORGE\Documents\flutter\flutter\.pub-cache\hosted\pub.dartlang.org\battery_plus_windows-1.1.0\
[   +1 ms] Found plugin biometric_storage at C:\Users\JORGE\Documents\flutter\flutter\.pub-cache\hosted\pub.dartlang.org\biometric_storage-4.1.1\
[   +8 ms] Found plugin connectivity_plus at C:\Users\JORGE\Documents\flutter\flutter\.pub-cache\hosted\pub.dartlang.org\connectivity_plus-2.3.0\
[   +1 ms] Found plugin connectivity_plus_linux at C:\Users\JORGE\Documents\flutter\flutter\.pub-cache\hosted\pub.dartlang.org\connectivity_plus_linux-1.3.0\
[   +1 ms] Found plugin connectivity_plus_macos at C:\Users\JORGE\Documents\flutter\flutter\.pub-cache\hosted\pub.dartlang.org\connectivity_plus_macos-1.2.2\
[   +1 ms] Found plugin connectivity_plus_web at C:\Users\JORGE\Documents\flutter\flutter\.pub-cache\hosted\pub.dartlang.org\connectivity_plus_web-1.2.0\
[        ] Found plugin connectivity_plus_windows at C:\Users\JORGE\Documents\flutter\flutter\.pub-cache\hosted\pub.dartlang.org\connectivity_plus_windows-1.2.0\
[   +5 ms] Found plugin device_info_plus at C:\Users\JORGE\Documents\flutter\flutter\.pub-cache\hosted\pub.dartlang.org\device_info_plus-3.2.3\
[   +1 ms] Found plugin device_info_plus_linux at C:\Users\JORGE\Documents\flutter\flutter\.pub-cache\hosted\pub.dartlang.org\device_info_plus_linux-2.1.1\
[        ] Found plugin device_info_plus_macos at C:\Users\JORGE\Documents\flutter\flutter\.pub-cache\hosted\pub.dartlang.org\device_info_plus_macos-2.2.3\
[   +1 ms] Found plugin device_info_plus_web at C:\Users\JORGE\Documents\flutter\flutter\.pub-cache\hosted\pub.dartlang.org\device_info_plus_web-2.1.0\
[        ] Found plugin device_info_plus_windows at C:\Users\JORGE\Documents\flutter\flutter\.pub-cache\hosted\pub.dartlang.org\device_info_plus_windows-2.1.1\
[   +2 ms] Found plugin disk_space at C:\Users\JORGE\Documents\flutter\flutter\.pub-cache\hosted\pub.dartlang.org\disk_space-0.2.1\
[   +4 ms] Found plugin external_storage_size at C:\Users\JORGE\Documents\flutter\flutter\.pub-cache\hosted\pub.dartlang.org\external_storage_size-0.0.3\
[   +2 ms] Found plugin firebase_analytics at C:\Users\JORGE\Documents\flutter\flutter\.pub-cache\hosted\pub.dartlang.org\firebase_analytics-9.1.7\
[   +1 ms] Found plugin firebase_analytics_web at C:\Users\JORGE\Documents\flutter\flutter\.pub-cache\hosted\pub.dartlang.org\firebase_analytics_web-0.4.0+13\
[   +1 ms] Found plugin firebase_core at C:\Users\JORGE\Documents\flutter\flutter\.pub-cache\hosted\pub.dartlang.org\firebase_core-1.16.0\
[   +1 ms] Found plugin firebase_core_web at C:\Users\JORGE\Documents\flutter\flutter\.pub-cache\hosted\pub.dartlang.org\firebase_core_web-1.6.4\
[        ] Found plugin firebase_crashlytics at C:\Users\JORGE\Documents\flutter\flutter\.pub-cache\hosted\pub.dartlang.org\firebase_crashlytics-2.7.2\
[   +1 ms] Found plugin firebase_messaging at C:\Users\JORGE\Documents\flutter\flutter\.pub-cache\hosted\pub.dartlang.org\firebase_messaging-11.3.0\
[   +1 ms] Found plugin firebase_messaging_web at C:\Users\JORGE\Documents\flutter\flutter\.pub-cache\hosted\pub.dartlang.org\firebase_messaging_web-2.4.0\
[   +1 ms] Found plugin flutter_ffmpeg at C:\Users\JORGE\Documents\flutter\flutter\.pub-cache\hosted\pub.dartlang.org\flutter_ffmpeg-0.4.2\
[   +1 ms] Found plugin flutter_image_compress at C:\Users\JORGE\Documents\flutter\flutter\.pub-cache\hosted\pub.dartlang.org\flutter_image_compress-1.1.0\
[        ] Found plugin flutter_libphonenumber at C:\Users\JORGE\Documents\flutter\flutter\.pub-cache\hosted\pub.dartlang.org\flutter_libphonenumber-1.2.4\
[   +1 ms] Found plugin flutter_plugin_android_lifecycle at C:\Users\JORGE\Documents\flutter\flutter\.pub-cache\hosted\pub.dartlang.org\flutter_plugin_android_lifecycle-2.0.6\
[   +1 ms] Found plugin flutter_twilio at C:\Users\JORGE\Documents\flutter\flutter\.pub-cache\hosted\pub.dartlang.org\flutter_twilio-0.0.17\
[   +1 ms] Found plugin fluttertoast at C:\Users\JORGE\Documents\flutter\flutter\.pub-cache\hosted\pub.dartlang.org\fluttertoast-8.0.9\
[  +12 ms] Found plugin ios_physical_memory at C:\Users\JORGE\Documents\flutter\flutter\.pub-cache\hosted\pub.dartlang.org\ios_physical_memory-0.0.6\
[   +8 ms] Found plugin media_info at C:\Users\JORGE\Documents\flutter\flutter\.pub-cache\hosted\pub.dartlang.org\media_info-0.10.0\
[   +6 ms] Found plugin package_info_plus at C:\Users\JORGE\Documents\flutter\flutter\.pub-cache\hosted\pub.dartlang.org\package_info_plus-1.4.2\
[        ] Found plugin package_info_plus_linux at C:\Users\JORGE\Documents\flutter\flutter\.pub-cache\hosted\pub.dartlang.org\package_info_plus_linux-1.0.5\
[        ] Found plugin package_info_plus_macos at C:\Users\JORGE\Documents\flutter\flutter\.pub-cache\hosted\pub.dartlang.org\package_info_plus_macos-1.3.0\
[   +1 ms] Found plugin package_info_plus_web at C:\Users\JORGE\Documents\flutter\flutter\.pub-cache\hosted\pub.dartlang.org\package_info_plus_web-1.0.5\
[   +1 ms] Found plugin package_info_plus_windows at C:\Users\JORGE\Documents\flutter\flutter\.pub-cache\hosted\pub.dartlang.org\package_info_plus_windows-1.0.5\
[   +2 ms] Found plugin path_provider at C:\Users\JORGE\Documents\flutter\flutter\.pub-cache\hosted\pub.dartlang.org\path_provider-2.0.10\
[   +3 ms] Found plugin path_provider_android at C:\Users\JORGE\Documents\flutter\flutter\.pub-cache\hosted\pub.dartlang.org\path_provider_android-2.0.12\
[   +1 ms] Found plugin path_provider_ios at C:\Users\JORGE\Documents\flutter\flutter\.pub-cache\hosted\pub.dartlang.org\path_provider_ios-2.0.8\
[   +1 ms] Found plugin path_provider_linux at C:\Users\JORGE\Documents\flutter\flutter\.pub-cache\hosted\pub.dartlang.org\path_provider_linux-2.1.5\
[   +1 ms] Found plugin path_provider_macos at C:\Users\JORGE\Documents\flutter\flutter\.pub-cache\hosted\pub.dartlang.org\path_provider_macos-2.0.5\
[   +1 ms] Found plugin path_provider_windows at C:\Users\JORGE\Documents\flutter\flutter\.pub-cache\hosted\pub.dartlang.org\path_provider_windows-2.0.5\
[        ] Found plugin permission_handler at C:\Users\JORGE\Documents\flutter\flutter\.pub-cache\hosted\pub.dartlang.org\permission_handler-9.2.0\
[   +1 ms] Found plugin permission_handler_android at C:\Users\JORGE\Documents\flutter\flutter\.pub-cache\hosted\pub.dartlang.org\permission_handler_android-9.0.2+1\
[   +5 ms] Found plugin permission_handler_apple at C:\Users\JORGE\Documents\flutter\flutter\.pub-cache\hosted\pub.dartlang.org\permission_handler_apple-9.0.4\
[   +2 ms] Found plugin permission_handler_windows at C:\Users\JORGE\Documents\flutter\flutter\.pub-cache\hosted\pub.dartlang.org\permission_handler_windows-0.1.0\
[   +1 ms] Found plugin photo_manager at C:\Users\JORGE\Documents\flutter\flutter\.pub-cache\hosted\pub.dartlang.org\photo_manager-2.0.9\
[   +4 ms] Found plugin shared_preferences at C:\Users\JORGE\Documents\flutter\flutter\.pub-cache\hosted\pub.dartlang.org\shared_preferences-2.0.13\
[        ] Found plugin shared_preferences_android at C:\Users\JORGE\Documents\flutter\flutter\.pub-cache\hosted\pub.dartlang.org\shared_preferences_android-2.0.11\
[        ] Found plugin shared_preferences_ios at C:\Users\JORGE\Documents\flutter\flutter\.pub-cache\hosted\pub.dartlang.org\shared_preferences_ios-2.1.0\
[        ] Found plugin shared_preferences_linux at C:\Users\JORGE\Documents\flutter\flutter\.pub-cache\hosted\pub.dartlang.org\shared_preferences_linux-2.1.0\
[        ] Found plugin shared_preferences_macos at C:\Users\JORGE\Documents\flutter\flutter\.pub-cache\hosted\pub.dartlang.org\shared_preferences_macos-2.0.3\
[   +1 ms] Found plugin shared_preferences_web at C:\Users\JORGE\Documents\flutter\flutter\.pub-cache\hosted\pub.dartlang.org\shared_preferences_web-2.0.3\
[        ] Found plugin shared_preferences_windows at C:\Users\JORGE\Documents\flutter\flutter\.pub-cache\hosted\pub.dartlang.org\shared_preferences_windows-2.1.0\
[   +1 ms] Found plugin simple_s3 at C:\Users\JORGE\Documents\flutter\flutter\.pub-cache\hosted\pub.dartlang.org\simple_s3-0.3.2\
[        ] Found plugin smart_auth at C:\Users\JORGE\Documents\flutter\flutter\.pub-cache\hosted\pub.dartlang.org\smart_auth-1.0.5\
[   +7 ms] Found plugin video_player at C:\Users\JORGE\Documents\flutter\flutter\.pub-cache\hosted\pub.dartlang.org\video_player-2.4.2\
[        ] Found plugin video_player_android at C:\Users\JORGE\Documents\flutter\flutter\.pub-cache\hosted\pub.dartlang.org\video_player_android-2.3.4\
[        ] Found plugin video_player_avfoundation at C:\Users\JORGE\Documents\flutter\flutter\.pub-cache\hosted\pub.dartlang.org\video_player_avfoundation-2.3.4\
[   +1 ms] Found plugin video_player_web at C:\Users\JORGE\Documents\flutter\flutter\.pub-cache\hosted\pub.dartlang.org\video_player_web-2.0.10\
[        ] Found plugin video_thumbnail at C:\Users\JORGE\Documents\flutter\flutter\.pub-cache\hosted\pub.dartlang.org\video_thumbnail-0.5.0\
[   +1 ms] Found plugin wakelock at C:\Users\JORGE\Documents\flutter\flutter\.pub-cache\hosted\pub.dartlang.org\wakelock-0.6.1+2\
[        ] Found plugin wakelock_macos at C:\Users\JORGE\Documents\flutter\flutter\.pub-cache\hosted\pub.dartlang.org\wakelock_macos-0.4.0\
[        ] Found plugin wakelock_web at C:\Users\JORGE\Documents\flutter\flutter\.pub-cache\hosted\pub.dartlang.org\wakelock_web-0.4.0\
[   +7 ms] Found plugin camera at C:\Users\JORGE\Documents\GitHub\flutter-truvideo-enterprise\external-libs\camera\camera\
[   +5 ms] test 13: Observatory uri is not available
[   +1 ms] test 13: test harness socket server is running at port:51218
[        ] test 13: Starting flutter_tester process with command=[C:\Users\JORGE\Documents\flutter\flutter\bin\cache\artifacts\engine\windows-x64\flutter_tester.exe, --disable-observatory, --enable-checked-mode, --verify-entry-points, --enable-software-rendering, --skia-deterministic-rendering, --enable-dart-profiling, --non-interactive, --use-test-fonts, --packages=C:\Users\JORGE\Documents\GitHub\flutter-truvideo-enterprise\.dart_tool\package_config.json, C:\Users\JORGE\AppData\Local\Temp\flutter_tools.bbf6bc09\flutter_test_listener.d2782999\listener.dart.dill], environment={FLUTTER_TEST: true, FONTCONFIG_FILE: C:\Users\JORGE\AppData\Local\Temp\flutter_tools.bbf6bc09\flutter_test_fonts.c939a558/fonts.conf, SERVER_PORT: 51218, APP_NAME: truvideo_enterprise, UNIT_TEST_ASSETS: C:\Users\JORGE\Documents\GitHub\flutter-truvideo-enterprise\build\unit_test_assets}
[   +2 ms] <- recompile file:///C:/Users/JORGE/AppData/Local/Temp/flutter_tools.bbf6bc09/flutter_test_listener.19b3ee65/listener.dart cd54670e-c417-40cf-98ae-f2566dc7f19d
[        ] file:///C:/Users/JORGE/AppData/Local/Temp/flutter_tools.bbf6bc09/flutter_test_listener.19b3ee65/listener.dart
[        ] file:///C:/Users/JORGE/Documents/GitHub/flutter-truvideo-enterprise/.dart_tool/flutter_build/dart_plugin_registrant.dart
[        ] <- cd54670e-c417-40cf-98ae-f2566dc7f19d

00:14 +87 -5: C:\Users\JORGE\Documents\GitHub\flutter-truvideo-enterprise\test\service\auth\auth_test.dart: AuthTests .getLastAccessDate() should return null if date have a blank space               [   +8 ms] test 13: Started flutter_tester process at pid 13432

00:14 +87 -5: C:\Users\JORGE\Documents\GitHub\flutter-truvideo-enterprise\test\service\auth\auth_test.dart: AuthTests .getLastAccessDate() should return a DateTime                                    
00:14 +88 -5: C:\Users\JORGE\Documents\GitHub\flutter-truvideo-enterprise\test\service\auth\auth_test.dart: AuthTests .getLastAccessDate() should return a DateTime                                    
00:14 +88 -5: C:\Users\JORGE\Documents\GitHub\flutter-truvideo-enterprise\test\service\auth\auth_test.dart: AuthTests .getLastAccessDate() should return a null                                        
00:14 +89 -5: C:\Users\JORGE\Documents\GitHub\flutter-truvideo-enterprise\test\service\auth\auth_test.dart: AuthTests .getLastAccessDate() should return a null                                        
00:14 +89 -5: C:\Users\JORGE\Documents\GitHub\flutter-truvideo-enterprise\test\service\auth\auth_test.dart: AuthTests .deleteLastAccessDate() verify if localService is called                         
00:14 +90 -5: C:\Users\JORGE\Documents\GitHub\flutter-truvideo-enterprise\test\service\auth\auth_test.dart: AuthTests .deleteLastAccessDate() verify if localService is called                         
00:14 +90 -5: C:\Users\JORGE\Documents\GitHub\flutter-truvideo-enterprise\test\service\auth\auth_test.dart: AuthTests .logout() Validate correct parameters                                            
00:14 +91 -5: C:\Users\JORGE\Documents\GitHub\flutter-truvideo-enterprise\test\service\auth\auth_test.dart: AuthTests .logout() Validate correct parameters                                            
00:14 +91 -5: C:\Users\JORGE\Documents\GitHub\flutter-truvideo-enterprise\test\service\auth\auth_test.dart: AuthTests .logout() Should return if token is empty                                        
00:14 +92 -5: C:\Users\JORGE\Documents\GitHub\flutter-truvideo-enterprise\test\service\auth\auth_test.dart: AuthTests .logout() Should return if token is empty                                        
00:14 +92 -5: C:\Users\JORGE\Documents\GitHub\flutter-truvideo-enterprise\test\service\auth\auth_test.dart: AuthTests .getDealerInfo() should return exception when offline                            
00:14 +93 -5: C:\Users\JORGE\Documents\GitHub\flutter-truvideo-enterprise\test\service\auth\auth_test.dart: AuthTests .getDealerInfo() should return exception when offline                            
00:14 +93 -5: C:\Users\JORGE\Documents\GitHub\flutter-truvideo-enterprise\test\service\auth\auth_test.dart: AuthTests .getDealerInfo() validate correct parameters                                     
00:14 +94 -5: C:\Users\JORGE\Documents\GitHub\flutter-truvideo-enterprise\test\service\auth\auth_test.dart: AuthTests .getDealerInfo() validate correct parameters                                     
00:14 +94 -5: C:\Users\JORGE\Documents\GitHub\flutter-truvideo-enterprise\test\service\auth\auth_test.dart: AuthTests .getDealerInfo() should return null if there a error of response                 
00:14 +95 -5: C:\Users\JORGE\Documents\GitHub\flutter-truvideo-enterprise\test\service\auth\auth_test.dart: AuthTests .getDealerInfo() should return null if there a error of response                 
00:14 +95 -5: C:\Users\JORGE\Documents\GitHub\flutter-truvideo-enterprise\test\service\auth\auth_test.dart: AuthTests .getDealerInfo() should throw exception                                          
00:14 +96 -5: C:\Users\JORGE\Documents\GitHub\flutter-truvideo-enterprise\test\service\auth\auth_test.dart: AuthTests .getDealerInfo() should throw exception                                          
00:14 +96 -5: C:\Users\JORGE\Documents\GitHub\flutter-truvideo-enterprise\test\service\auth\auth_test.dart: AuthTests .getUsersForDealerCode() should return exception when offline                    
00:14 +97 -5: C:\Users\JORGE\Documents\GitHub\flutter-truvideo-enterprise\test\service\auth\auth_test.dart: AuthTests .getUsersForDealerCode() should return exception when offline                    
00:14 +97 -5: C:\Users\JORGE\Documents\GitHub\flutter-truvideo-enterprise\test\service\auth\auth_test.dart: AuthTests .getUsersForDealerCode() validate correct parameters                             
00:15 +98 -5: C:\Users\JORGE\Documents\GitHub\flutter-truvideo-enterprise\test\service\auth\auth_test.dart: AuthTests .getUsersForDealerCode() validate correct parameters                             
00:15 +98 -5: C:\Users\JORGE\Documents\GitHub\flutter-truvideo-enterprise\test\service\auth\auth_test.dart: AuthTests .getUsersForDealerCode() Should throw exception                                  
00:15 +99 -5: C:\Users\JORGE\Documents\GitHub\flutter-truvideo-enterprise\test\service\auth\auth_test.dart: AuthTests .getUsersForDealerCode() Should throw exception                                  
00:15 +99 -5: C:\Users\JORGE\Documents\GitHub\flutter-truvideo-enterprise\test\service\auth\auth_test.dart: AuthTests .storeDealerCode() should store dealerCode                                       
00:15 +100 -5: C:\Users\JORGE\Documents\GitHub\flutter-truvideo-enterprise\test\service\auth\auth_test.dart: AuthTests .storeDealerCode() should store dealerCode                                      
00:15 +100 -5: C:\Users\JORGE\Documents\GitHub\flutter-truvideo-enterprise\test\service\auth\auth_test.dart: AuthTests .clearDealerCode() Should delete dealerCode                                     
00:15 +101 -5: C:\Users\JORGE\Documents\GitHub\flutter-truvideo-enterprise\test\service\auth\auth_test.dart: AuthTests .clearDealerCode() Should delete dealerCode                                     
00:15 +101 -5: C:\Users\JORGE\Documents\GitHub\flutter-truvideo-enterprise\test\service\auth\auth_test.dart: AuthTests .getStoredDealerCode() Should read dealerCode                                   
00:15 +102 -5: C:\Users\JORGE\Documents\GitHub\flutter-truvideo-enterprise\test\service\auth\auth_test.dart: AuthTests .getStoredDealerCode() Should read dealerCode                                   
00:15 +102 -5: C:\Users\JORGE\Documents\GitHub\flutter-truvideo-enterprise\test\service\auth\auth_test.dart: AuthTests .create() should throw exception when is offline                                
00:15 +103 -5: C:\Users\JORGE\Documents\GitHub\flutter-truvideo-enterprise\test\service\auth\auth_test.dart: AuthTests .create() should throw exception when is offline                                
00:15 +103 -5: C:\Users\JORGE\Documents\GitHub\flutter-truvideo-enterprise\test\service\auth\auth_test.dart: AuthTests .create() Validate correct parameters                                           
00:15 +104 -5: C:\Users\JORGE\Documents\GitHub\flutter-truvideo-enterprise\test\service\auth\auth_test.dart: AuthTests .create() Validate correct parameters                                           
00:15 +104 -5: C:\Users\JORGE\Documents\GitHub\flutter-truvideo-enterprise\test\service\auth\auth_test.dart: AuthTests .create() should throw exception if there is a bad response                     
00:15 +105 -5: C:\Users\JORGE\Documents\GitHub\flutter-truvideo-enterprise\test\service\auth\auth_test.dart: AuthTests .create() should throw exception if there is a bad response                     
00:15 +105 -5: C:\Users\JORGE\Documents\GitHub\flutter-truvideo-enterprise\test\service\auth\auth_test.dart: AuthTests .create() should throw exception if error is different to DioError              
00:15 +106 -5: C:\Users\JORGE\Documents\GitHub\flutter-truvideo-enterprise\test\service\auth\auth_test.dart: AuthTests .create() should throw exception if error is different to DioError              
00:15 +106 -5: C:\Users\JORGE\Documents\GitHub\flutter-truvideo-enterprise\test\service\auth\auth_test.dart: AuthTests .streamDealerCodesHistory() StreamAll should be called                          [ +325 ms] test 12: connected to test device, now awaiting test result
[        ] test 12: Waiting for test harness or tests to finish
[  +65 ms] <- accept
[        ] <- reset
[        ] Compiling file:///C:/Users/JORGE/AppData/Local/Temp/flutter_tools.bbf6bc09/flutter_test_listener.19b3ee65/listener.dart took 569ms
[        ] Compiling file:///C:/Users/JORGE/AppData/Local/Temp/flutter_tools.bbf6bc09/flutter_test_listener.ec91b9bf/listener.dart
[        ] test 14: starting test device
[        ] test 14: awaiting connection to test device
[  +10 ms] Found plugin all_sensors2 at C:\Users\JORGE\Documents\flutter\flutter\.pub-cache\hosted\pub.dartlang.org\all_sensors2-1.0.1\
[   +1 ms] Found plugin battery_plus at C:\Users\JORGE\Documents\flutter\flutter\.pub-cache\hosted\pub.dartlang.org\battery_plus-2.1.3\
[        ] Found plugin battery_plus_linux at C:\Users\JORGE\Documents\flutter\flutter\.pub-cache\hosted\pub.dartlang.org\battery_plus_linux-1.1.1\
[        ] Found plugin battery_plus_macos at C:\Users\JORGE\Documents\flutter\flutter\.pub-cache\hosted\pub.dartlang.org\battery_plus_macos-1.1.1\
[        ] Found plugin battery_plus_web at C:\Users\JORGE\Documents\flutter\flutter\.pub-cache\hosted\pub.dartlang.org\battery_plus_web-1.1.0\
[        ] Found plugin battery_plus_windows at C:\Users\JORGE\Documents\flutter\flutter\.pub-cache\hosted\pub.dartlang.org\battery_plus_windows-1.1.0\
[        ] Found plugin biometric_storage at C:\Users\JORGE\Documents\flutter\flutter\.pub-cache\hosted\pub.dartlang.org\biometric_storage-4.1.1\
[   +6 ms] Found plugin connectivity_plus at C:\Users\JORGE\Documents\flutter\flutter\.pub-cache\hosted\pub.dartlang.org\connectivity_plus-2.3.0\
[        ] Found plugin connectivity_plus_linux at C:\Users\JORGE\Documents\flutter\flutter\.pub-cache\hosted\pub.dartlang.org\connectivity_plus_linux-1.3.0\
[        ] Found plugin connectivity_plus_macos at C:\Users\JORGE\Documents\flutter\flutter\.pub-cache\hosted\pub.dartlang.org\connectivity_plus_macos-1.2.2\
[        ] Found plugin connectivity_plus_web at C:\Users\JORGE\Documents\flutter\flutter\.pub-cache\hosted\pub.dartlang.org\connectivity_plus_web-1.2.0\
[        ] Found plugin connectivity_plus_windows at C:\Users\JORGE\Documents\flutter\flutter\.pub-cache\hosted\pub.dartlang.org\connectivity_plus_windows-1.2.0\
[   +2 ms] Found plugin device_info_plus at C:\Users\JORGE\Documents\flutter\flutter\.pub-cache\hosted\pub.dartlang.org\device_info_plus-3.2.3\
[        ] Found plugin device_info_plus_linux at C:\Users\JORGE\Documents\flutter\flutter\.pub-cache\hosted\pub.dartlang.org\device_info_plus_linux-2.1.1\
[        ] Found plugin device_info_plus_macos at C:\Users\JORGE\Documents\flutter\flutter\.pub-cache\hosted\pub.dartlang.org\device_info_plus_macos-2.2.3\
[   +1 ms] Found plugin device_info_plus_web at C:\Users\JORGE\Documents\flutter\flutter\.pub-cache\hosted\pub.dartlang.org\device_info_plus_web-2.1.0\
[   +1 ms] Found plugin device_info_plus_windows at C:\Users\JORGE\Documents\flutter\flutter\.pub-cache\hosted\pub.dartlang.org\device_info_plus_windows-2.1.1\
[   +1 ms] Found plugin disk_space at C:\Users\JORGE\Documents\flutter\flutter\.pub-cache\hosted\pub.dartlang.org\disk_space-0.2.1\
[   +3 ms] Found plugin external_storage_size at C:\Users\JORGE\Documents\flutter\flutter\.pub-cache\hosted\pub.dartlang.org\external_storage_size-0.0.3\
[   +3 ms] Found plugin firebase_analytics at C:\Users\JORGE\Documents\flutter\flutter\.pub-cache\hosted\pub.dartlang.org\firebase_analytics-9.1.7\
[        ] Found plugin firebase_analytics_web at C:\Users\JORGE\Documents\flutter\flutter\.pub-cache\hosted\pub.dartlang.org\firebase_analytics_web-0.4.0+13\
[        ] Found plugin firebase_core at C:\Users\JORGE\Documents\flutter\flutter\.pub-cache\hosted\pub.dartlang.org\firebase_core-1.16.0\
[        ] Found plugin firebase_core_web at C:\Users\JORGE\Documents\flutter\flutter\.pub-cache\hosted\pub.dartlang.org\firebase_core_web-1.6.4\
[        ] Found plugin firebase_crashlytics at C:\Users\JORGE\Documents\flutter\flutter\.pub-cache\hosted\pub.dartlang.org\firebase_crashlytics-2.7.2\
[   +1 ms] Found plugin firebase_messaging at C:\Users\JORGE\Documents\flutter\flutter\.pub-cache\hosted\pub.dartlang.org\firebase_messaging-11.3.0\
[   +1 ms] Found plugin firebase_messaging_web at C:\Users\JORGE\Documents\flutter\flutter\.pub-cache\hosted\pub.dartlang.org\firebase_messaging_web-2.4.0\
[        ] Found plugin flutter_ffmpeg at C:\Users\JORGE\Documents\flutter\flutter\.pub-cache\hosted\pub.dartlang.org\flutter_ffmpeg-0.4.2\
[   +1 ms] Found plugin flutter_image_compress at C:\Users\JORGE\Documents\flutter\flutter\.pub-cache\hosted\pub.dartlang.org\flutter_image_compress-1.1.0\
[        ] Found plugin flutter_libphonenumber at C:\Users\JORGE\Documents\flutter\flutter\.pub-cache\hosted\pub.dartlang.org\flutter_libphonenumber-1.2.4\
[        ] Found plugin flutter_plugin_android_lifecycle at C:\Users\JORGE\Documents\flutter\flutter\.pub-cache\hosted\pub.dartlang.org\flutter_plugin_android_lifecycle-2.0.6\
[   +1 ms] Found plugin flutter_twilio at C:\Users\JORGE\Documents\flutter\flutter\.pub-cache\hosted\pub.dartlang.org\flutter_twilio-0.0.17\
[        ] Found plugin fluttertoast at C:\Users\JORGE\Documents\flutter\flutter\.pub-cache\hosted\pub.dartlang.org\fluttertoast-8.0.9\
[   +6 ms] Found plugin ios_physical_memory at C:\Users\JORGE\Documents\flutter\flutter\.pub-cache\hosted\pub.dartlang.org\ios_physical_memory-0.0.6\
[   +5 ms] Found plugin media_info at C:\Users\JORGE\Documents\flutter\flutter\.pub-cache\hosted\pub.dartlang.org\media_info-0.10.0\
[   +5 ms] Found plugin package_info_plus at C:\Users\JORGE\Documents\flutter\flutter\.pub-cache\hosted\pub.dartlang.org\package_info_plus-1.4.2\
[        ] Found plugin package_info_plus_linux at C:\Users\JORGE\Documents\flutter\flutter\.pub-cache\hosted\pub.dartlang.org\package_info_plus_linux-1.0.5\
[        ] Found plugin package_info_plus_macos at C:\Users\JORGE\Documents\flutter\flutter\.pub-cache\hosted\pub.dartlang.org\package_info_plus_macos-1.3.0\
[   +1 ms] Found plugin package_info_plus_web at C:\Users\JORGE\Documents\flutter\flutter\.pub-cache\hosted\pub.dartlang.org\package_info_plus_web-1.0.5\
[        ] Found plugin package_info_plus_windows at C:\Users\JORGE\Documents\flutter\flutter\.pub-cache\hosted\pub.dartlang.org\package_info_plus_windows-1.0.5\
[   +1 ms] Found plugin path_provider at C:\Users\JORGE\Documents\flutter\flutter\.pub-cache\hosted\pub.dartlang.org\path_provider-2.0.10\
[   +1 ms] Found plugin path_provider_android at C:\Users\JORGE\Documents\flutter\flutter\.pub-cache\hosted\pub.dartlang.org\path_provider_android-2.0.12\
[        ] Found plugin path_provider_ios at C:\Users\JORGE\Documents\flutter\flutter\.pub-cache\hosted\pub.dartlang.org\path_provider_ios-2.0.8\
[        ] Found plugin path_provider_linux at C:\Users\JORGE\Documents\flutter\flutter\.pub-cache\hosted\pub.dartlang.org\path_provider_linux-2.1.5\
[        ] Found plugin path_provider_macos at C:\Users\JORGE\Documents\flutter\flutter\.pub-cache\hosted\pub.dartlang.org\path_provider_macos-2.0.5\
[   +1 ms] Found plugin path_provider_windows at C:\Users\JORGE\Documents\flutter\flutter\.pub-cache\hosted\pub.dartlang.org\path_provider_windows-2.0.5\
[        ] Found plugin permission_handler at C:\Users\JORGE\Documents\flutter\flutter\.pub-cache\hosted\pub.dartlang.org\permission_handler-9.2.0\
[        ] Found plugin permission_handler_android at C:\Users\JORGE\Documents\flutter\flutter\.pub-cache\hosted\pub.dartlang.org\permission_handler_android-9.0.2+1\
[        ] Found plugin permission_handler_apple at C:\Users\JORGE\Documents\flutter\flutter\.pub-cache\hosted\pub.dartlang.org\permission_handler_apple-9.0.4\
[        ] Found plugin permission_handler_windows at C:\Users\JORGE\Documents\flutter\flutter\.pub-cache\hosted\pub.dartlang.org\permission_handler_windows-0.1.0\
[        ] Found plugin photo_manager at C:\Users\JORGE\Documents\flutter\flutter\.pub-cache\hosted\pub.dartlang.org\photo_manager-2.0.9\
[   +3 ms] Found plugin shared_preferences at C:\Users\JORGE\Documents\flutter\flutter\.pub-cache\hosted\pub.dartlang.org\shared_preferences-2.0.13\
[        ] Found plugin shared_preferences_android at C:\Users\JORGE\Documents\flutter\flutter\.pub-cache\hosted\pub.dartlang.org\shared_preferences_android-2.0.11\
[        ] Found plugin shared_preferences_ios at C:\Users\JORGE\Documents\flutter\flutter\.pub-cache\hosted\pub.dartlang.org\shared_preferences_ios-2.1.0\
[        ] Found plugin shared_preferences_linux at C:\Users\JORGE\Documents\flutter\flutter\.pub-cache\hosted\pub.dartlang.org\shared_preferences_linux-2.1.0\
[        ] Found plugin shared_preferences_macos at C:\Users\JORGE\Documents\flutter\flutter\.pub-cache\hosted\pub.dartlang.org\shared_preferences_macos-2.0.3\
[        ] Found plugin shared_preferences_web at C:\Users\JORGE\Documents\flutter\flutter\.pub-cache\hosted\pub.dartlang.org\shared_preferences_web-2.0.3\
[        ] Found plugin shared_preferences_windows at C:\Users\JORGE\Documents\flutter\flutter\.pub-cache\hosted\pub.dartlang.org\shared_preferences_windows-2.1.0\
[   +1 ms] Found plugin simple_s3 at C:\Users\JORGE\Documents\flutter\flutter\.pub-cache\hosted\pub.dartlang.org\simple_s3-0.3.2\
[        ] Found plugin smart_auth at C:\Users\JORGE\Documents\flutter\flutter\.pub-cache\hosted\pub.dartlang.org\smart_auth-1.0.5\
[   +6 ms] Found plugin video_player at C:\Users\JORGE\Documents\flutter\flutter\.pub-cache\hosted\pub.dartlang.org\video_player-2.4.2\
[        ] Found plugin video_player_android at C:\Users\JORGE\Documents\flutter\flutter\.pub-cache\hosted\pub.dartlang.org\video_player_android-2.3.4\
[        ] Found plugin video_player_avfoundation at C:\Users\JORGE\Documents\flutter\flutter\.pub-cache\hosted\pub.dartlang.org\video_player_avfoundation-2.3.4\
[        ] Found plugin video_player_web at C:\Users\JORGE\Documents\flutter\flutter\.pub-cache\hosted\pub.dartlang.org\video_player_web-2.0.10\
[        ] Found plugin video_thumbnail at C:\Users\JORGE\Documents\flutter\flutter\.pub-cache\hosted\pub.dartlang.org\video_thumbnail-0.5.0\
[        ] Found plugin wakelock at C:\Users\JORGE\Documents\flutter\flutter\.pub-cache\hosted\pub.dartlang.org\wakelock-0.6.1+2\
[        ] Found plugin wakelock_macos at C:\Users\JORGE\Documents\flutter\flutter\.pub-cache\hosted\pub.dartlang.org\wakelock_macos-0.4.0\
[        ] Found plugin wakelock_web at C:\Users\JORGE\Documents\flutter\flutter\.pub-cache\hosted\pub.dartlang.org\wakelock_web-0.4.0\
[   +4 ms] Found plugin camera at C:\Users\JORGE\Documents\GitHub\flutter-truvideo-enterprise\external-libs\camera\camera\
[   +4 ms] test 14: Observatory uri is not available
[        ] test 14: test harness socket server is running at port:51222
[        ] test 14: Starting flutter_tester process with command=[C:\Users\JORGE\Documents\flutter\flutter\bin\cache\artifacts\engine\windows-x64\flutter_tester.exe, --disable-observatory, --enable-checked-mode, --verify-entry-points, --enable-software-rendering, --skia-deterministic-rendering, --enable-dart-profiling, --non-interactive, --use-test-fonts, --packages=C:\Users\JORGE\Documents\GitHub\flutter-truvideo-enterprise\.dart_tool\package_config.json, C:\Users\JORGE\AppData\Local\Temp\flutter_tools.bbf6bc09\flutter_test_listener.19b3ee65\listener.dart.dill], environment={FLUTTER_TEST: true, FONTCONFIG_FILE: C:\Users\JORGE\AppData\Local\Temp\flutter_tools.bbf6bc09\flutter_test_fonts.c939a558/fonts.conf, SERVER_PORT: 51222, APP_NAME: truvideo_enterprise, UNIT_TEST_ASSETS: C:\Users\JORGE\Documents\GitHub\flutter-truvideo-enterprise\build\unit_test_assets}
[        ] <- recompile file:///C:/Users/JORGE/AppData/Local/Temp/flutter_tools.bbf6bc09/flutter_test_listener.ec91b9bf/listener.dart 37c8d3ba-cbf7-4cb3-a3a8-1056a68e12e9
[        ] file:///C:/Users/JORGE/AppData/Local/Temp/flutter_tools.bbf6bc09/flutter_test_listener.ec91b9bf/listener.dart
[        ] file:///C:/Users/JORGE/Documents/GitHub/flutter-truvideo-enterprise/.dart_tool/flutter_build/dart_plugin_registrant.dart
[        ] <- 37c8d3ba-cbf7-4cb3-a3a8-1056a68e12e9
[   +7 ms] test 14: Started flutter_tester process at pid 17476

00:15 +107 -5: C:\Users\JORGE\Documents\GitHub\flutter-truvideo-enterprise\test\service\auth\auth_test.dart: AuthTests .streamDealerCodesHistory() StreamAll should be called                          
00:15 +108 -5: C:\Users\JORGE\Documents\GitHub\flutter-truvideo-enterprise\test\service\auth\auth_test.dart: AuthTests .streamDealerCodesHistory() StreamAll should be called                          
00:15 +109 -5: C:\Users\JORGE\Documents\GitHub\flutter-truvideo-enterprise\test\service\auth\auth_test.dart: AuthTests .streamDealerCodesHistory() StreamAll should be called                          [  +38 ms] test 12: Test harness is no longer needed by test process
[        ] test 12: finished
[        ] test 12: cleaning up...
[        ] test 12: ensuring test device is terminated.
[        ] test 12: Terminating flutter_tester process
[        ] test 12: Shutting down test harness socket server
[        ] test 12: Test process is no longer needed by test harness
[  +18 ms] test 12: flutter_tester process at pid 17192 exited with code=-1
[        ] test 12: deleting temporary directory
[   +5 ms] test 12: finished
[        ] test 16: starting test C:\Users\JORGE\Documents\GitHub\flutter-truvideo-enterprise\test\video_sesion\video_sesions_test.dart
[   +2 ms] Stopping scan for flutter_test_config.dart; found project root at C:\Users\JORGE\Documents\GitHub\flutter-truvideo-enterprise
[ +184 ms] test 13: connected to test device, now awaiting test result
[        ] test 13: Waiting for test harness or tests to finish

00:15 +110 -5: C:\Users\JORGE\Documents\GitHub\flutter-truvideo-enterprise\test\service\auth\auth_test.dart: AuthTests .streamDealerCodesHistory() StreamAll should be called                          
00:15 +111 -5: C:\Users\JORGE\Documents\GitHub\flutter-truvideo-enterprise\test\service\auth\auth_test.dart: AuthTests .streamDealerCodesHistory() StreamAll should be called                          
00:15 +112 -5: C:\Users\JORGE\Documents\GitHub\flutter-truvideo-enterprise\test\service\auth\auth_test.dart: AuthTests .streamDealerCodesHistory() StreamAll should be called                          [ +140 ms] test 13: Test harness is no longer needed by test process
[        ] test 13: finished
[        ] test 13: cleaning up...
[        ] test 13: ensuring test device is terminated.
[        ] test 13: Terminating flutter_tester process
[        ] test 13: Shutting down test harness socket server
[        ] test 13: Test process is no longer needed by test harness
[  +13 ms] test 13: flutter_tester process at pid 13432 exited with code=-1
[        ] test 13: deleting temporary directory
[   +5 ms] test 13: finished
[        ] test 17: starting test C:\Users\JORGE\Documents\GitHub\flutter-truvideo-enterprise\test\voip\voip_test.dart
[   +2 ms] Stopping scan for flutter_test_config.dart; found project root at C:\Users\JORGE\Documents\GitHub\flutter-truvideo-enterprise
[ +133 ms] <- accept
[        ] <- reset
[        ] Compiling file:///C:/Users/JORGE/AppData/Local/Temp/flutter_tools.bbf6bc09/flutter_test_listener.ec91b9bf/listener.dart took 665ms
[        ] Compiling file:///C:/Users/JORGE/AppData/Local/Temp/flutter_tools.bbf6bc09/flutter_test_listener.6a67b1cb/listener.dart
[        ] test 15: starting test device
[        ] test 15: awaiting connection to test device
[   +9 ms] Found plugin all_sensors2 at C:\Users\JORGE\Documents\flutter\flutter\.pub-cache\hosted\pub.dartlang.org\all_sensors2-1.0.1\
[   +2 ms] Found plugin battery_plus at C:\Users\JORGE\Documents\flutter\flutter\.pub-cache\hosted\pub.dartlang.org\battery_plus-2.1.3\
[        ] Found plugin battery_plus_linux at C:\Users\JORGE\Documents\flutter\flutter\.pub-cache\hosted\pub.dartlang.org\battery_plus_linux-1.1.1\
[        ] Found plugin battery_plus_macos at C:\Users\JORGE\Documents\flutter\flutter\.pub-cache\hosted\pub.dartlang.org\battery_plus_macos-1.1.1\
[   +1 ms] Found plugin battery_plus_web at C:\Users\JORGE\Documents\flutter\flutter\.pub-cache\hosted\pub.dartlang.org\battery_plus_web-1.1.0\
[        ] Found plugin battery_plus_windows at C:\Users\JORGE\Documents\flutter\flutter\.pub-cache\hosted\pub.dartlang.org\battery_plus_windows-1.1.0\
[        ] Found plugin biometric_storage at C:\Users\JORGE\Documents\flutter\flutter\.pub-cache\hosted\pub.dartlang.org\biometric_storage-4.1.1\
[   +7 ms] Found plugin connectivity_plus at C:\Users\JORGE\Documents\flutter\flutter\.pub-cache\hosted\pub.dartlang.org\connectivity_plus-2.3.0\
[        ] Found plugin connectivity_plus_linux at C:\Users\JORGE\Documents\flutter\flutter\.pub-cache\hosted\pub.dartlang.org\connectivity_plus_linux-1.3.0\
[        ] Found plugin connectivity_plus_macos at C:\Users\JORGE\Documents\flutter\flutter\.pub-cache\hosted\pub.dartlang.org\connectivity_plus_macos-1.2.2\
[        ] Found plugin connectivity_plus_web at C:\Users\JORGE\Documents\flutter\flutter\.pub-cache\hosted\pub.dartlang.org\connectivity_plus_web-1.2.0\
[        ] Found plugin connectivity_plus_windows at C:\Users\JORGE\Documents\flutter\flutter\.pub-cache\hosted\pub.dartlang.org\connectivity_plus_windows-1.2.0\
[   +3 ms] Found plugin device_info_plus at C:\Users\JORGE\Documents\flutter\flutter\.pub-cache\hosted\pub.dartlang.org\device_info_plus-3.2.3\
[        ] Found plugin device_info_plus_linux at C:\Users\JORGE\Documents\flutter\flutter\.pub-cache\hosted\pub.dartlang.org\device_info_plus_linux-2.1.1\
[        ] Found plugin device_info_plus_macos at C:\Users\JORGE\Documents\flutter\flutter\.pub-cache\hosted\pub.dartlang.org\device_info_plus_macos-2.2.3\
[        ] Found plugin device_info_plus_web at C:\Users\JORGE\Documents\flutter\flutter\.pub-cache\hosted\pub.dartlang.org\device_info_plus_web-2.1.0\
[        ] Found plugin device_info_plus_windows at C:\Users\JORGE\Documents\flutter\flutter\.pub-cache\hosted\pub.dartlang.org\device_info_plus_windows-2.1.1\
[   +1 ms] Found plugin disk_space at C:\Users\JORGE\Documents\flutter\flutter\.pub-cache\hosted\pub.dartlang.org\disk_space-0.2.1\
[   +2 ms] Found plugin external_storage_size at C:\Users\JORGE\Documents\flutter\flutter\.pub-cache\hosted\pub.dartlang.org\external_storage_size-0.0.3\
[   +3 ms] Found plugin firebase_analytics at C:\Users\JORGE\Documents\flutter\flutter\.pub-cache\hosted\pub.dartlang.org\firebase_analytics-9.1.7\
[   +1 ms] Found plugin firebase_analytics_web at C:\Users\JORGE\Documents\flutter\flutter\.pub-cache\hosted\pub.dartlang.org\firebase_analytics_web-0.4.0+13\
[        ] Found plugin firebase_core at C:\Users\JORGE\Documents\flutter\flutter\.pub-cache\hosted\pub.dartlang.org\firebase_core-1.16.0\
[   +1 ms] Found plugin firebase_core_web at C:\Users\JORGE\Documents\flutter\flutter\.pub-cache\hosted\pub.dartlang.org\firebase_core_web-1.6.4\
[        ] Found plugin firebase_crashlytics at C:\Users\JORGE\Documents\flutter\flutter\.pub-cache\hosted\pub.dartlang.org\firebase_crashlytics-2.7.2\
[   +1 ms] Found plugin firebase_messaging at C:\Users\JORGE\Documents\flutter\flutter\.pub-cache\hosted\pub.dartlang.org\firebase_messaging-11.3.0\
[   +1 ms] Found plugin firebase_messaging_web at C:\Users\JORGE\Documents\flutter\flutter\.pub-cache\hosted\pub.dartlang.org\firebase_messaging_web-2.4.0\
[   +1 ms] Found plugin flutter_ffmpeg at C:\Users\JORGE\Documents\flutter\flutter\.pub-cache\hosted\pub.dartlang.org\flutter_ffmpeg-0.4.2\
[   +1 ms] Found plugin flutter_image_compress at C:\Users\JORGE\Documents\flutter\flutter\.pub-cache\hosted\pub.dartlang.org\flutter_image_compress-1.1.0\
[        ] Found plugin flutter_libphonenumber at C:\Users\JORGE\Documents\flutter\flutter\.pub-cache\hosted\pub.dartlang.org\flutter_libphonenumber-1.2.4\
[        ] Found plugin flutter_plugin_android_lifecycle at C:\Users\JORGE\Documents\flutter\flutter\.pub-cache\hosted\pub.dartlang.org\flutter_plugin_android_lifecycle-2.0.6\
[   +1 ms] Found plugin flutter_twilio at C:\Users\JORGE\Documents\flutter\flutter\.pub-cache\hosted\pub.dartlang.org\flutter_twilio-0.0.17\
[        ] Found plugin fluttertoast at C:\Users\JORGE\Documents\flutter\flutter\.pub-cache\hosted\pub.dartlang.org\fluttertoast-8.0.9\
[  +10 ms] Found plugin ios_physical_memory at C:\Users\JORGE\Documents\flutter\flutter\.pub-cache\hosted\pub.dartlang.org\ios_physical_memory-0.0.6\
[   +3 ms] Found plugin media_info at C:\Users\JORGE\Documents\flutter\flutter\.pub-cache\hosted\pub.dartlang.org\media_info-0.10.0\
[   +2 ms] Found plugin package_info_plus at C:\Users\JORGE\Documents\flutter\flutter\.pub-cache\hosted\pub.dartlang.org\package_info_plus-1.4.2\
[        ] Found plugin package_info_plus_linux at C:\Users\JORGE\Documents\flutter\flutter\.pub-cache\hosted\pub.dartlang.org\package_info_plus_linux-1.0.5\
[        ] Found plugin package_info_plus_macos at C:\Users\JORGE\Documents\flutter\flutter\.pub-cache\hosted\pub.dartlang.org\package_info_plus_macos-1.3.0\
[   +1 ms] Found plugin package_info_plus_web at C:\Users\JORGE\Documents\flutter\flutter\.pub-cache\hosted\pub.dartlang.org\package_info_plus_web-1.0.5\
[        ] Found plugin package_info_plus_windows at C:\Users\JORGE\Documents\flutter\flutter\.pub-cache\hosted\pub.dartlang.org\package_info_plus_windows-1.0.5\
[   +1 ms] Found plugin path_provider at C:\Users\JORGE\Documents\flutter\flutter\.pub-cache\hosted\pub.dartlang.org\path_provider-2.0.10\
[        ] Found plugin path_provider_android at C:\Users\JORGE\Documents\flutter\flutter\.pub-cache\hosted\pub.dartlang.org\path_provider_android-2.0.12\
[        ] Found plugin path_provider_ios at C:\Users\JORGE\Documents\flutter\flutter\.pub-cache\hosted\pub.dartlang.org\path_provider_ios-2.0.8\
[        ] Found plugin path_provider_linux at C:\Users\JORGE\Documents\flutter\flutter\.pub-cache\hosted\pub.dartlang.org\path_provider_linux-2.1.5\
[        ] Found plugin path_provider_macos at C:\Users\JORGE\Documents\flutter\flutter\.pub-cache\hosted\pub.dartlang.org\path_provider_macos-2.0.5\
[        ] Found plugin path_provider_windows at C:\Users\JORGE\Documents\flutter\flutter\.pub-cache\hosted\pub.dartlang.org\path_provider_windows-2.0.5\
[        ] Found plugin permission_handler at C:\Users\JORGE\Documents\flutter\flutter\.pub-cache\hosted\pub.dartlang.org\permission_handler-9.2.0\
[        ] Found plugin permission_handler_android at C:\Users\JORGE\Documents\flutter\flutter\.pub-cache\hosted\pub.dartlang.org\permission_handler_android-9.0.2+1\
[        ] Found plugin permission_handler_apple at C:\Users\JORGE\Documents\flutter\flutter\.pub-cache\hosted\pub.dartlang.org\permission_handler_apple-9.0.4\
[        ] Found plugin permission_handler_windows at C:\Users\JORGE\Documents\flutter\flutter\.pub-cache\hosted\pub.dartlang.org\permission_handler_windows-0.1.0\
[        ] Found plugin photo_manager at C:\Users\JORGE\Documents\flutter\flutter\.pub-cache\hosted\pub.dartlang.org\photo_manager-2.0.9\
[   +4 ms] Found plugin shared_preferences at C:\Users\JORGE\Documents\flutter\flutter\.pub-cache\hosted\pub.dartlang.org\shared_preferences-2.0.13\
[        ] Found plugin shared_preferences_android at C:\Users\JORGE\Documents\flutter\flutter\.pub-cache\hosted\pub.dartlang.org\shared_preferences_android-2.0.11\
[        ] Found plugin shared_preferences_ios at C:\Users\JORGE\Documents\flutter\flutter\.pub-cache\hosted\pub.dartlang.org\shared_preferences_ios-2.1.0\
[        ] Found plugin shared_preferences_linux at C:\Users\JORGE\Documents\flutter\flutter\.pub-cache\hosted\pub.dartlang.org\shared_preferences_linux-2.1.0\
[        ] Found plugin shared_preferences_macos at C:\Users\JORGE\Documents\flutter\flutter\.pub-cache\hosted\pub.dartlang.org\shared_preferences_macos-2.0.3\
[   +1 ms] Found plugin shared_preferences_web at C:\Users\JORGE\Documents\flutter\flutter\.pub-cache\hosted\pub.dartlang.org\shared_preferences_web-2.0.3\
[        ] Found plugin shared_preferences_windows at C:\Users\JORGE\Documents\flutter\flutter\.pub-cache\hosted\pub.dartlang.org\shared_preferences_windows-2.1.0\
[   +1 ms] Found plugin simple_s3 at C:\Users\JORGE\Documents\flutter\flutter\.pub-cache\hosted\pub.dartlang.org\simple_s3-0.3.2\
[   +1 ms] Found plugin smart_auth at C:\Users\JORGE\Documents\flutter\flutter\.pub-cache\hosted\pub.dartlang.org\smart_auth-1.0.5\
[  +12 ms] Found plugin video_player at C:\Users\JORGE\Documents\flutter\flutter\.pub-cache\hosted\pub.dartlang.org\video_player-2.4.2\
[        ] Found plugin video_player_android at C:\Users\JORGE\Documents\flutter\flutter\.pub-cache\hosted\pub.dartlang.org\video_player_android-2.3.4\
[        ] Found plugin video_player_avfoundation at C:\Users\JORGE\Documents\flutter\flutter\.pub-cache\hosted\pub.dartlang.org\video_player_avfoundation-2.3.4\
[        ] Found plugin video_player_web at C:\Users\JORGE\Documents\flutter\flutter\.pub-cache\hosted\pub.dartlang.org\video_player_web-2.0.10\
[        ] Found plugin video_thumbnail at C:\Users\JORGE\Documents\flutter\flutter\.pub-cache\hosted\pub.dartlang.org\video_thumbnail-0.5.0\
[   +1 ms] Found plugin wakelock at C:\Users\JORGE\Documents\flutter\flutter\.pub-cache\hosted\pub.dartlang.org\wakelock-0.6.1+2\
[   +1 ms] Found plugin wakelock_macos at C:\Users\JORGE\Documents\flutter\flutter\.pub-cache\hosted\pub.dartlang.org\wakelock_macos-0.4.0\
[   +1 ms] Found plugin wakelock_web at C:\Users\JORGE\Documents\flutter\flutter\.pub-cache\hosted\pub.dartlang.org\wakelock_web-0.4.0\
[   +4 ms] Found plugin camera at C:\Users\JORGE\Documents\GitHub\flutter-truvideo-enterprise\external-libs\camera\camera\
[   +4 ms] test 15: Observatory uri is not available
[        ] test 15: test harness socket server is running at port:51225
[        ] test 15: Starting flutter_tester process with command=[C:\Users\JORGE\Documents\flutter\flutter\bin\cache\artifacts\engine\windows-x64\flutter_tester.exe, --disable-observatory, --enable-checked-mode, --verify-entry-points, --enable-software-rendering, --skia-deterministic-rendering, --enable-dart-profiling, --non-interactive, --use-test-fonts, --packages=C:\Users\JORGE\Documents\GitHub\flutter-truvideo-enterprise\.dart_tool\package_config.json, C:\Users\JORGE\AppData\Local\Temp\flutter_tools.bbf6bc09\flutter_test_listener.ec91b9bf\listener.dart.dill], environment={FLUTTER_TEST: true, FONTCONFIG_FILE: C:\Users\JORGE\AppData\Local\Temp\flutter_tools.bbf6bc09\flutter_test_fonts.c939a558/fonts.conf, SERVER_PORT: 51225, APP_NAME: truvideo_enterprise, UNIT_TEST_ASSETS: C:\Users\JORGE\Documents\GitHub\flutter-truvideo-enterprise\build\unit_test_assets}
[   +1 ms] <- recompile file:///C:/Users/JORGE/AppData/Local/Temp/flutter_tools.bbf6bc09/flutter_test_listener.6a67b1cb/listener.dart 16b64844-3e88-428f-86db-78d5cce6eb60
[        ] file:///C:/Users/JORGE/AppData/Local/Temp/flutter_tools.bbf6bc09/flutter_test_listener.6a67b1cb/listener.dart
[        ] file:///C:/Users/JORGE/Documents/GitHub/flutter-truvideo-enterprise/.dart_tool/flutter_build/dart_plugin_registrant.dart
[        ] <- 16b64844-3e88-428f-86db-78d5cce6eb60

00:16 +112 -5: C:\Users\JORGE\Documents\GitHub\flutter-truvideo-enterprise\test\service\auth\auth_test.dart: AuthTests .streamDealerCodesHistory() StreamAll should be called                          [  +11 ms] test 15: Started flutter_tester process at pid 11368
[   +2 ms] test 14: connected to test device, now awaiting test result
[        ] test 14: Waiting for test harness or tests to finish

00:16 +113 -5: C:\Users\JORGE\Documents\GitHub\flutter-truvideo-enterprise\test\service\auth\auth_test.dart: AuthTests .streamDealerCodesHistory() StreamAll should be called                          
00:16 +113 -5: C:\Users\JORGE\Documents\GitHub\flutter-truvideo-enterprise\test\service\auth\auth_test.dart: AuthTests .streamDealerCodesHistory() Should return empty in case of parsing error        
00:16 +114 -5: C:\Users\JORGE\Documents\GitHub\flutter-truvideo-enterprise\test\service\auth\auth_test.dart: AuthTests .streamDealerCodesHistory() Should return empty in case of parsing error        
00:16 +115 -5: C:\Users\JORGE\Documents\GitHub\flutter-truvideo-enterprise\test\service\auth\auth_test.dart: AuthTests .streamDealerCodesHistory() Should return empty in case of parsing error        
00:16 +116 -5: C:\Users\JORGE\Documents\GitHub\flutter-truvideo-enterprise\test\service\auth\auth_test.dart: AuthTests .streamDealerCodesHistory() Should return empty in case of parsing error        
00:16 +117 -5: C:\Users\JORGE\Documents\GitHub\flutter-truvideo-enterprise\test\service\auth\auth_test.dart: AuthTests .streamDealerCodesHistory() Should return empty in case of parsing error        
00:16 +118 -5: C:\Users\JORGE\Documents\GitHub\flutter-truvideo-enterprise\test\service\auth\auth_test.dart: AuthTests .streamDealerCodesHistory() Should return empty in case of parsing error        
00:16 +119 -5: C:\Users\JORGE\Documents\GitHub\flutter-truvideo-enterprise\test\service\auth\auth_test.dart: AuthTests .streamDealerCodesHistory() Should return empty in case of parsing error        [ +324 ms] <- accept
[        ] <- reset
[        ] Compiling file:///C:/Users/JORGE/AppData/Local/Temp/flutter_tools.bbf6bc09/flutter_test_listener.6a67b1cb/listener.dart took 465ms
[        ] Compiling file:///C:/Users/JORGE/AppData/Local/Temp/flutter_tools.bbf6bc09/flutter_test_listener.1015f1da/listener.dart
[        ] test 16: starting test device
[        ] test 16: awaiting connection to test device
[   +8 ms] Found plugin all_sensors2 at C:\Users\JORGE\Documents\flutter\flutter\.pub-cache\hosted\pub.dartlang.org\all_sensors2-1.0.1\
[   +3 ms] Found plugin battery_plus at C:\Users\JORGE\Documents\flutter\flutter\.pub-cache\hosted\pub.dartlang.org\battery_plus-2.1.3\
[   +2 ms] Found plugin battery_plus_linux at C:\Users\JORGE\Documents\flutter\flutter\.pub-cache\hosted\pub.dartlang.org\battery_plus_linux-1.1.1\
[        ] Found plugin battery_plus_macos at C:\Users\JORGE\Documents\flutter\flutter\.pub-cache\hosted\pub.dartlang.org\battery_plus_macos-1.1.1\
[   +1 ms] Found plugin battery_plus_web at C:\Users\JORGE\Documents\flutter\flutter\.pub-cache\hosted\pub.dartlang.org\battery_plus_web-1.1.0\
[        ] Found plugin battery_plus_windows at C:\Users\JORGE\Documents\flutter\flutter\.pub-cache\hosted\pub.dartlang.org\battery_plus_windows-1.1.0\
[        ] Found plugin biometric_storage at C:\Users\JORGE\Documents\flutter\flutter\.pub-cache\hosted\pub.dartlang.org\biometric_storage-4.1.1\
[   +8 ms] Found plugin connectivity_plus at C:\Users\JORGE\Documents\flutter\flutter\.pub-cache\hosted\pub.dartlang.org\connectivity_plus-2.3.0\
[        ] Found plugin connectivity_plus_linux at C:\Users\JORGE\Documents\flutter\flutter\.pub-cache\hosted\pub.dartlang.org\connectivity_plus_linux-1.3.0\
[        ] Found plugin connectivity_plus_macos at C:\Users\JORGE\Documents\flutter\flutter\.pub-cache\hosted\pub.dartlang.org\connectivity_plus_macos-1.2.2\
[   +1 ms] Found plugin connectivity_plus_web at C:\Users\JORGE\Documents\flutter\flutter\.pub-cache\hosted\pub.dartlang.org\connectivity_plus_web-1.2.0\
[   +1 ms] Found plugin connectivity_plus_windows at C:\Users\JORGE\Documents\flutter\flutter\.pub-cache\hosted\pub.dartlang.org\connectivity_plus_windows-1.2.0\
[   +3 ms] Found plugin device_info_plus at C:\Users\JORGE\Documents\flutter\flutter\.pub-cache\hosted\pub.dartlang.org\device_info_plus-3.2.3\
[        ] Found plugin device_info_plus_linux at C:\Users\JORGE\Documents\flutter\flutter\.pub-cache\hosted\pub.dartlang.org\device_info_plus_linux-2.1.1\
[        ] Found plugin device_info_plus_macos at C:\Users\JORGE\Documents\flutter\flutter\.pub-cache\hosted\pub.dartlang.org\device_info_plus_macos-2.2.3\
[        ] Found plugin device_info_plus_web at C:\Users\JORGE\Documents\flutter\flutter\.pub-cache\hosted\pub.dartlang.org\device_info_plus_web-2.1.0\
[        ] Found plugin device_info_plus_windows at C:\Users\JORGE\Documents\flutter\flutter\.pub-cache\hosted\pub.dartlang.org\device_info_plus_windows-2.1.1\
[        ] Found plugin disk_space at C:\Users\JORGE\Documents\flutter\flutter\.pub-cache\hosted\pub.dartlang.org\disk_space-0.2.1\
[   +2 ms] Found plugin external_storage_size at C:\Users\JORGE\Documents\flutter\flutter\.pub-cache\hosted\pub.dartlang.org\external_storage_size-0.0.3\
[   +2 ms] Found plugin firebase_analytics at C:\Users\JORGE\Documents\flutter\flutter\.pub-cache\hosted\pub.dartlang.org\firebase_analytics-9.1.7\
[   +1 ms] Found plugin firebase_analytics_web at C:\Users\JORGE\Documents\flutter\flutter\.pub-cache\hosted\pub.dartlang.org\firebase_analytics_web-0.4.0+13\
[   +1 ms] Found plugin firebase_core at C:\Users\JORGE\Documents\flutter\flutter\.pub-cache\hosted\pub.dartlang.org\firebase_core-1.16.0\
[   +2 ms] Found plugin firebase_core_web at C:\Users\JORGE\Documents\flutter\flutter\.pub-cache\hosted\pub.dartlang.org\firebase_core_web-1.6.4\
[   +1 ms] Found plugin firebase_crashlytics at C:\Users\JORGE\Documents\flutter\flutter\.pub-cache\hosted\pub.dartlang.org\firebase_crashlytics-2.7.2\
[   +1 ms] Found plugin firebase_messaging at C:\Users\JORGE\Documents\flutter\flutter\.pub-cache\hosted\pub.dartlang.org\firebase_messaging-11.3.0\
[        ] Found plugin firebase_messaging_web at C:\Users\JORGE\Documents\flutter\flutter\.pub-cache\hosted\pub.dartlang.org\firebase_messaging_web-2.4.0\
[        ] Found plugin flutter_ffmpeg at C:\Users\JORGE\Documents\flutter\flutter\.pub-cache\hosted\pub.dartlang.org\flutter_ffmpeg-0.4.2\
[        ] Found plugin flutter_image_compress at C:\Users\JORGE\Documents\flutter\flutter\.pub-cache\hosted\pub.dartlang.org\flutter_image_compress-1.1.0\
[        ] Found plugin flutter_libphonenumber at C:\Users\JORGE\Documents\flutter\flutter\.pub-cache\hosted\pub.dartlang.org\flutter_libphonenumber-1.2.4\
[        ] Found plugin flutter_plugin_android_lifecycle at C:\Users\JORGE\Documents\flutter\flutter\.pub-cache\hosted\pub.dartlang.org\flutter_plugin_android_lifecycle-2.0.6\
[        ] Found plugin flutter_twilio at C:\Users\JORGE\Documents\flutter\flutter\.pub-cache\hosted\pub.dartlang.org\flutter_twilio-0.0.17\
[        ] Found plugin fluttertoast at C:\Users\JORGE\Documents\flutter\flutter\.pub-cache\hosted\pub.dartlang.org\fluttertoast-8.0.9\
[   +8 ms] Found plugin ios_physical_memory at C:\Users\JORGE\Documents\flutter\flutter\.pub-cache\hosted\pub.dartlang.org\ios_physical_memory-0.0.6\
[   +3 ms] Found plugin media_info at C:\Users\JORGE\Documents\flutter\flutter\.pub-cache\hosted\pub.dartlang.org\media_info-0.10.0\
[   +2 ms] Found plugin package_info_plus at C:\Users\JORGE\Documents\flutter\flutter\.pub-cache\hosted\pub.dartlang.org\package_info_plus-1.4.2\
[        ] Found plugin package_info_plus_linux at C:\Users\JORGE\Documents\flutter\flutter\.pub-cache\hosted\pub.dartlang.org\package_info_plus_linux-1.0.5\
[        ] Found plugin package_info_plus_macos at C:\Users\JORGE\Documents\flutter\flutter\.pub-cache\hosted\pub.dartlang.org\package_info_plus_macos-1.3.0\
[        ] Found plugin package_info_plus_web at C:\Users\JORGE\Documents\flutter\flutter\.pub-cache\hosted\pub.dartlang.org\package_info_plus_web-1.0.5\
[        ] Found plugin package_info_plus_windows at C:\Users\JORGE\Documents\flutter\flutter\.pub-cache\hosted\pub.dartlang.org\package_info_plus_windows-1.0.5\
[   +1 ms] Found plugin path_provider at C:\Users\JORGE\Documents\flutter\flutter\.pub-cache\hosted\pub.dartlang.org\path_provider-2.0.10\
[        ] Found plugin path_provider_android at C:\Users\JORGE\Documents\flutter\flutter\.pub-cache\hosted\pub.dartlang.org\path_provider_android-2.0.12\
[        ] Found plugin path_provider_ios at C:\Users\JORGE\Documents\flutter\flutter\.pub-cache\hosted\pub.dartlang.org\path_provider_ios-2.0.8\
[        ] Found plugin path_provider_linux at C:\Users\JORGE\Documents\flutter\flutter\.pub-cache\hosted\pub.dartlang.org\path_provider_linux-2.1.5\
[        ] Found plugin path_provider_macos at C:\Users\JORGE\Documents\flutter\flutter\.pub-cache\hosted\pub.dartlang.org\path_provider_macos-2.0.5\
[        ] Found plugin path_provider_windows at C:\Users\JORGE\Documents\flutter\flutter\.pub-cache\hosted\pub.dartlang.org\path_provider_windows-2.0.5\
[        ] Found plugin permission_handler at C:\Users\JORGE\Documents\flutter\flutter\.pub-cache\hosted\pub.dartlang.org\permission_handler-9.2.0\
[        ] Found plugin permission_handler_android at C:\Users\JORGE\Documents\flutter\flutter\.pub-cache\hosted\pub.dartlang.org\permission_handler_android-9.0.2+1\
[        ] Found plugin permission_handler_apple at C:\Users\JORGE\Documents\flutter\flutter\.pub-cache\hosted\pub.dartlang.org\permission_handler_apple-9.0.4\
[   +1 ms] Found plugin permission_handler_windows at C:\Users\JORGE\Documents\flutter\flutter\.pub-cache\hosted\pub.dartlang.org\permission_handler_windows-0.1.0\
[   +1 ms] Found plugin photo_manager at C:\Users\JORGE\Documents\flutter\flutter\.pub-cache\hosted\pub.dartlang.org\photo_manager-2.0.9\
[   +6 ms] Found plugin shared_preferences at C:\Users\JORGE\Documents\flutter\flutter\.pub-cache\hosted\pub.dartlang.org\shared_preferences-2.0.13\
[        ] Found plugin shared_preferences_android at C:\Users\JORGE\Documents\flutter\flutter\.pub-cache\hosted\pub.dartlang.org\shared_preferences_android-2.0.11\
[   +1 ms] Found plugin shared_preferences_ios at C:\Users\JORGE\Documents\flutter\flutter\.pub-cache\hosted\pub.dartlang.org\shared_preferences_ios-2.1.0\
[   +1 ms] Found plugin shared_preferences_linux at C:\Users\JORGE\Documents\flutter\flutter\.pub-cache\hosted\pub.dartlang.org\shared_preferences_linux-2.1.0\
[        ] Found plugin shared_preferences_macos at C:\Users\JORGE\Documents\flutter\flutter\.pub-cache\hosted\pub.dartlang.org\shared_preferences_macos-2.0.3\
[        ] Found plugin shared_preferences_web at C:\Users\JORGE\Documents\flutter\flutter\.pub-cache\hosted\pub.dartlang.org\shared_preferences_web-2.0.3\
[        ] Found plugin shared_preferences_windows at C:\Users\JORGE\Documents\flutter\flutter\.pub-cache\hosted\pub.dartlang.org\shared_preferences_windows-2.1.0\
[   +1 ms] Found plugin simple_s3 at C:\Users\JORGE\Documents\flutter\flutter\.pub-cache\hosted\pub.dartlang.org\simple_s3-0.3.2\
[        ] Found plugin smart_auth at C:\Users\JORGE\Documents\flutter\flutter\.pub-cache\hosted\pub.dartlang.org\smart_auth-1.0.5\
[   +7 ms] Found plugin video_player at C:\Users\JORGE\Documents\flutter\flutter\.pub-cache\hosted\pub.dartlang.org\video_player-2.4.2\
[        ] Found plugin video_player_android at C:\Users\JORGE\Documents\flutter\flutter\.pub-cache\hosted\pub.dartlang.org\video_player_android-2.3.4\
[        ] Found plugin video_player_avfoundation at C:\Users\JORGE\Documents\flutter\flutter\.pub-cache\hosted\pub.dartlang.org\video_player_avfoundation-2.3.4\
[        ] Found plugin video_player_web at C:\Users\JORGE\Documents\flutter\flutter\.pub-cache\hosted\pub.dartlang.org\video_player_web-2.0.10\
[        ] Found plugin video_thumbnail at C:\Users\JORGE\Documents\flutter\flutter\.pub-cache\hosted\pub.dartlang.org\video_thumbnail-0.5.0\
[   +1 ms] Found plugin wakelock at C:\Users\JORGE\Documents\flutter\flutter\.pub-cache\hosted\pub.dartlang.org\wakelock-0.6.1+2\
[        ] Found plugin wakelock_macos at C:\Users\JORGE\Documents\flutter\flutter\.pub-cache\hosted\pub.dartlang.org\wakelock_macos-0.4.0\
[   +1 ms] Found plugin wakelock_web at C:\Users\JORGE\Documents\flutter\flutter\.pub-cache\hosted\pub.dartlang.org\wakelock_web-0.4.0\
[   +6 ms] Found plugin camera at C:\Users\JORGE\Documents\GitHub\flutter-truvideo-enterprise\external-libs\camera\camera\
[   +5 ms] test 16: Observatory uri is not available
[        ] test 16: test harness socket server is running at port:51226
[        ] test 16: Starting flutter_tester process with command=[C:\Users\JORGE\Documents\flutter\flutter\bin\cache\artifacts\engine\windows-x64\flutter_tester.exe, --disable-observatory, --enable-checked-mode, --verify-entry-points, --enable-software-rendering, --skia-deterministic-rendering, --enable-dart-profiling, --non-interactive, --use-test-fonts, --packages=C:\Users\JORGE\Documents\GitHub\flutter-truvideo-enterprise\.dart_tool\package_config.json, C:\Users\JORGE\AppData\Local\Temp\flutter_tools.bbf6bc09\flutter_test_listener.6a67b1cb\listener.dart.dill], environment={FLUTTER_TEST: true, FONTCONFIG_FILE: C:\Users\JORGE\AppData\Local\Temp\flutter_tools.bbf6bc09\flutter_test_fonts.c939a558/fonts.conf, SERVER_PORT: 51226, APP_NAME: truvideo_enterprise, UNIT_TEST_ASSETS: C:\Users\JORGE\Documents\GitHub\flutter-truvideo-enterprise\build\unit_test_assets}
[        ] <- recompile file:///C:/Users/JORGE/AppData/Local/Temp/flutter_tools.bbf6bc09/flutter_test_listener.1015f1da/listener.dart da30efc4-786e-4c79-81ab-7b5459acd387
[        ] file:///C:/Users/JORGE/AppData/Local/Temp/flutter_tools.bbf6bc09/flutter_test_listener.1015f1da/listener.dart
[        ] file:///C:/Users/JORGE/Documents/GitHub/flutter-truvideo-enterprise/.dart_tool/flutter_build/dart_plugin_registrant.dart
[        ] <- da30efc4-786e-4c79-81ab-7b5459acd387
[   +7 ms] test 16: Started flutter_tester process at pid 19000
[ +269 ms] test 15: connected to test device, now awaiting test result
[        ] test 15: Waiting for test harness or tests to finish
[  +33 ms] <- accept
[        ] <- reset
[        ] Compiling file:///C:/Users/JORGE/AppData/Local/Temp/flutter_tools.bbf6bc09/flutter_test_listener.1015f1da/listener.dart took 433ms
[        ] test 17: starting test device
[        ] test 17: awaiting connection to test device
[        ] test 17: Observatory uri is not available
[        ] test 17: test harness socket server is running at port:51228
[        ] test 17: Starting flutter_tester process with command=[C:\Users\JORGE\Documents\flutter\flutter\bin\cache\artifacts\engine\windows-x64\flutter_tester.exe, --disable-observatory, --enable-checked-mode, --verify-entry-points, --enable-software-rendering, --skia-deterministic-rendering, --enable-dart-profiling, --non-interactive, --use-test-fonts, --packages=C:\Users\JORGE\Documents\GitHub\flutter-truvideo-enterprise\.dart_tool\package_config.json, C:\Users\JORGE\AppData\Local\Temp\flutter_tools.bbf6bc09\flutter_test_listener.1015f1da\listener.dart.dill], environment={FLUTTER_TEST: true, FONTCONFIG_FILE: C:\Users\JORGE\AppData\Local\Temp\flutter_tools.bbf6bc09\flutter_test_fonts.c939a558/fonts.conf, SERVER_PORT: 51228, APP_NAME: truvideo_enterprise, UNIT_TEST_ASSETS: C:\Users\JORGE\Documents\GitHub\flutter-truvideo-enterprise\build\unit_test_assets}
[   +8 ms] test 17: Started flutter_tester process at pid 16856

00:16 +120 -5: C:\Users\JORGE\Documents\GitHub\flutter-truvideo-enterprise\test\service\auth\auth_test.dart: AuthTests .streamDealerCodesHistory() Should return empty in case of parsing error        
00:17 +120 -5: C:\Users\JORGE\Documents\GitHub\flutter-truvideo-enterprise\test\service\auth\auth_test.dart: AuthTests .streamDealerCodesHistory() Should return empty in case of parsing error        
00:17 +121 -5: C:\Users\JORGE\Documents\GitHub\flutter-truvideo-enterprise\test\service\auth\auth_test.dart: AuthTests .streamDealerCodesHistory() Should return empty in case of parsing error        
00:17 +122 -5: C:\Users\JORGE\Documents\GitHub\flutter-truvideo-enterprise\test\service\auth\auth_test.dart: AuthTests .streamDealerCodesHistory() Should return empty in case of parsing error        
00:17 +123 -5: C:\Users\JORGE\Documents\GitHub\flutter-truvideo-enterprise\test\service\auth\auth_test.dart: AuthTests .streamDealerCodesHistory() Should return empty in case of parsing error        
00:17 +124 -5: C:\Users\JORGE\Documents\GitHub\flutter-truvideo-enterprise\test\service\auth\auth_test.dart: AuthTests .streamDealerCodesHistory() Should return empty in case of parsing error        
00:17 +125 -5: C:\Users\JORGE\Documents\GitHub\flutter-truvideo-enterprise\test\service\auth\auth_test.dart: AuthTests .streamDealerCodesHistory() Should return empty in case of parsing error        
00:17 +126 -5: C:\Users\JORGE\Documents\GitHub\flutter-truvideo-enterprise\test\service\auth\auth_test.dart: AuthTests .streamDealerCodesHistory() Should return empty in case of parsing error        [ +252 ms] test 15: Test harness is no longer needed by test process
[        ] test 15: finished
[        ] test 15: cleaning up...
[        ] test 15: ensuring test device is terminated.
[        ] test 15: Terminating flutter_tester process
[        ] test 15: Shutting down test harness socket server
[        ] test 15: Test process is no longer needed by test harness
[  +14 ms] test 15: flutter_tester process at pid 11368 exited with code=-1
[        ] test 15: deleting temporary directory
[   +6 ms] test 15: finished

00:17 +127 -5: C:\Users\JORGE\Documents\GitHub\flutter-truvideo-enterprise\test\settings\settings_test.dart: SettingsServiceImpl .streamFontSize() Return .medium if is null                           
00:17 +128 -5: C:\Users\JORGE\Documents\GitHub\flutter-truvideo-enterprise\test\settings\settings_test.dart: SettingsServiceImpl .streamFontSize() Return .medium if is null                           
00:17 +129 -5: C:\Users\JORGE\Documents\GitHub\flutter-truvideo-enterprise\test\settings\settings_test.dart: SettingsServiceImpl .streamFontSize() Return .medium if is null                           
00:17 +130 -5: C:\Users\JORGE\Documents\GitHub\flutter-truvideo-enterprise\test\settings\settings_test.dart: SettingsServiceImpl .streamFontSize() Return .medium if is null                           
00:17 +131 -5: C:\Users\JORGE\Documents\GitHub\flutter-truvideo-enterprise\test\settings\settings_test.dart: SettingsServiceImpl .streamFontSize() Return .medium if is null                           
00:17 +132 -5: C:\Users\JORGE\Documents\GitHub\flutter-truvideo-enterprise\test\settings\settings_test.dart: SettingsServiceImpl .streamFontSize() Return .medium if is null                           
00:17 +133 -5: C:\Users\JORGE\Documents\GitHub\flutter-truvideo-enterprise\test\settings\settings_test.dart: SettingsServiceImpl .streamFontSize() Return .medium if is null                           
00:17 +134 -5: C:\Users\JORGE\Documents\GitHub\flutter-truvideo-enterprise\test\settings\settings_test.dart: SettingsServiceImpl .streamFontSize() Return .medium if is null                           
00:17 +135 -5: C:\Users\JORGE\Documents\GitHub\flutter-truvideo-enterprise\test\settings\settings_test.dart: SettingsServiceImpl .streamFontSize() Return .medium if is null                           
00:17 +136 -5: C:\Users\JORGE\Documents\GitHub\flutter-truvideo-enterprise\test\settings\settings_test.dart: SettingsServiceImpl .streamFontSize() Return .medium if is null                           
00:17 +137 -5: C:\Users\JORGE\Documents\GitHub\flutter-truvideo-enterprise\test\settings\settings_test.dart: SettingsServiceImpl .streamFontSize() Return .medium if is null                           
00:17 +138 -5: C:\Users\JORGE\Documents\GitHub\flutter-truvideo-enterprise\test\settings\settings_test.dart: SettingsServiceImpl .streamFontSize() Return .medium if is null                           
00:17 +139 -5: C:\Users\JORGE\Documents\GitHub\flutter-truvideo-enterprise\test\settings\settings_test.dart: SettingsServiceImpl .streamFontSize() Return .medium if is null                           
00:17 +140 -5: C:\Users\JORGE\Documents\GitHub\flutter-truvideo-enterprise\test\settings\settings_test.dart: SettingsServiceImpl .streamFontSize() Return .medium if is null                           
00:17 +141 -5: C:\Users\JORGE\Documents\GitHub\flutter-truvideo-enterprise\test\settings\settings_test.dart: SettingsServiceImpl .streamFontSize() Return .medium if is null                           
00:17 +142 -5: C:\Users\JORGE\Documents\GitHub\flutter-truvideo-enterprise\test\settings\settings_test.dart: SettingsServiceImpl .streamFontSize() Return .medium if is null                           
00:17 +143 -5: C:\Users\JORGE\Documents\GitHub\flutter-truvideo-enterprise\test\settings\settings_test.dart: SettingsServiceImpl .streamFontSize() Return .medium if is null                           
00:17 +144 -5: C:\Users\JORGE\Documents\GitHub\flutter-truvideo-enterprise\test\settings\settings_test.dart: SettingsServiceImpl .streamFontSize() Return .medium if is null                           
00:17 +145 -5: C:\Users\JORGE\Documents\GitHub\flutter-truvideo-enterprise\test\settings\settings_test.dart: SettingsServiceImpl .streamFontSize() Return .medium if is null                           
00:17 +146 -5: C:\Users\JORGE\Documents\GitHub\flutter-truvideo-enterprise\test\settings\settings_test.dart: SettingsServiceImpl .streamFontSize() Return .medium if is null                           
00:17 +147 -5: C:\Users\JORGE\Documents\GitHub\flutter-truvideo-enterprise\test\settings\settings_test.dart: SettingsServiceImpl .streamFontSize() Return .medium if is null                           
00:17 +148 -5: C:\Users\JORGE\Documents\GitHub\flutter-truvideo-enterprise\test\settings\settings_test.dart: SettingsServiceImpl .streamFontSize() Return .medium if is null                           
00:17 +149 -5: C:\Users\JORGE\Documents\GitHub\flutter-truvideo-enterprise\test\settings\settings_test.dart: SettingsServiceImpl .streamFontSize() Return .medium if is null                           
00:17 +150 -5: C:\Users\JORGE\Documents\GitHub\flutter-truvideo-enterprise\test\settings\settings_test.dart: SettingsServiceImpl .streamFontSize() Return .medium if is null                           [ +156 ms] test 16: connected to test device, now awaiting test result
[        ] test 16: Waiting for test harness or tests to finish

00:17 +151 -5: C:\Users\JORGE\Documents\GitHub\flutter-truvideo-enterprise\test\settings\settings_test.dart: SettingsServiceImpl .streamFontSize() Return .medium if is null                           
00:17 +152 -5: C:\Users\JORGE\Documents\GitHub\flutter-truvideo-enterprise\test\settings\settings_test.dart: SettingsServiceImpl .streamFontSize() Return .medium if is null                           
00:17 +153 -5: C:\Users\JORGE\Documents\GitHub\flutter-truvideo-enterprise\test\settings\settings_test.dart: SettingsServiceImpl .streamFontSize() Return .medium if is null                           
00:17 +154 -5: C:\Users\JORGE\Documents\GitHub\flutter-truvideo-enterprise\test\settings\settings_test.dart: SettingsServiceImpl .streamFontSize() Return .medium if is null                           
00:17 +155 -5: C:\Users\JORGE\Documents\GitHub\flutter-truvideo-enterprise\test\settings\settings_test.dart: SettingsServiceImpl .streamFontSize() Return .medium if is null                           
00:17 +156 -5: C:\Users\JORGE\Documents\GitHub\flutter-truvideo-enterprise\test\settings\settings_test.dart: SettingsServiceImpl .streamFontSize() Return .medium if is null                           
00:17 +157 -5: C:\Users\JORGE\Documents\GitHub\flutter-truvideo-enterprise\test\settings\settings_test.dart: SettingsServiceImpl .streamFontSize() Return .medium if is null                           
00:17 +158 -5: C:\Users\JORGE\Documents\GitHub\flutter-truvideo-enterprise\test\settings\settings_test.dart: SettingsServiceImpl .streamFontSize() Return .medium if is null                           
00:17 +159 -5: C:\Users\JORGE\Documents\GitHub\flutter-truvideo-enterprise\test\service\auth\auth_test.dart: AuthTests .getLastAccessDate() should return null if date have a blank space              
00:17 +160 -5: C:\Users\JORGE\Documents\GitHub\flutter-truvideo-enterprise\test\service\auth\auth_test.dart: AuthTests .getLastAccessDate() should return null if date have a blank space              
00:17 +160 -5: C:\Users\JORGE\Documents\GitHub\flutter-truvideo-enterprise\test\settings\settings_test.dart: SettingsServiceImpl .streamFontSize() Return .small if is not null                        
00:17 +161 -5: C:\Users\JORGE\Documents\GitHub\flutter-truvideo-enterprise\test\settings\settings_test.dart: SettingsServiceImpl .streamFontSize() Return .small if is not null                        
00:17 +162 -5: C:\Users\JORGE\Documents\GitHub\flutter-truvideo-enterprise\test\settings\settings_test.dart: SettingsServiceImpl .streamFontSize() Return .small if is not null                        
00:17 +163 -5: C:\Users\JORGE\Documents\GitHub\flutter-truvideo-enterprise\test\settings\settings_test.dart: SettingsServiceImpl .streamFontSize() Return .small if is not null                        
00:17 +164 -5: C:\Users\JORGE\Documents\GitHub\flutter-truvideo-enterprise\test\settings\settings_test.dart: SettingsServiceImpl .streamFontSize() Return .small if is not null                        
00:17 +165 -5: C:\Users\JORGE\Documents\GitHub\flutter-truvideo-enterprise\test\settings\settings_test.dart: SettingsServiceImpl .streamFontSize() Return .small if is not null                        
00:17 +166 -5: C:\Users\JORGE\Documents\GitHub\flutter-truvideo-enterprise\test\settings\settings_test.dart: SettingsServiceImpl .streamFontSize() Return .small if is not null                        
00:17 +167 -5: C:\Users\JORGE\Documents\GitHub\flutter-truvideo-enterprise\test\settings\settings_test.dart: SettingsServiceImpl .streamFontSize() Return .small if is not null                        
00:17 +168 -5: C:\Users\JORGE\Documents\GitHub\flutter-truvideo-enterprise\test\settings\settings_test.dart: SettingsServiceImpl .streamFontSize() Return .small if is not null                        
00:17 +169 -5: C:\Users\JORGE\Documents\GitHub\flutter-truvideo-enterprise\test\settings\settings_test.dart: SettingsServiceImpl .streamFontSize() Return .small if is not null                        
00:17 +170 -5: C:\Users\JORGE\Documents\GitHub\flutter-truvideo-enterprise\test\settings\settings_test.dart: SettingsServiceImpl .streamFontSize() Return .small if is not null                        
00:17 +171 -5: C:\Users\JORGE\Documents\GitHub\flutter-truvideo-enterprise\test\settings\settings_test.dart: SettingsServiceImpl .streamFontSize() Return .small if is not null                        
00:17 +172 -5: C:\Users\JORGE\Documents\GitHub\flutter-truvideo-enterprise\test\settings\settings_test.dart: SettingsServiceImpl .streamFontSize() Return .small if is not null                        
00:17 +173 -5: C:\Users\JORGE\Documents\GitHub\flutter-truvideo-enterprise\test\settings\settings_test.dart: SettingsServiceImpl .streamFontSize() Return .small if is not null                        
00:17 +174 -5: C:\Users\JORGE\Documents\GitHub\flutter-truvideo-enterprise\test\settings\settings_test.dart: SettingsServiceImpl .streamFontSize() Return .small if is not null                        
00:17 +175 -5: C:\Users\JORGE\Documents\GitHub\flutter-truvideo-enterprise\test\settings\settings_test.dart: SettingsServiceImpl .streamFontSize() Return .small if is not null                        
00:17 +176 -5: C:\Users\JORGE\Documents\GitHub\flutter-truvideo-enterprise\test\settings\settings_test.dart: SettingsServiceImpl .streamFontSize() Return .small if is not null                        
00:17 +177 -5: C:\Users\JORGE\Documents\GitHub\flutter-truvideo-enterprise\test\settings\settings_test.dart: SettingsServiceImpl .streamFontSize() Return .small if is not null                        
00:17 +178 -5: C:\Users\JORGE\Documents\GitHub\flutter-truvideo-enterprise\test\settings\settings_test.dart: SettingsServiceImpl .streamFontSize() Return .small if is not null                        
00:17 +179 -5: C:\Users\JORGE\Documents\GitHub\flutter-truvideo-enterprise\test\settings\settings_test.dart: SettingsServiceImpl .streamFontSize() Return .small if is not null                        
00:17 +180 -5: C:\Users\JORGE\Documents\GitHub\flutter-truvideo-enterprise\test\settings\settings_test.dart: SettingsServiceImpl .streamFontSize() Return .small if is not null                        
00:17 +181 -5: C:\Users\JORGE\Documents\GitHub\flutter-truvideo-enterprise\test\settings\settings_test.dart: SettingsServiceImpl .streamFontSize() Return .small if is not null                        
00:17 +182 -5: C:\Users\JORGE\Documents\GitHub\flutter-truvideo-enterprise\test\settings\settings_test.dart: SettingsServiceImpl .streamFontSize() Return .small if is not null                        
00:17 +183 -5: C:\Users\JORGE\Documents\GitHub\flutter-truvideo-enterprise\test\settings\settings_test.dart: SettingsServiceImpl .streamFontSize() Return .small if is not null                        
00:17 +184 -5: C:\Users\JORGE\Documents\GitHub\flutter-truvideo-enterprise\test\settings\settings_test.dart: SettingsServiceImpl .streamFontSize() Return .small if is not null                        
00:17 +185 -5: C:\Users\JORGE\Documents\GitHub\flutter-truvideo-enterprise\test\settings\settings_test.dart: SettingsServiceImpl .streamFontSize() Return .small if is not null                        
00:17 +186 -5: C:\Users\JORGE\Documents\GitHub\flutter-truvideo-enterprise\test\settings\settings_test.dart: SettingsServiceImpl .streamFontSize() Return .small if is not null                        
00:17 +187 -5: C:\Users\JORGE\Documents\GitHub\flutter-truvideo-enterprise\test\settings\settings_test.dart: SettingsServiceImpl .streamFontSize() Return .small if is not null                        
00:17 +188 -5: C:\Users\JORGE\Documents\GitHub\flutter-truvideo-enterprise\test\settings\settings_test.dart: SettingsServiceImpl .streamFontSize() Return .small if is not null                        
00:17 +189 -5: C:\Users\JORGE\Documents\GitHub\flutter-truvideo-enterprise\test\settings\settings_test.dart: SettingsServiceImpl .streamFontSize() Return .small if is not null                        
00:17 +190 -5: C:\Users\JORGE\Documents\GitHub\flutter-truvideo-enterprise\test\settings\settings_test.dart: SettingsServiceImpl .streamFontSize() Return .small if is not null                        
00:17 +191 -5: C:\Users\JORGE\Documents\GitHub\flutter-truvideo-enterprise\test\settings\settings_test.dart: SettingsServiceImpl .streamFontSize() Return .small if is not null                        
00:17 +192 -5: C:\Users\JORGE\Documents\GitHub\flutter-truvideo-enterprise\test\settings\settings_test.dart: SettingsServiceImpl .streamFontSize() Return .small if is not null                        
00:17 +193 -5: C:\Users\JORGE\Documents\GitHub\flutter-truvideo-enterprise\test\settings\settings_test.dart: SettingsServiceImpl .streamFontSize() Return .small if is not null                        
00:17 +194 -5: C:\Users\JORGE\Documents\GitHub\flutter-truvideo-enterprise\test\settings\settings_test.dart: SettingsServiceImpl .streamFontSize() Return .small if is not null                        
00:17 +195 -6: C:\Users\JORGE\Documents\GitHub\flutter-truvideo-enterprise\test\settings\settings_test.dart: SettingsServiceImpl .streamFontSize() Return .small if is not null                        
00:17 +196 -6: C:\Users\JORGE\Documents\GitHub\flutter-truvideo-enterprise\test\settings\settings_test.dart: SettingsServiceImpl .streamFontSize() Return .small if is not null                        
00:17 +196 -6: C:\Users\JORGE\Documents\GitHub\flutter-truvideo-enterprise\test\video_sesion\video_sesions_test.dart: VideoSessionServiceImpl .create() Return a CustomException if tag is not empty and existing is not null [E]
  Expected: throws <Instance of 'CustomException'>
    Actual: <Closure: () => Future<VideoSessionModel>>
     Which: threw _AssertionError:<'package:get_it/get_it_impl.dart': Failed assertion: line 372 pos 7: 'instanceFactory != null': Object/factory with  type LogEventService is not registered inside GetIt. 
                  (Did you accidentally do GetIt sl=GetIt.instance(); instead of GetIt sl=GetIt.instance;
                  Did you forget to register it?)>
            stack dart:core                                                           _AssertionError._throwNew
                  package:get_it/get_it_impl.dart 372:7                               _GetItImplementation._findFactoryByNameAndType
                  package:get_it/get_it_impl.dart 393:29                              _GetItImplementation.get
                  package:truvideo_enterprise/service/video_session/index.dart 19:51  VideoSessionServiceImpl._logEventService
                  package:truvideo_enterprise/service/video_session/index.dart 73:7   VideoSessionServiceImpl.create
                  test\video_sesion\video_sesions_test.dart 66:32                     main.<fn>.<fn>.<fn>.<fn>
                  package:test_api                                                    expect
                  package:flutter_test/src/widget_tester.dart 455:16                  expect
                  test\video_sesion\video_sesions_test.dart 66:15                     main.<fn>.<fn>.<fn>
                  test\video_sesion\video_sesions_test.dart 55:13                     main.<fn>.<fn>.<fn>
                  ===== asynchronous gap ===========================
                  package:test_api                                                    expect
                  package:flutter_test/src/widget_tester.dart 455:16                  expect
                  test\video_sesion\video_sesions_test.dart 66:15                     main.<fn>.<fn>.<fn>
                  test\video_sesion\video_sesions_test.dart 55:13                     main.<fn>.<fn>.<fn>
                  
            which is not an instance of 'CustomException'
  
  package:test_api                                    expect
  package:flutter_test/src/widget_tester.dart 455:16  expect
  test\video_sesion\video_sesions_test.dart 66:15     main.<fn>.<fn>.<fn>
  test\video_sesion\video_sesions_test.dart 55:13     main.<fn>.<fn>.<fn>
  

00:17 +197 -6: C:\Users\JORGE\Documents\GitHub\flutter-truvideo-enterprise\test\settings\settings_test.dart: SettingsServiceImpl .streamFontSize() Return .small if is not null                        
00:17 +198 -6: C:\Users\JORGE\Documents\GitHub\flutter-truvideo-enterprise\test\settings\settings_test.dart: SettingsServiceImpl .streamFontSize() Return .small if is not null                        
00:17 +199 -6: C:\Users\JORGE\Documents\GitHub\flutter-truvideo-enterprise\test\settings\settings_test.dart: SettingsServiceImpl .streamFontSize() Return .small if is not null                        
00:17 +200 -6: C:\Users\JORGE\Documents\GitHub\flutter-truvideo-enterprise\test\settings\settings_test.dart: SettingsServiceImpl .streamFontSize() Return .small if is not null                        
00:17 +200 -7: C:\Users\JORGE\Documents\GitHub\flutter-truvideo-enterprise\test\video_sesion\video_sesions_test.dart: VideoSessionServiceImpl .create() Return a CustomException if tag is not empty and existing is not null [E]
  'package:get_it/get_it_impl.dart': Failed assertion: line 372 pos 7: 'instanceFactory != null': Object/factory with  type LogEventService is not registered inside GetIt. 
  (Did you accidentally do GetIt sl=GetIt.instance(); instead of GetIt sl=GetIt.instance;
  Did you forget to register it?)
  dart:core                                                           _AssertionError._throwNew
  package:get_it/get_it_impl.dart 372:7                               _GetItImplementation._findFactoryByNameAndType
  package:get_it/get_it_impl.dart 393:29                              _GetItImplementation.get
  package:truvideo_enterprise/service/video_session/index.dart 19:51  VideoSessionServiceImpl._logEventService
  package:truvideo_enterprise/service/video_session/index.dart 73:7   VideoSessionServiceImpl.create
  test\video_sesion\video_sesions_test.dart 89:40                     main.<fn>.<fn>.<fn>
  test\video_sesion\video_sesions_test.dart 73:13                     main.<fn>.<fn>.<fn>
  
[ +295 ms] test 16: Test harness is no longer needed by test process
[        ] test 16: finished
[        ] test 16: cleaning up...
[        ] test 16: ensuring test device is terminated.
[        ] test 16: Terminating flutter_tester process
[        ] test 16: Shutting down test harness socket server
[        ] test 16: Test process is no longer needed by test harness

00:17 +201 -7: C:\Users\JORGE\Documents\GitHub\flutter-truvideo-enterprise\test\settings\settings_test.dart: SettingsServiceImpl .streamFontSize() Return .small if is not null                        
00:17 +202 -7: C:\Users\JORGE\Documents\GitHub\flutter-truvideo-enterprise\test\settings\settings_test.dart: SettingsServiceImpl .streamFontSize() Return .small if is not null                        
00:17 +203 -7: C:\Users\JORGE\Documents\GitHub\flutter-truvideo-enterprise\test\settings\settings_test.dart: SettingsServiceImpl .streamFontSize() Return .small if is not null                        [  +14 ms] test 17: connected to test device, now awaiting test result
[        ] test 17: Waiting for test harness or tests to finish

00:17 +204 -7: C:\Users\JORGE\Documents\GitHub\flutter-truvideo-enterprise\test\settings\settings_test.dart: SettingsServiceImpl .streamFontSize() Return .small if is not null                        [   +1 ms] test 16: flutter_tester process at pid 19000 exited with code=-1
[        ] test 16: deleting temporary directory
[   +5 ms] test 16: finished

00:17 +205 -7: C:\Users\JORGE\Documents\GitHub\flutter-truvideo-enterprise\test\settings\settings_test.dart: SettingsServiceImpl .streamFontSize() Return .small if is not null                        
00:17 +206 -7: C:\Users\JORGE\Documents\GitHub\flutter-truvideo-enterprise\test\settings\settings_test.dart: SettingsServiceImpl .streamFontSize() Return .small if is not null                        
00:17 +207 -7: C:\Users\JORGE\Documents\GitHub\flutter-truvideo-enterprise\test\settings\settings_test.dart: SettingsServiceImpl .streamFontSize() Return .small if is not null                        
00:17 +208 -7: C:\Users\JORGE\Documents\GitHub\flutter-truvideo-enterprise\test\settings\settings_test.dart: SettingsServiceImpl .streamFontSize() Return .small if is not null                        
00:17 +209 -7: C:\Users\JORGE\Documents\GitHub\flutter-truvideo-enterprise\test\settings\settings_test.dart: SettingsServiceImpl .streamFontSize() Return .small if is not null                        
00:17 +210 -7: C:\Users\JORGE\Documents\GitHub\flutter-truvideo-enterprise\test\settings\settings_test.dart: SettingsServiceImpl .streamFontSize() Return .small if is not null                        
00:17 +211 -7: C:\Users\JORGE\Documents\GitHub\flutter-truvideo-enterprise\test\settings\settings_test.dart: SettingsServiceImpl .streamFontSize() Return .small if is not null                        
00:17 +212 -7: C:\Users\JORGE\Documents\GitHub\flutter-truvideo-enterprise\test\settings\settings_test.dart: SettingsServiceImpl .streamFontSize() Return .small if is not null                        
00:17 +213 -7: C:\Users\JORGE\Documents\GitHub\flutter-truvideo-enterprise\test\settings\settings_test.dart: SettingsServiceImpl .streamFontSize() Return .small if is not null                        
00:17 +214 -7: C:\Users\JORGE\Documents\GitHub\flutter-truvideo-enterprise\test\settings\settings_test.dart: SettingsServiceImpl .streamFontSize() Return .small if is not null                        
00:17 +215 -7: C:\Users\JORGE\Documents\GitHub\flutter-truvideo-enterprise\test\settings\settings_test.dart: SettingsServiceImpl .streamFontSize() Return .small if is not null                        [  +63 ms] test 11: Test harness is no longer needed by test process
[        ] test 11: finished
[        ] test 11: cleaning up...
[        ] test 11: ensuring test device is terminated.
[        ] test 11: Terminating flutter_tester process
[        ] test 11: Shutting down test harness socket server
[        ] test 11: Test process is no longer needed by test harness
[  +15 ms] test 11: flutter_tester process at pid 2552 exited with code=-1
[        ] test 11: deleting temporary directory
[   +6 ms] test 11: finished

00:17 +216 -7: C:\Users\JORGE\Documents\GitHub\flutter-truvideo-enterprise\test\settings\settings_test.dart: SettingsServiceImpl .streamFontSize() Return .small if is not null                        
00:17 +217 -7: C:\Users\JORGE\Documents\GitHub\flutter-truvideo-enterprise\test\settings\settings_test.dart: SettingsServiceImpl .streamFontSize() Return .small if is not null                        
00:17 +218 -7: C:\Users\JORGE\Documents\GitHub\flutter-truvideo-enterprise\test\settings\settings_test.dart: SettingsServiceImpl .streamFontSize() Return .small if is not null                        
00:17 +219 -7: C:\Users\JORGE\Documents\GitHub\flutter-truvideo-enterprise\test\settings\settings_test.dart: SettingsServiceImpl .streamFontSize() Return .small if is not null                        
00:17 +220 -7: C:\Users\JORGE\Documents\GitHub\flutter-truvideo-enterprise\test\settings\settings_test.dart: SettingsServiceImpl .streamFontSize() Return .small if is not null                        
00:17 +221 -7: C:\Users\JORGE\Documents\GitHub\flutter-truvideo-enterprise\test\settings\settings_test.dart: SettingsServiceImpl .streamFontSize() Return .small if is not null                        
00:18 +221 -7: C:\Users\JORGE\Documents\GitHub\flutter-truvideo-enterprise\test\settings\settings_test.dart: SettingsServiceImpl .streamFontSize() Return .small if is not null                        
00:18 +222 -7: C:\Users\JORGE\Documents\GitHub\flutter-truvideo-enterprise\test\voip\voip_test.dart: .VoipServiceImplTests .updateConferenceStatus() Check that the post parameters are correct        
00:19 +222 -7: C:\Users\JORGE\Documents\GitHub\flutter-truvideo-enterprise\test\voip\voip_test.dart: .VoipServiceImplTests .updateConferenceStatus() Check that the post parameters are correct        
00:19 +223 -7: C:\Users\JORGE\Documents\GitHub\flutter-truvideo-enterprise\test\voip\voip_test.dart: .VoipServiceImplTests .updateConferenceStatus() Check that the post parameters are correct        
00:19 +224 -7: C:\Users\JORGE\Documents\GitHub\flutter-truvideo-enterprise\test\voip\voip_test.dart: .VoipServiceImplTests .updateConferenceStatus() Check that the post parameters are correct        
00:19 +225 -7: C:\Users\JORGE\Documents\GitHub\flutter-truvideo-enterprise\test\voip\voip_test.dart: .VoipServiceImplTests .updateConferenceStatus() Check that the post parameters are correct        
00:19 +226 -7: C:\Users\JORGE\Documents\GitHub\flutter-truvideo-enterprise\test\voip\voip_test.dart: .VoipServiceImplTests .updateConferenceStatus() Check that the post parameters are correct        
00:19 +227 -7: C:\Users\JORGE\Documents\GitHub\flutter-truvideo-enterprise\test\voip\voip_test.dart: .VoipServiceImplTests .updateConferenceStatus() Check that the post parameters are correct        
00:19 +227 -8: C:\Users\JORGE\Documents\GitHub\flutter-truvideo-enterprise\test\settings\settings_test.dart: SettingsServiceImpl .setCameraQuality verify that write method is called [E]              
  No matching calls (actually, no calls at all).
  (If you called `verify(...).called(0);`, please instead use `verifyNever(...);`.)
  package:test_api                         fail
  package:mockito/src/mock.dart 673:7      _VerifyCall._checkWith
  package:mockito/src/mock.dart 950:18     _makeVerify.<fn>
  test\settings\settings_test.dart 354:21  main.<fn>.<fn>.<fn>
  
  'package:get_it/get_it_impl.dart': Failed assertion: line 372 pos 7: 'instanceFactory != null': Object/factory with  type LogEventService is not registered inside GetIt. 
  (Did you accidentally do GetIt sl=GetIt.instance(); instead of GetIt sl=GetIt.instance;
  Did you forget to register it?)
  dart:core                                                      _AssertionError._throwNew
  package:get_it/get_it_impl.dart 372:7                          _GetItImplementation._findFactoryByNameAndType
  package:get_it/get_it_impl.dart 393:29                         _GetItImplementation.get
  package:truvideo_enterprise/service/settings/index.dart 17:51  SettingsServiceImpl._logEventService
  package:truvideo_enterprise/service/settings/index.dart 94:5   SettingsServiceImpl.setCameraQuality
  test\settings\settings_test.dart 351:19                        main.<fn>.<fn>.<fn>
  ===== asynchronous gap ===========================
  dart:async                                                     _completeOnAsyncError
  package:truvideo_enterprise/service/settings/index.dart        SettingsServiceImpl.setCameraQuality
  test\settings\settings_test.dart 351:19                        main.<fn>.<fn>.<fn>
  

00:19 +228 -8: C:\Users\JORGE\Documents\GitHub\flutter-truvideo-enterprise\test\settings\settings_test.dart: SettingsServiceImpl .streamCameraQuality Return .medium if is null                        [+2116 ms] test 17: Test harness is no longer needed by test process
[        ] test 17: finished
[        ] test 17: cleaning up...
[        ] test 17: ensuring test device is terminated.
[        ] test 17: Terminating flutter_tester process
[        ] test 17: Shutting down test harness socket server
[        ] test 17: Test process is no longer needed by test harness
[  +12 ms] test 17: flutter_tester process at pid 16856 exited with code=-1
[        ] test 17: deleting temporary directory
[   +5 ms] test 17: finished

00:20 +228 -8: C:\Users\JORGE\Documents\GitHub\flutter-truvideo-enterprise\test\settings\settings_test.dart: SettingsServiceImpl .streamCameraQuality Return .medium if is null                        
00:20 +229 -8: C:\Users\JORGE\Documents\GitHub\flutter-truvideo-enterprise\test\settings\settings_test.dart: SettingsServiceImpl .streamCameraQuality Return .medium if is null                        
00:20 +229 -8: C:\Users\JORGE\Documents\GitHub\flutter-truvideo-enterprise\test\settings\settings_test.dart: SettingsServiceImpl .streamCameraQuality Return .low if is not null                       
00:21 +229 -8: C:\Users\JORGE\Documents\GitHub\flutter-truvideo-enterprise\test\settings\settings_test.dart: SettingsServiceImpl .streamCameraQuality Return .low if is not null                       
00:21 +230 -8: C:\Users\JORGE\Documents\GitHub\flutter-truvideo-enterprise\test\settings\settings_test.dart: SettingsServiceImpl .streamCameraQuality Return .low if is not null                       
00:21 +230 -8: C:\Users\JORGE\Documents\GitHub\flutter-truvideo-enterprise\test\settings\settings_test.dart: SettingsServiceImpl .streamCameraQuality Return .medium if is throw error                 
00:22 +230 -8: C:\Users\JORGE\Documents\GitHub\flutter-truvideo-enterprise\test\settings\settings_test.dart: SettingsServiceImpl .streamCameraQuality Return .medium if is throw error                 
00:22 +231 -8: C:\Users\JORGE\Documents\GitHub\flutter-truvideo-enterprise\test\settings\settings_test.dart: SettingsServiceImpl .streamCameraQuality Return .medium if is throw error                 
00:22 +231 -8: C:\Users\JORGE\Documents\GitHub\flutter-truvideo-enterprise\test\settings\settings_test.dart: SettingsServiceImpl .setDebug() verify that write method is called                        
00:22 +232 -8: C:\Users\JORGE\Documents\GitHub\flutter-truvideo-enterprise\test\settings\settings_test.dart: SettingsServiceImpl .setDebug() verify that write method is called                        
00:22 +232 -8: C:\Users\JORGE\Documents\GitHub\flutter-truvideo-enterprise\test\settings\settings_test.dart: SettingsServiceImpl .isDebug() verify that read is called                                 
00:22 +233 -8: C:\Users\JORGE\Documents\GitHub\flutter-truvideo-enterprise\test\settings\settings_test.dart: SettingsServiceImpl .isDebug() verify that read is called                                 
00:22 +233 -8: C:\Users\JORGE\Documents\GitHub\flutter-truvideo-enterprise\test\settings\settings_test.dart: SettingsServiceImpl .isDebug() Should retunr false if is null                             
00:22 +234 -8: C:\Users\JORGE\Documents\GitHub\flutter-truvideo-enterprise\test\settings\settings_test.dart: SettingsServiceImpl .isDebug() Should retunr false if is null                             
00:22 +234 -8: C:\Users\JORGE\Documents\GitHub\flutter-truvideo-enterprise\test\settings\settings_test.dart: SettingsServiceImpl .isDebug() Should return true if read is not null                     
00:22 +235 -8: C:\Users\JORGE\Documents\GitHub\flutter-truvideo-enterprise\test\settings\settings_test.dart: SettingsServiceImpl .isDebug() Should return true if read is not null                     
00:22 +235 -8: C:\Users\JORGE\Documents\GitHub\flutter-truvideo-enterprise\test\settings\settings_test.dart: SettingsServiceImpl .isDebug() Return an error if a failure occurs                        
00:22 +236 -8: C:\Users\JORGE\Documents\GitHub\flutter-truvideo-enterprise\test\settings\settings_test.dart: SettingsServiceImpl .isDebug() Return an error if a failure occurs                        
00:22 +236 -8: C:\Users\JORGE\Documents\GitHub\flutter-truvideo-enterprise\test\settings\settings_test.dart: SettingsServiceImpl .streamIsDebug() Return false if is null                              
00:23 +236 -8: C:\Users\JORGE\Documents\GitHub\flutter-truvideo-enterprise\test\settings\settings_test.dart: SettingsServiceImpl .streamIsDebug() Return false if is null                              
00:23 +237 -8: C:\Users\JORGE\Documents\GitHub\flutter-truvideo-enterprise\test\settings\settings_test.dart: SettingsServiceImpl .streamIsDebug() Return false if is null                              
00:23 +237 -8: C:\Users\JORGE\Documents\GitHub\flutter-truvideo-enterprise\test\settings\settings_test.dart: SettingsServiceImpl .streamIsDebug() Return true if is not null                           
00:24 +237 -8: C:\Users\JORGE\Documents\GitHub\flutter-truvideo-enterprise\test\settings\settings_test.dart: SettingsServiceImpl .streamIsDebug() Return true if is not null                           
00:24 +238 -8: C:\Users\JORGE\Documents\GitHub\flutter-truvideo-enterprise\test\settings\settings_test.dart: SettingsServiceImpl .streamIsDebug() Return true if is not null                           
00:24 +238 -8: C:\Users\JORGE\Documents\GitHub\flutter-truvideo-enterprise\test\settings\settings_test.dart: SettingsServiceImpl .streamIsDebug() Return flase if is throw error                       
00:25 +238 -8: C:\Users\JORGE\Documents\GitHub\flutter-truvideo-enterprise\test\settings\settings_test.dart: SettingsServiceImpl .streamIsDebug() Return flase if is throw error                       
00:25 +239 -8: C:\Users\JORGE\Documents\GitHub\flutter-truvideo-enterprise\test\settings\settings_test.dart: SettingsServiceImpl .streamIsDebug() Return flase if is throw error                       [+5734 ms] test 14: Test harness is no longer needed by test process
[        ] test 14: finished
[        ] test 14: cleaning up...
[        ] test 14: ensuring test device is terminated.
[        ] test 14: Terminating flutter_tester process
[        ] test 14: Shutting down test harness socket server
[        ] test 14: Test process is no longer needed by test harness
[  +12 ms] test 14: flutter_tester process at pid 17476 exited with code=-1
[        ] test 14: deleting temporary directory
[   +5 ms] test 14: finished

00:26 +239 -8: C:\Users\JORGE\Documents\GitHub\flutter-truvideo-enterprise\test\settings\settings_test.dart: SettingsServiceImpl .streamIsDebug() Return flase if is throw error                       
00:27 +239 -8: C:\Users\JORGE\Documents\GitHub\flutter-truvideo-enterprise\test\settings\settings_test.dart: SettingsServiceImpl .streamIsDebug() Return flase if is throw error                       
00:28 +239 -8: C:\Users\JORGE\Documents\GitHub\flutter-truvideo-enterprise\test\settings\settings_test.dart: SettingsServiceImpl .streamIsDebug() Return flase if is throw error                       
00:29 +239 -8: C:\Users\JORGE\Documents\GitHub\flutter-truvideo-enterprise\test\settings\settings_test.dart: SettingsServiceImpl .streamIsDebug() Return flase if is throw error                       
00:30 +239 -8: C:\Users\JORGE\Documents\GitHub\flutter-truvideo-enterprise\test\settings\settings_test.dart: SettingsServiceImpl .streamIsDebug() Return flase if is throw error                       
00:31 +239 -8: C:\Users\JORGE\Documents\GitHub\flutter-truvideo-enterprise\test\settings\settings_test.dart: SettingsServiceImpl .streamIsDebug() Return flase if is throw error                       
00:32 +239 -8: C:\Users\JORGE\Documents\GitHub\flutter-truvideo-enterprise\test\settings\settings_test.dart: SettingsServiceImpl .streamIsDebug() Return flase if is throw error                       
00:33 +239 -8: C:\Users\JORGE\Documents\GitHub\flutter-truvideo-enterprise\test\settings\settings_test.dart: SettingsServiceImpl .streamIsDebug() Return flase if is throw error                       
00:34 +239 -8: C:\Users\JORGE\Documents\GitHub\flutter-truvideo-enterprise\test\settings\settings_test.dart: SettingsServiceImpl .streamIsDebug() Return flase if is throw error                       
00:35 +239 -8: C:\Users\JORGE\Documents\GitHub\flutter-truvideo-enterprise\test\settings\settings_test.dart: SettingsServiceImpl .streamIsDebug() Return flase if is throw error                       
00:36 +239 -8: C:\Users\JORGE\Documents\GitHub\flutter-truvideo-enterprise\test\settings\settings_test.dart: SettingsServiceImpl .streamIsDebug() Return flase if is throw error                       
00:37 +239 -8: C:\Users\JORGE\Documents\GitHub\flutter-truvideo-enterprise\test\settings\settings_test.dart: SettingsServiceImpl .streamIsDebug() Return flase if is throw error                       
00:38 +239 -8: C:\Users\JORGE\Documents\GitHub\flutter-truvideo-enterprise\test\settings\settings_test.dart: SettingsServiceImpl .streamIsDebug() Return flase if is throw error                       
00:39 +239 -8: C:\Users\JORGE\Documents\GitHub\flutter-truvideo-enterprise\test\settings\settings_test.dart: SettingsServiceImpl .streamIsDebug() Return flase if is throw error                       
00:40 +239 -8: C:\Users\JORGE\Documents\GitHub\flutter-truvideo-enterprise\test\settings\settings_test.dart: SettingsServiceImpl .streamIsDebug() Return flase if is throw error                       
00:41 +239 -8: C:\Users\JORGE\Documents\GitHub\flutter-truvideo-enterprise\test\settings\settings_test.dart: SettingsServiceImpl .streamIsDebug() Return flase if is throw error                       
00:42 +239 -8: C:\Users\JORGE\Documents\GitHub\flutter-truvideo-enterprise\test\settings\settings_test.dart: SettingsServiceImpl .streamIsDebug() Return flase if is throw error                       
00:43 +239 -8: C:\Users\JORGE\Documents\GitHub\flutter-truvideo-enterprise\test\settings\settings_test.dart: SettingsServiceImpl .streamIsDebug() Return flase if is throw error                       
00:44 +239 -8: C:\Users\JORGE\Documents\GitHub\flutter-truvideo-enterprise\test\settings\settings_test.dart: SettingsServiceImpl .streamIsDebug() Return flase if is throw error                       
00:45 +239 -8: C:\Users\JORGE\Documents\GitHub\flutter-truvideo-enterprise\test\settings\settings_test.dart: SettingsServiceImpl .streamIsDebug() Return flase if is throw error                       
00:46 +239 -8: C:\Users\JORGE\Documents\GitHub\flutter-truvideo-enterprise\test\settings\settings_test.dart: SettingsServiceImpl .streamIsDebug() Return flase if is throw error                       
00:47 +239 -8: C:\Users\JORGE\Documents\GitHub\flutter-truvideo-enterprise\test\settings\settings_test.dart: SettingsServiceImpl .streamIsDebug() Return flase if is throw error                       
00:48 +239 -8: C:\Users\JORGE\Documents\GitHub\flutter-truvideo-enterprise\test\settings\settings_test.dart: SettingsServiceImpl .streamIsDebug() Return flase if is throw error                       
00:49 +239 -8: C:\Users\JORGE\Documents\GitHub\flutter-truvideo-enterprise\test\settings\settings_test.dart: SettingsServiceImpl .streamIsDebug() Return flase if is throw error                       
00:50 +239 -8: C:\Users\JORGE\Documents\GitHub\flutter-truvideo-enterprise\test\settings\settings_test.dart: SettingsServiceImpl .streamIsDebug() Return flase if is throw error                       
00:51 +239 -8: C:\Users\JORGE\Documents\GitHub\flutter-truvideo-enterprise\test\settings\settings_test.dart: SettingsServiceImpl .streamIsDebug() Return flase if is throw error                       
00:52 +239 -8: C:\Users\JORGE\Documents\GitHub\flutter-truvideo-enterprise\test\settings\settings_test.dart: SettingsServiceImpl .streamIsDebug() Return flase if is throw error                       
00:53 +239 -8: C:\Users\JORGE\Documents\GitHub\flutter-truvideo-enterprise\test\settings\settings_test.dart: SettingsServiceImpl .streamIsDebug() Return flase if is throw error                       
00:54 +239 -8: C:\Users\JORGE\Documents\GitHub\flutter-truvideo-enterprise\test\settings\settings_test.dart: SettingsServiceImpl .streamIsDebug() Return flase if is throw error                       
00:55 +239 -8: C:\Users\JORGE\Documents\GitHub\flutter-truvideo-enterprise\test\settings\settings_test.dart: SettingsServiceImpl .streamIsDebug() Return flase if is throw error                       
00:56 +239 -8: C:\Users\JORGE\Documents\GitHub\flutter-truvideo-enterprise\test\settings\settings_test.dart: SettingsServiceImpl .streamIsDebug() Return flase if is throw error                       
00:57 +239 -8: C:\Users\JORGE\Documents\GitHub\flutter-truvideo-enterprise\test\settings\settings_test.dart: SettingsServiceImpl .streamIsDebug() Return flase if is throw error                       
00:58 +239 -8: C:\Users\JORGE\Documents\GitHub\flutter-truvideo-enterprise\test\settings\settings_test.dart: SettingsServiceImpl .streamIsDebug() Return flase if is throw error                       
00:59 +239 -8: C:\Users\JORGE\Documents\GitHub\flutter-truvideo-enterprise\test\settings\settings_test.dart: SettingsServiceImpl .streamIsDebug() Return flase if is throw error                       
01:00 +239 -8: C:\Users\JORGE\Documents\GitHub\flutter-truvideo-enterprise\test\settings\settings_test.dart: SettingsServiceImpl .streamIsDebug() Return flase if is throw error                       
01:01 +239 -8: C:\Users\JORGE\Documents\GitHub\flutter-truvideo-enterprise\test\settings\settings_test.dart: SettingsServiceImpl .streamIsDebug() Return flase if is throw error                       
01:02 +239 -8: C:\Users\JORGE\Documents\GitHub\flutter-truvideo-enterprise\test\settings\settings_test.dart: SettingsServiceImpl .streamIsDebug() Return flase if is throw error                       
01:03 +239 -8: C:\Users\JORGE\Documents\GitHub\flutter-truvideo-enterprise\test\settings\settings_test.dart: SettingsServiceImpl .streamIsDebug() Return flase if is throw error                       
01:04 +239 -8: C:\Users\JORGE\Documents\GitHub\flutter-truvideo-enterprise\test\settings\settings_test.dart: SettingsServiceImpl .streamIsDebug() Return flase if is throw error                       
01:05 +239 -8: C:\Users\JORGE\Documents\GitHub\flutter-truvideo-enterprise\test\settings\settings_test.dart: SettingsServiceImpl .streamIsDebug() Return flase if is throw error                       
01:06 +239 -8: C:\Users\JORGE\Documents\GitHub\flutter-truvideo-enterprise\test\settings\settings_test.dart: SettingsServiceImpl .streamIsDebug() Return flase if is throw error                       
01:07 +239 -8: C:\Users\JORGE\Documents\GitHub\flutter-truvideo-enterprise\test\settings\settings_test.dart: SettingsServiceImpl .streamIsDebug() Return flase if is throw error                       
01:08 +239 -8: C:\Users\JORGE\Documents\GitHub\flutter-truvideo-enterprise\test\settings\settings_test.dart: SettingsServiceImpl .streamIsDebug() Return flase if is throw error                       
01:09 +239 -8: C:\Users\JORGE\Documents\GitHub\flutter-truvideo-enterprise\test\settings\settings_test.dart: SettingsServiceImpl .streamIsDebug() Return flase if is throw error                       
01:10 +239 -8: C:\Users\JORGE\Documents\GitHub\flutter-truvideo-enterprise\test\settings\settings_test.dart: SettingsServiceImpl .streamIsDebug() Return flase if is throw error                       
01:11 +239 -8: C:\Users\JORGE\Documents\GitHub\flutter-truvideo-enterprise\test\settings\settings_test.dart: SettingsServiceImpl .streamIsDebug() Return flase if is throw error                       
01:12 +239 -8: C:\Users\JORGE\Documents\GitHub\flutter-truvideo-enterprise\test\settings\settings_test.dart: SettingsServiceImpl .streamIsDebug() Return flase if is throw error                       
01:13 +239 -8: C:\Users\JORGE\Documents\GitHub\flutter-truvideo-enterprise\test\settings\settings_test.dart: SettingsServiceImpl .streamIsDebug() Return flase if is throw error                       
01:14 +239 -8: C:\Users\JORGE\Documents\GitHub\flutter-truvideo-enterprise\test\settings\settings_test.dart: SettingsServiceImpl .streamIsDebug() Return flase if is throw error                       
01:15 +239 -8: C:\Users\JORGE\Documents\GitHub\flutter-truvideo-enterprise\test\settings\settings_test.dart: SettingsServiceImpl .streamIsDebug() Return flase if is throw error                       
01:16 +239 -8: C:\Users\JORGE\Documents\GitHub\flutter-truvideo-enterprise\test\settings\settings_test.dart: SettingsServiceImpl .streamIsDebug() Return flase if is throw error                       
01:17 +239 -8: C:\Users\JORGE\Documents\GitHub\flutter-truvideo-enterprise\test\settings\settings_test.dart: SettingsServiceImpl .streamIsDebug() Return flase if is throw error                       
01:18 +239 -8: C:\Users\JORGE\Documents\GitHub\flutter-truvideo-enterprise\test\settings\settings_test.dart: SettingsServiceImpl .streamIsDebug() Return flase if is throw error                       
01:19 +239 -8: C:\Users\JORGE\Documents\GitHub\flutter-truvideo-enterprise\test\settings\settings_test.dart: SettingsServiceImpl .streamIsDebug() Return flase if is throw error                       
01:20 +239 -8: C:\Users\JORGE\Documents\GitHub\flutter-truvideo-enterprise\test\settings\settings_test.dart: SettingsServiceImpl .streamIsDebug() Return flase if is throw error                       
01:21 +239 -8: C:\Users\JORGE\Documents\GitHub\flutter-truvideo-enterprise\test\settings\settings_test.dart: SettingsServiceImpl .streamIsDebug() Return flase if is throw error                       
01:22 +239 -8: C:\Users\JORGE\Documents\GitHub\flutter-truvideo-enterprise\test\settings\settings_test.dart: SettingsServiceImpl .streamIsDebug() Return flase if is throw error                       
01:23 +239 -8: C:\Users\JORGE\Documents\GitHub\flutter-truvideo-enterprise\test\settings\settings_test.dart: SettingsServiceImpl .streamIsDebug() Return flase if is throw error                       
01:24 +239 -8: C:\Users\JORGE\Documents\GitHub\flutter-truvideo-enterprise\test\settings\settings_test.dart: SettingsServiceImpl .streamIsDebug() Return flase if is throw error                       
01:25 +239 -8: C:\Users\JORGE\Documents\GitHub\flutter-truvideo-enterprise\test\settings\settings_test.dart: SettingsServiceImpl .streamIsDebug() Return flase if is throw error                       
01:26 +239 -8: C:\Users\JORGE\Documents\GitHub\flutter-truvideo-enterprise\test\settings\settings_test.dart: SettingsServiceImpl .streamIsDebug() Return flase if is throw error                       
01:27 +239 -8: C:\Users\JORGE\Documents\GitHub\flutter-truvideo-enterprise\test\settings\settings_test.dart: SettingsServiceImpl .streamIsDebug() Return flase if is throw error                       
01:28 +239 -8: C:\Users\JORGE\Documents\GitHub\flutter-truvideo-enterprise\test\settings\settings_test.dart: SettingsServiceImpl .streamIsDebug() Return flase if is throw error                       
01:29 +239 -8: C:\Users\JORGE\Documents\GitHub\flutter-truvideo-enterprise\test\settings\settings_test.dart: SettingsServiceImpl .streamIsDebug() Return flase if is throw error                       
01:30 +239 -8: C:\Users\JORGE\Documents\GitHub\flutter-truvideo-enterprise\test\settings\settings_test.dart: SettingsServiceImpl .streamIsDebug() Return flase if is throw error                       
01:31 +239 -8: C:\Users\JORGE\Documents\GitHub\flutter-truvideo-enterprise\test\settings\settings_test.dart: SettingsServiceImpl .streamIsDebug() Return flase if is throw error                       
01:32 +239 -8: C:\Users\JORGE\Documents\GitHub\flutter-truvideo-enterprise\test\settings\settings_test.dart: SettingsServiceImpl .streamIsDebug() Return flase if is throw error                       
01:33 +239 -8: C:\Users\JORGE\Documents\GitHub\flutter-truvideo-enterprise\test\settings\settings_test.dart: SettingsServiceImpl .streamIsDebug() Return flase if is throw error                       
01:34 +239 -8: C:\Users\JORGE\Documents\GitHub\flutter-truvideo-enterprise\test\settings\settings_test.dart: SettingsServiceImpl .streamIsDebug() Return flase if is throw error                       
01:35 +239 -8: C:\Users\JORGE\Documents\GitHub\flutter-truvideo-enterprise\test\settings\settings_test.dart: SettingsServiceImpl .streamIsDebug() Return flase if is throw error                       
01:36 +239 -8: C:\Users\JORGE\Documents\GitHub\flutter-truvideo-enterprise\test\settings\settings_test.dart: SettingsServiceImpl .streamIsDebug() Return flase if is throw error                       
01:37 +239 -8: C:\Users\JORGE\Documents\GitHub\flutter-truvideo-enterprise\test\settings\settings_test.dart: SettingsServiceImpl .streamIsDebug() Return flase if is throw error                       
01:38 +239 -8: C:\Users\JORGE\Documents\GitHub\flutter-truvideo-enterprise\test\settings\settings_test.dart: SettingsServiceImpl .streamIsDebug() Return flase if is throw error                       
01:39 +239 -8: C:\Users\JORGE\Documents\GitHub\flutter-truvideo-enterprise\test\settings\settings_test.dart: SettingsServiceImpl .streamIsDebug() Return flase if is throw error                       
01:40 +239 -8: C:\Users\JORGE\Documents\GitHub\flutter-truvideo-enterprise\test\settings\settings_test.dart: SettingsServiceImpl .streamIsDebug() Return flase if is throw error                       
01:41 +239 -8: C:\Users\JORGE\Documents\GitHub\flutter-truvideo-enterprise\test\settings\settings_test.dart: SettingsServiceImpl .streamIsDebug() Return flase if is throw error                       
01:42 +239 -8: C:\Users\JORGE\Documents\GitHub\flutter-truvideo-enterprise\test\settings\settings_test.dart: SettingsServiceImpl .streamIsDebug() Return flase if is throw error                       
01:43 +239 -8: C:\Users\JORGE\Documents\GitHub\flutter-truvideo-enterprise\test\settings\settings_test.dart: SettingsServiceImpl .streamIsDebug() Return flase if is throw error                       
01:44 +239 -8: C:\Users\JORGE\Documents\GitHub\flutter-truvideo-enterprise\test\settings\settings_test.dart: SettingsServiceImpl .streamIsDebug() Return flase if is throw error                       
01:45 +239 -8: C:\Users\JORGE\Documents\GitHub\flutter-truvideo-enterprise\test\settings\settings_test.dart: SettingsServiceImpl .streamIsDebug() Return flase if is throw error                       
01:46 +239 -8: C:\Users\JORGE\Documents\GitHub\flutter-truvideo-enterprise\test\settings\settings_test.dart: SettingsServiceImpl .streamIsDebug() Return flase if is throw error                       
01:47 +239 -8: C:\Users\JORGE\Documents\GitHub\flutter-truvideo-enterprise\test\settings\settings_test.dart: SettingsServiceImpl .streamIsDebug() Return flase if is throw error                       
01:48 +239 -8: C:\Users\JORGE\Documents\GitHub\flutter-truvideo-enterprise\test\settings\settings_test.dart: SettingsServiceImpl .streamIsDebug() Return flase if is throw error                       
01:49 +239 -8: C:\Users\JORGE\Documents\GitHub\flutter-truvideo-enterprise\test\settings\settings_test.dart: SettingsServiceImpl .streamIsDebug() Return flase if is throw error                       
01:50 +239 -8: C:\Users\JORGE\Documents\GitHub\flutter-truvideo-enterprise\test\settings\settings_test.dart: SettingsServiceImpl .streamIsDebug() Return flase if is throw error                       
01:51 +239 -8: C:\Users\JORGE\Documents\GitHub\flutter-truvideo-enterprise\test\settings\settings_test.dart: SettingsServiceImpl .streamIsDebug() Return flase if is throw error                       
01:52 +239 -8: C:\Users\JORGE\Documents\GitHub\flutter-truvideo-enterprise\test\settings\settings_test.dart: SettingsServiceImpl .streamIsDebug() Return flase if is throw error                       
01:53 +239 -8: C:\Users\JORGE\Documents\GitHub\flutter-truvideo-enterprise\test\settings\settings_test.dart: SettingsServiceImpl .streamIsDebug() Return flase if is throw error                       
01:54 +239 -8: C:\Users\JORGE\Documents\GitHub\flutter-truvideo-enterprise\test\settings\settings_test.dart: SettingsServiceImpl .streamIsDebug() Return flase if is throw error                       
01:55 +239 -8: C:\Users\JORGE\Documents\GitHub\flutter-truvideo-enterprise\test\settings\settings_test.dart: SettingsServiceImpl .streamIsDebug() Return flase if is throw error                       
01:56 +239 -8: C:\Users\JORGE\Documents\GitHub\flutter-truvideo-enterprise\test\settings\settings_test.dart: SettingsServiceImpl .streamIsDebug() Return flase if is throw error                       
01:57 +239 -8: C:\Users\JORGE\Documents\GitHub\flutter-truvideo-enterprise\test\settings\settings_test.dart: SettingsServiceImpl .streamIsDebug() Return flase if is throw error                       
01:58 +239 -8: C:\Users\JORGE\Documents\GitHub\flutter-truvideo-enterprise\test\settings\settings_test.dart: SettingsServiceImpl .streamIsDebug() Return flase if is throw error                       
01:59 +239 -8: C:\Users\JORGE\Documents\GitHub\flutter-truvideo-enterprise\test\settings\settings_test.dart: SettingsServiceImpl .streamIsDebug() Return flase if is throw error                       
02:00 +239 -8: C:\Users\JORGE\Documents\GitHub\flutter-truvideo-enterprise\test\settings\settings_test.dart: SettingsServiceImpl .streamIsDebug() Return flase if is throw error                       
02:01 +239 -8: C:\Users\JORGE\Documents\GitHub\flutter-truvideo-enterprise\test\settings\settings_test.dart: SettingsServiceImpl .streamIsDebug() Return flase if is throw error                       
02:02 +239 -8: C:\Users\JORGE\Documents\GitHub\flutter-truvideo-enterprise\test\settings\settings_test.dart: SettingsServiceImpl .streamIsDebug() Return flase if is throw error                       
02:03 +239 -8: C:\Users\JORGE\Documents\GitHub\flutter-truvideo-enterprise\test\settings\settings_test.dart: SettingsServiceImpl .streamIsDebug() Return flase if is throw error                       
02:04 +239 -8: C:\Users\JORGE\Documents\GitHub\flutter-truvideo-enterprise\test\settings\settings_test.dart: SettingsServiceImpl .streamIsDebug() Return flase if is throw error                       
02:05 +239 -8: C:\Users\JORGE\Documents\GitHub\flutter-truvideo-enterprise\test\settings\settings_test.dart: SettingsServiceImpl .streamIsDebug() Return flase if is throw error                       
02:06 +239 -8: C:\Users\JORGE\Documents\GitHub\flutter-truvideo-enterprise\test\settings\settings_test.dart: SettingsServiceImpl .streamIsDebug() Return flase if is throw error                       
02:07 +239 -8: C:\Users\JORGE\Documents\GitHub\flutter-truvideo-enterprise\test\settings\settings_test.dart: SettingsServiceImpl .streamIsDebug() Return flase if is throw error                       
02:08 +239 -8: C:\Users\JORGE\Documents\GitHub\flutter-truvideo-enterprise\test\settings\settings_test.dart: SettingsServiceImpl .streamIsDebug() Return flase if is throw error                       
02:09 +239 -8: C:\Users\JORGE\Documents\GitHub\flutter-truvideo-enterprise\test\settings\settings_test.dart: SettingsServiceImpl .streamIsDebug() Return flase if is throw error                       
02:10 +239 -8: C:\Users\JORGE\Documents\GitHub\flutter-truvideo-enterprise\test\settings\settings_test.dart: SettingsServiceImpl .streamIsDebug() Return flase if is throw error                       
02:11 +239 -8: C:\Users\JORGE\Documents\GitHub\flutter-truvideo-enterprise\test\settings\settings_test.dart: SettingsServiceImpl .streamIsDebug() Return flase if is throw error                       
02:12 +239 -8: C:\Users\JORGE\Documents\GitHub\flutter-truvideo-enterprise\test\settings\settings_test.dart: SettingsServiceImpl .streamIsDebug() Return flase if is throw error                       
02:13 +239 -8: C:\Users\JORGE\Documents\GitHub\flutter-truvideo-enterprise\test\settings\settings_test.dart: SettingsServiceImpl .streamIsDebug() Return flase if is throw error                       
02:14 +239 -8: C:\Users\JORGE\Documents\GitHub\flutter-truvideo-enterprise\test\settings\settings_test.dart: SettingsServiceImpl .streamIsDebug() Return flase if is throw error                       
02:15 +239 -8: C:\Users\JORGE\Documents\GitHub\flutter-truvideo-enterprise\test\settings\settings_test.dart: SettingsServiceImpl .streamIsDebug() Return flase if is throw error                       
02:16 +239 -8: C:\Users\JORGE\Documents\GitHub\flutter-truvideo-enterprise\test\settings\settings_test.dart: SettingsServiceImpl .streamIsDebug() Return flase if is throw error                       
02:17 +239 -8: C:\Users\JORGE\Documents\GitHub\flutter-truvideo-enterprise\test\settings\settings_test.dart: SettingsServiceImpl .streamIsDebug() Return flase if is throw error                       
02:18 +239 -8: C:\Users\JORGE\Documents\GitHub\flutter-truvideo-enterprise\test\settings\settings_test.dart: SettingsServiceImpl .streamIsDebug() Return flase if is throw error                       
02:19 +239 -8: C:\Users\JORGE\Documents\GitHub\flutter-truvideo-enterprise\test\settings\settings_test.dart: SettingsServiceImpl .streamIsDebug() Return flase if is throw error                       
02:20 +239 -8: C:\Users\JORGE\Documents\GitHub\flutter-truvideo-enterprise\test\settings\settings_test.dart: SettingsServiceImpl .streamIsDebug() Return flase if is throw error                       
02:21 +239 -8: C:\Users\JORGE\Documents\GitHub\flutter-truvideo-enterprise\test\settings\settings_test.dart: SettingsServiceImpl .streamIsDebug() Return flase if is throw error                       
02:22 +239 -8: C:\Users\JORGE\Documents\GitHub\flutter-truvideo-enterprise\test\settings\settings_test.dart: SettingsServiceImpl .streamIsDebug() Return flase if is throw error                       
02:23 +239 -8: C:\Users\JORGE\Documents\GitHub\flutter-truvideo-enterprise\test\settings\settings_test.dart: SettingsServiceImpl .streamIsDebug() Return flase if is throw error                       
02:24 +239 -8: C:\Users\JORGE\Documents\GitHub\flutter-truvideo-enterprise\test\settings\settings_test.dart: SettingsServiceImpl .streamIsDebug() Return flase if is throw error                       
02:25 +239 -8: C:\Users\JORGE\Documents\GitHub\flutter-truvideo-enterprise\test\settings\settings_test.dart: SettingsServiceImpl .streamIsDebug() Return flase if is throw error                       
02:26 +239 -8: C:\Users\JORGE\Documents\GitHub\flutter-truvideo-enterprise\test\settings\settings_test.dart: SettingsServiceImpl .streamIsDebug() Return flase if is throw error                       
02:27 +239 -8: C:\Users\JORGE\Documents\GitHub\flutter-truvideo-enterprise\test\settings\settings_test.dart: SettingsServiceImpl .streamIsDebug() Return flase if is throw error                       
02:28 +239 -8: C:\Users\JORGE\Documents\GitHub\flutter-truvideo-enterprise\test\settings\settings_test.dart: SettingsServiceImpl .streamIsDebug() Return flase if is throw error                       
02:29 +239 -8: C:\Users\JORGE\Documents\GitHub\flutter-truvideo-enterprise\test\settings\settings_test.dart: SettingsServiceImpl .streamIsDebug() Return flase if is throw error                       
02:30 +239 -8: C:\Users\JORGE\Documents\GitHub\flutter-truvideo-enterprise\test\settings\settings_test.dart: SettingsServiceImpl .streamIsDebug() Return flase if is throw error                       
02:31 +239 -8: C:\Users\JORGE\Documents\GitHub\flutter-truvideo-enterprise\test\settings\settings_test.dart: SettingsServiceImpl .streamIsDebug() Return flase if is throw error                       
02:32 +239 -8: C:\Users\JORGE\Documents\GitHub\flutter-truvideo-enterprise\test\settings\settings_test.dart: SettingsServiceImpl .streamIsDebug() Return flase if is throw error                       
02:33 +239 -8: C:\Users\JORGE\Documents\GitHub\flutter-truvideo-enterprise\test\settings\settings_test.dart: SettingsServiceImpl .streamIsDebug() Return flase if is throw error                       
02:34 +239 -8: C:\Users\JORGE\Documents\GitHub\flutter-truvideo-enterprise\test\settings\settings_test.dart: SettingsServiceImpl .streamIsDebug() Return flase if is throw error                       
02:35 +239 -8: C:\Users\JORGE\Documents\GitHub\flutter-truvideo-enterprise\test\settings\settings_test.dart: SettingsServiceImpl .streamIsDebug() Return flase if is throw error                       
02:36 +239 -8: C:\Users\JORGE\Documents\GitHub\flutter-truvideo-enterprise\test\settings\settings_test.dart: SettingsServiceImpl .streamIsDebug() Return flase if is throw error                       
02:37 +239 -8: C:\Users\JORGE\Documents\GitHub\flutter-truvideo-enterprise\test\settings\settings_test.dart: SettingsServiceImpl .streamIsDebug() Return flase if is throw error                       
02:38 +239 -8: C:\Users\JORGE\Documents\GitHub\flutter-truvideo-enterprise\test\settings\settings_test.dart: SettingsServiceImpl .streamIsDebug() Return flase if is throw error                       
02:39 +239 -8: C:\Users\JORGE\Documents\GitHub\flutter-truvideo-enterprise\test\settings\settings_test.dart: SettingsServiceImpl .streamIsDebug() Return flase if is throw error                       
02:40 +239 -8: C:\Users\JORGE\Documents\GitHub\flutter-truvideo-enterprise\test\settings\settings_test.dart: SettingsServiceImpl .streamIsDebug() Return flase if is throw error                       
02:41 +239 -8: C:\Users\JORGE\Documents\GitHub\flutter-truvideo-enterprise\test\settings\settings_test.dart: SettingsServiceImpl .streamIsDebug() Return flase if is throw error                       
02:42 +239 -8: C:\Users\JORGE\Documents\GitHub\flutter-truvideo-enterprise\test\settings\settings_test.dart: SettingsServiceImpl .streamIsDebug() Return flase if is throw error                       
02:43 +239 -8: C:\Users\JORGE\Documents\GitHub\flutter-truvideo-enterprise\test\settings\settings_test.dart: SettingsServiceImpl .streamIsDebug() Return flase if is throw error                       
02:44 +239 -8: C:\Users\JORGE\Documents\GitHub\flutter-truvideo-enterprise\test\settings\settings_test.dart: SettingsServiceImpl .streamIsDebug() Return flase if is throw error                       
02:45 +239 -8: C:\Users\JORGE\Documents\GitHub\flutter-truvideo-enterprise\test\settings\settings_test.dart: SettingsServiceImpl .streamIsDebug() Return flase if is throw error                       
02:46 +239 -8: C:\Users\JORGE\Documents\GitHub\flutter-truvideo-enterprise\test\settings\settings_test.dart: SettingsServiceImpl .streamIsDebug() Return flase if is throw error                       
02:47 +239 -8: C:\Users\JORGE\Documents\GitHub\flutter-truvideo-enterprise\test\settings\settings_test.dart: SettingsServiceImpl .streamIsDebug() Return flase if is throw error                       
02:48 +239 -8: C:\Users\JORGE\Documents\GitHub\flutter-truvideo-enterprise\test\settings\settings_test.dart: SettingsServiceImpl .streamIsDebug() Return flase if is throw error                       
02:49 +239 -8: C:\Users\JORGE\Documents\GitHub\flutter-truvideo-enterprise\test\settings\settings_test.dart: SettingsServiceImpl .streamIsDebug() Return flase if is throw error                       
02:50 +239 -8: C:\Users\JORGE\Documents\GitHub\flutter-truvideo-enterprise\test\settings\settings_test.dart: SettingsServiceImpl .streamIsDebug() Return flase if is throw error                       
02:51 +239 -8: C:\Users\JORGE\Documents\GitHub\flutter-truvideo-enterprise\test\settings\settings_test.dart: SettingsServiceImpl .streamIsDebug() Return flase if is throw error                       
02:52 +239 -8: C:\Users\JORGE\Documents\GitHub\flutter-truvideo-enterprise\test\settings\settings_test.dart: SettingsServiceImpl .streamIsDebug() Return flase if is throw error                       
02:53 +239 -8: C:\Users\JORGE\Documents\GitHub\flutter-truvideo-enterprise\test\settings\settings_test.dart: SettingsServiceImpl .streamIsDebug() Return flase if is throw error                       
02:54 +239 -8: C:\Users\JORGE\Documents\GitHub\flutter-truvideo-enterprise\test\settings\settings_test.dart: SettingsServiceImpl .streamIsDebug() Return flase if is throw error                       
02:55 +239 -8: C:\Users\JORGE\Documents\GitHub\flutter-truvideo-enterprise\test\settings\settings_test.dart: SettingsServiceImpl .streamIsDebug() Return flase if is throw error                       
02:56 +239 -8: C:\Users\JORGE\Documents\GitHub\flutter-truvideo-enterprise\test\settings\settings_test.dart: SettingsServiceImpl .streamIsDebug() Return flase if is throw error                       
02:57 +239 -8: C:\Users\JORGE\Documents\GitHub\flutter-truvideo-enterprise\test\settings\settings_test.dart: SettingsServiceImpl .streamIsDebug() Return flase if is throw error                       
02:58 +239 -8: C:\Users\JORGE\Documents\GitHub\flutter-truvideo-enterprise\test\settings\settings_test.dart: SettingsServiceImpl .streamIsDebug() Return flase if is throw error                       
02:59 +239 -8: C:\Users\JORGE\Documents\GitHub\flutter-truvideo-enterprise\test\settings\settings_test.dart: SettingsServiceImpl .streamIsDebug() Return flase if is throw error                       
03:00 +239 -8: C:\Users\JORGE\Documents\GitHub\flutter-truvideo-enterprise\test\settings\settings_test.dart: SettingsServiceImpl .streamIsDebug() Return flase if is throw error                       
03:01 +239 -8: C:\Users\JORGE\Documents\GitHub\flutter-truvideo-enterprise\test\settings\settings_test.dart: SettingsServiceImpl .streamIsDebug() Return flase if is throw error                       
03:02 +239 -8: C:\Users\JORGE\Documents\GitHub\flutter-truvideo-enterprise\test\settings\settings_test.dart: SettingsServiceImpl .streamIsDebug() Return flase if is throw error                       
03:03 +239 -8: C:\Users\JORGE\Documents\GitHub\flutter-truvideo-enterprise\test\settings\settings_test.dart: SettingsServiceImpl .streamIsDebug() Return flase if is throw error                       
03:04 +239 -8: C:\Users\JORGE\Documents\GitHub\flutter-truvideo-enterprise\test\settings\settings_test.dart: SettingsServiceImpl .streamIsDebug() Return flase if is throw error                       
03:05 +239 -8: C:\Users\JORGE\Documents\GitHub\flutter-truvideo-enterprise\test\settings\settings_test.dart: SettingsServiceImpl .streamIsDebug() Return flase if is throw error                       
03:06 +239 -8: C:\Users\JORGE\Documents\GitHub\flutter-truvideo-enterprise\test\settings\settings_test.dart: SettingsServiceImpl .streamIsDebug() Return flase if is throw error                       
03:07 +239 -8: C:\Users\JORGE\Documents\GitHub\flutter-truvideo-enterprise\test\settings\settings_test.dart: SettingsServiceImpl .streamIsDebug() Return flase if is throw error                       
03:08 +239 -8: C:\Users\JORGE\Documents\GitHub\flutter-truvideo-enterprise\test\settings\settings_test.dart: SettingsServiceImpl .streamIsDebug() Return flase if is throw error                       
03:09 +239 -8: C:\Users\JORGE\Documents\GitHub\flutter-truvideo-enterprise\test\settings\settings_test.dart: SettingsServiceImpl .streamIsDebug() Return flase if is throw error                       
03:10 +239 -8: C:\Users\JORGE\Documents\GitHub\flutter-truvideo-enterprise\test\settings\settings_test.dart: SettingsServiceImpl .streamIsDebug() Return flase if is throw error                       
03:11 +239 -8: C:\Users\JORGE\Documents\GitHub\flutter-truvideo-enterprise\test\settings\settings_test.dart: SettingsServiceImpl .streamIsDebug() Return flase if is throw error                       
03:12 +239 -8: C:\Users\JORGE\Documents\GitHub\flutter-truvideo-enterprise\test\settings\settings_test.dart: SettingsServiceImpl .streamIsDebug() Return flase if is throw error                       
03:13 +239 -8: C:\Users\JORGE\Documents\GitHub\flutter-truvideo-enterprise\test\settings\settings_test.dart: SettingsServiceImpl .streamIsDebug() Return flase if is throw error                       
03:14 +239 -8: C:\Users\JORGE\Documents\GitHub\flutter-truvideo-enterprise\test\settings\settings_test.dart: SettingsServiceImpl .streamIsDebug() Return flase if is throw error                       
03:15 +239 -8: C:\Users\JORGE\Documents\GitHub\flutter-truvideo-enterprise\test\settings\settings_test.dart: SettingsServiceImpl .streamIsDebug() Return flase if is throw error                       
03:16 +239 -8: C:\Users\JORGE\Documents\GitHub\flutter-truvideo-enterprise\test\settings\settings_test.dart: SettingsServiceImpl .streamIsDebug() Return flase if is throw error                       
03:17 +239 -8: C:\Users\JORGE\Documents\GitHub\flutter-truvideo-enterprise\test\settings\settings_test.dart: SettingsServiceImpl .streamIsDebug() Return flase if is throw error                       
03:18 +239 -8: C:\Users\JORGE\Documents\GitHub\flutter-truvideo-enterprise\test\settings\settings_test.dart: SettingsServiceImpl .streamIsDebug() Return flase if is throw error                       
03:19 +239 -8: C:\Users\JORGE\Documents\GitHub\flutter-truvideo-enterprise\test\settings\settings_test.dart: SettingsServiceImpl .streamIsDebug() Return flase if is throw error                       
03:20 +239 -8: C:\Users\JORGE\Documents\GitHub\flutter-truvideo-enterprise\test\settings\settings_test.dart: SettingsServiceImpl .streamIsDebug() Return flase if is throw error                       
03:21 +239 -8: C:\Users\JORGE\Documents\GitHub\flutter-truvideo-enterprise\test\settings\settings_test.dart: SettingsServiceImpl .streamIsDebug() Return flase if is throw error                       
03:22 +239 -8: C:\Users\JORGE\Documents\GitHub\flutter-truvideo-enterprise\test\settings\settings_test.dart: SettingsServiceImpl .streamIsDebug() Return flase if is throw error                       
03:23 +239 -8: C:\Users\JORGE\Documents\GitHub\flutter-truvideo-enterprise\test\settings\settings_test.dart: SettingsServiceImpl .streamIsDebug() Return flase if is throw error                       
03:24 +239 -8: C:\Users\JORGE\Documents\GitHub\flutter-truvideo-enterprise\test\settings\settings_test.dart: SettingsServiceImpl .streamIsDebug() Return flase if is throw error                       
03:25 +239 -8: C:\Users\JORGE\Documents\GitHub\flutter-truvideo-enterprise\test\settings\settings_test.dart: SettingsServiceImpl .streamIsDebug() Return flase if is throw error                       
03:26 +239 -8: C:\Users\JORGE\Documents\GitHub\flutter-truvideo-enterprise\test\settings\settings_test.dart: SettingsServiceImpl .streamIsDebug() Return flase if is throw error                       
03:27 +239 -8: C:\Users\JORGE\Documents\GitHub\flutter-truvideo-enterprise\test\settings\settings_test.dart: SettingsServiceImpl .streamIsDebug() Return flase if is throw error                       
03:28 +239 -8: C:\Users\JORGE\Documents\GitHub\flutter-truvideo-enterprise\test\settings\settings_test.dart: SettingsServiceImpl .streamIsDebug() Return flase if is throw error                       
03:29 +239 -8: C:\Users\JORGE\Documents\GitHub\flutter-truvideo-enterprise\test\settings\settings_test.dart: SettingsServiceImpl .streamIsDebug() Return flase if is throw error                       
03:30 +239 -8: C:\Users\JORGE\Documents\GitHub\flutter-truvideo-enterprise\test\settings\settings_test.dart: SettingsServiceImpl .streamIsDebug() Return flase if is throw error                       
03:31 +239 -8: C:\Users\JORGE\Documents\GitHub\flutter-truvideo-enterprise\test\settings\settings_test.dart: SettingsServiceImpl .streamIsDebug() Return flase if is throw error                       
03:32 +239 -8: C:\Users\JORGE\Documents\GitHub\flutter-truvideo-enterprise\test\settings\settings_test.dart: SettingsServiceImpl .streamIsDebug() Return flase if is throw error                       
03:33 +239 -8: C:\Users\JORGE\Documents\GitHub\flutter-truvideo-enterprise\test\settings\settings_test.dart: SettingsServiceImpl .streamIsDebug() Return flase if is throw error                       
03:34 +239 -8: C:\Users\JORGE\Documents\GitHub\flutter-truvideo-enterprise\test\settings\settings_test.dart: SettingsServiceImpl .streamIsDebug() Return flase if is throw error                       
03:35 +239 -8: C:\Users\JORGE\Documents\GitHub\flutter-truvideo-enterprise\test\settings\settings_test.dart: SettingsServiceImpl .streamIsDebug() Return flase if is throw error                       
03:36 +239 -8: C:\Users\JORGE\Documents\GitHub\flutter-truvideo-enterprise\test\settings\settings_test.dart: SettingsServiceImpl .streamIsDebug() Return flase if is throw error                       
03:37 +239 -8: C:\Users\JORGE\Documents\GitHub\flutter-truvideo-enterprise\test\settings\settings_test.dart: SettingsServiceImpl .streamIsDebug() Return flase if is throw error                       
03:38 +239 -8: C:\Users\JORGE\Documents\GitHub\flutter-truvideo-enterprise\test\settings\settings_test.dart: SettingsServiceImpl .streamIsDebug() Return flase if is throw error                       
03:39 +239 -8: C:\Users\JORGE\Documents\GitHub\flutter-truvideo-enterprise\test\settings\settings_test.dart: SettingsServiceImpl .streamIsDebug() Return flase if is throw error                       
03:40 +239 -8: C:\Users\JORGE\Documents\GitHub\flutter-truvideo-enterprise\test\settings\settings_test.dart: SettingsServiceImpl .streamIsDebug() Return flase if is throw error                       
03:41 +239 -8: C:\Users\JORGE\Documents\GitHub\flutter-truvideo-enterprise\test\settings\settings_test.dart: SettingsServiceImpl .streamIsDebug() Return flase if is throw error                       
03:42 +239 -8: C:\Users\JORGE\Documents\GitHub\flutter-truvideo-enterprise\test\settings\settings_test.dart: SettingsServiceImpl .streamIsDebug() Return flase if is throw error                       
03:43 +239 -8: C:\Users\JORGE\Documents\GitHub\flutter-truvideo-enterprise\test\settings\settings_test.dart: SettingsServiceImpl .streamIsDebug() Return flase if is throw error                       
03:44 +239 -8: C:\Users\JORGE\Documents\GitHub\flutter-truvideo-enterprise\test\settings\settings_test.dart: SettingsServiceImpl .streamIsDebug() Return flase if is throw error                       
03:45 +239 -8: C:\Users\JORGE\Documents\GitHub\flutter-truvideo-enterprise\test\settings\settings_test.dart: SettingsServiceImpl .streamIsDebug() Return flase if is throw error                       
03:46 +239 -8: C:\Users\JORGE\Documents\GitHub\flutter-truvideo-enterprise\test\settings\settings_test.dart: SettingsServiceImpl .streamIsDebug() Return flase if is throw error                       
03:47 +239 -8: C:\Users\JORGE\Documents\GitHub\flutter-truvideo-enterprise\test\settings\settings_test.dart: SettingsServiceImpl .streamIsDebug() Return flase if is throw error                       
03:48 +239 -8: C:\Users\JORGE\Documents\GitHub\flutter-truvideo-enterprise\test\settings\settings_test.dart: SettingsServiceImpl .streamIsDebug() Return flase if is throw error                       
03:49 +239 -8: C:\Users\JORGE\Documents\GitHub\flutter-truvideo-enterprise\test\settings\settings_test.dart: SettingsServiceImpl .streamIsDebug() Return flase if is throw error                       
03:50 +239 -8: C:\Users\JORGE\Documents\GitHub\flutter-truvideo-enterprise\test\settings\settings_test.dart: SettingsServiceImpl .streamIsDebug() Return flase if is throw error                       
03:51 +239 -8: C:\Users\JORGE\Documents\GitHub\flutter-truvideo-enterprise\test\settings\settings_test.dart: SettingsServiceImpl .streamIsDebug() Return flase if is throw error                       
03:52 +239 -8: C:\Users\JORGE\Documents\GitHub\flutter-truvideo-enterprise\test\settings\settings_test.dart: SettingsServiceImpl .streamIsDebug() Return flase if is throw error                       
03:53 +239 -8: C:\Users\JORGE\Documents\GitHub\flutter-truvideo-enterprise\test\settings\settings_test.dart: SettingsServiceImpl .streamIsDebug() Return flase if is throw error                       
03:54 +239 -8: C:\Users\JORGE\Documents\GitHub\flutter-truvideo-enterprise\test\settings\settings_test.dart: SettingsServiceImpl .streamIsDebug() Return flase if is throw error                       
03:55 +239 -8: C:\Users\JORGE\Documents\GitHub\flutter-truvideo-enterprise\test\settings\settings_test.dart: SettingsServiceImpl .streamIsDebug() Return flase if is throw error                       
03:56 +239 -8: C:\Users\JORGE\Documents\GitHub\flutter-truvideo-enterprise\test\settings\settings_test.dart: SettingsServiceImpl .streamIsDebug() Return flase if is throw error                       
03:57 +239 -8: C:\Users\JORGE\Documents\GitHub\flutter-truvideo-enterprise\test\settings\settings_test.dart: SettingsServiceImpl .streamIsDebug() Return flase if is throw error                       
03:58 +239 -8: C:\Users\JORGE\Documents\GitHub\flutter-truvideo-enterprise\test\settings\settings_test.dart: SettingsServiceImpl .streamIsDebug() Return flase if is throw error                       
03:59 +239 -8: C:\Users\JORGE\Documents\GitHub\flutter-truvideo-enterprise\test\settings\settings_test.dart: SettingsServiceImpl .streamIsDebug() Return flase if is throw error                       
04:00 +239 -8: C:\Users\JORGE\Documents\GitHub\flutter-truvideo-enterprise\test\settings\settings_test.dart: SettingsServiceImpl .streamIsDebug() Return flase if is throw error                       
04:01 +239 -8: C:\Users\JORGE\Documents\GitHub\flutter-truvideo-enterprise\test\settings\settings_test.dart: SettingsServiceImpl .streamIsDebug() Return flase if is throw error                       
04:02 +239 -8: C:\Users\JORGE\Documents\GitHub\flutter-truvideo-enterprise\test\settings\settings_test.dart: SettingsServiceImpl .streamIsDebug() Return flase if is throw error                       
04:03 +239 -8: C:\Users\JORGE\Documents\GitHub\flutter-truvideo-enterprise\test\settings\settings_test.dart: SettingsServiceImpl .streamIsDebug() Return flase if is throw error                       
04:04 +239 -8: C:\Users\JORGE\Documents\GitHub\flutter-truvideo-enterprise\test\settings\settings_test.dart: SettingsServiceImpl .streamIsDebug() Return flase if is throw error                       
04:05 +239 -8: C:\Users\JORGE\Documents\GitHub\flutter-truvideo-enterprise\test\settings\settings_test.dart: SettingsServiceImpl .streamIsDebug() Return flase if is throw error                       
04:06 +239 -8: C:\Users\JORGE\Documents\GitHub\flutter-truvideo-enterprise\test\settings\settings_test.dart: SettingsServiceImpl .streamIsDebug() Return flase if is throw error                       
04:07 +239 -8: C:\Users\JORGE\Documents\GitHub\flutter-truvideo-enterprise\test\settings\settings_test.dart: SettingsServiceImpl .streamIsDebug() Return flase if is throw error                       
04:08 +239 -8: C:\Users\JORGE\Documents\GitHub\flutter-truvideo-enterprise\test\settings\settings_test.dart: SettingsServiceImpl .streamIsDebug() Return flase if is throw error                       
04:09 +239 -8: C:\Users\JORGE\Documents\GitHub\flutter-truvideo-enterprise\test\settings\settings_test.dart: SettingsServiceImpl .streamIsDebug() Return flase if is throw error                       
04:10 +239 -8: C:\Users\JORGE\Documents\GitHub\flutter-truvideo-enterprise\test\settings\settings_test.dart: SettingsServiceImpl .streamIsDebug() Return flase if is throw error                       
04:11 +239 -8: C:\Users\JORGE\Documents\GitHub\flutter-truvideo-enterprise\test\settings\settings_test.dart: SettingsServiceImpl .streamIsDebug() Return flase if is throw error                       
04:12 +239 -8: C:\Users\JORGE\Documents\GitHub\flutter-truvideo-enterprise\test\settings\settings_test.dart: SettingsServiceImpl .streamIsDebug() Return flase if is throw error                       
04:13 +239 -8: C:\Users\JORGE\Documents\GitHub\flutter-truvideo-enterprise\test\settings\settings_test.dart: SettingsServiceImpl .streamIsDebug() Return flase if is throw error                       
04:14 +239 -8: C:\Users\JORGE\Documents\GitHub\flutter-truvideo-enterprise\test\settings\settings_test.dart: SettingsServiceImpl .streamIsDebug() Return flase if is throw error                       
04:15 +239 -8: C:\Users\JORGE\Documents\GitHub\flutter-truvideo-enterprise\test\settings\settings_test.dart: SettingsServiceImpl .streamIsDebug() Return flase if is throw error                       
04:16 +239 -8: C:\Users\JORGE\Documents\GitHub\flutter-truvideo-enterprise\test\settings\settings_test.dart: SettingsServiceImpl .streamIsDebug() Return flase if is throw error                       
04:17 +239 -8: C:\Users\JORGE\Documents\GitHub\flutter-truvideo-enterprise\test\settings\settings_test.dart: SettingsServiceImpl .streamIsDebug() Return flase if is throw error                       
04:18 +239 -8: C:\Users\JORGE\Documents\GitHub\flutter-truvideo-enterprise\test\settings\settings_test.dart: SettingsServiceImpl .streamIsDebug() Return flase if is throw error                       
04:19 +239 -8: C:\Users\JORGE\Documents\GitHub\flutter-truvideo-enterprise\test\settings\settings_test.dart: SettingsServiceImpl .streamIsDebug() Return flase if is throw error                       
04:20 +239 -8: C:\Users\JORGE\Documents\GitHub\flutter-truvideo-enterprise\test\settings\settings_test.dart: SettingsServiceImpl .streamIsDebug() Return flase if is throw error                       
04:21 +239 -8: C:\Users\JORGE\Documents\GitHub\flutter-truvideo-enterprise\test\settings\settings_test.dart: SettingsServiceImpl .streamIsDebug() Return flase if is throw error                       
04:22 +239 -8: C:\Users\JORGE\Documents\GitHub\flutter-truvideo-enterprise\test\settings\settings_test.dart: SettingsServiceImpl .streamIsDebug() Return flase if is throw error                       
04:23 +239 -8: C:\Users\JORGE\Documents\GitHub\flutter-truvideo-enterprise\test\settings\settings_test.dart: SettingsServiceImpl .streamIsDebug() Return flase if is throw error                       
04:24 +239 -8: C:\Users\JORGE\Documents\GitHub\flutter-truvideo-enterprise\test\settings\settings_test.dart: SettingsServiceImpl .streamIsDebug() Return flase if is throw error                       
04:25 +239 -8: C:\Users\JORGE\Documents\GitHub\flutter-truvideo-enterprise\test\settings\settings_test.dart: SettingsServiceImpl .streamIsDebug() Return flase if is throw error                       
04:26 +239 -8: C:\Users\JORGE\Documents\GitHub\flutter-truvideo-enterprise\test\settings\settings_test.dart: SettingsServiceImpl .streamIsDebug() Return flase if is throw error                       
04:27 +239 -8: C:\Users\JORGE\Documents\GitHub\flutter-truvideo-enterprise\test\settings\settings_test.dart: SettingsServiceImpl .streamIsDebug() Return flase if is throw error                       
04:28 +239 -8: C:\Users\JORGE\Documents\GitHub\flutter-truvideo-enterprise\test\settings\settings_test.dart: SettingsServiceImpl .streamIsDebug() Return flase if is throw error                       
04:29 +239 -8: C:\Users\JORGE\Documents\GitHub\flutter-truvideo-enterprise\test\settings\settings_test.dart: SettingsServiceImpl .streamIsDebug() Return flase if is throw error                       
04:30 +239 -8: C:\Users\JORGE\Documents\GitHub\flutter-truvideo-enterprise\test\settings\settings_test.dart: SettingsServiceImpl .streamIsDebug() Return flase if is throw error                       
04:31 +239 -8: C:\Users\JORGE\Documents\GitHub\flutter-truvideo-enterprise\test\settings\settings_test.dart: SettingsServiceImpl .streamIsDebug() Return flase if is throw error                       
04:32 +239 -8: C:\Users\JORGE\Documents\GitHub\flutter-truvideo-enterprise\test\settings\settings_test.dart: SettingsServiceImpl .streamIsDebug() Return flase if is throw error                       
04:33 +239 -8: C:\Users\JORGE\Documents\GitHub\flutter-truvideo-enterprise\test\settings\settings_test.dart: SettingsServiceImpl .streamIsDebug() Return flase if is throw error                       
04:34 +239 -8: C:\Users\JORGE\Documents\GitHub\flutter-truvideo-enterprise\test\settings\settings_test.dart: SettingsServiceImpl .streamIsDebug() Return flase if is throw error                       
04:35 +239 -8: C:\Users\JORGE\Documents\GitHub\flutter-truvideo-enterprise\test\settings\settings_test.dart: SettingsServiceImpl .streamIsDebug() Return flase if is throw error                       
04:36 +239 -8: C:\Users\JORGE\Documents\GitHub\flutter-truvideo-enterprise\test\settings\settings_test.dart: SettingsServiceImpl .streamIsDebug() Return flase if is throw error                       
04:37 +239 -8: C:\Users\JORGE\Documents\GitHub\flutter-truvideo-enterprise\test\settings\settings_test.dart: SettingsServiceImpl .streamIsDebug() Return flase if is throw error                       
04:38 +239 -8: C:\Users\JORGE\Documents\GitHub\flutter-truvideo-enterprise\test\settings\settings_test.dart: SettingsServiceImpl .streamIsDebug() Return flase if is throw error                       
04:39 +239 -8: C:\Users\JORGE\Documents\GitHub\flutter-truvideo-enterprise\test\settings\settings_test.dart: SettingsServiceImpl .streamIsDebug() Return flase if is throw error                       
04:40 +239 -8: C:\Users\JORGE\Documents\GitHub\flutter-truvideo-enterprise\test\settings\settings_test.dart: SettingsServiceImpl .streamIsDebug() Return flase if is throw error                       
04:41 +239 -8: C:\Users\JORGE\Documents\GitHub\flutter-truvideo-enterprise\test\settings\settings_test.dart: SettingsServiceImpl .streamIsDebug() Return flase if is throw error                       
04:42 +239 -8: C:\Users\JORGE\Documents\GitHub\flutter-truvideo-enterprise\test\settings\settings_test.dart: SettingsServiceImpl .streamIsDebug() Return flase if is throw error                       
04:43 +239 -8: C:\Users\JORGE\Documents\GitHub\flutter-truvideo-enterprise\test\settings\settings_test.dart: SettingsServiceImpl .streamIsDebug() Return flase if is throw error                       
04:44 +239 -8: C:\Users\JORGE\Documents\GitHub\flutter-truvideo-enterprise\test\settings\settings_test.dart: SettingsServiceImpl .streamIsDebug() Return flase if is throw error                       
04:45 +239 -8: C:\Users\JORGE\Documents\GitHub\flutter-truvideo-enterprise\test\settings\settings_test.dart: SettingsServiceImpl .streamIsDebug() Return flase if is throw error                       
04:46 +239 -8: C:\Users\JORGE\Documents\GitHub\flutter-truvideo-enterprise\test\settings\settings_test.dart: SettingsServiceImpl .streamIsDebug() Return flase if is throw error                       
04:47 +239 -8: C:\Users\JORGE\Documents\GitHub\flutter-truvideo-enterprise\test\settings\settings_test.dart: SettingsServiceImpl .streamIsDebug() Return flase if is throw error                       
04:48 +239 -8: C:\Users\JORGE\Documents\GitHub\flutter-truvideo-enterprise\test\settings\settings_test.dart: SettingsServiceImpl .streamIsDebug() Return flase if is throw error                       
04:49 +239 -8: C:\Users\JORGE\Documents\GitHub\flutter-truvideo-enterprise\test\settings\settings_test.dart: SettingsServiceImpl .streamIsDebug() Return flase if is throw error                       
04:50 +239 -8: C:\Users\JORGE\Documents\GitHub\flutter-truvideo-enterprise\test\settings\settings_test.dart: SettingsServiceImpl .streamIsDebug() Return flase if is throw error                       
04:51 +239 -8: C:\Users\JORGE\Documents\GitHub\flutter-truvideo-enterprise\test\settings\settings_test.dart: SettingsServiceImpl .streamIsDebug() Return flase if is throw error                       
04:52 +239 -8: C:\Users\JORGE\Documents\GitHub\flutter-truvideo-enterprise\test\settings\settings_test.dart: SettingsServiceImpl .streamIsDebug() Return flase if is throw error                       
04:53 +239 -8: C:\Users\JORGE\Documents\GitHub\flutter-truvideo-enterprise\test\settings\settings_test.dart: SettingsServiceImpl .streamIsDebug() Return flase if is throw error                       
04:54 +239 -8: C:\Users\JORGE\Documents\GitHub\flutter-truvideo-enterprise\test\settings\settings_test.dart: SettingsServiceImpl .streamIsDebug() Return flase if is throw error                       
04:55 +239 -8: C:\Users\JORGE\Documents\GitHub\flutter-truvideo-enterprise\test\settings\settings_test.dart: SettingsServiceImpl .streamIsDebug() Return flase if is throw error                       
04:56 +239 -8: C:\Users\JORGE\Documents\GitHub\flutter-truvideo-enterprise\test\settings\settings_test.dart: SettingsServiceImpl .streamIsDebug() Return flase if is throw error                       
04:57 +239 -8: C:\Users\JORGE\Documents\GitHub\flutter-truvideo-enterprise\test\settings\settings_test.dart: SettingsServiceImpl .streamIsDebug() Return flase if is throw error                       
04:58 +239 -8: C:\Users\JORGE\Documents\GitHub\flutter-truvideo-enterprise\test\settings\settings_test.dart: SettingsServiceImpl .streamIsDebug() Return flase if is throw error                       
04:59 +239 -8: C:\Users\JORGE\Documents\GitHub\flutter-truvideo-enterprise\test\settings\settings_test.dart: SettingsServiceImpl .streamIsDebug() Return flase if is throw error                       
05:00 +239 -8: C:\Users\JORGE\Documents\GitHub\flutter-truvideo-enterprise\test\settings\settings_test.dart: SettingsServiceImpl .streamIsDebug() Return flase if is throw error                       
05:01 +239 -8: C:\Users\JORGE\Documents\GitHub\flutter-truvideo-enterprise\test\settings\settings_test.dart: SettingsServiceImpl .streamIsDebug() Return flase if is throw error                       
05:02 +239 -8: C:\Users\JORGE\Documents\GitHub\flutter-truvideo-enterprise\test\settings\settings_test.dart: SettingsServiceImpl .streamIsDebug() Return flase if is throw error                       
05:03 +239 -8: C:\Users\JORGE\Documents\GitHub\flutter-truvideo-enterprise\test\settings\settings_test.dart: SettingsServiceImpl .streamIsDebug() Return flase if is throw error                       
05:04 +239 -8: C:\Users\JORGE\Documents\GitHub\flutter-truvideo-enterprise\test\settings\settings_test.dart: SettingsServiceImpl .streamIsDebug() Return flase if is throw error                       
05:05 +239 -8: C:\Users\JORGE\Documents\GitHub\flutter-truvideo-enterprise\test\settings\settings_test.dart: SettingsServiceImpl .streamIsDebug() Return flase if is throw error                       
05:06 +239 -8: C:\Users\JORGE\Documents\GitHub\flutter-truvideo-enterprise\test\settings\settings_test.dart: SettingsServiceImpl .streamIsDebug() Return flase if is throw error                       
05:07 +239 -8: C:\Users\JORGE\Documents\GitHub\flutter-truvideo-enterprise\test\settings\settings_test.dart: SettingsServiceImpl .streamIsDebug() Return flase if is throw error                       
05:08 +239 -8: C:\Users\JORGE\Documents\GitHub\flutter-truvideo-enterprise\test\settings\settings_test.dart: SettingsServiceImpl .streamIsDebug() Return flase if is throw error                       
05:09 +239 -8: C:\Users\JORGE\Documents\GitHub\flutter-truvideo-enterprise\test\settings\settings_test.dart: SettingsServiceImpl .streamIsDebug() Return flase if is throw error                       
05:10 +239 -8: C:\Users\JORGE\Documents\GitHub\flutter-truvideo-enterprise\test\settings\settings_test.dart: SettingsServiceImpl .streamIsDebug() Return flase if is throw error                       
05:11 +239 -8: C:\Users\JORGE\Documents\GitHub\flutter-truvideo-enterprise\test\settings\settings_test.dart: SettingsServiceImpl .streamIsDebug() Return flase if is throw error                       
05:12 +239 -8: C:\Users\JORGE\Documents\GitHub\flutter-truvideo-enterprise\test\settings\settings_test.dart: SettingsServiceImpl .streamIsDebug() Return flase if is throw error                       
05:13 +239 -8: C:\Users\JORGE\Documents\GitHub\flutter-truvideo-enterprise\test\settings\settings_test.dart: SettingsServiceImpl .streamIsDebug() Return flase if is throw error                       
05:14 +239 -8: C:\Users\JORGE\Documents\GitHub\flutter-truvideo-enterprise\test\settings\settings_test.dart: SettingsServiceImpl .streamIsDebug() Return flase if is throw error                       
05:15 +239 -8: C:\Users\JORGE\Documents\GitHub\flutter-truvideo-enterprise\test\settings\settings_test.dart: SettingsServiceImpl .streamIsDebug() Return flase if is throw error                       
05:16 +239 -8: C:\Users\JORGE\Documents\GitHub\flutter-truvideo-enterprise\test\settings\settings_test.dart: SettingsServiceImpl .streamIsDebug() Return flase if is throw error                       
05:17 +239 -8: C:\Users\JORGE\Documents\GitHub\flutter-truvideo-enterprise\test\settings\settings_test.dart: SettingsServiceImpl .streamIsDebug() Return flase if is throw error                       
05:18 +239 -8: C:\Users\JORGE\Documents\GitHub\flutter-truvideo-enterprise\test\settings\settings_test.dart: SettingsServiceImpl .streamIsDebug() Return flase if is throw error                       
05:19 +239 -8: C:\Users\JORGE\Documents\GitHub\flutter-truvideo-enterprise\test\settings\settings_test.dart: SettingsServiceImpl .streamIsDebug() Return flase if is throw error                       
05:20 +239 -8: C:\Users\JORGE\Documents\GitHub\flutter-truvideo-enterprise\test\settings\settings_test.dart: SettingsServiceImpl .streamIsDebug() Return flase if is throw error                       
05:21 +239 -8: C:\Users\JORGE\Documents\GitHub\flutter-truvideo-enterprise\test\settings\settings_test.dart: SettingsServiceImpl .streamIsDebug() Return flase if is throw error                       
05:22 +239 -8: C:\Users\JORGE\Documents\GitHub\flutter-truvideo-enterprise\test\settings\settings_test.dart: SettingsServiceImpl .streamIsDebug() Return flase if is throw error                       
05:23 +239 -8: C:\Users\JORGE\Documents\GitHub\flutter-truvideo-enterprise\test\settings\settings_test.dart: SettingsServiceImpl .streamIsDebug() Return flase if is throw error                       
05:24 +239 -8: C:\Users\JORGE\Documents\GitHub\flutter-truvideo-enterprise\test\settings\settings_test.dart: SettingsServiceImpl .streamIsDebug() Return flase if is throw error                       
05:25 +239 -8: C:\Users\JORGE\Documents\GitHub\flutter-truvideo-enterprise\test\settings\settings_test.dart: SettingsServiceImpl .streamIsDebug() Return flase if is throw error                       
05:26 +239 -8: C:\Users\JORGE\Documents\GitHub\flutter-truvideo-enterprise\test\settings\settings_test.dart: SettingsServiceImpl .streamIsDebug() Return flase if is throw error                       
05:27 +239 -8: C:\Users\JORGE\Documents\GitHub\flutter-truvideo-enterprise\test\settings\settings_test.dart: SettingsServiceImpl .streamIsDebug() Return flase if is throw error                       
05:28 +239 -8: C:\Users\JORGE\Documents\GitHub\flutter-truvideo-enterprise\test\settings\settings_test.dart: SettingsServiceImpl .streamIsDebug() Return flase if is throw error                       
05:29 +239 -8: C:\Users\JORGE\Documents\GitHub\flutter-truvideo-enterprise\test\settings\settings_test.dart: SettingsServiceImpl .streamIsDebug() Return flase if is throw error                       
05:30 +239 -8: C:\Users\JORGE\Documents\GitHub\flutter-truvideo-enterprise\test\settings\settings_test.dart: SettingsServiceImpl .streamIsDebug() Return flase if is throw error                       
05:31 +239 -8: C:\Users\JORGE\Documents\GitHub\flutter-truvideo-enterprise\test\settings\settings_test.dart: SettingsServiceImpl .streamIsDebug() Return flase if is throw error                       
05:32 +239 -8: C:\Users\JORGE\Documents\GitHub\flutter-truvideo-enterprise\test\settings\settings_test.dart: SettingsServiceImpl .streamIsDebug() Return flase if is throw error                       
05:33 +239 -8: C:\Users\JORGE\Documents\GitHub\flutter-truvideo-enterprise\test\settings\settings_test.dart: SettingsServiceImpl .streamIsDebug() Return flase if is throw error                       
05:34 +239 -8: C:\Users\JORGE\Documents\GitHub\flutter-truvideo-enterprise\test\settings\settings_test.dart: SettingsServiceImpl .streamIsDebug() Return flase if is throw error                       
05:35 +239 -8: C:\Users\JORGE\Documents\GitHub\flutter-truvideo-enterprise\test\settings\settings_test.dart: SettingsServiceImpl .streamIsDebug() Return flase if is throw error                       
05:36 +239 -8: C:\Users\JORGE\Documents\GitHub\flutter-truvideo-enterprise\test\settings\settings_test.dart: SettingsServiceImpl .streamIsDebug() Return flase if is throw error                       
05:37 +239 -8: C:\Users\JORGE\Documents\GitHub\flutter-truvideo-enterprise\test\settings\settings_test.dart: SettingsServiceImpl .streamIsDebug() Return flase if is throw error                       
05:38 +239 -8: C:\Users\JORGE\Documents\GitHub\flutter-truvideo-enterprise\test\settings\settings_test.dart: SettingsServiceImpl .streamIsDebug() Return flase if is throw error                       
05:39 +239 -8: C:\Users\JORGE\Documents\GitHub\flutter-truvideo-enterprise\test\settings\settings_test.dart: SettingsServiceImpl .streamIsDebug() Return flase if is throw error                       
05:40 +239 -8: C:\Users\JORGE\Documents\GitHub\flutter-truvideo-enterprise\test\settings\settings_test.dart: SettingsServiceImpl .streamIsDebug() Return flase if is throw error                       
05:41 +239 -8: C:\Users\JORGE\Documents\GitHub\flutter-truvideo-enterprise\test\settings\settings_test.dart: SettingsServiceImpl .streamIsDebug() Return flase if is throw error                       
05:42 +239 -8: C:\Users\JORGE\Documents\GitHub\flutter-truvideo-enterprise\test\settings\settings_test.dart: SettingsServiceImpl .streamIsDebug() Return flase if is throw error                       
05:43 +239 -8: C:\Users\JORGE\Documents\GitHub\flutter-truvideo-enterprise\test\settings\settings_test.dart: SettingsServiceImpl .streamIsDebug() Return flase if is throw error                       
05:44 +239 -8: C:\Users\JORGE\Documents\GitHub\flutter-truvideo-enterprise\test\settings\settings_test.dart: SettingsServiceImpl .streamIsDebug() Return flase if is throw error                       
05:45 +239 -8: C:\Users\JORGE\Documents\GitHub\flutter-truvideo-enterprise\test\settings\settings_test.dart: SettingsServiceImpl .streamIsDebug() Return flase if is throw error                       
05:46 +239 -8: C:\Users\JORGE\Documents\GitHub\flutter-truvideo-enterprise\test\settings\settings_test.dart: SettingsServiceImpl .streamIsDebug() Return flase if is throw error                       
05:47 +239 -8: C:\Users\JORGE\Documents\GitHub\flutter-truvideo-enterprise\test\settings\settings_test.dart: SettingsServiceImpl .streamIsDebug() Return flase if is throw error                       
05:48 +239 -8: C:\Users\JORGE\Documents\GitHub\flutter-truvideo-enterprise\test\settings\settings_test.dart: SettingsServiceImpl .streamIsDebug() Return flase if is throw error                       
05:49 +239 -8: C:\Users\JORGE\Documents\GitHub\flutter-truvideo-enterprise\test\settings\settings_test.dart: SettingsServiceImpl .streamIsDebug() Return flase if is throw error                       
05:50 +239 -8: C:\Users\JORGE\Documents\GitHub\flutter-truvideo-enterprise\test\settings\settings_test.dart: SettingsServiceImpl .streamIsDebug() Return flase if is throw error                       
05:51 +239 -8: C:\Users\JORGE\Documents\GitHub\flutter-truvideo-enterprise\test\settings\settings_test.dart: SettingsServiceImpl .streamIsDebug() Return flase if is throw error                       
05:52 +239 -8: C:\Users\JORGE\Documents\GitHub\flutter-truvideo-enterprise\test\settings\settings_test.dart: SettingsServiceImpl .streamIsDebug() Return flase if is throw error                       
05:53 +239 -8: C:\Users\JORGE\Documents\GitHub\flutter-truvideo-enterprise\test\settings\settings_test.dart: SettingsServiceImpl .streamIsDebug() Return flase if is throw error                       
05:54 +239 -8: C:\Users\JORGE\Documents\GitHub\flutter-truvideo-enterprise\test\settings\settings_test.dart: SettingsServiceImpl .streamIsDebug() Return flase if is throw error                       
05:55 +239 -8: C:\Users\JORGE\Documents\GitHub\flutter-truvideo-enterprise\test\settings\settings_test.dart: SettingsServiceImpl .streamIsDebug() Return flase if is throw error                       
05:56 +239 -8: C:\Users\JORGE\Documents\GitHub\flutter-truvideo-enterprise\test\settings\settings_test.dart: SettingsServiceImpl .streamIsDebug() Return flase if is throw error                       
05:57 +239 -8: C:\Users\JORGE\Documents\GitHub\flutter-truvideo-enterprise\test\settings\settings_test.dart: SettingsServiceImpl .streamIsDebug() Return flase if is throw error                       
05:58 +239 -8: C:\Users\JORGE\Documents\GitHub\flutter-truvideo-enterprise\test\settings\settings_test.dart: SettingsServiceImpl .streamIsDebug() Return flase if is throw error                       
05:59 +239 -8: C:\Users\JORGE\Documents\GitHub\flutter-truvideo-enterprise\test\settings\settings_test.dart: SettingsServiceImpl .streamIsDebug() Return flase if is throw error                       
06:00 +239 -8: C:\Users\JORGE\Documents\GitHub\flutter-truvideo-enterprise\test\settings\settings_test.dart: SettingsServiceImpl .streamIsDebug() Return flase if is throw error                       
06:01 +239 -8: C:\Users\JORGE\Documents\GitHub\flutter-truvideo-enterprise\test\settings\settings_test.dart: SettingsServiceImpl .streamIsDebug() Return flase if is throw error                       
06:02 +239 -8: C:\Users\JORGE\Documents\GitHub\flutter-truvideo-enterprise\test\settings\settings_test.dart: SettingsServiceImpl .streamIsDebug() Return flase if is throw error                       
06:03 +239 -8: C:\Users\JORGE\Documents\GitHub\flutter-truvideo-enterprise\test\settings\settings_test.dart: SettingsServiceImpl .streamIsDebug() Return flase if is throw error                       
06:04 +239 -8: C:\Users\JORGE\Documents\GitHub\flutter-truvideo-enterprise\test\settings\settings_test.dart: SettingsServiceImpl .streamIsDebug() Return flase if is throw error                       
06:05 +239 -8: C:\Users\JORGE\Documents\GitHub\flutter-truvideo-enterprise\test\settings\settings_test.dart: SettingsServiceImpl .streamIsDebug() Return flase if is throw error                       
06:06 +239 -8: C:\Users\JORGE\Documents\GitHub\flutter-truvideo-enterprise\test\settings\settings_test.dart: SettingsServiceImpl .streamIsDebug() Return flase if is throw error                       
06:07 +239 -8: C:\Users\JORGE\Documents\GitHub\flutter-truvideo-enterprise\test\settings\settings_test.dart: SettingsServiceImpl .streamIsDebug() Return flase if is throw error                       
06:08 +239 -8: C:\Users\JORGE\Documents\GitHub\flutter-truvideo-enterprise\test\settings\settings_test.dart: SettingsServiceImpl .streamIsDebug() Return flase if is throw error                       
06:09 +239 -8: C:\Users\JORGE\Documents\GitHub\flutter-truvideo-enterprise\test\settings\settings_test.dart: SettingsServiceImpl .streamIsDebug() Return flase if is throw error                       
06:10 +239 -8: C:\Users\JORGE\Documents\GitHub\flutter-truvideo-enterprise\test\settings\settings_test.dart: SettingsServiceImpl .streamIsDebug() Return flase if is throw error                       
06:11 +239 -8: C:\Users\JORGE\Documents\GitHub\flutter-truvideo-enterprise\test\settings\settings_test.dart: SettingsServiceImpl .streamIsDebug() Return flase if is throw error                       
06:12 +239 -8: C:\Users\JORGE\Documents\GitHub\flutter-truvideo-enterprise\test\settings\settings_test.dart: SettingsServiceImpl .streamIsDebug() Return flase if is throw error                       
06:13 +239 -8: C:\Users\JORGE\Documents\GitHub\flutter-truvideo-enterprise\test\settings\settings_test.dart: SettingsServiceImpl .streamIsDebug() Return flase if is throw error                       
06:14 +239 -8: C:\Users\JORGE\Documents\GitHub\flutter-truvideo-enterprise\test\settings\settings_test.dart: SettingsServiceImpl .streamIsDebug() Return flase if is throw error                       
06:15 +239 -8: C:\Users\JORGE\Documents\GitHub\flutter-truvideo-enterprise\test\settings\settings_test.dart: SettingsServiceImpl .streamIsDebug() Return flase if is throw error                       
06:16 +239 -8: C:\Users\JORGE\Documents\GitHub\flutter-truvideo-enterprise\test\settings\settings_test.dart: SettingsServiceImpl .streamIsDebug() Return flase if is throw error                       
06:17 +239 -8: C:\Users\JORGE\Documents\GitHub\flutter-truvideo-enterprise\test\settings\settings_test.dart: SettingsServiceImpl .streamIsDebug() Return flase if is throw error                       
06:18 +239 -8: C:\Users\JORGE\Documents\GitHub\flutter-truvideo-enterprise\test\settings\settings_test.dart: SettingsServiceImpl .streamIsDebug() Return flase if is throw error                       
06:19 +239 -8: C:\Users\JORGE\Documents\GitHub\flutter-truvideo-enterprise\test\settings\settings_test.dart: SettingsServiceImpl .streamIsDebug() Return flase if is throw error                       
06:20 +239 -8: C:\Users\JORGE\Documents\GitHub\flutter-truvideo-enterprise\test\settings\settings_test.dart: SettingsServiceImpl .streamIsDebug() Return flase if is throw error                       
06:21 +239 -8: C:\Users\JORGE\Documents\GitHub\flutter-truvideo-enterprise\test\settings\settings_test.dart: SettingsServiceImpl .streamIsDebug() Return flase if is throw error                       
06:22 +239 -8: C:\Users\JORGE\Documents\GitHub\flutter-truvideo-enterprise\test\settings\settings_test.dart: SettingsServiceImpl .streamIsDebug() Return flase if is throw error                       
06:23 +239 -8: C:\Users\JORGE\Documents\GitHub\flutter-truvideo-enterprise\test\settings\settings_test.dart: SettingsServiceImpl .streamIsDebug() Return flase if is throw error                       
06:24 +239 -8: C:\Users\JORGE\Documents\GitHub\flutter-truvideo-enterprise\test\settings\settings_test.dart: SettingsServiceImpl .streamIsDebug() Return flase if is throw error                       
06:25 +239 -8: C:\Users\JORGE\Documents\GitHub\flutter-truvideo-enterprise\test\settings\settings_test.dart: SettingsServiceImpl .streamIsDebug() Return flase if is throw error                       
06:26 +239 -8: C:\Users\JORGE\Documents\GitHub\flutter-truvideo-enterprise\test\settings\settings_test.dart: SettingsServiceImpl .streamIsDebug() Return flase if is throw error                       
06:27 +239 -8: C:\Users\JORGE\Documents\GitHub\flutter-truvideo-enterprise\test\settings\settings_test.dart: SettingsServiceImpl .streamIsDebug() Return flase if is throw error                       
06:28 +239 -8: C:\Users\JORGE\Documents\GitHub\flutter-truvideo-enterprise\test\settings\settings_test.dart: SettingsServiceImpl .streamIsDebug() Return flase if is throw error                       
06:29 +239 -8: C:\Users\JORGE\Documents\GitHub\flutter-truvideo-enterprise\test\settings\settings_test.dart: SettingsServiceImpl .streamIsDebug() Return flase if is throw error                       
06:30 +239 -8: C:\Users\JORGE\Documents\GitHub\flutter-truvideo-enterprise\test\settings\settings_test.dart: SettingsServiceImpl .streamIsDebug() Return flase if is throw error                       
06:31 +239 -8: C:\Users\JORGE\Documents\GitHub\flutter-truvideo-enterprise\test\settings\settings_test.dart: SettingsServiceImpl .streamIsDebug() Return flase if is throw error                       
06:32 +239 -8: C:\Users\JORGE\Documents\GitHub\flutter-truvideo-enterprise\test\settings\settings_test.dart: SettingsServiceImpl .streamIsDebug() Return flase if is throw error                       
06:33 +239 -8: C:\Users\JORGE\Documents\GitHub\flutter-truvideo-enterprise\test\settings\settings_test.dart: SettingsServiceImpl .streamIsDebug() Return flase if is throw error                       
06:34 +239 -8: C:\Users\JORGE\Documents\GitHub\flutter-truvideo-enterprise\test\settings\settings_test.dart: SettingsServiceImpl .streamIsDebug() Return flase if is throw error                       
06:35 +239 -8: C:\Users\JORGE\Documents\GitHub\flutter-truvideo-enterprise\test\settings\settings_test.dart: SettingsServiceImpl .streamIsDebug() Return flase if is throw error                       
06:36 +239 -8: C:\Users\JORGE\Documents\GitHub\flutter-truvideo-enterprise\test\settings\settings_test.dart: SettingsServiceImpl .streamIsDebug() Return flase if is throw error                       
06:37 +239 -8: C:\Users\JORGE\Documents\GitHub\flutter-truvideo-enterprise\test\settings\settings_test.dart: SettingsServiceImpl .streamIsDebug() Return flase if is throw error                       
06:38 +239 -8: C:\Users\JORGE\Documents\GitHub\flutter-truvideo-enterprise\test\settings\settings_test.dart: SettingsServiceImpl .streamIsDebug() Return flase if is throw error                       
06:39 +239 -8: C:\Users\JORGE\Documents\GitHub\flutter-truvideo-enterprise\test\settings\settings_test.dart: SettingsServiceImpl .streamIsDebug() Return flase if is throw error                       
06:40 +239 -8: C:\Users\JORGE\Documents\GitHub\flutter-truvideo-enterprise\test\settings\settings_test.dart: SettingsServiceImpl .streamIsDebug() Return flase if is throw error                       
06:41 +239 -8: C:\Users\JORGE\Documents\GitHub\flutter-truvideo-enterprise\test\settings\settings_test.dart: SettingsServiceImpl .streamIsDebug() Return flase if is throw error                       
06:42 +239 -8: C:\Users\JORGE\Documents\GitHub\flutter-truvideo-enterprise\test\settings\settings_test.dart: SettingsServiceImpl .streamIsDebug() Return flase if is throw error                       
06:43 +239 -8: C:\Users\JORGE\Documents\GitHub\flutter-truvideo-enterprise\test\settings\settings_test.dart: SettingsServiceImpl .streamIsDebug() Return flase if is throw error                       
06:44 +239 -8: C:\Users\JORGE\Documents\GitHub\flutter-truvideo-enterprise\test\settings\settings_test.dart: SettingsServiceImpl .streamIsDebug() Return flase if is throw error                       
06:45 +239 -8: C:\Users\JORGE\Documents\GitHub\flutter-truvideo-enterprise\test\settings\settings_test.dart: SettingsServiceImpl .streamIsDebug() Return flase if is throw error                       
06:46 +239 -8: C:\Users\JORGE\Documents\GitHub\flutter-truvideo-enterprise\test\settings\settings_test.dart: SettingsServiceImpl .streamIsDebug() Return flase if is throw error                       
06:47 +239 -8: C:\Users\JORGE\Documents\GitHub\flutter-truvideo-enterprise\test\settings\settings_test.dart: SettingsServiceImpl .streamIsDebug() Return flase if is throw error                       
06:48 +239 -8: C:\Users\JORGE\Documents\GitHub\flutter-truvideo-enterprise\test\settings\settings_test.dart: SettingsServiceImpl .streamIsDebug() Return flase if is throw error                       
06:49 +239 -8: C:\Users\JORGE\Documents\GitHub\flutter-truvideo-enterprise\test\settings\settings_test.dart: SettingsServiceImpl .streamIsDebug() Return flase if is throw error                       
06:50 +239 -8: C:\Users\JORGE\Documents\GitHub\flutter-truvideo-enterprise\test\settings\settings_test.dart: SettingsServiceImpl .streamIsDebug() Return flase if is throw error                       
06:51 +239 -8: C:\Users\JORGE\Documents\GitHub\flutter-truvideo-enterprise\test\settings\settings_test.dart: SettingsServiceImpl .streamIsDebug() Return flase if is throw error                       
06:52 +239 -8: C:\Users\JORGE\Documents\GitHub\flutter-truvideo-enterprise\test\settings\settings_test.dart: SettingsServiceImpl .streamIsDebug() Return flase if is throw error                       
06:53 +239 -8: C:\Users\JORGE\Documents\GitHub\flutter-truvideo-enterprise\test\settings\settings_test.dart: SettingsServiceImpl .streamIsDebug() Return flase if is throw error                       
06:54 +239 -8: C:\Users\JORGE\Documents\GitHub\flutter-truvideo-enterprise\test\settings\settings_test.dart: SettingsServiceImpl .streamIsDebug() Return flase if is throw error                       
06:55 +239 -8: C:\Users\JORGE\Documents\GitHub\flutter-truvideo-enterprise\test\settings\settings_test.dart: SettingsServiceImpl .streamIsDebug() Return flase if is throw error                       
06:56 +239 -8: C:\Users\JORGE\Documents\GitHub\flutter-truvideo-enterprise\test\settings\settings_test.dart: SettingsServiceImpl .streamIsDebug() Return flase if is throw error                       
06:57 +239 -8: C:\Users\JORGE\Documents\GitHub\flutter-truvideo-enterprise\test\settings\settings_test.dart: SettingsServiceImpl .streamIsDebug() Return flase if is throw error                       
06:58 +239 -8: C:\Users\JORGE\Documents\GitHub\flutter-truvideo-enterprise\test\settings\settings_test.dart: SettingsServiceImpl .streamIsDebug() Return flase if is throw error                       
06:59 +239 -8: C:\Users\JORGE\Documents\GitHub\flutter-truvideo-enterprise\test\settings\settings_test.dart: SettingsServiceImpl .streamIsDebug() Return flase if is throw error                       
07:00 +239 -8: C:\Users\JORGE\Documents\GitHub\flutter-truvideo-enterprise\test\settings\settings_test.dart: SettingsServiceImpl .streamIsDebug() Return flase if is throw error                       
07:01 +239 -8: C:\Users\JORGE\Documents\GitHub\flutter-truvideo-enterprise\test\settings\settings_test.dart: SettingsServiceImpl .streamIsDebug() Return flase if is throw error                       
07:02 +239 -8: C:\Users\JORGE\Documents\GitHub\flutter-truvideo-enterprise\test\settings\settings_test.dart: SettingsServiceImpl .streamIsDebug() Return flase if is throw error                       
07:03 +239 -8: C:\Users\JORGE\Documents\GitHub\flutter-truvideo-enterprise\test\settings\settings_test.dart: SettingsServiceImpl .streamIsDebug() Return flase if is throw error                       
07:04 +239 -8: C:\Users\JORGE\Documents\GitHub\flutter-truvideo-enterprise\test\settings\settings_test.dart: SettingsServiceImpl .streamIsDebug() Return flase if is throw error                       
07:05 +239 -8: C:\Users\JORGE\Documents\GitHub\flutter-truvideo-enterprise\test\settings\settings_test.dart: SettingsServiceImpl .streamIsDebug() Return flase if is throw error                       
07:06 +239 -8: C:\Users\JORGE\Documents\GitHub\flutter-truvideo-enterprise\test\settings\settings_test.dart: SettingsServiceImpl .streamIsDebug() Return flase if is throw error                       
07:07 +239 -8: C:\Users\JORGE\Documents\GitHub\flutter-truvideo-enterprise\test\settings\settings_test.dart: SettingsServiceImpl .streamIsDebug() Return flase if is throw error                       
07:08 +239 -8: C:\Users\JORGE\Documents\GitHub\flutter-truvideo-enterprise\test\settings\settings_test.dart: SettingsServiceImpl .streamIsDebug() Return flase if is throw error                       
07:09 +239 -8: C:\Users\JORGE\Documents\GitHub\flutter-truvideo-enterprise\test\settings\settings_test.dart: SettingsServiceImpl .streamIsDebug() Return flase if is throw error                       
07:10 +239 -8: C:\Users\JORGE\Documents\GitHub\flutter-truvideo-enterprise\test\settings\settings_test.dart: SettingsServiceImpl .streamIsDebug() Return flase if is throw error                       
07:11 +239 -8: C:\Users\JORGE\Documents\GitHub\flutter-truvideo-enterprise\test\settings\settings_test.dart: SettingsServiceImpl .streamIsDebug() Return flase if is throw error                       
07:12 +239 -8: C:\Users\JORGE\Documents\GitHub\flutter-truvideo-enterprise\test\settings\settings_test.dart: SettingsServiceImpl .streamIsDebug() Return flase if is throw error                       
07:13 +239 -8: C:\Users\JORGE\Documents\GitHub\flutter-truvideo-enterprise\test\settings\settings_test.dart: SettingsServiceImpl .streamIsDebug() Return flase if is throw error                       
07:14 +239 -8: C:\Users\JORGE\Documents\GitHub\flutter-truvideo-enterprise\test\settings\settings_test.dart: SettingsServiceImpl .streamIsDebug() Return flase if is throw error                       
07:15 +239 -8: C:\Users\JORGE\Documents\GitHub\flutter-truvideo-enterprise\test\settings\settings_test.dart: SettingsServiceImpl .streamIsDebug() Return flase if is throw error                       
07:16 +239 -8: C:\Users\JORGE\Documents\GitHub\flutter-truvideo-enterprise\test\settings\settings_test.dart: SettingsServiceImpl .streamIsDebug() Return flase if is throw error                       
07:17 +239 -8: C:\Users\JORGE\Documents\GitHub\flutter-truvideo-enterprise\test\settings\settings_test.dart: SettingsServiceImpl .streamIsDebug() Return flase if is throw error                       
07:18 +239 -8: C:\Users\JORGE\Documents\GitHub\flutter-truvideo-enterprise\test\settings\settings_test.dart: SettingsServiceImpl .streamIsDebug() Return flase if is throw error                       
07:19 +239 -8: C:\Users\JORGE\Documents\GitHub\flutter-truvideo-enterprise\test\settings\settings_test.dart: SettingsServiceImpl .streamIsDebug() Return flase if is throw error                       
07:20 +239 -8: C:\Users\JORGE\Documents\GitHub\flutter-truvideo-enterprise\test\settings\settings_test.dart: SettingsServiceImpl .streamIsDebug() Return flase if is throw error                       
07:21 +239 -8: C:\Users\JORGE\Documents\GitHub\flutter-truvideo-enterprise\test\settings\settings_test.dart: SettingsServiceImpl .streamIsDebug() Return flase if is throw error                       
07:22 +239 -8: C:\Users\JORGE\Documents\GitHub\flutter-truvideo-enterprise\test\settings\settings_test.dart: SettingsServiceImpl .streamIsDebug() Return flase if is throw error                       
07:23 +239 -8: C:\Users\JORGE\Documents\GitHub\flutter-truvideo-enterprise\test\settings\settings_test.dart: SettingsServiceImpl .streamIsDebug() Return flase if is throw error                       
07:24 +239 -8: C:\Users\JORGE\Documents\GitHub\flutter-truvideo-enterprise\test\settings\settings_test.dart: SettingsServiceImpl .streamIsDebug() Return flase if is throw error                       
07:25 +239 -8: C:\Users\JORGE\Documents\GitHub\flutter-truvideo-enterprise\test\settings\settings_test.dart: SettingsServiceImpl .streamIsDebug() Return flase if is throw error                       
07:26 +239 -8: C:\Users\JORGE\Documents\GitHub\flutter-truvideo-enterprise\test\settings\settings_test.dart: SettingsServiceImpl .streamIsDebug() Return flase if is throw error                       
07:27 +239 -8: C:\Users\JORGE\Documents\GitHub\flutter-truvideo-enterprise\test\settings\settings_test.dart: SettingsServiceImpl .streamIsDebug() Return flase if is throw error                       
07:28 +239 -8: C:\Users\JORGE\Documents\GitHub\flutter-truvideo-enterprise\test\settings\settings_test.dart: SettingsServiceImpl .streamIsDebug() Return flase if is throw error                       
07:29 +239 -8: C:\Users\JORGE\Documents\GitHub\flutter-truvideo-enterprise\test\settings\settings_test.dart: SettingsServiceImpl .streamIsDebug() Return flase if is throw error                       
07:30 +239 -8: C:\Users\JORGE\Documents\GitHub\flutter-truvideo-enterprise\test\settings\settings_test.dart: SettingsServiceImpl .streamIsDebug() Return flase if is throw error                       
07:31 +239 -8: C:\Users\JORGE\Documents\GitHub\flutter-truvideo-enterprise\test\settings\settings_test.dart: SettingsServiceImpl .streamIsDebug() Return flase if is throw error                       
07:32 +239 -8: C:\Users\JORGE\Documents\GitHub\flutter-truvideo-enterprise\test\settings\settings_test.dart: SettingsServiceImpl .streamIsDebug() Return flase if is throw error                       
07:33 +239 -8: C:\Users\JORGE\Documents\GitHub\flutter-truvideo-enterprise\test\settings\settings_test.dart: SettingsServiceImpl .streamIsDebug() Return flase if is throw error                       
07:34 +239 -8: C:\Users\JORGE\Documents\GitHub\flutter-truvideo-enterprise\test\settings\settings_test.dart: SettingsServiceImpl .streamIsDebug() Return flase if is throw error                       
07:35 +239 -8: C:\Users\JORGE\Documents\GitHub\flutter-truvideo-enterprise\test\settings\settings_test.dart: SettingsServiceImpl .streamIsDebug() Return flase if is throw error                       
07:36 +239 -8: C:\Users\JORGE\Documents\GitHub\flutter-truvideo-enterprise\test\settings\settings_test.dart: SettingsServiceImpl .streamIsDebug() Return flase if is throw error                       
07:37 +239 -8: C:\Users\JORGE\Documents\GitHub\flutter-truvideo-enterprise\test\settings\settings_test.dart: SettingsServiceImpl .streamIsDebug() Return flase if is throw error                       
07:38 +239 -8: C:\Users\JORGE\Documents\GitHub\flutter-truvideo-enterprise\test\settings\settings_test.dart: SettingsServiceImpl .streamIsDebug() Return flase if is throw error                       
07:39 +239 -8: C:\Users\JORGE\Documents\GitHub\flutter-truvideo-enterprise\test\settings\settings_test.dart: SettingsServiceImpl .streamIsDebug() Return flase if is throw error                       
07:40 +239 -8: C:\Users\JORGE\Documents\GitHub\flutter-truvideo-enterprise\test\settings\settings_test.dart: SettingsServiceImpl .streamIsDebug() Return flase if is throw error                       
07:41 +239 -8: C:\Users\JORGE\Documents\GitHub\flutter-truvideo-enterprise\test\settings\settings_test.dart: SettingsServiceImpl .streamIsDebug() Return flase if is throw error                       
07:42 +239 -8: C:\Users\JORGE\Documents\GitHub\flutter-truvideo-enterprise\test\settings\settings_test.dart: SettingsServiceImpl .streamIsDebug() Return flase if is throw error                       
07:43 +239 -8: C:\Users\JORGE\Documents\GitHub\flutter-truvideo-enterprise\test\settings\settings_test.dart: SettingsServiceImpl .streamIsDebug() Return flase if is throw error                       
07:44 +239 -8: C:\Users\JORGE\Documents\GitHub\flutter-truvideo-enterprise\test\settings\settings_test.dart: SettingsServiceImpl .streamIsDebug() Return flase if is throw error                       
07:45 +239 -8: C:\Users\JORGE\Documents\GitHub\flutter-truvideo-enterprise\test\settings\settings_test.dart: SettingsServiceImpl .streamIsDebug() Return flase if is throw error                       
07:46 +239 -8: C:\Users\JORGE\Documents\GitHub\flutter-truvideo-enterprise\test\settings\settings_test.dart: SettingsServiceImpl .streamIsDebug() Return flase if is throw error                       
07:47 +239 -8: C:\Users\JORGE\Documents\GitHub\flutter-truvideo-enterprise\test\settings\settings_test.dart: SettingsServiceImpl .streamIsDebug() Return flase if is throw error                       
07:48 +239 -8: C:\Users\JORGE\Documents\GitHub\flutter-truvideo-enterprise\test\settings\settings_test.dart: SettingsServiceImpl .streamIsDebug() Return flase if is throw error                       
07:49 +239 -8: C:\Users\JORGE\Documents\GitHub\flutter-truvideo-enterprise\test\settings\settings_test.dart: SettingsServiceImpl .streamIsDebug() Return flase if is throw error                       
07:50 +239 -8: C:\Users\JORGE\Documents\GitHub\flutter-truvideo-enterprise\test\settings\settings_test.dart: SettingsServiceImpl .streamIsDebug() Return flase if is throw error                       
07:51 +239 -8: C:\Users\JORGE\Documents\GitHub\flutter-truvideo-enterprise\test\settings\settings_test.dart: SettingsServiceImpl .streamIsDebug() Return flase if is throw error                       
07:52 +239 -8: C:\Users\JORGE\Documents\GitHub\flutter-truvideo-enterprise\test\settings\settings_test.dart: SettingsServiceImpl .streamIsDebug() Return flase if is throw error                       
07:53 +239 -8: C:\Users\JORGE\Documents\GitHub\flutter-truvideo-enterprise\test\settings\settings_test.dart: SettingsServiceImpl .streamIsDebug() Return flase if is throw error                       
07:54 +239 -8: C:\Users\JORGE\Documents\GitHub\flutter-truvideo-enterprise\test\settings\settings_test.dart: SettingsServiceImpl .streamIsDebug() Return flase if is throw error                       
07:55 +239 -8: C:\Users\JORGE\Documents\GitHub\flutter-truvideo-enterprise\test\settings\settings_test.dart: SettingsServiceImpl .streamIsDebug() Return flase if is throw error                       
07:56 +239 -8: C:\Users\JORGE\Documents\GitHub\flutter-truvideo-enterprise\test\settings\settings_test.dart: SettingsServiceImpl .streamIsDebug() Return flase if is throw error                       
07:57 +239 -8: C:\Users\JORGE\Documents\GitHub\flutter-truvideo-enterprise\test\settings\settings_test.dart: SettingsServiceImpl .streamIsDebug() Return flase if is throw error                       
07:58 +239 -8: C:\Users\JORGE\Documents\GitHub\flutter-truvideo-enterprise\test\settings\settings_test.dart: SettingsServiceImpl .streamIsDebug() Return flase if is throw error                       
07:59 +239 -8: C:\Users\JORGE\Documents\GitHub\flutter-truvideo-enterprise\test\settings\settings_test.dart: SettingsServiceImpl .streamIsDebug() Return flase if is throw error                       
08:00 +239 -8: C:\Users\JORGE\Documents\GitHub\flutter-truvideo-enterprise\test\settings\settings_test.dart: SettingsServiceImpl .streamIsDebug() Return flase if is throw error                       
08:01 +239 -8: C:\Users\JORGE\Documents\GitHub\flutter-truvideo-enterprise\test\settings\settings_test.dart: SettingsServiceImpl .streamIsDebug() Return flase if is throw error                       
08:02 +239 -8: C:\Users\JORGE\Documents\GitHub\flutter-truvideo-enterprise\test\settings\settings_test.dart: SettingsServiceImpl .streamIsDebug() Return flase if is throw error                       
08:03 +239 -8: C:\Users\JORGE\Documents\GitHub\flutter-truvideo-enterprise\test\settings\settings_test.dart: SettingsServiceImpl .streamIsDebug() Return flase if is throw error                       
08:04 +239 -8: C:\Users\JORGE\Documents\GitHub\flutter-truvideo-enterprise\test\settings\settings_test.dart: SettingsServiceImpl .streamIsDebug() Return flase if is throw error                       
08:05 +239 -8: C:\Users\JORGE\Documents\GitHub\flutter-truvideo-enterprise\test\settings\settings_test.dart: SettingsServiceImpl .streamIsDebug() Return flase if is throw error                       
08:06 +239 -8: C:\Users\JORGE\Documents\GitHub\flutter-truvideo-enterprise\test\settings\settings_test.dart: SettingsServiceImpl .streamIsDebug() Return flase if is throw error                       
08:07 +239 -8: C:\Users\JORGE\Documents\GitHub\flutter-truvideo-enterprise\test\settings\settings_test.dart: SettingsServiceImpl .streamIsDebug() Return flase if is throw error                       
08:08 +239 -8: C:\Users\JORGE\Documents\GitHub\flutter-truvideo-enterprise\test\settings\settings_test.dart: SettingsServiceImpl .streamIsDebug() Return flase if is throw error                       
08:09 +239 -8: C:\Users\JORGE\Documents\GitHub\flutter-truvideo-enterprise\test\settings\settings_test.dart: SettingsServiceImpl .streamIsDebug() Return flase if is throw error                       
08:10 +239 -8: C:\Users\JORGE\Documents\GitHub\flutter-truvideo-enterprise\test\settings\settings_test.dart: SettingsServiceImpl .streamIsDebug() Return flase if is throw error                       
08:11 +239 -8: C:\Users\JORGE\Documents\GitHub\flutter-truvideo-enterprise\test\settings\settings_test.dart: SettingsServiceImpl .streamIsDebug() Return flase if is throw error                       
08:12 +239 -8: C:\Users\JORGE\Documents\GitHub\flutter-truvideo-enterprise\test\settings\settings_test.dart: SettingsServiceImpl .streamIsDebug() Return flase if is throw error                       
08:13 +239 -8: C:\Users\JORGE\Documents\GitHub\flutter-truvideo-enterprise\test\settings\settings_test.dart: SettingsServiceImpl .streamIsDebug() Return flase if is throw error                       
08:14 +239 -8: C:\Users\JORGE\Documents\GitHub\flutter-truvideo-enterprise\test\settings\settings_test.dart: SettingsServiceImpl .streamIsDebug() Return flase if is throw error                       
08:15 +239 -8: C:\Users\JORGE\Documents\GitHub\flutter-truvideo-enterprise\test\settings\settings_test.dart: SettingsServiceImpl .streamIsDebug() Return flase if is throw error                       
08:16 +239 -8: C:\Users\JORGE\Documents\GitHub\flutter-truvideo-enterprise\test\settings\settings_test.dart: SettingsServiceImpl .streamIsDebug() Return flase if is throw error                       
08:17 +239 -8: C:\Users\JORGE\Documents\GitHub\flutter-truvideo-enterprise\test\settings\settings_test.dart: SettingsServiceImpl .streamIsDebug() Return flase if is throw error                       
08:18 +239 -8: C:\Users\JORGE\Documents\GitHub\flutter-truvideo-enterprise\test\settings\settings_test.dart: SettingsServiceImpl .streamIsDebug() Return flase if is throw error                       
08:19 +239 -8: C:\Users\JORGE\Documents\GitHub\flutter-truvideo-enterprise\test\settings\settings_test.dart: SettingsServiceImpl .streamIsDebug() Return flase if is throw error                       
08:20 +239 -8: C:\Users\JORGE\Documents\GitHub\flutter-truvideo-enterprise\test\settings\settings_test.dart: SettingsServiceImpl .streamIsDebug() Return flase if is throw error                       
08:21 +239 -8: C:\Users\JORGE\Documents\GitHub\flutter-truvideo-enterprise\test\settings\settings_test.dart: SettingsServiceImpl .streamIsDebug() Return flase if is throw error                       
08:22 +239 -8: C:\Users\JORGE\Documents\GitHub\flutter-truvideo-enterprise\test\settings\settings_test.dart: SettingsServiceImpl .streamIsDebug() Return flase if is throw error                       
08:23 +239 -8: C:\Users\JORGE\Documents\GitHub\flutter-truvideo-enterprise\test\settings\settings_test.dart: SettingsServiceImpl .streamIsDebug() Return flase if is throw error                       
08:24 +239 -8: C:\Users\JORGE\Documents\GitHub\flutter-truvideo-enterprise\test\settings\settings_test.dart: SettingsServiceImpl .streamIsDebug() Return flase if is throw error                       
08:25 +239 -8: C:\Users\JORGE\Documents\GitHub\flutter-truvideo-enterprise\test\settings\settings_test.dart: SettingsServiceImpl .streamIsDebug() Return flase if is throw error                       
08:26 +239 -8: C:\Users\JORGE\Documents\GitHub\flutter-truvideo-enterprise\test\settings\settings_test.dart: SettingsServiceImpl .streamIsDebug() Return flase if is throw error                       
08:27 +239 -8: C:\Users\JORGE\Documents\GitHub\flutter-truvideo-enterprise\test\settings\settings_test.dart: SettingsServiceImpl .streamIsDebug() Return flase if is throw error                       
08:28 +239 -8: C:\Users\JORGE\Documents\GitHub\flutter-truvideo-enterprise\test\settings\settings_test.dart: SettingsServiceImpl .streamIsDebug() Return flase if is throw error                       
08:29 +239 -8: C:\Users\JORGE\Documents\GitHub\flutter-truvideo-enterprise\test\settings\settings_test.dart: SettingsServiceImpl .streamIsDebug() Return flase if is throw error                       
08:30 +239 -8: C:\Users\JORGE\Documents\GitHub\flutter-truvideo-enterprise\test\settings\settings_test.dart: SettingsServiceImpl .streamIsDebug() Return flase if is throw error                       
08:31 +239 -8: C:\Users\JORGE\Documents\GitHub\flutter-truvideo-enterprise\test\settings\settings_test.dart: SettingsServiceImpl .streamIsDebug() Return flase if is throw error                       
08:32 +239 -8: C:\Users\JORGE\Documents\GitHub\flutter-truvideo-enterprise\test\settings\settings_test.dart: SettingsServiceImpl .streamIsDebug() Return flase if is throw error                       
08:33 +239 -8: C:\Users\JORGE\Documents\GitHub\flutter-truvideo-enterprise\test\settings\settings_test.dart: SettingsServiceImpl .streamIsDebug() Return flase if is throw error                       
08:34 +239 -8: C:\Users\JORGE\Documents\GitHub\flutter-truvideo-enterprise\test\settings\settings_test.dart: SettingsServiceImpl .streamIsDebug() Return flase if is throw error                       
08:35 +239 -8: C:\Users\JORGE\Documents\GitHub\flutter-truvideo-enterprise\test\settings\settings_test.dart: SettingsServiceImpl .streamIsDebug() Return flase if is throw error                       
08:36 +239 -8: C:\Users\JORGE\Documents\GitHub\flutter-truvideo-enterprise\test\settings\settings_test.dart: SettingsServiceImpl .streamIsDebug() Return flase if is throw error                       
08:37 +239 -8: C:\Users\JORGE\Documents\GitHub\flutter-truvideo-enterprise\test\settings\settings_test.dart: SettingsServiceImpl .streamIsDebug() Return flase if is throw error                       
08:38 +239 -8: C:\Users\JORGE\Documents\GitHub\flutter-truvideo-enterprise\test\settings\settings_test.dart: SettingsServiceImpl .streamIsDebug() Return flase if is throw error                       
08:39 +239 -8: C:\Users\JORGE\Documents\GitHub\flutter-truvideo-enterprise\test\settings\settings_test.dart: SettingsServiceImpl .streamIsDebug() Return flase if is throw error                       
08:40 +239 -8: C:\Users\JORGE\Documents\GitHub\flutter-truvideo-enterprise\test\settings\settings_test.dart: SettingsServiceImpl .streamIsDebug() Return flase if is throw error                       
08:41 +239 -8: C:\Users\JORGE\Documents\GitHub\flutter-truvideo-enterprise\test\settings\settings_test.dart: SettingsServiceImpl .streamIsDebug() Return flase if is throw error                       
08:42 +239 -8: C:\Users\JORGE\Documents\GitHub\flutter-truvideo-enterprise\test\settings\settings_test.dart: SettingsServiceImpl .streamIsDebug() Return flase if is throw error                       
08:43 +239 -8: C:\Users\JORGE\Documents\GitHub\flutter-truvideo-enterprise\test\settings\settings_test.dart: SettingsServiceImpl .streamIsDebug() Return flase if is throw error                       
08:44 +239 -8: C:\Users\JORGE\Documents\GitHub\flutter-truvideo-enterprise\test\settings\settings_test.dart: SettingsServiceImpl .streamIsDebug() Return flase if is throw error                       
08:45 +239 -8: C:\Users\JORGE\Documents\GitHub\flutter-truvideo-enterprise\test\settings\settings_test.dart: SettingsServiceImpl .streamIsDebug() Return flase if is throw error                       
08:46 +239 -8: C:\Users\JORGE\Documents\GitHub\flutter-truvideo-enterprise\test\settings\settings_test.dart: SettingsServiceImpl .streamIsDebug() Return flase if is throw error                       
08:47 +239 -8: C:\Users\JORGE\Documents\GitHub\flutter-truvideo-enterprise\test\settings\settings_test.dart: SettingsServiceImpl .streamIsDebug() Return flase if is throw error                       
08:48 +239 -8: C:\Users\JORGE\Documents\GitHub\flutter-truvideo-enterprise\test\settings\settings_test.dart: SettingsServiceImpl .streamIsDebug() Return flase if is throw error                       
08:49 +239 -8: C:\Users\JORGE\Documents\GitHub\flutter-truvideo-enterprise\test\settings\settings_test.dart: SettingsServiceImpl .streamIsDebug() Return flase if is throw error                       
08:50 +239 -8: C:\Users\JORGE\Documents\GitHub\flutter-truvideo-enterprise\test\settings\settings_test.dart: SettingsServiceImpl .streamIsDebug() Return flase if is throw error                       
08:51 +239 -8: C:\Users\JORGE\Documents\GitHub\flutter-truvideo-enterprise\test\settings\settings_test.dart: SettingsServiceImpl .streamIsDebug() Return flase if is throw error                       
08:52 +239 -8: C:\Users\JORGE\Documents\GitHub\flutter-truvideo-enterprise\test\settings\settings_test.dart: SettingsServiceImpl .streamIsDebug() Return flase if is throw error                       
08:53 +239 -8: C:\Users\JORGE\Documents\GitHub\flutter-truvideo-enterprise\test\settings\settings_test.dart: SettingsServiceImpl .streamIsDebug() Return flase if is throw error                       
08:54 +239 -8: C:\Users\JORGE\Documents\GitHub\flutter-truvideo-enterprise\test\settings\settings_test.dart: SettingsServiceImpl .streamIsDebug() Return flase if is throw error                       
08:55 +239 -8: C:\Users\JORGE\Documents\GitHub\flutter-truvideo-enterprise\test\settings\settings_test.dart: SettingsServiceImpl .streamIsDebug() Return flase if is throw error                       
08:56 +239 -8: C:\Users\JORGE\Documents\GitHub\flutter-truvideo-enterprise\test\settings\settings_test.dart: SettingsServiceImpl .streamIsDebug() Return flase if is throw error                       
08:57 +239 -8: C:\Users\JORGE\Documents\GitHub\flutter-truvideo-enterprise\test\settings\settings_test.dart: SettingsServiceImpl .streamIsDebug() Return flase if is throw error                       
08:58 +239 -8: C:\Users\JORGE\Documents\GitHub\flutter-truvideo-enterprise\test\settings\settings_test.dart: SettingsServiceImpl .streamIsDebug() Return flase if is throw error                       
08:59 +239 -8: C:\Users\JORGE\Documents\GitHub\flutter-truvideo-enterprise\test\settings\settings_test.dart: SettingsServiceImpl .streamIsDebug() Return flase if is throw error                       
09:00 +239 -8: C:\Users\JORGE\Documents\GitHub\flutter-truvideo-enterprise\test\settings\settings_test.dart: SettingsServiceImpl .streamIsDebug() Return flase if is throw error                       
09:01 +239 -8: C:\Users\JORGE\Documents\GitHub\flutter-truvideo-enterprise\test\settings\settings_test.dart: SettingsServiceImpl .streamIsDebug() Return flase if is throw error                       
09:02 +239 -8: C:\Users\JORGE\Documents\GitHub\flutter-truvideo-enterprise\test\settings\settings_test.dart: SettingsServiceImpl .streamIsDebug() Return flase if is throw error                       
09:03 +239 -8: C:\Users\JORGE\Documents\GitHub\flutter-truvideo-enterprise\test\settings\settings_test.dart: SettingsServiceImpl .streamIsDebug() Return flase if is throw error                       
09:04 +239 -8: C:\Users\JORGE\Documents\GitHub\flutter-truvideo-enterprise\test\settings\settings_test.dart: SettingsServiceImpl .streamIsDebug() Return flase if is throw error                       
09:05 +239 -8: C:\Users\JORGE\Documents\GitHub\flutter-truvideo-enterprise\test\settings\settings_test.dart: SettingsServiceImpl .streamIsDebug() Return flase if is throw error                       
09:06 +239 -8: C:\Users\JORGE\Documents\GitHub\flutter-truvideo-enterprise\test\settings\settings_test.dart: SettingsServiceImpl .streamIsDebug() Return flase if is throw error                       
09:07 +239 -8: C:\Users\JORGE\Documents\GitHub\flutter-truvideo-enterprise\test\settings\settings_test.dart: SettingsServiceImpl .streamIsDebug() Return flase if is throw error                       
09:08 +239 -8: C:\Users\JORGE\Documents\GitHub\flutter-truvideo-enterprise\test\settings\settings_test.dart: SettingsServiceImpl .streamIsDebug() Return flase if is throw error                       
09:09 +239 -8: C:\Users\JORGE\Documents\GitHub\flutter-truvideo-enterprise\test\settings\settings_test.dart: SettingsServiceImpl .streamIsDebug() Return flase if is throw error                       
09:10 +239 -8: C:\Users\JORGE\Documents\GitHub\flutter-truvideo-enterprise\test\settings\settings_test.dart: SettingsServiceImpl .streamIsDebug() Return flase if is throw error                       
09:11 +239 -8: C:\Users\JORGE\Documents\GitHub\flutter-truvideo-enterprise\test\settings\settings_test.dart: SettingsServiceImpl .streamIsDebug() Return flase if is throw error                       
09:12 +239 -8: C:\Users\JORGE\Documents\GitHub\flutter-truvideo-enterprise\test\settings\settings_test.dart: SettingsServiceImpl .streamIsDebug() Return flase if is throw error                       
09:13 +239 -8: C:\Users\JORGE\Documents\GitHub\flutter-truvideo-enterprise\test\settings\settings_test.dart: SettingsServiceImpl .streamIsDebug() Return flase if is throw error                       
09:14 +239 -8: C:\Users\JORGE\Documents\GitHub\flutter-truvideo-enterprise\test\settings\settings_test.dart: SettingsServiceImpl .streamIsDebug() Return flase if is throw error                       
09:15 +239 -8: C:\Users\JORGE\Documents\GitHub\flutter-truvideo-enterprise\test\settings\settings_test.dart: SettingsServiceImpl .streamIsDebug() Return flase if is throw error                       
09:16 +239 -8: C:\Users\JORGE\Documents\GitHub\flutter-truvideo-enterprise\test\settings\settings_test.dart: SettingsServiceImpl .streamIsDebug() Return flase if is throw error                       
09:17 +239 -8: C:\Users\JORGE\Documents\GitHub\flutter-truvideo-enterprise\test\settings\settings_test.dart: SettingsServiceImpl .streamIsDebug() Return flase if is throw error                       
09:18 +239 -8: C:\Users\JORGE\Documents\GitHub\flutter-truvideo-enterprise\test\settings\settings_test.dart: SettingsServiceImpl .streamIsDebug() Return flase if is throw error                       
09:19 +239 -8: C:\Users\JORGE\Documents\GitHub\flutter-truvideo-enterprise\test\settings\settings_test.dart: SettingsServiceImpl .streamIsDebug() Return flase if is throw error                       
09:20 +239 -8: C:\Users\JORGE\Documents\GitHub\flutter-truvideo-enterprise\test\settings\settings_test.dart: SettingsServiceImpl .streamIsDebug() Return flase if is throw error                       
09:21 +239 -8: C:\Users\JORGE\Documents\GitHub\flutter-truvideo-enterprise\test\settings\settings_test.dart: SettingsServiceImpl .streamIsDebug() Return flase if is throw error                       
09:22 +239 -8: C:\Users\JORGE\Documents\GitHub\flutter-truvideo-enterprise\test\settings\settings_test.dart: SettingsServiceImpl .streamIsDebug() Return flase if is throw error                       
09:23 +239 -8: C:\Users\JORGE\Documents\GitHub\flutter-truvideo-enterprise\test\settings\settings_test.dart: SettingsServiceImpl .streamIsDebug() Return flase if is throw error                       
09:24 +239 -8: C:\Users\JORGE\Documents\GitHub\flutter-truvideo-enterprise\test\settings\settings_test.dart: SettingsServiceImpl .streamIsDebug() Return flase if is throw error                       
09:25 +239 -8: C:\Users\JORGE\Documents\GitHub\flutter-truvideo-enterprise\test\settings\settings_test.dart: SettingsServiceImpl .streamIsDebug() Return flase if is throw error                       
09:26 +239 -8: C:\Users\JORGE\Documents\GitHub\flutter-truvideo-enterprise\test\settings\settings_test.dart: SettingsServiceImpl .streamIsDebug() Return flase if is throw error                       
09:27 +239 -8: C:\Users\JORGE\Documents\GitHub\flutter-truvideo-enterprise\test\settings\settings_test.dart: SettingsServiceImpl .streamIsDebug() Return flase if is throw error                       
09:28 +239 -8: C:\Users\JORGE\Documents\GitHub\flutter-truvideo-enterprise\test\settings\settings_test.dart: SettingsServiceImpl .streamIsDebug() Return flase if is throw error                       
09:29 +239 -8: C:\Users\JORGE\Documents\GitHub\flutter-truvideo-enterprise\test\settings\settings_test.dart: SettingsServiceImpl .streamIsDebug() Return flase if is throw error                       
09:30 +239 -8: C:\Users\JORGE\Documents\GitHub\flutter-truvideo-enterprise\test\settings\settings_test.dart: SettingsServiceImpl .streamIsDebug() Return flase if is throw error                       
09:31 +239 -8: C:\Users\JORGE\Documents\GitHub\flutter-truvideo-enterprise\test\settings\settings_test.dart: SettingsServiceImpl .streamIsDebug() Return flase if is throw error                       
09:32 +239 -8: C:\Users\JORGE\Documents\GitHub\flutter-truvideo-enterprise\test\settings\settings_test.dart: SettingsServiceImpl .streamIsDebug() Return flase if is throw error                       
09:33 +239 -8: C:\Users\JORGE\Documents\GitHub\flutter-truvideo-enterprise\test\settings\settings_test.dart: SettingsServiceImpl .streamIsDebug() Return flase if is throw error                       
09:34 +239 -8: C:\Users\JORGE\Documents\GitHub\flutter-truvideo-enterprise\test\settings\settings_test.dart: SettingsServiceImpl .streamIsDebug() Return flase if is throw error                       
09:35 +239 -8: C:\Users\JORGE\Documents\GitHub\flutter-truvideo-enterprise\test\settings\settings_test.dart: SettingsServiceImpl .streamIsDebug() Return flase if is throw error                       
09:36 +239 -8: C:\Users\JORGE\Documents\GitHub\flutter-truvideo-enterprise\test\settings\settings_test.dart: SettingsServiceImpl .streamIsDebug() Return flase if is throw error                       
09:37 +239 -8: C:\Users\JORGE\Documents\GitHub\flutter-truvideo-enterprise\test\settings\settings_test.dart: SettingsServiceImpl .streamIsDebug() Return flase if is throw error                       
09:38 +239 -8: C:\Users\JORGE\Documents\GitHub\flutter-truvideo-enterprise\test\settings\settings_test.dart: SettingsServiceImpl .streamIsDebug() Return flase if is throw error                       
09:39 +239 -8: C:\Users\JORGE\Documents\GitHub\flutter-truvideo-enterprise\test\settings\settings_test.dart: SettingsServiceImpl .streamIsDebug() Return flase if is throw error                       
09:40 +239 -8: C:\Users\JORGE\Documents\GitHub\flutter-truvideo-enterprise\test\settings\settings_test.dart: SettingsServiceImpl .streamIsDebug() Return flase if is throw error                       
09:41 +239 -8: C:\Users\JORGE\Documents\GitHub\flutter-truvideo-enterprise\test\settings\settings_test.dart: SettingsServiceImpl .streamIsDebug() Return flase if is throw error                       
09:42 +239 -8: C:\Users\JORGE\Documents\GitHub\flutter-truvideo-enterprise\test\settings\settings_test.dart: SettingsServiceImpl .streamIsDebug() Return flase if is throw error                       
09:43 +239 -8: C:\Users\JORGE\Documents\GitHub\flutter-truvideo-enterprise\test\settings\settings_test.dart: SettingsServiceImpl .streamIsDebug() Return flase if is throw error                       
09:44 +239 -8: C:\Users\JORGE\Documents\GitHub\flutter-truvideo-enterprise\test\settings\settings_test.dart: SettingsServiceImpl .streamIsDebug() Return flase if is throw error                       
09:45 +239 -8: C:\Users\JORGE\Documents\GitHub\flutter-truvideo-enterprise\test\settings\settings_test.dart: SettingsServiceImpl .streamIsDebug() Return flase if is throw error                       
09:46 +239 -8: C:\Users\JORGE\Documents\GitHub\flutter-truvideo-enterprise\test\settings\settings_test.dart: SettingsServiceImpl .streamIsDebug() Return flase if is throw error                       
09:47 +239 -8: C:\Users\JORGE\Documents\GitHub\flutter-truvideo-enterprise\test\settings\settings_test.dart: SettingsServiceImpl .streamIsDebug() Return flase if is throw error                       
09:48 +239 -8: C:\Users\JORGE\Documents\GitHub\flutter-truvideo-enterprise\test\settings\settings_test.dart: SettingsServiceImpl .streamIsDebug() Return flase if is throw error                       
09:49 +239 -8: C:\Users\JORGE\Documents\GitHub\flutter-truvideo-enterprise\test\settings\settings_test.dart: SettingsServiceImpl .streamIsDebug() Return flase if is throw error                       
09:50 +239 -8: C:\Users\JORGE\Documents\GitHub\flutter-truvideo-enterprise\test\settings\settings_test.dart: SettingsServiceImpl .streamIsDebug() Return flase if is throw error                       
09:51 +239 -8: C:\Users\JORGE\Documents\GitHub\flutter-truvideo-enterprise\test\settings\settings_test.dart: SettingsServiceImpl .streamIsDebug() Return flase if is throw error                       
09:52 +239 -8: C:\Users\JORGE\Documents\GitHub\flutter-truvideo-enterprise\test\settings\settings_test.dart: SettingsServiceImpl .streamIsDebug() Return flase if is throw error                       
09:53 +239 -8: C:\Users\JORGE\Documents\GitHub\flutter-truvideo-enterprise\test\settings\settings_test.dart: SettingsServiceImpl .streamIsDebug() Return flase if is throw error                       
09:54 +239 -8: C:\Users\JORGE\Documents\GitHub\flutter-truvideo-enterprise\test\settings\settings_test.dart: SettingsServiceImpl .streamIsDebug() Return flase if is throw error                       
09:55 +239 -8: C:\Users\JORGE\Documents\GitHub\flutter-truvideo-enterprise\test\settings\settings_test.dart: SettingsServiceImpl .streamIsDebug() Return flase if is throw error                       
09:56 +239 -8: C:\Users\JORGE\Documents\GitHub\flutter-truvideo-enterprise\test\settings\settings_test.dart: SettingsServiceImpl .streamIsDebug() Return flase if is throw error                       
09:57 +239 -8: C:\Users\JORGE\Documents\GitHub\flutter-truvideo-enterprise\test\settings\settings_test.dart: SettingsServiceImpl .streamIsDebug() Return flase if is throw error                       
09:58 +239 -8: C:\Users\JORGE\Documents\GitHub\flutter-truvideo-enterprise\test\settings\settings_test.dart: SettingsServiceImpl .streamIsDebug() Return flase if is throw error                       
09:59 +239 -8: C:\Users\JORGE\Documents\GitHub\flutter-truvideo-enterprise\test\settings\settings_test.dart: SettingsServiceImpl .streamIsDebug() Return flase if is throw error                       
10:00 +239 -8: C:\Users\JORGE\Documents\GitHub\flutter-truvideo-enterprise\test\settings\settings_test.dart: SettingsServiceImpl .streamIsDebug() Return flase if is throw error                       
10:01 +239 -8: C:\Users\JORGE\Documents\GitHub\flutter-truvideo-enterprise\test\settings\settings_test.dart: SettingsServiceImpl .streamIsDebug() Return flase if is throw error                       
10:02 +239 -8: C:\Users\JORGE\Documents\GitHub\flutter-truvideo-enterprise\test\settings\settings_test.dart: SettingsServiceImpl .streamIsDebug() Return flase if is throw error                       
10:03 +239 -8: C:\Users\JORGE\Documents\GitHub\flutter-truvideo-enterprise\test\settings\settings_test.dart: SettingsServiceImpl .streamIsDebug() Return flase if is throw error                       
10:04 +239 -8: C:\Users\JORGE\Documents\GitHub\flutter-truvideo-enterprise\test\settings\settings_test.dart: SettingsServiceImpl .streamIsDebug() Return flase if is throw error                       
10:05 +239 -8: C:\Users\JORGE\Documents\GitHub\flutter-truvideo-enterprise\test\settings\settings_test.dart: SettingsServiceImpl .streamIsDebug() Return flase if is throw error                       
10:06 +239 -8: C:\Users\JORGE\Documents\GitHub\flutter-truvideo-enterprise\test\settings\settings_test.dart: SettingsServiceImpl .streamIsDebug() Return flase if is throw error                       
10:07 +239 -8: C:\Users\JORGE\Documents\GitHub\flutter-truvideo-enterprise\test\settings\settings_test.dart: SettingsServiceImpl .streamIsDebug() Return flase if is throw error                       
10:08 +239 -8: C:\Users\JORGE\Documents\GitHub\flutter-truvideo-enterprise\test\settings\settings_test.dart: SettingsServiceImpl .streamIsDebug() Return flase if is throw error                       
10:09 +239 -8: C:\Users\JORGE\Documents\GitHub\flutter-truvideo-enterprise\test\settings\settings_test.dart: SettingsServiceImpl .streamIsDebug() Return flase if is throw error                       
10:10 +239 -8: C:\Users\JORGE\Documents\GitHub\flutter-truvideo-enterprise\test\settings\settings_test.dart: SettingsServiceImpl .streamIsDebug() Return flase if is throw error                       
10:11 +239 -8: C:\Users\JORGE\Documents\GitHub\flutter-truvideo-enterprise\test\settings\settings_test.dart: SettingsServiceImpl .streamIsDebug() Return flase if is throw error                       
10:12 +239 -8: C:\Users\JORGE\Documents\GitHub\flutter-truvideo-enterprise\test\settings\settings_test.dart: SettingsServiceImpl .streamIsDebug() Return flase if is throw error                       
10:13 +239 -8: C:\Users\JORGE\Documents\GitHub\flutter-truvideo-enterprise\test\settings\settings_test.dart: SettingsServiceImpl .streamIsDebug() Return flase if is throw error                       
10:14 +239 -8: C:\Users\JORGE\Documents\GitHub\flutter-truvideo-enterprise\test\settings\settings_test.dart: SettingsServiceImpl .streamIsDebug() Return flase if is throw error                       
10:15 +239 -8: C:\Users\JORGE\Documents\GitHub\flutter-truvideo-enterprise\test\settings\settings_test.dart: SettingsServiceImpl .streamIsDebug() Return flase if is throw error                       
10:16 +239 -8: C:\Users\JORGE\Documents\GitHub\flutter-truvideo-enterprise\test\settings\settings_test.dart: SettingsServiceImpl .streamIsDebug() Return flase if is throw error                       
10:17 +239 -8: C:\Users\JORGE\Documents\GitHub\flutter-truvideo-enterprise\test\settings\settings_test.dart: SettingsServiceImpl .streamIsDebug() Return flase if is throw error                       
10:18 +239 -8: C:\Users\JORGE\Documents\GitHub\flutter-truvideo-enterprise\test\settings\settings_test.dart: SettingsServiceImpl .streamIsDebug() Return flase if is throw error                       
10:19 +239 -8: C:\Users\JORGE\Documents\GitHub\flutter-truvideo-enterprise\test\settings\settings_test.dart: SettingsServiceImpl .streamIsDebug() Return flase if is throw error                       
10:20 +239 -8: C:\Users\JORGE\Documents\GitHub\flutter-truvideo-enterprise\test\settings\settings_test.dart: SettingsServiceImpl .streamIsDebug() Return flase if is throw error                       
10:21 +239 -8: C:\Users\JORGE\Documents\GitHub\flutter-truvideo-enterprise\test\settings\settings_test.dart: SettingsServiceImpl .streamIsDebug() Return flase if is throw error                       
10:22 +239 -8: C:\Users\JORGE\Documents\GitHub\flutter-truvideo-enterprise\test\settings\settings_test.dart: SettingsServiceImpl .streamIsDebug() Return flase if is throw error                       
10:23 +239 -8: C:\Users\JORGE\Documents\GitHub\flutter-truvideo-enterprise\test\settings\settings_test.dart: SettingsServiceImpl .streamIsDebug() Return flase if is throw error                       
10:24 +239 -8: C:\Users\JORGE\Documents\GitHub\flutter-truvideo-enterprise\test\settings\settings_test.dart: SettingsServiceImpl .streamIsDebug() Return flase if is throw error                       
10:25 +239 -8: C:\Users\JORGE\Documents\GitHub\flutter-truvideo-enterprise\test\settings\settings_test.dart: SettingsServiceImpl .streamIsDebug() Return flase if is throw error                       
10:26 +239 -8: C:\Users\JORGE\Documents\GitHub\flutter-truvideo-enterprise\test\settings\settings_test.dart: SettingsServiceImpl .streamIsDebug() Return flase if is throw error                       
10:27 +239 -8: C:\Users\JORGE\Documents\GitHub\flutter-truvideo-enterprise\test\settings\settings_test.dart: SettingsServiceImpl .streamIsDebug() Return flase if is throw error                       
10:28 +239 -8: C:\Users\JORGE\Documents\GitHub\flutter-truvideo-enterprise\test\settings\settings_test.dart: SettingsServiceImpl .streamIsDebug() Return flase if is throw error                       
10:29 +239 -8: C:\Users\JORGE\Documents\GitHub\flutter-truvideo-enterprise\test\settings\settings_test.dart: SettingsServiceImpl .streamIsDebug() Return flase if is throw error                       
10:30 +239 -8: C:\Users\JORGE\Documents\GitHub\flutter-truvideo-enterprise\test\settings\settings_test.dart: SettingsServiceImpl .streamIsDebug() Return flase if is throw error                       
10:31 +239 -8: C:\Users\JORGE\Documents\GitHub\flutter-truvideo-enterprise\test\settings\settings_test.dart: SettingsServiceImpl .streamIsDebug() Return flase if is throw error                       
10:32 +239 -8: C:\Users\JORGE\Documents\GitHub\flutter-truvideo-enterprise\test\settings\settings_test.dart: SettingsServiceImpl .streamIsDebug() Return flase if is throw error                       
10:33 +239 -8: C:\Users\JORGE\Documents\GitHub\flutter-truvideo-enterprise\test\settings\settings_test.dart: SettingsServiceImpl .streamIsDebug() Return flase if is throw error                       
10:34 +239 -8: C:\Users\JORGE\Documents\GitHub\flutter-truvideo-enterprise\test\settings\settings_test.dart: SettingsServiceImpl .streamIsDebug() Return flase if is throw error                       
10:35 +239 -8: C:\Users\JORGE\Documents\GitHub\flutter-truvideo-enterprise\test\settings\settings_test.dart: SettingsServiceImpl .streamIsDebug() Return flase if is throw error                       
10:36 +239 -8: C:\Users\JORGE\Documents\GitHub\flutter-truvideo-enterprise\test\settings\settings_test.dart: SettingsServiceImpl .streamIsDebug() Return flase if is throw error                       
10:37 +239 -8: C:\Users\JORGE\Documents\GitHub\flutter-truvideo-enterprise\test\settings\settings_test.dart: SettingsServiceImpl .streamIsDebug() Return flase if is throw error                       
10:38 +239 -8: C:\Users\JORGE\Documents\GitHub\flutter-truvideo-enterprise\test\settings\settings_test.dart: SettingsServiceImpl .streamIsDebug() Return flase if is throw error                       
10:39 +239 -8: C:\Users\JORGE\Documents\GitHub\flutter-truvideo-enterprise\test\settings\settings_test.dart: SettingsServiceImpl .streamIsDebug() Return flase if is throw error                       
10:40 +239 -8: C:\Users\JORGE\Documents\GitHub\flutter-truvideo-enterprise\test\settings\settings_test.dart: SettingsServiceImpl .streamIsDebug() Return flase if is throw error                       
10:41 +239 -8: C:\Users\JORGE\Documents\GitHub\flutter-truvideo-enterprise\test\settings\settings_test.dart: SettingsServiceImpl .streamIsDebug() Return flase if is throw error                       
10:42 +239 -8: C:\Users\JORGE\Documents\GitHub\flutter-truvideo-enterprise\test\settings\settings_test.dart: SettingsServiceImpl .streamIsDebug() Return flase if is throw error                       
10:43 +239 -8: C:\Users\JORGE\Documents\GitHub\flutter-truvideo-enterprise\test\settings\settings_test.dart: SettingsServiceImpl .streamIsDebug() Return flase if is throw error                       
10:44 +239 -8: C:\Users\JORGE\Documents\GitHub\flutter-truvideo-enterprise\test\settings\settings_test.dart: SettingsServiceImpl .streamIsDebug() Return flase if is throw error                       
10:45 +239 -8: C:\Users\JORGE\Documents\GitHub\flutter-truvideo-enterprise\test\settings\settings_test.dart: SettingsServiceImpl .streamIsDebug() Return flase if is throw error                       
10:46 +239 -8: C:\Users\JORGE\Documents\GitHub\flutter-truvideo-enterprise\test\settings\settings_test.dart: SettingsServiceImpl .streamIsDebug() Return flase if is throw error                       
10:47 +239 -8: C:\Users\JORGE\Documents\GitHub\flutter-truvideo-enterprise\test\settings\settings_test.dart: SettingsServiceImpl .streamIsDebug() Return flase if is throw error                       
10:48 +239 -8: C:\Users\JORGE\Documents\GitHub\flutter-truvideo-enterprise\test\settings\settings_test.dart: SettingsServiceImpl .streamIsDebug() Return flase if is throw error                       
10:49 +239 -8: C:\Users\JORGE\Documents\GitHub\flutter-truvideo-enterprise\test\settings\settings_test.dart: SettingsServiceImpl .streamIsDebug() Return flase if is throw error                       
10:50 +239 -8: C:\Users\JORGE\Documents\GitHub\flutter-truvideo-enterprise\test\settings\settings_test.dart: SettingsServiceImpl .streamIsDebug() Return flase if is throw error                       
10:51 +239 -8: C:\Users\JORGE\Documents\GitHub\flutter-truvideo-enterprise\test\settings\settings_test.dart: SettingsServiceImpl .streamIsDebug() Return flase if is throw error                       
10:52 +239 -8: C:\Users\JORGE\Documents\GitHub\flutter-truvideo-enterprise\test\settings\settings_test.dart: SettingsServiceImpl .streamIsDebug() Return flase if is throw error                       
10:53 +239 -8: C:\Users\JORGE\Documents\GitHub\flutter-truvideo-enterprise\test\settings\settings_test.dart: SettingsServiceImpl .streamIsDebug() Return flase if is throw error                       
10:54 +239 -8: C:\Users\JORGE\Documents\GitHub\flutter-truvideo-enterprise\test\settings\settings_test.dart: SettingsServiceImpl .streamIsDebug() Return flase if is throw error                       
10:55 +239 -8: C:\Users\JORGE\Documents\GitHub\flutter-truvideo-enterprise\test\settings\settings_test.dart: SettingsServiceImpl .streamIsDebug() Return flase if is throw error                       
10:56 +239 -8: C:\Users\JORGE\Documents\GitHub\flutter-truvideo-enterprise\test\settings\settings_test.dart: SettingsServiceImpl .streamIsDebug() Return flase if is throw error                       
10:57 +239 -8: C:\Users\JORGE\Documents\GitHub\flutter-truvideo-enterprise\test\settings\settings_test.dart: SettingsServiceImpl .streamIsDebug() Return flase if is throw error                       
10:58 +239 -8: C:\Users\JORGE\Documents\GitHub\flutter-truvideo-enterprise\test\settings\settings_test.dart: SettingsServiceImpl .streamIsDebug() Return flase if is throw error                       
10:59 +239 -8: C:\Users\JORGE\Documents\GitHub\flutter-truvideo-enterprise\test\settings\settings_test.dart: SettingsServiceImpl .streamIsDebug() Return flase if is throw error                       
11:00 +239 -8: C:\Users\JORGE\Documents\GitHub\flutter-truvideo-enterprise\test\settings\settings_test.dart: SettingsServiceImpl .streamIsDebug() Return flase if is throw error                       
11:01 +239 -8: C:\Users\JORGE\Documents\GitHub\flutter-truvideo-enterprise\test\settings\settings_test.dart: SettingsServiceImpl .streamIsDebug() Return flase if is throw error                       
11:02 +239 -8: C:\Users\JORGE\Documents\GitHub\flutter-truvideo-enterprise\test\settings\settings_test.dart: SettingsServiceImpl .streamIsDebug() Return flase if is throw error                       
11:03 +239 -8: C:\Users\JORGE\Documents\GitHub\flutter-truvideo-enterprise\test\settings\settings_test.dart: SettingsServiceImpl .streamIsDebug() Return flase if is throw error                       
11:04 +239 -8: C:\Users\JORGE\Documents\GitHub\flutter-truvideo-enterprise\test\settings\settings_test.dart: SettingsServiceImpl .streamIsDebug() Return flase if is throw error                       
11:05 +239 -8: C:\Users\JORGE\Documents\GitHub\flutter-truvideo-enterprise\test\settings\settings_test.dart: SettingsServiceImpl .streamIsDebug() Return flase if is throw error                       
11:06 +239 -8: C:\Users\JORGE\Documents\GitHub\flutter-truvideo-enterprise\test\settings\settings_test.dart: SettingsServiceImpl .streamIsDebug() Return flase if is throw error                       
11:07 +239 -8: C:\Users\JORGE\Documents\GitHub\flutter-truvideo-enterprise\test\settings\settings_test.dart: SettingsServiceImpl .streamIsDebug() Return flase if is throw error                       
11:08 +239 -8: C:\Users\JORGE\Documents\GitHub\flutter-truvideo-enterprise\test\settings\settings_test.dart: SettingsServiceImpl .streamIsDebug() Return flase if is throw error                       
11:09 +239 -8: C:\Users\JORGE\Documents\GitHub\flutter-truvideo-enterprise\test\settings\settings_test.dart: SettingsServiceImpl .streamIsDebug() Return flase if is throw error                       
11:10 +239 -8: C:\Users\JORGE\Documents\GitHub\flutter-truvideo-enterprise\test\settings\settings_test.dart: SettingsServiceImpl .streamIsDebug() Return flase if is throw error                       
11:11 +239 -8: C:\Users\JORGE\Documents\GitHub\flutter-truvideo-enterprise\test\settings\settings_test.dart: SettingsServiceImpl .streamIsDebug() Return flase if is throw error                       
11:12 +239 -8: C:\Users\JORGE\Documents\GitHub\flutter-truvideo-enterprise\test\settings\settings_test.dart: SettingsServiceImpl .streamIsDebug() Return flase if is throw error                       
11:13 +239 -8: C:\Users\JORGE\Documents\GitHub\flutter-truvideo-enterprise\test\settings\settings_test.dart: SettingsServiceImpl .streamIsDebug() Return flase if is throw error                       
11:14 +239 -8: C:\Users\JORGE\Documents\GitHub\flutter-truvideo-enterprise\test\settings\settings_test.dart: SettingsServiceImpl .streamIsDebug() Return flase if is throw error                       
11:15 +239 -8: C:\Users\JORGE\Documents\GitHub\flutter-truvideo-enterprise\test\settings\settings_test.dart: SettingsServiceImpl .streamIsDebug() Return flase if is throw error                       
11:16 +239 -8: C:\Users\JORGE\Documents\GitHub\flutter-truvideo-enterprise\test\settings\settings_test.dart: SettingsServiceImpl .streamIsDebug() Return flase if is throw error                       
11:17 +239 -8: C:\Users\JORGE\Documents\GitHub\flutter-truvideo-enterprise\test\settings\settings_test.dart: SettingsServiceImpl .streamIsDebug() Return flase if is throw error                       
11:18 +239 -8: C:\Users\JORGE\Documents\GitHub\flutter-truvideo-enterprise\test\settings\settings_test.dart: SettingsServiceImpl .streamIsDebug() Return flase if is throw error                       
11:19 +239 -8: C:\Users\JORGE\Documents\GitHub\flutter-truvideo-enterprise\test\settings\settings_test.dart: SettingsServiceImpl .streamIsDebug() Return flase if is throw error                       
11:20 +239 -8: C:\Users\JORGE\Documents\GitHub\flutter-truvideo-enterprise\test\settings\settings_test.dart: SettingsServiceImpl .streamIsDebug() Return flase if is throw error                       
11:21 +239 -8: C:\Users\JORGE\Documents\GitHub\flutter-truvideo-enterprise\test\settings\settings_test.dart: SettingsServiceImpl .streamIsDebug() Return flase if is throw error                       
11:22 +239 -8: C:\Users\JORGE\Documents\GitHub\flutter-truvideo-enterprise\test\settings\settings_test.dart: SettingsServiceImpl .streamIsDebug() Return flase if is throw error                       
11:23 +239 -8: C:\Users\JORGE\Documents\GitHub\flutter-truvideo-enterprise\test\settings\settings_test.dart: SettingsServiceImpl .streamIsDebug() Return flase if is throw error                       
11:24 +239 -8: C:\Users\JORGE\Documents\GitHub\flutter-truvideo-enterprise\test\settings\settings_test.dart: SettingsServiceImpl .streamIsDebug() Return flase if is throw error                       
11:25 +239 -8: C:\Users\JORGE\Documents\GitHub\flutter-truvideo-enterprise\test\settings\settings_test.dart: SettingsServiceImpl .streamIsDebug() Return flase if is throw error                       
11:26 +239 -8: C:\Users\JORGE\Documents\GitHub\flutter-truvideo-enterprise\test\settings\settings_test.dart: SettingsServiceImpl .streamIsDebug() Return flase if is throw error                       
11:27 +239 -8: C:\Users\JORGE\Documents\GitHub\flutter-truvideo-enterprise\test\settings\settings_test.dart: SettingsServiceImpl .streamIsDebug() Return flase if is throw error                       
11:28 +239 -8: C:\Users\JORGE\Documents\GitHub\flutter-truvideo-enterprise\test\settings\settings_test.dart: SettingsServiceImpl .streamIsDebug() Return flase if is throw error                       
11:29 +239 -8: C:\Users\JORGE\Documents\GitHub\flutter-truvideo-enterprise\test\settings\settings_test.dart: SettingsServiceImpl .streamIsDebug() Return flase if is throw error                       
11:30 +239 -8: C:\Users\JORGE\Documents\GitHub\flutter-truvideo-enterprise\test\settings\settings_test.dart: SettingsServiceImpl .streamIsDebug() Return flase if is throw error                       
11:31 +239 -8: C:\Users\JORGE\Documents\GitHub\flutter-truvideo-enterprise\test\settings\settings_test.dart: SettingsServiceImpl .streamIsDebug() Return flase if is throw error                       
11:32 +239 -8: C:\Users\JORGE\Documents\GitHub\flutter-truvideo-enterprise\test\settings\settings_test.dart: SettingsServiceImpl .streamIsDebug() Return flase if is throw error                       
11:33 +239 -8: C:\Users\JORGE\Documents\GitHub\flutter-truvideo-enterprise\test\settings\settings_test.dart: SettingsServiceImpl .streamIsDebug() Return flase if is throw error                       
11:34 +239 -8: C:\Users\JORGE\Documents\GitHub\flutter-truvideo-enterprise\test\settings\settings_test.dart: SettingsServiceImpl .streamIsDebug() Return flase if is throw error                       
11:35 +239 -8: C:\Users\JORGE\Documents\GitHub\flutter-truvideo-enterprise\test\settings\settings_test.dart: SettingsServiceImpl .streamIsDebug() Return flase if is throw error                       
11:36 +239 -8: C:\Users\JORGE\Documents\GitHub\flutter-truvideo-enterprise\test\settings\settings_test.dart: SettingsServiceImpl .streamIsDebug() Return flase if is throw error                       
11:37 +239 -8: C:\Users\JORGE\Documents\GitHub\flutter-truvideo-enterprise\test\settings\settings_test.dart: SettingsServiceImpl .streamIsDebug() Return flase if is throw error                       
11:38 +239 -8: C:\Users\JORGE\Documents\GitHub\flutter-truvideo-enterprise\test\settings\settings_test.dart: SettingsServiceImpl .streamIsDebug() Return flase if is throw error                       
11:39 +239 -8: C:\Users\JORGE\Documents\GitHub\flutter-truvideo-enterprise\test\settings\settings_test.dart: SettingsServiceImpl .streamIsDebug() Return flase if is throw error                       
11:40 +239 -8: C:\Users\JORGE\Documents\GitHub\flutter-truvideo-enterprise\test\settings\settings_test.dart: SettingsServiceImpl .streamIsDebug() Return flase if is throw error                       
11:41 +239 -8: C:\Users\JORGE\Documents\GitHub\flutter-truvideo-enterprise\test\settings\settings_test.dart: SettingsServiceImpl .streamIsDebug() Return flase if is throw error                       
11:42 +239 -8: C:\Users\JORGE\Documents\GitHub\flutter-truvideo-enterprise\test\settings\settings_test.dart: SettingsServiceImpl .streamIsDebug() Return flase if is throw error                       
11:43 +239 -8: C:\Users\JORGE\Documents\GitHub\flutter-truvideo-enterprise\test\settings\settings_test.dart: SettingsServiceImpl .streamIsDebug() Return flase if is throw error                       
11:44 +239 -8: C:\Users\JORGE\Documents\GitHub\flutter-truvideo-enterprise\test\settings\settings_test.dart: SettingsServiceImpl .streamIsDebug() Return flase if is throw error                       
11:45 +239 -8: C:\Users\JORGE\Documents\GitHub\flutter-truvideo-enterprise\test\settings\settings_test.dart: SettingsServiceImpl .streamIsDebug() Return flase if is throw error                       
11:46 +239 -8: C:\Users\JORGE\Documents\GitHub\flutter-truvideo-enterprise\test\settings\settings_test.dart: SettingsServiceImpl .streamIsDebug() Return flase if is throw error                       
11:47 +239 -8: C:\Users\JORGE\Documents\GitHub\flutter-truvideo-enterprise\test\settings\settings_test.dart: SettingsServiceImpl .streamIsDebug() Return flase if is throw error                       
11:48 +239 -8: C:\Users\JORGE\Documents\GitHub\flutter-truvideo-enterprise\test\settings\settings_test.dart: SettingsServiceImpl .streamIsDebug() Return flase if is throw error                       
11:49 +239 -8: C:\Users\JORGE\Documents\GitHub\flutter-truvideo-enterprise\test\settings\settings_test.dart: SettingsServiceImpl .streamIsDebug() Return flase if is throw error                       
11:50 +239 -8: C:\Users\JORGE\Documents\GitHub\flutter-truvideo-enterprise\test\settings\settings_test.dart: SettingsServiceImpl .streamIsDebug() Return flase if is throw error                       
11:51 +239 -8: C:\Users\JORGE\Documents\GitHub\flutter-truvideo-enterprise\test\settings\settings_test.dart: SettingsServiceImpl .streamIsDebug() Return flase if is throw error                       
11:52 +239 -8: C:\Users\JORGE\Documents\GitHub\flutter-truvideo-enterprise\test\settings\settings_test.dart: SettingsServiceImpl .streamIsDebug() Return flase if is throw error                       
11:53 +239 -8: C:\Users\JORGE\Documents\GitHub\flutter-truvideo-enterprise\test\settings\settings_test.dart: SettingsServiceImpl .streamIsDebug() Return flase if is throw error                       
11:54 +239 -8: C:\Users\JORGE\Documents\GitHub\flutter-truvideo-enterprise\test\settings\settings_test.dart: SettingsServiceImpl .streamIsDebug() Return flase if is throw error                       
11:55 +239 -8: C:\Users\JORGE\Documents\GitHub\flutter-truvideo-enterprise\test\settings\settings_test.dart: SettingsServiceImpl .streamIsDebug() Return flase if is throw error                       
11:56 +239 -8: C:\Users\JORGE\Documents\GitHub\flutter-truvideo-enterprise\test\settings\settings_test.dart: SettingsServiceImpl .streamIsDebug() Return flase if is throw error                       
11:57 +239 -8: C:\Users\JORGE\Documents\GitHub\flutter-truvideo-enterprise\test\settings\settings_test.dart: SettingsServiceImpl .streamIsDebug() Return flase if is throw error                       
11:58 +239 -8: C:\Users\JORGE\Documents\GitHub\flutter-truvideo-enterprise\test\settings\settings_test.dart: SettingsServiceImpl .streamIsDebug() Return flase if is throw error                       
11:59 +239 -8: C:\Users\JORGE\Documents\GitHub\flutter-truvideo-enterprise\test\settings\settings_test.dart: SettingsServiceImpl .streamIsDebug() Return flase if is throw error                       
12:00 +239 -8: C:\Users\JORGE\Documents\GitHub\flutter-truvideo-enterprise\test\settings\settings_test.dart: SettingsServiceImpl .streamIsDebug() Return flase if is throw error                       
12:01 +239 -8: C:\Users\JORGE\Documents\GitHub\flutter-truvideo-enterprise\test\settings\settings_test.dart: SettingsServiceImpl .streamIsDebug() Return flase if is throw error                       
